ARM GAS  C:\Users\kland\AppData\Local\Temp\ccQfRopx.s 			page 1


   1              		.syntax unified
   2              		.cpu cortex-m3
   3              		.fpu softvfp
   4              		.eabi_attribute 20, 1
   5              		.eabi_attribute 21, 1
   6              		.eabi_attribute 23, 3
   7              		.eabi_attribute 24, 1
   8              		.eabi_attribute 25, 1
   9              		.eabi_attribute 26, 1
  10              		.eabi_attribute 30, 6
  11              		.eabi_attribute 34, 1
  12              		.eabi_attribute 18, 4
  13              		.thumb
  14              		.syntax unified
  15              		.file	"App_LED.c"
  16              		.text
  17              	.Ltext0:
  18              		.cfi_sections	.debug_frame
  19              		.comm	buffer_overflow,1,1
  20              		.comm	dataPointsInStack,2,2
  21              		.comm	dataPointsInStackDesired,2,2
  22              		.comm	data,6600,4
  23              		.comm	modem_state,1,1
  24              		.comm	modem_start_time_stamp,4,4
  25              		.comm	modem_info,60,4
  26              		.comm	modem_stats,32,4
  27              		.comm	updatable_parameters,11,4
  28              		.syntax unified
  29              		.global _printf_float
  30              		.thumb
  31              		.syntax unified
  32              		.comm	App_LED_enabled,1,1
  33              		.comm	app_led_inbox,100,4
  34              		.comm	level_sensor_inbox,100,4
  35              		.comm	level_sensor_enabled,1,1
  36              		.comm	valve_diameter,4,4
  37              		.comm	valve_type,10,4
  38              		.comm	valve_enabled,1,1
  39              		.comm	valve_inbox,100,4
  40              		.comm	autosampler_enabled,1,1
  41              		.comm	autosampler_inbox,100,4
  42              		.comm	sontek_enabled,1,1
  43              		.comm	Sontek_inbox,100,4
  44              		.comm	http_request,10000,4
  45              		.comm	http_body,10000,4
  46              		.comm	http_route,200,4
  47              		.comm	system_info,28,4
  48              		.comm	system_settings,104,4
  49              		.comm	alarmMeasure,6,4
  50              		.comm	timeToMeasure,1,1
  51              		.comm	alarmSync,6,4
  52              		.comm	timeToSync,1,1
  53              		.comm	timeToSycnRemoteParams,1,1
  54              		.comm	hey,1,1
  55              		.comm	alarmAppLED,6,4
  56              		.comm	timeToAppLED,1,1
  57              		.comm	alarmLevelSensor,6,4
ARM GAS  C:\Users\kland\AppData\Local\Temp\ccQfRopx.s 			page 2


  58              		.comm	timeToLevelSensor,1,1
  59              		.comm	alarmDownstreamLevelSensor,6,4
  60              		.comm	timeToDownstreamLevelSensor,1,1
  61              		.comm	alarmValve,6,4
  62              		.comm	timeToValve,1,1
  63              		.comm	alarmAutosampler,6,4
  64              		.comm	timeToAutosampler,1,1
  65              		.comm	alarmSontek,6,4
  66              		.comm	timeToSontek,1,1
  67              		.section	.rodata
  68              		.align	2
  69              	.LC0:
  70 0000 4170705F 		.ascii	"App_LED_State\000"
  70      4C45445F 
  70      53746174 
  70      6500
  71 000e 0000     		.align	2
  72              	.LC1:
  73 0010 4170705F 		.ascii	"App_LED_State: \000"
  73      4C45445F 
  73      53746174 
  73      653A2000 
  74              		.align	2
  75              	.LC2:
  76 0020 4F4E00   		.ascii	"ON\000"
  77 0023 00       		.align	2
  78              	.LC3:
  79 0024 3100     		.ascii	"1\000"
  80 0026 0000     		.align	2
  81              	.LC4:
  82 0028 0A0A2D2D 		.ascii	"\012\012------------  BLINK ON ---------------\012\012"
  82      2D2D2D2D 
  82      2D2D2D2D 
  82      2D2D2020 
  82      424C494E 
  83 0052 00       		.ascii	"\000"
  84 0053 00       		.align	2
  85              	.LC5:
  86 0054 4F464600 		.ascii	"OFF\000"
  87              		.align	2
  88              	.LC6:
  89 0058 3000     		.ascii	"0\000"
  90 005a 0000     		.align	2
  91              	.LC7:
  92 005c 0A0A2D2D 		.ascii	"\012\012------------  BLINK OFF ---------------\012"
  92      2D2D2D2D 
  92      2D2D2D2D 
  92      2D2D2020 
  92      424C494E 
  93 0086 0A00     		.ascii	"\012\000"
  94              		.section	.text.App_LED,"ax",%progbits
  95              		.align	2
  96              		.global	App_LED
  97              		.thumb
  98              		.thumb_func
  99              		.type	App_LED, %function
 100              	App_LED:
ARM GAS  C:\Users\kland\AppData\Local\Temp\ccQfRopx.s 			page 3


 101              	.LFB64:
 102              		.file 1 "App_LED.c"
   1:App_LED.c     **** /* ========================================
   2:App_LED.c     ****  *
   3:App_LED.c     ****  * Copyright YOUR COMPANY, THE YEAR
   4:App_LED.c     ****  * All Rights Reserved
   5:App_LED.c     ****  * UNPUBLISHED, LICENSED SOFTWARE.
   6:App_LED.c     ****  *
   7:App_LED.c     ****  * CONFIDENTIAL AND PROPRIETARY INFORMATION
   8:App_LED.c     ****  * WHICH IS THE PROPERTY OF your company.
   9:App_LED.c     ****  *
  10:App_LED.c     ****  * ========================================
  11:App_LED.c     **** */
  12:App_LED.c     **** 
  13:App_LED.c     **** /* [] END OF FILE */
  14:App_LED.c     **** #include "LED.h"
  15:App_LED.c     **** #include "notoriOS.h"
  16:App_LED.c     **** #include "debug.h"
  17:App_LED.c     **** 
  18:App_LED.c     **** uint8 App_LED(){
 103              		.loc 1 18 0
 104              		.cfi_startproc
 105              		@ args = 0, pretend = 0, frame = 48
 106              		@ frame_needed = 1, uses_anonymous_args = 0
 107 0000 B0B5     		push	{r4, r5, r7, lr}
 108              		.cfi_def_cfa_offset 16
 109              		.cfi_offset 4, -16
 110              		.cfi_offset 5, -12
 111              		.cfi_offset 7, -8
 112              		.cfi_offset 14, -4
 113 0002 8CB0     		sub	sp, sp, #48
 114              		.cfi_def_cfa_offset 64
 115 0004 00AF     		add	r7, sp, #0
 116              		.cfi_def_cfa_register 7
  19:App_LED.c     ****     
  20:App_LED.c     ****     //LED_Write(!LED_Read()); <- local blinky
  21:App_LED.c     ****     // printNotif(NOTIF_TYPE_EVENT,"\n\n------------  BLINK ---------------\n\n");
  22:App_LED.c     ****     
  23:App_LED.c     ****     char * compare_location;
  24:App_LED.c     ****     uint8 LED_State = LED_Read();
 117              		.loc 1 24 0
 118 0006 FFF7FEFF 		bl	LED_Read
 119 000a 0346     		mov	r3, r0
 120 000c 87F82F30 		strb	r3, [r7, #47]
  25:App_LED.c     ****     char c_LED_State[3];
  26:App_LED.c     ****     itoa(LED_State,c_LED_State,10); // "10" is for "base 10"
 121              		.loc 1 26 0
 122 0010 97F82F30 		ldrb	r3, [r7, #47]	@ zero_extendqisi2
 123 0014 07F12401 		add	r1, r7, #36
 124 0018 0A22     		movs	r2, #10
 125 001a 1846     		mov	r0, r3
 126 001c FFF7FEFF 		bl	itoa
  27:App_LED.c     ****     pushData("App_LED_State", c_LED_State, getTimeStamp());
 127              		.loc 1 27 0
 128 0020 FFF7FEFF 		bl	getTimeStamp
 129 0024 0246     		mov	r2, r0
 130 0026 07F12403 		add	r3, r7, #36
ARM GAS  C:\Users\kland\AppData\Local\Temp\ccQfRopx.s 			page 4


 131 002a 1946     		mov	r1, r3
 132 002c 2C48     		ldr	r0, .L5
 133 002e FFF7FEFF 		bl	pushData
  28:App_LED.c     ****     char notification[30];
  29:App_LED.c     ****     notification[0] = '\0';
 134              		.loc 1 29 0
 135 0032 0023     		movs	r3, #0
 136 0034 3B71     		strb	r3, [r7, #4]
  30:App_LED.c     ****     strcat(notification,"App_LED_State: ");
 137              		.loc 1 30 0
 138 0036 3B1D     		adds	r3, r7, #4
 139 0038 1846     		mov	r0, r3
 140 003a FFF7FEFF 		bl	strlen
 141 003e 0346     		mov	r3, r0
 142 0040 1A46     		mov	r2, r3
 143 0042 3B1D     		adds	r3, r7, #4
 144 0044 1344     		add	r3, r3, r2
 145 0046 274A     		ldr	r2, .L5+4
 146 0048 1C46     		mov	r4, r3
 147 004a 1546     		mov	r5, r2
 148 004c 0FCD     		ldmia	r5!, {r0, r1, r2, r3}
 149 004e 2060     		str	r0, [r4]	@ unaligned
 150 0050 6160     		str	r1, [r4, #4]	@ unaligned
 151 0052 A260     		str	r2, [r4, #8]	@ unaligned
 152 0054 E360     		str	r3, [r4, #12]	@ unaligned
  31:App_LED.c     ****     strcat(notification,c_LED_State);
 153              		.loc 1 31 0
 154 0056 07F12402 		add	r2, r7, #36
 155 005a 3B1D     		adds	r3, r7, #4
 156 005c 1146     		mov	r1, r2
 157 005e 1846     		mov	r0, r3
 158 0060 FFF7FEFF 		bl	strcat
  32:App_LED.c     ****     strcat(notification,"\0");
  33:App_LED.c     ****     printNotif(NOTIF_TYPE_EVENT,notification);
 159              		.loc 1 33 0
 160 0064 3B1D     		adds	r3, r7, #4
 161 0066 1946     		mov	r1, r3
 162 0068 0020     		movs	r0, #0
 163 006a FFF7FEFF 		bl	printNotif
  34:App_LED.c     ****     
  35:App_LED.c     ****     compare_location = strstr(app_led_inbox,"ON");        
 164              		.loc 1 35 0
 165 006e 1E49     		ldr	r1, .L5+8
 166 0070 1E48     		ldr	r0, .L5+12
 167 0072 FFF7FEFF 		bl	strstr
 168 0076 B862     		str	r0, [r7, #40]
  36:App_LED.c     ****     if(compare_location!=NULL){
 169              		.loc 1 36 0
 170 0078 BB6A     		ldr	r3, [r7, #40]
 171 007a 002B     		cmp	r3, #0
 172 007c 11D0     		beq	.L2
  37:App_LED.c     ****         LED_Write(1u);
 173              		.loc 1 37 0
 174 007e 0120     		movs	r0, #1
 175 0080 FFF7FEFF 		bl	LED_Write
  38:App_LED.c     ****         app_led_inbox[0] = '\0';
 176              		.loc 1 38 0
ARM GAS  C:\Users\kland\AppData\Local\Temp\ccQfRopx.s 			page 5


 177 0084 194B     		ldr	r3, .L5+12
 178 0086 0022     		movs	r2, #0
 179 0088 1A70     		strb	r2, [r3]
  39:App_LED.c     ****         pushData("App_LED_State", "1", getTimeStamp());
 180              		.loc 1 39 0
 181 008a FFF7FEFF 		bl	getTimeStamp
 182 008e 0346     		mov	r3, r0
 183 0090 1A46     		mov	r2, r3
 184 0092 1749     		ldr	r1, .L5+16
 185 0094 1248     		ldr	r0, .L5
 186 0096 FFF7FEFF 		bl	pushData
  40:App_LED.c     ****         printNotif(NOTIF_TYPE_EVENT,"\n\n------------  BLINK ON ---------------\n\n");   
 187              		.loc 1 40 0
 188 009a 1649     		ldr	r1, .L5+20
 189 009c 0020     		movs	r0, #0
 190 009e FFF7FEFF 		bl	printNotif
 191              	.L2:
  41:App_LED.c     ****     }
  42:App_LED.c     ****     
  43:App_LED.c     ****     compare_location = strstr(app_led_inbox,"OFF");        
 192              		.loc 1 43 0
 193 00a2 1549     		ldr	r1, .L5+24
 194 00a4 1148     		ldr	r0, .L5+12
 195 00a6 FFF7FEFF 		bl	strstr
 196 00aa B862     		str	r0, [r7, #40]
  44:App_LED.c     ****     if(compare_location!=NULL){
 197              		.loc 1 44 0
 198 00ac BB6A     		ldr	r3, [r7, #40]
 199 00ae 002B     		cmp	r3, #0
 200 00b0 11D0     		beq	.L3
  45:App_LED.c     ****         LED_Write(0u);
 201              		.loc 1 45 0
 202 00b2 0020     		movs	r0, #0
 203 00b4 FFF7FEFF 		bl	LED_Write
  46:App_LED.c     ****         app_led_inbox[0] = '\0';
 204              		.loc 1 46 0
 205 00b8 0C4B     		ldr	r3, .L5+12
 206 00ba 0022     		movs	r2, #0
 207 00bc 1A70     		strb	r2, [r3]
  47:App_LED.c     ****         pushData("App_LED_State", "0", getTimeStamp());
 208              		.loc 1 47 0
 209 00be FFF7FEFF 		bl	getTimeStamp
 210 00c2 0346     		mov	r3, r0
 211 00c4 1A46     		mov	r2, r3
 212 00c6 0D49     		ldr	r1, .L5+28
 213 00c8 0548     		ldr	r0, .L5
 214 00ca FFF7FEFF 		bl	pushData
  48:App_LED.c     ****         printNotif(NOTIF_TYPE_EVENT,"\n\n------------  BLINK OFF ---------------\n\n");
 215              		.loc 1 48 0
 216 00ce 0C49     		ldr	r1, .L5+32
 217 00d0 0020     		movs	r0, #0
 218 00d2 FFF7FEFF 		bl	printNotif
 219              	.L3:
  49:App_LED.c     ****     }
  50:App_LED.c     ****     return 0u;
 220              		.loc 1 50 0
 221 00d6 0023     		movs	r3, #0
ARM GAS  C:\Users\kland\AppData\Local\Temp\ccQfRopx.s 			page 6


  51:App_LED.c     **** }
 222              		.loc 1 51 0
 223 00d8 1846     		mov	r0, r3
 224 00da 3037     		adds	r7, r7, #48
 225              		.cfi_def_cfa_offset 16
 226 00dc BD46     		mov	sp, r7
 227              		.cfi_def_cfa_register 13
 228              		@ sp needed
 229 00de B0BD     		pop	{r4, r5, r7, pc}
 230              	.L6:
 231              		.align	2
 232              	.L5:
 233 00e0 00000000 		.word	.LC0
 234 00e4 10000000 		.word	.LC1
 235 00e8 20000000 		.word	.LC2
 236 00ec 00000000 		.word	app_led_inbox
 237 00f0 24000000 		.word	.LC3
 238 00f4 28000000 		.word	.LC4
 239 00f8 54000000 		.word	.LC5
 240 00fc 58000000 		.word	.LC6
 241 0100 5C000000 		.word	.LC7
 242              		.cfi_endproc
 243              	.LFE64:
 244              		.size	App_LED, .-App_LED
 245              		.section	.text.App_LED_Update,"ax",%progbits
 246              		.align	2
 247              		.global	App_LED_Update
 248              		.thumb
 249              		.thumb_func
 250              		.type	App_LED_Update, %function
 251              	App_LED_Update:
 252              	.LFB65:
  52:App_LED.c     **** 
  53:App_LED.c     **** void App_LED_Update(char * message){
 253              		.loc 1 53 0
 254              		.cfi_startproc
 255              		@ args = 0, pretend = 0, frame = 8
 256              		@ frame_needed = 1, uses_anonymous_args = 0
 257 0000 80B5     		push	{r7, lr}
 258              		.cfi_def_cfa_offset 8
 259              		.cfi_offset 7, -8
 260              		.cfi_offset 14, -4
 261 0002 82B0     		sub	sp, sp, #8
 262              		.cfi_def_cfa_offset 16
 263 0004 00AF     		add	r7, sp, #0
 264              		.cfi_def_cfa_register 7
 265 0006 7860     		str	r0, [r7, #4]
  54:App_LED.c     ****     strcpy(app_led_inbox, message);
 266              		.loc 1 54 0
 267 0008 7968     		ldr	r1, [r7, #4]
 268 000a 0348     		ldr	r0, .L8
 269 000c FFF7FEFF 		bl	strcpy
  55:App_LED.c     **** }
 270              		.loc 1 55 0
 271 0010 00BF     		nop
 272 0012 0837     		adds	r7, r7, #8
 273              		.cfi_def_cfa_offset 8
ARM GAS  C:\Users\kland\AppData\Local\Temp\ccQfRopx.s 			page 7


 274 0014 BD46     		mov	sp, r7
 275              		.cfi_def_cfa_register 13
 276              		@ sp needed
 277 0016 80BD     		pop	{r7, pc}
 278              	.L9:
 279              		.align	2
 280              	.L8:
 281 0018 00000000 		.word	app_led_inbox
 282              		.cfi_endproc
 283              	.LFE65:
 284              		.size	App_LED_Update, .-App_LED_Update
 285              		.text
 286              	.Letext0:
 287              		.file 2 "c:\\program files (x86)\\cypress\\psoc creator\\4.4\\psoc creator\\import\\gnu\\arm\\5.4.
 288              		.file 3 "c:\\program files (x86)\\cypress\\psoc creator\\4.4\\psoc creator\\import\\gnu\\arm\\5.4.
 289              		.file 4 "Generated_Source\\PSoC5/cytypes.h"
 290              		.file 5 "data.h"
 291              		.file 6 "modem.h"
 292              		.file 7 "notoriOS.h"
 293              		.file 8 "Generated_Source\\PSoC5/core_cm3.h"
 294              		.file 9 "App_LED.h"
 295              		.file 10 "level_sensor.h"
 296              		.file 11 "valve.h"
 297              		.file 12 "autosampler.h"
 298              		.file 13 "sontek.h"
 299              		.section	.debug_info,"",%progbits
 300              	.Ldebug_info0:
 301 0000 11070000 		.4byte	0x711
 302 0004 0400     		.2byte	0x4
 303 0006 00000000 		.4byte	.Ldebug_abbrev0
 304 000a 04       		.byte	0x4
 305 000b 01       		.uleb128 0x1
 306 000c 81000000 		.4byte	.LASF109
 307 0010 0C       		.byte	0xc
 308 0011 8D020000 		.4byte	.LASF110
 309 0015 0B030000 		.4byte	.LASF111
 310 0019 00000000 		.4byte	.Ldebug_ranges0+0
 311 001d 00000000 		.4byte	0
 312 0021 00000000 		.4byte	.Ldebug_line0
 313 0025 02       		.uleb128 0x2
 314 0026 01       		.byte	0x1
 315 0027 06       		.byte	0x6
 316 0028 74030000 		.4byte	.LASF0
 317 002c 02       		.uleb128 0x2
 318 002d 01       		.byte	0x1
 319 002e 08       		.byte	0x8
 320 002f FD020000 		.4byte	.LASF1
 321 0033 02       		.uleb128 0x2
 322 0034 02       		.byte	0x2
 323 0035 05       		.byte	0x5
 324 0036 57000000 		.4byte	.LASF2
 325 003a 02       		.uleb128 0x2
 326 003b 02       		.byte	0x2
 327 003c 07       		.byte	0x7
 328 003d 46040000 		.4byte	.LASF3
 329 0041 03       		.uleb128 0x3
 330 0042 A5050000 		.4byte	.LASF9
ARM GAS  C:\Users\kland\AppData\Local\Temp\ccQfRopx.s 			page 8


 331 0046 02       		.byte	0x2
 332 0047 3F       		.byte	0x3f
 333 0048 4C000000 		.4byte	0x4c
 334 004c 02       		.uleb128 0x2
 335 004d 04       		.byte	0x4
 336 004e 05       		.byte	0x5
 337 004f 4A020000 		.4byte	.LASF4
 338 0053 02       		.uleb128 0x2
 339 0054 04       		.byte	0x4
 340 0055 07       		.byte	0x7
 341 0056 2D050000 		.4byte	.LASF5
 342 005a 02       		.uleb128 0x2
 343 005b 08       		.byte	0x8
 344 005c 05       		.byte	0x5
 345 005d 37020000 		.4byte	.LASF6
 346 0061 02       		.uleb128 0x2
 347 0062 08       		.byte	0x8
 348 0063 07       		.byte	0x7
 349 0064 9D030000 		.4byte	.LASF7
 350 0068 04       		.uleb128 0x4
 351 0069 04       		.byte	0x4
 352 006a 05       		.byte	0x5
 353 006b 696E7400 		.ascii	"int\000"
 354 006f 02       		.uleb128 0x2
 355 0070 04       		.byte	0x4
 356 0071 07       		.byte	0x7
 357 0072 C4030000 		.4byte	.LASF8
 358 0076 03       		.uleb128 0x3
 359 0077 B7040000 		.4byte	.LASF10
 360 007b 03       		.byte	0x3
 361 007c 2C       		.byte	0x2c
 362 007d 41000000 		.4byte	0x41
 363 0081 05       		.uleb128 0x5
 364 0082 AB010000 		.4byte	.LASF11
 365 0086 04       		.byte	0x4
 366 0087 9201     		.2byte	0x192
 367 0089 2C000000 		.4byte	0x2c
 368 008d 05       		.uleb128 0x5
 369 008e 6C010000 		.4byte	.LASF12
 370 0092 04       		.byte	0x4
 371 0093 9301     		.2byte	0x193
 372 0095 3A000000 		.4byte	0x3a
 373 0099 05       		.uleb128 0x5
 374 009a D3010000 		.4byte	.LASF13
 375 009e 04       		.byte	0x4
 376 009f 9601     		.2byte	0x196
 377 00a1 33000000 		.4byte	0x33
 378 00a5 05       		.uleb128 0x5
 379 00a6 3F050000 		.4byte	.LASF14
 380 00aa 04       		.byte	0x4
 381 00ab 9701     		.2byte	0x197
 382 00ad 4C000000 		.4byte	0x4c
 383 00b1 05       		.uleb128 0x5
 384 00b2 2A000000 		.4byte	.LASF15
 385 00b6 04       		.byte	0x4
 386 00b7 9801     		.2byte	0x198
 387 00b9 BD000000 		.4byte	0xbd
ARM GAS  C:\Users\kland\AppData\Local\Temp\ccQfRopx.s 			page 9


 388 00bd 02       		.uleb128 0x2
 389 00be 04       		.byte	0x4
 390 00bf 04       		.byte	0x4
 391 00c0 0D020000 		.4byte	.LASF16
 392 00c4 02       		.uleb128 0x2
 393 00c5 08       		.byte	0x8
 394 00c6 04       		.byte	0x4
 395 00c7 45050000 		.4byte	.LASF17
 396 00cb 02       		.uleb128 0x2
 397 00cc 01       		.byte	0x1
 398 00cd 08       		.byte	0x8
 399 00ce 45020000 		.4byte	.LASF18
 400 00d2 02       		.uleb128 0x2
 401 00d3 08       		.byte	0x8
 402 00d4 04       		.byte	0x4
 403 00d5 0F010000 		.4byte	.LASF19
 404 00d9 02       		.uleb128 0x2
 405 00da 04       		.byte	0x4
 406 00db 07       		.byte	0x7
 407 00dc 61000000 		.4byte	.LASF20
 408 00e0 06       		.uleb128 0x6
 409 00e1 04       		.byte	0x4
 410 00e2 CB000000 		.4byte	0xcb
 411 00e6 07       		.uleb128 0x7
 412 00e7 CB000000 		.4byte	0xcb
 413 00eb F6000000 		.4byte	0xf6
 414 00ef 08       		.uleb128 0x8
 415 00f0 D9000000 		.4byte	0xd9
 416 00f4 17       		.byte	0x17
 417 00f5 00       		.byte	0
 418 00f6 09       		.uleb128 0x9
 419 00f7 2C       		.byte	0x2c
 420 00f8 05       		.byte	0x5
 421 00f9 14       		.byte	0x14
 422 00fa 23010000 		.4byte	0x123
 423 00fe 0A       		.uleb128 0xa
 424 00ff 6B657900 		.ascii	"key\000"
 425 0103 05       		.byte	0x5
 426 0104 15       		.byte	0x15
 427 0105 23010000 		.4byte	0x123
 428 0109 00       		.byte	0
 429 010a 0B       		.uleb128 0xb
 430 010b 5A010000 		.4byte	.LASF21
 431 010f 05       		.byte	0x5
 432 0110 16       		.byte	0x16
 433 0111 23010000 		.4byte	0x123
 434 0115 14       		.byte	0x14
 435 0116 0B       		.uleb128 0xb
 436 0117 D9010000 		.4byte	.LASF22
 437 011b 05       		.byte	0x5
 438 011c 17       		.byte	0x17
 439 011d A5000000 		.4byte	0xa5
 440 0121 28       		.byte	0x28
 441 0122 00       		.byte	0
 442 0123 07       		.uleb128 0x7
 443 0124 CB000000 		.4byte	0xcb
 444 0128 33010000 		.4byte	0x133
ARM GAS  C:\Users\kland\AppData\Local\Temp\ccQfRopx.s 			page 10


 445 012c 08       		.uleb128 0x8
 446 012d D9000000 		.4byte	0xd9
 447 0131 13       		.byte	0x13
 448 0132 00       		.byte	0
 449 0133 03       		.uleb128 0x3
 450 0134 D1030000 		.4byte	.LASF23
 451 0138 05       		.byte	0x5
 452 0139 19       		.byte	0x19
 453 013a F6000000 		.4byte	0xf6
 454 013e 09       		.uleb128 0x9
 455 013f 3C       		.byte	0x3c
 456 0140 06       		.byte	0x6
 457 0141 37       		.byte	0x37
 458 0142 6B010000 		.4byte	0x16b
 459 0146 0B       		.uleb128 0xb
 460 0147 17000000 		.4byte	.LASF24
 461 014b 06       		.byte	0x6
 462 014c 38       		.byte	0x38
 463 014d 23010000 		.4byte	0x123
 464 0151 00       		.byte	0
 465 0152 0B       		.uleb128 0xb
 466 0153 0E000000 		.4byte	.LASF25
 467 0157 06       		.byte	0x6
 468 0158 39       		.byte	0x39
 469 0159 23010000 		.4byte	0x123
 470 015d 14       		.byte	0x14
 471 015e 0B       		.uleb128 0xb
 472 015f B2040000 		.4byte	.LASF26
 473 0163 06       		.byte	0x6
 474 0164 3A       		.byte	0x3a
 475 0165 23010000 		.4byte	0x123
 476 0169 28       		.byte	0x28
 477 016a 00       		.byte	0
 478 016b 03       		.uleb128 0x3
 479 016c 8A050000 		.4byte	.LASF27
 480 0170 06       		.byte	0x6
 481 0171 3C       		.byte	0x3c
 482 0172 3E010000 		.4byte	0x13e
 483 0176 09       		.uleb128 0x9
 484 0177 20       		.byte	0x20
 485 0178 06       		.byte	0x6
 486 0179 3E       		.byte	0x3e
 487 017a DF010000 		.4byte	0x1df
 488 017e 0B       		.uleb128 0xb
 489 017f 2C040000 		.4byte	.LASF28
 490 0183 06       		.byte	0x6
 491 0184 3F       		.byte	0x3f
 492 0185 68000000 		.4byte	0x68
 493 0189 00       		.byte	0
 494 018a 0A       		.uleb128 0xa
 495 018b 62657200 		.ascii	"ber\000"
 496 018f 06       		.byte	0x6
 497 0190 40       		.byte	0x40
 498 0191 68000000 		.4byte	0x68
 499 0195 04       		.byte	0x4
 500 0196 0B       		.uleb128 0xb
 501 0197 CE010000 		.4byte	.LASF29
ARM GAS  C:\Users\kland\AppData\Local\Temp\ccQfRopx.s 			page 11


 502 019b 06       		.byte	0x6
 503 019c 41       		.byte	0x41
 504 019d 68000000 		.4byte	0x68
 505 01a1 08       		.byte	0x8
 506 01a2 0B       		.uleb128 0xb
 507 01a3 49010000 		.4byte	.LASF30
 508 01a7 06       		.byte	0x6
 509 01a8 42       		.byte	0x42
 510 01a9 68000000 		.4byte	0x68
 511 01ad 0C       		.byte	0xc
 512 01ae 0B       		.uleb128 0xb
 513 01af 7C000000 		.4byte	.LASF31
 514 01b3 06       		.byte	0x6
 515 01b4 43       		.byte	0x43
 516 01b5 68000000 		.4byte	0x68
 517 01b9 10       		.byte	0x10
 518 01ba 0B       		.uleb128 0xb
 519 01bb 4C030000 		.4byte	.LASF32
 520 01bf 06       		.byte	0x6
 521 01c0 44       		.byte	0x44
 522 01c1 68000000 		.4byte	0x68
 523 01c5 14       		.byte	0x14
 524 01c6 0B       		.uleb128 0xb
 525 01c7 59040000 		.4byte	.LASF33
 526 01cb 06       		.byte	0x6
 527 01cc 45       		.byte	0x45
 528 01cd 68000000 		.4byte	0x68
 529 01d1 18       		.byte	0x18
 530 01d2 0B       		.uleb128 0xb
 531 01d3 9F040000 		.4byte	.LASF34
 532 01d7 06       		.byte	0x6
 533 01d8 46       		.byte	0x46
 534 01d9 68000000 		.4byte	0x68
 535 01dd 1C       		.byte	0x1c
 536 01de 00       		.byte	0
 537 01df 03       		.uleb128 0x3
 538 01e0 BF040000 		.4byte	.LASF35
 539 01e4 06       		.byte	0x6
 540 01e5 48       		.byte	0x48
 541 01e6 76010000 		.4byte	0x176
 542 01ea 09       		.uleb128 0x9
 543 01eb 0B       		.byte	0xb
 544 01ec 06       		.byte	0x6
 545 01ed 54       		.byte	0x54
 546 01ee 77020000 		.4byte	0x277
 547 01f2 0B       		.uleb128 0xb
 548 01f3 4C060000 		.4byte	.LASF36
 549 01f7 06       		.byte	0x6
 550 01f8 56       		.byte	0x56
 551 01f9 81000000 		.4byte	0x81
 552 01fd 00       		.byte	0
 553 01fe 0B       		.uleb128 0xb
 554 01ff 32040000 		.4byte	.LASF37
 555 0203 06       		.byte	0x6
 556 0204 58       		.byte	0x58
 557 0205 77020000 		.4byte	0x277
 558 0209 01       		.byte	0x1
ARM GAS  C:\Users\kland\AppData\Local\Temp\ccQfRopx.s 			page 12


 559 020a 0B       		.uleb128 0xb
 560 020b 9D020000 		.4byte	.LASF38
 561 020f 06       		.byte	0x6
 562 0210 5A       		.byte	0x5a
 563 0211 81000000 		.4byte	0x81
 564 0215 02       		.byte	0x2
 565 0216 0B       		.uleb128 0xb
 566 0217 F1030000 		.4byte	.LASF39
 567 021b 06       		.byte	0x6
 568 021c 5C       		.byte	0x5c
 569 021d 81000000 		.4byte	0x81
 570 0221 03       		.byte	0x3
 571 0222 0B       		.uleb128 0xb
 572 0223 7E050000 		.4byte	.LASF40
 573 0227 06       		.byte	0x6
 574 0228 5F       		.byte	0x5f
 575 0229 81000000 		.4byte	0x81
 576 022d 04       		.byte	0x4
 577 022e 0B       		.uleb128 0xb
 578 022f 1B010000 		.4byte	.LASF41
 579 0233 06       		.byte	0x6
 580 0234 64       		.byte	0x64
 581 0235 81000000 		.4byte	0x81
 582 0239 05       		.byte	0x5
 583 023a 0B       		.uleb128 0xb
 584 023b AA020000 		.4byte	.LASF42
 585 023f 06       		.byte	0x6
 586 0240 66       		.byte	0x66
 587 0241 81000000 		.4byte	0x81
 588 0245 06       		.byte	0x6
 589 0246 0B       		.uleb128 0xb
 590 0247 80030000 		.4byte	.LASF43
 591 024b 06       		.byte	0x6
 592 024c 67       		.byte	0x67
 593 024d 81000000 		.4byte	0x81
 594 0251 07       		.byte	0x7
 595 0252 0B       		.uleb128 0xb
 596 0253 28010000 		.4byte	.LASF44
 597 0257 06       		.byte	0x6
 598 0258 68       		.byte	0x68
 599 0259 81000000 		.4byte	0x81
 600 025d 08       		.byte	0x8
 601 025e 0B       		.uleb128 0xb
 602 025f BC050000 		.4byte	.LASF45
 603 0263 06       		.byte	0x6
 604 0264 69       		.byte	0x69
 605 0265 81000000 		.4byte	0x81
 606 0269 09       		.byte	0x9
 607 026a 0B       		.uleb128 0xb
 608 026b 1E000000 		.4byte	.LASF46
 609 026f 06       		.byte	0x6
 610 0270 6A       		.byte	0x6a
 611 0271 81000000 		.4byte	0x81
 612 0275 0A       		.byte	0xa
 613 0276 00       		.byte	0
 614 0277 02       		.uleb128 0x2
 615 0278 01       		.byte	0x1
ARM GAS  C:\Users\kland\AppData\Local\Temp\ccQfRopx.s 			page 13


 616 0279 02       		.byte	0x2
 617 027a CD040000 		.4byte	.LASF47
 618 027e 03       		.uleb128 0x3
 619 027f 15040000 		.4byte	.LASF48
 620 0283 06       		.byte	0x6
 621 0284 71       		.byte	0x71
 622 0285 EA010000 		.4byte	0x1ea
 623 0289 09       		.uleb128 0x9
 624 028a 06       		.byte	0x6
 625 028b 07       		.byte	0x7
 626 028c 37       		.byte	0x37
 627 028d C2020000 		.4byte	0x2c2
 628 0291 0B       		.uleb128 0xb
 629 0292 48000000 		.4byte	.LASF49
 630 0296 07       		.byte	0x7
 631 0297 39       		.byte	0x39
 632 0298 8D000000 		.4byte	0x8d
 633 029c 00       		.byte	0
 634 029d 0B       		.uleb128 0xb
 635 029e 32000000 		.4byte	.LASF50
 636 02a2 07       		.byte	0x7
 637 02a3 3A       		.byte	0x3a
 638 02a4 99000000 		.4byte	0x99
 639 02a8 02       		.byte	0x2
 640 02a9 0B       		.uleb128 0xb
 641 02aa 97050000 		.4byte	.LASF51
 642 02ae 07       		.byte	0x7
 643 02af 3B       		.byte	0x3b
 644 02b0 81000000 		.4byte	0x81
 645 02b4 04       		.byte	0x4
 646 02b5 0B       		.uleb128 0xb
 647 02b6 EE050000 		.4byte	.LASF52
 648 02ba 07       		.byte	0x7
 649 02bb 3C       		.byte	0x3c
 650 02bc 81000000 		.4byte	0x81
 651 02c0 05       		.byte	0x5
 652 02c1 00       		.byte	0
 653 02c2 03       		.uleb128 0x3
 654 02c3 97020000 		.4byte	.LASF53
 655 02c7 07       		.byte	0x7
 656 02c8 3F       		.byte	0x3f
 657 02c9 CD020000 		.4byte	0x2cd
 658 02cd 0C       		.uleb128 0xc
 659 02ce 89020000 		.4byte	0x289
 660 02d2 09       		.uleb128 0x9
 661 02d3 1C       		.byte	0x1c
 662 02d4 07       		.byte	0x7
 663 02d5 42       		.byte	0x42
 664 02d6 F3020000 		.4byte	0x2f3
 665 02da 0B       		.uleb128 0xb
 666 02db 63020000 		.4byte	.LASF54
 667 02df 07       		.byte	0x7
 668 02e0 44       		.byte	0x44
 669 02e1 F3020000 		.4byte	0x2f3
 670 02e5 00       		.byte	0
 671 02e6 0B       		.uleb128 0xb
 672 02e7 33010000 		.4byte	.LASF55
ARM GAS  C:\Users\kland\AppData\Local\Temp\ccQfRopx.s 			page 14


 673 02eb 07       		.byte	0x7
 674 02ec 45       		.byte	0x45
 675 02ed E6000000 		.4byte	0xe6
 676 02f1 04       		.byte	0x4
 677 02f2 00       		.byte	0
 678 02f3 06       		.uleb128 0x6
 679 02f4 04       		.byte	0x4
 680 02f5 6B010000 		.4byte	0x16b
 681 02f9 03       		.uleb128 0x3
 682 02fa 3B040000 		.4byte	.LASF56
 683 02fe 07       		.byte	0x7
 684 02ff 47       		.byte	0x47
 685 0300 D2020000 		.4byte	0x2d2
 686 0304 09       		.uleb128 0x9
 687 0305 68       		.byte	0x68
 688 0306 07       		.byte	0x7
 689 0307 4D       		.byte	0x4d
 690 0308 25030000 		.4byte	0x325
 691 030c 0B       		.uleb128 0xb
 692 030d 74000000 		.4byte	.LASF57
 693 0311 07       		.byte	0x7
 694 0312 52       		.byte	0x52
 695 0313 25030000 		.4byte	0x325
 696 0317 00       		.byte	0
 697 0318 0B       		.uleb128 0xb
 698 0319 1B060000 		.4byte	.LASF58
 699 031d 07       		.byte	0x7
 700 031e 53       		.byte	0x53
 701 031f 68000000 		.4byte	0x68
 702 0323 64       		.byte	0x64
 703 0324 00       		.byte	0
 704 0325 07       		.uleb128 0x7
 705 0326 CB000000 		.4byte	0xcb
 706 032a 35030000 		.4byte	0x335
 707 032e 08       		.uleb128 0x8
 708 032f D9000000 		.4byte	0xd9
 709 0333 63       		.byte	0x63
 710 0334 00       		.byte	0
 711 0335 03       		.uleb128 0x3
 712 0336 EF040000 		.4byte	.LASF59
 713 033a 07       		.byte	0x7
 714 033b 59       		.byte	0x59
 715 033c 04030000 		.4byte	0x304
 716 0340 0D       		.uleb128 0xd
 717 0341 76050000 		.4byte	.LASF64
 718 0345 01       		.byte	0x1
 719 0346 12       		.byte	0x12
 720 0347 81000000 		.4byte	0x81
 721 034b 00000000 		.4byte	.LFB64
 722 034f 04010000 		.4byte	.LFE64-.LFB64
 723 0353 01       		.uleb128 0x1
 724 0354 9C       		.byte	0x9c
 725 0355 92030000 		.4byte	0x392
 726 0359 0E       		.uleb128 0xe
 727 035a BD010000 		.4byte	.LASF60
 728 035e 01       		.byte	0x1
 729 035f 17       		.byte	0x17
ARM GAS  C:\Users\kland\AppData\Local\Temp\ccQfRopx.s 			page 15


 730 0360 E0000000 		.4byte	0xe0
 731 0364 02       		.uleb128 0x2
 732 0365 91       		.byte	0x91
 733 0366 68       		.sleb128 -24
 734 0367 0E       		.uleb128 0xe
 735 0368 6A000000 		.4byte	.LASF61
 736 036c 01       		.byte	0x1
 737 036d 18       		.byte	0x18
 738 036e 81000000 		.4byte	0x81
 739 0372 02       		.uleb128 0x2
 740 0373 91       		.byte	0x91
 741 0374 6F       		.sleb128 -17
 742 0375 0E       		.uleb128 0xe
 743 0376 21050000 		.4byte	.LASF62
 744 037a 01       		.byte	0x1
 745 037b 19       		.byte	0x19
 746 037c 92030000 		.4byte	0x392
 747 0380 02       		.uleb128 0x2
 748 0381 91       		.byte	0x91
 749 0382 64       		.sleb128 -28
 750 0383 0E       		.uleb128 0xe
 751 0384 14050000 		.4byte	.LASF63
 752 0388 01       		.byte	0x1
 753 0389 1C       		.byte	0x1c
 754 038a A2030000 		.4byte	0x3a2
 755 038e 02       		.uleb128 0x2
 756 038f 91       		.byte	0x91
 757 0390 44       		.sleb128 -60
 758 0391 00       		.byte	0
 759 0392 07       		.uleb128 0x7
 760 0393 CB000000 		.4byte	0xcb
 761 0397 A2030000 		.4byte	0x3a2
 762 039b 08       		.uleb128 0x8
 763 039c D9000000 		.4byte	0xd9
 764 03a0 02       		.byte	0x2
 765 03a1 00       		.byte	0
 766 03a2 07       		.uleb128 0x7
 767 03a3 CB000000 		.4byte	0xcb
 768 03a7 B2030000 		.4byte	0x3b2
 769 03ab 08       		.uleb128 0x8
 770 03ac D9000000 		.4byte	0xd9
 771 03b0 1D       		.byte	0x1d
 772 03b1 00       		.byte	0
 773 03b2 0F       		.uleb128 0xf
 774 03b3 13020000 		.4byte	.LASF65
 775 03b7 01       		.byte	0x1
 776 03b8 35       		.byte	0x35
 777 03b9 00000000 		.4byte	.LFB65
 778 03bd 1C000000 		.4byte	.LFE65-.LFB65
 779 03c1 01       		.uleb128 0x1
 780 03c2 9C       		.byte	0x9c
 781 03c3 D6030000 		.4byte	0x3d6
 782 03c7 10       		.uleb128 0x10
 783 03c8 41010000 		.4byte	.LASF112
 784 03cc 01       		.byte	0x1
 785 03cd 35       		.byte	0x35
 786 03ce E0000000 		.4byte	0xe0
ARM GAS  C:\Users\kland\AppData\Local\Temp\ccQfRopx.s 			page 16


 787 03d2 02       		.uleb128 0x2
 788 03d3 91       		.byte	0x91
 789 03d4 74       		.sleb128 -12
 790 03d5 00       		.byte	0
 791 03d6 11       		.uleb128 0x11
 792 03d7 58050000 		.4byte	.LASF66
 793 03db 08       		.byte	0x8
 794 03dc 1207     		.2byte	0x712
 795 03de E2030000 		.4byte	0x3e2
 796 03e2 0C       		.uleb128 0xc
 797 03e3 76000000 		.4byte	0x76
 798 03e7 12       		.uleb128 0x12
 799 03e8 53020000 		.4byte	.LASF67
 800 03ec 05       		.byte	0x5
 801 03ed 11       		.byte	0x11
 802 03ee 77020000 		.4byte	0x277
 803 03f2 05       		.uleb128 0x5
 804 03f3 03       		.byte	0x3
 805 03f4 00000000 		.4byte	buffer_overflow
 806 03f8 12       		.uleb128 0x12
 807 03f9 99010000 		.4byte	.LASF68
 808 03fd 05       		.byte	0x5
 809 03fe 22       		.byte	0x22
 810 03ff 8D000000 		.4byte	0x8d
 811 0403 05       		.uleb128 0x5
 812 0404 03       		.byte	0x3
 813 0405 00000000 		.4byte	dataPointsInStack
 814 0409 12       		.uleb128 0x12
 815 040a F4010000 		.4byte	.LASF69
 816 040e 05       		.byte	0x5
 817 040f 23       		.byte	0x23
 818 0410 8D000000 		.4byte	0x8d
 819 0414 05       		.uleb128 0x5
 820 0415 03       		.byte	0x3
 821 0416 00000000 		.4byte	dataPointsInStackDesired
 822 041a 07       		.uleb128 0x7
 823 041b 33010000 		.4byte	0x133
 824 041f 2A040000 		.4byte	0x42a
 825 0423 08       		.uleb128 0x8
 826 0424 D9000000 		.4byte	0xd9
 827 0428 95       		.byte	0x95
 828 0429 00       		.byte	0
 829 042a 12       		.uleb128 0x12
 830 042b EA040000 		.4byte	.LASF70
 831 042f 05       		.byte	0x5
 832 0430 24       		.byte	0x24
 833 0431 1A040000 		.4byte	0x41a
 834 0435 05       		.uleb128 0x5
 835 0436 03       		.byte	0x3
 836 0437 00000000 		.4byte	data
 837 043b 12       		.uleb128 0x12
 838 043c 68030000 		.4byte	.LASF71
 839 0440 06       		.byte	0x6
 840 0441 21       		.byte	0x21
 841 0442 81000000 		.4byte	0x81
 842 0446 05       		.uleb128 0x5
 843 0447 03       		.byte	0x3
ARM GAS  C:\Users\kland\AppData\Local\Temp\ccQfRopx.s 			page 17


 844 0448 00000000 		.4byte	modem_state
 845 044c 12       		.uleb128 0x12
 846 044d 51030000 		.4byte	.LASF72
 847 0451 06       		.byte	0x6
 848 0452 74       		.byte	0x74
 849 0453 A5000000 		.4byte	0xa5
 850 0457 05       		.uleb128 0x5
 851 0458 03       		.byte	0x3
 852 0459 00000000 		.4byte	modem_start_time_stamp
 853 045d 12       		.uleb128 0x12
 854 045e 63020000 		.4byte	.LASF54
 855 0462 06       		.byte	0x6
 856 0463 75       		.byte	0x75
 857 0464 6B010000 		.4byte	0x16b
 858 0468 05       		.uleb128 0x5
 859 0469 03       		.byte	0x3
 860 046a 00000000 		.4byte	modem_info
 861 046e 12       		.uleb128 0x12
 862 046f FB030000 		.4byte	.LASF73
 863 0473 06       		.byte	0x6
 864 0474 76       		.byte	0x76
 865 0475 DF010000 		.4byte	0x1df
 866 0479 05       		.uleb128 0x5
 867 047a 03       		.byte	0x3
 868 047b 00000000 		.4byte	modem_stats
 869 047f 12       		.uleb128 0x12
 870 0480 06060000 		.4byte	.LASF74
 871 0484 06       		.byte	0x6
 872 0485 77       		.byte	0x77
 873 0486 7E020000 		.4byte	0x27e
 874 048a 05       		.uleb128 0x5
 875 048b 03       		.byte	0x3
 876 048c 00000000 		.4byte	updatable_parameters
 877 0490 12       		.uleb128 0x12
 878 0491 56060000 		.4byte	.LASF75
 879 0495 09       		.byte	0x9
 880 0496 07       		.byte	0x7
 881 0497 81000000 		.4byte	0x81
 882 049b 05       		.uleb128 0x5
 883 049c 03       		.byte	0x3
 884 049d 00000000 		.4byte	App_LED_enabled
 885 04a1 12       		.uleb128 0x12
 886 04a2 D3020000 		.4byte	.LASF76
 887 04a6 09       		.byte	0x9
 888 04a7 08       		.byte	0x8
 889 04a8 25030000 		.4byte	0x325
 890 04ac 05       		.uleb128 0x5
 891 04ad 03       		.byte	0x3
 892 04ae 00000000 		.4byte	app_led_inbox
 893 04b2 12       		.uleb128 0x12
 894 04b3 71040000 		.4byte	.LASF77
 895 04b7 0A       		.byte	0xa
 896 04b8 25       		.byte	0x25
 897 04b9 25030000 		.4byte	0x325
 898 04bd 05       		.uleb128 0x5
 899 04be 03       		.byte	0x3
 900 04bf 00000000 		.4byte	level_sensor_inbox
ARM GAS  C:\Users\kland\AppData\Local\Temp\ccQfRopx.s 			page 18


 901 04c3 12       		.uleb128 0x12
 902 04c4 22020000 		.4byte	.LASF78
 903 04c8 0A       		.byte	0xa
 904 04c9 27       		.byte	0x27
 905 04ca 77020000 		.4byte	0x277
 906 04ce 05       		.uleb128 0x5
 907 04cf 03       		.byte	0x3
 908 04d0 00000000 		.4byte	level_sensor_enabled
 909 04d4 12       		.uleb128 0x12
 910 04d5 84040000 		.4byte	.LASF79
 911 04d9 0B       		.byte	0xb
 912 04da 2A       		.byte	0x2a
 913 04db B1000000 		.4byte	0xb1
 914 04df 05       		.uleb128 0x5
 915 04e0 03       		.byte	0x3
 916 04e1 00000000 		.4byte	valve_diameter
 917 04e5 07       		.uleb128 0x7
 918 04e6 CB000000 		.4byte	0xcb
 919 04ea F5040000 		.4byte	0x4f5
 920 04ee 08       		.uleb128 0x8
 921 04ef D9000000 		.4byte	0xd9
 922 04f3 09       		.byte	0x9
 923 04f4 00       		.byte	0
 924 04f5 12       		.uleb128 0x12
 925 04f6 8E010000 		.4byte	.LASF80
 926 04fa 0B       		.byte	0xb
 927 04fb 2B       		.byte	0x2b
 928 04fc E5040000 		.4byte	0x4e5
 929 0500 05       		.uleb128 0x5
 930 0501 03       		.byte	0x3
 931 0502 00000000 		.4byte	valve_type
 932 0506 12       		.uleb128 0x12
 933 0507 00000000 		.4byte	.LASF81
 934 050b 0B       		.byte	0xb
 935 050c 30       		.byte	0x30
 936 050d 81000000 		.4byte	0x81
 937 0511 05       		.uleb128 0x5
 938 0512 03       		.byte	0x3
 939 0513 00000000 		.4byte	valve_enabled
 940 0517 12       		.uleb128 0x12
 941 0518 60010000 		.4byte	.LASF82
 942 051c 0B       		.byte	0xb
 943 051d 31       		.byte	0x31
 944 051e 25030000 		.4byte	0x325
 945 0522 05       		.uleb128 0x5
 946 0523 03       		.byte	0x3
 947 0524 00000000 		.4byte	valve_inbox
 948 0528 12       		.uleb128 0x12
 949 0529 DD030000 		.4byte	.LASF83
 950 052d 0C       		.byte	0xc
 951 052e 69       		.byte	0x69
 952 052f 81000000 		.4byte	0x81
 953 0533 05       		.uleb128 0x5
 954 0534 03       		.byte	0x3
 955 0535 00000000 		.4byte	autosampler_enabled
 956 0539 12       		.uleb128 0x12
 957 053a 3A060000 		.4byte	.LASF84
ARM GAS  C:\Users\kland\AppData\Local\Temp\ccQfRopx.s 			page 19


 958 053e 0C       		.byte	0xc
 959 053f 6B       		.byte	0x6b
 960 0540 25030000 		.4byte	0x325
 961 0544 05       		.uleb128 0x5
 962 0545 03       		.byte	0x3
 963 0546 00000000 		.4byte	autosampler_inbox
 964 054a 12       		.uleb128 0x12
 965 054b DF050000 		.4byte	.LASF85
 966 054f 0D       		.byte	0xd
 967 0550 0D       		.byte	0xd
 968 0551 81000000 		.4byte	0x81
 969 0555 05       		.uleb128 0x5
 970 0556 03       		.byte	0x3
 971 0557 00000000 		.4byte	sontek_enabled
 972 055b 12       		.uleb128 0x12
 973 055c C6020000 		.4byte	.LASF86
 974 0560 0D       		.byte	0xd
 975 0561 0E       		.byte	0xe
 976 0562 25030000 		.4byte	0x325
 977 0566 05       		.uleb128 0x5
 978 0567 03       		.byte	0x3
 979 0568 00000000 		.4byte	Sontek_inbox
 980 056c 07       		.uleb128 0x7
 981 056d CB000000 		.4byte	0xcb
 982 0571 7D050000 		.4byte	0x57d
 983 0575 13       		.uleb128 0x13
 984 0576 D9000000 		.4byte	0xd9
 985 057a 0F27     		.2byte	0x270f
 986 057c 00       		.byte	0
 987 057d 12       		.uleb128 0x12
 988 057e 66060000 		.4byte	.LASF87
 989 0582 07       		.byte	0x7
 990 0583 21       		.byte	0x21
 991 0584 6C050000 		.4byte	0x56c
 992 0588 05       		.uleb128 0x5
 993 0589 03       		.byte	0x3
 994 058a 00000000 		.4byte	http_request
 995 058e 12       		.uleb128 0x12
 996 058f 30060000 		.4byte	.LASF88
 997 0593 07       		.byte	0x7
 998 0594 22       		.byte	0x22
 999 0595 6C050000 		.4byte	0x56c
 1000 0599 05       		.uleb128 0x5
 1001 059a 03       		.byte	0x3
 1002 059b 00000000 		.4byte	http_body
 1003 059f 07       		.uleb128 0x7
 1004 05a0 CB000000 		.4byte	0xcb
 1005 05a4 AF050000 		.4byte	0x5af
 1006 05a8 08       		.uleb128 0x8
 1007 05a9 D9000000 		.4byte	0xd9
 1008 05ad C7       		.byte	0xc7
 1009 05ae 00       		.byte	0
 1010 05af 12       		.uleb128 0x12
 1011 05b0 09050000 		.4byte	.LASF89
 1012 05b4 07       		.byte	0x7
 1013 05b5 23       		.byte	0x23
 1014 05b6 9F050000 		.4byte	0x59f
ARM GAS  C:\Users\kland\AppData\Local\Temp\ccQfRopx.s 			page 20


 1015 05ba 05       		.uleb128 0x5
 1016 05bb 03       		.byte	0x3
 1017 05bc 00000000 		.4byte	http_route
 1018 05c0 12       		.uleb128 0x12
 1019 05c1 93040000 		.4byte	.LASF90
 1020 05c5 07       		.byte	0x7
 1021 05c6 4A       		.byte	0x4a
 1022 05c7 F9020000 		.4byte	0x2f9
 1023 05cb 05       		.uleb128 0x5
 1024 05cc 03       		.byte	0x3
 1025 05cd 00000000 		.4byte	system_info
 1026 05d1 12       		.uleb128 0x12
 1027 05d2 B4030000 		.4byte	.LASF91
 1028 05d6 07       		.byte	0x7
 1029 05d7 5C       		.byte	0x5c
 1030 05d8 35030000 		.4byte	0x335
 1031 05dc 05       		.uleb128 0x5
 1032 05dd 03       		.byte	0x3
 1033 05de 00000000 		.4byte	system_settings
 1034 05e2 12       		.uleb128 0x12
 1035 05e3 6E020000 		.4byte	.LASF92
 1036 05e7 07       		.byte	0x7
 1037 05e8 78       		.byte	0x78
 1038 05e9 C2020000 		.4byte	0x2c2
 1039 05ed 05       		.uleb128 0x5
 1040 05ee 03       		.byte	0x3
 1041 05ef 00000000 		.4byte	alarmMeasure
 1042 05f3 12       		.uleb128 0x12
 1043 05f4 07040000 		.4byte	.LASF93
 1044 05f8 07       		.byte	0x7
 1045 05f9 79       		.byte	0x79
 1046 05fa 81000000 		.4byte	0x81
 1047 05fe 05       		.uleb128 0x5
 1048 05ff 03       		.byte	0x3
 1049 0600 00000000 		.4byte	timeToMeasure
 1050 0604 12       		.uleb128 0x12
 1051 0605 BC020000 		.4byte	.LASF94
 1052 0609 07       		.byte	0x7
 1053 060a 7A       		.byte	0x7a
 1054 060b C2020000 		.4byte	0x2c2
 1055 060f 05       		.uleb128 0x5
 1056 0610 03       		.byte	0x3
 1057 0611 00000000 		.4byte	alarmSync
 1058 0615 12       		.uleb128 0x12
 1059 0616 73060000 		.4byte	.LASF95
 1060 061a 07       		.byte	0x7
 1061 061b 7B       		.byte	0x7b
 1062 061c 81000000 		.4byte	0x81
 1063 0620 05       		.uleb128 0x5
 1064 0621 03       		.byte	0x3
 1065 0622 00000000 		.4byte	timeToSync
 1066 0626 12       		.uleb128 0x12
 1067 0627 D3040000 		.4byte	.LASF96
 1068 062b 07       		.byte	0x7
 1069 062c 7C       		.byte	0x7c
 1070 062d 81000000 		.4byte	0x81
 1071 0631 05       		.uleb128 0x5
ARM GAS  C:\Users\kland\AppData\Local\Temp\ccQfRopx.s 			page 21


 1072 0632 03       		.byte	0x3
 1073 0633 00000000 		.4byte	timeToSycnRemoteParams
 1074 0637 14       		.uleb128 0x14
 1075 0638 68657900 		.ascii	"hey\000"
 1076 063c 07       		.byte	0x7
 1077 063d 7D       		.byte	0x7d
 1078 063e 81000000 		.4byte	0x81
 1079 0642 05       		.uleb128 0x5
 1080 0643 03       		.byte	0x3
 1081 0644 00000000 		.4byte	hey
 1082 0648 12       		.uleb128 0x12
 1083 0649 4E010000 		.4byte	.LASF97
 1084 064d 07       		.byte	0x7
 1085 064e 81       		.byte	0x81
 1086 064f C2020000 		.4byte	0x2c2
 1087 0653 05       		.uleb128 0x5
 1088 0654 03       		.byte	0x3
 1089 0655 00000000 		.4byte	alarmAppLED
 1090 0659 12       		.uleb128 0x12
 1091 065a AF050000 		.4byte	.LASF98
 1092 065e 07       		.byte	0x7
 1093 065f 82       		.byte	0x82
 1094 0660 81000000 		.4byte	0x81
 1095 0664 05       		.uleb128 0x5
 1096 0665 03       		.byte	0x3
 1097 0666 00000000 		.4byte	timeToAppLED
 1098 066a 12       		.uleb128 0x12
 1099 066b 65050000 		.4byte	.LASF99
 1100 066f 07       		.byte	0x7
 1101 0670 84       		.byte	0x84
 1102 0671 C2020000 		.4byte	0x2c2
 1103 0675 05       		.uleb128 0x5
 1104 0676 03       		.byte	0x3
 1105 0677 00000000 		.4byte	alarmLevelSensor
 1106 067b 12       		.uleb128 0x12
 1107 067c CD050000 		.4byte	.LASF100
 1108 0680 07       		.byte	0x7
 1109 0681 85       		.byte	0x85
 1110 0682 81000000 		.4byte	0x81
 1111 0686 05       		.uleb128 0x5
 1112 0687 03       		.byte	0x3
 1113 0688 00000000 		.4byte	timeToLevelSensor
 1114 068c 12       		.uleb128 0x12
 1115 068d 73010000 		.4byte	.LASF101
 1116 0691 07       		.byte	0x7
 1117 0692 87       		.byte	0x87
 1118 0693 C2020000 		.4byte	0x2c2
 1119 0697 05       		.uleb128 0x5
 1120 0698 03       		.byte	0x3
 1121 0699 00000000 		.4byte	alarmDownstreamLevelSensor
 1122 069d 12       		.uleb128 0x12
 1123 069e E1020000 		.4byte	.LASF102
 1124 06a2 07       		.byte	0x7
 1125 06a3 88       		.byte	0x88
 1126 06a4 81000000 		.4byte	0x81
 1127 06a8 05       		.uleb128 0x5
 1128 06a9 03       		.byte	0x3
ARM GAS  C:\Users\kland\AppData\Local\Temp\ccQfRopx.s 			page 22


 1129 06aa 00000000 		.4byte	timeToDownstreamLevelSensor
 1130 06ae 12       		.uleb128 0x12
 1131 06af FE040000 		.4byte	.LASF103
 1132 06b3 07       		.byte	0x7
 1133 06b4 8A       		.byte	0x8a
 1134 06b5 C2020000 		.4byte	0x2c2
 1135 06b9 05       		.uleb128 0x5
 1136 06ba 03       		.byte	0x3
 1137 06bb 00000000 		.4byte	alarmValve
 1138 06bf 12       		.uleb128 0x12
 1139 06c0 B1010000 		.4byte	.LASF104
 1140 06c4 07       		.byte	0x7
 1141 06c5 8B       		.byte	0x8b
 1142 06c6 81000000 		.4byte	0x81
 1143 06ca 05       		.uleb128 0x5
 1144 06cb 03       		.byte	0x3
 1145 06cc 00000000 		.4byte	timeToValve
 1146 06d0 12       		.uleb128 0x12
 1147 06d1 E3010000 		.4byte	.LASF105
 1148 06d5 07       		.byte	0x7
 1149 06d6 8D       		.byte	0x8d
 1150 06d7 C2020000 		.4byte	0x2c2
 1151 06db 05       		.uleb128 0x5
 1152 06dc 03       		.byte	0x3
 1153 06dd 00000000 		.4byte	alarmAutosampler
 1154 06e1 12       		.uleb128 0x12
 1155 06e2 7B020000 		.4byte	.LASF106
 1156 06e6 07       		.byte	0x7
 1157 06e7 8E       		.byte	0x8e
 1158 06e8 81000000 		.4byte	0x81
 1159 06ec 05       		.uleb128 0x5
 1160 06ed 03       		.byte	0x3
 1161 06ee 00000000 		.4byte	timeToAutosampler
 1162 06f2 12       		.uleb128 0x12
 1163 06f3 4C050000 		.4byte	.LASF107
 1164 06f7 07       		.byte	0x7
 1165 06f8 90       		.byte	0x90
 1166 06f9 C2020000 		.4byte	0x2c2
 1167 06fd 05       		.uleb128 0x5
 1168 06fe 03       		.byte	0x3
 1169 06ff 00000000 		.4byte	alarmSontek
 1170 0703 12       		.uleb128 0x12
 1171 0704 23060000 		.4byte	.LASF108
 1172 0708 07       		.byte	0x7
 1173 0709 91       		.byte	0x91
 1174 070a 81000000 		.4byte	0x81
 1175 070e 05       		.uleb128 0x5
 1176 070f 03       		.byte	0x3
 1177 0710 00000000 		.4byte	timeToSontek
 1178 0714 00       		.byte	0
 1179              		.section	.debug_abbrev,"",%progbits
 1180              	.Ldebug_abbrev0:
 1181 0000 01       		.uleb128 0x1
 1182 0001 11       		.uleb128 0x11
 1183 0002 01       		.byte	0x1
 1184 0003 25       		.uleb128 0x25
 1185 0004 0E       		.uleb128 0xe
ARM GAS  C:\Users\kland\AppData\Local\Temp\ccQfRopx.s 			page 23


 1186 0005 13       		.uleb128 0x13
 1187 0006 0B       		.uleb128 0xb
 1188 0007 03       		.uleb128 0x3
 1189 0008 0E       		.uleb128 0xe
 1190 0009 1B       		.uleb128 0x1b
 1191 000a 0E       		.uleb128 0xe
 1192 000b 55       		.uleb128 0x55
 1193 000c 17       		.uleb128 0x17
 1194 000d 11       		.uleb128 0x11
 1195 000e 01       		.uleb128 0x1
 1196 000f 10       		.uleb128 0x10
 1197 0010 17       		.uleb128 0x17
 1198 0011 00       		.byte	0
 1199 0012 00       		.byte	0
 1200 0013 02       		.uleb128 0x2
 1201 0014 24       		.uleb128 0x24
 1202 0015 00       		.byte	0
 1203 0016 0B       		.uleb128 0xb
 1204 0017 0B       		.uleb128 0xb
 1205 0018 3E       		.uleb128 0x3e
 1206 0019 0B       		.uleb128 0xb
 1207 001a 03       		.uleb128 0x3
 1208 001b 0E       		.uleb128 0xe
 1209 001c 00       		.byte	0
 1210 001d 00       		.byte	0
 1211 001e 03       		.uleb128 0x3
 1212 001f 16       		.uleb128 0x16
 1213 0020 00       		.byte	0
 1214 0021 03       		.uleb128 0x3
 1215 0022 0E       		.uleb128 0xe
 1216 0023 3A       		.uleb128 0x3a
 1217 0024 0B       		.uleb128 0xb
 1218 0025 3B       		.uleb128 0x3b
 1219 0026 0B       		.uleb128 0xb
 1220 0027 49       		.uleb128 0x49
 1221 0028 13       		.uleb128 0x13
 1222 0029 00       		.byte	0
 1223 002a 00       		.byte	0
 1224 002b 04       		.uleb128 0x4
 1225 002c 24       		.uleb128 0x24
 1226 002d 00       		.byte	0
 1227 002e 0B       		.uleb128 0xb
 1228 002f 0B       		.uleb128 0xb
 1229 0030 3E       		.uleb128 0x3e
 1230 0031 0B       		.uleb128 0xb
 1231 0032 03       		.uleb128 0x3
 1232 0033 08       		.uleb128 0x8
 1233 0034 00       		.byte	0
 1234 0035 00       		.byte	0
 1235 0036 05       		.uleb128 0x5
 1236 0037 16       		.uleb128 0x16
 1237 0038 00       		.byte	0
 1238 0039 03       		.uleb128 0x3
 1239 003a 0E       		.uleb128 0xe
 1240 003b 3A       		.uleb128 0x3a
 1241 003c 0B       		.uleb128 0xb
 1242 003d 3B       		.uleb128 0x3b
ARM GAS  C:\Users\kland\AppData\Local\Temp\ccQfRopx.s 			page 24


 1243 003e 05       		.uleb128 0x5
 1244 003f 49       		.uleb128 0x49
 1245 0040 13       		.uleb128 0x13
 1246 0041 00       		.byte	0
 1247 0042 00       		.byte	0
 1248 0043 06       		.uleb128 0x6
 1249 0044 0F       		.uleb128 0xf
 1250 0045 00       		.byte	0
 1251 0046 0B       		.uleb128 0xb
 1252 0047 0B       		.uleb128 0xb
 1253 0048 49       		.uleb128 0x49
 1254 0049 13       		.uleb128 0x13
 1255 004a 00       		.byte	0
 1256 004b 00       		.byte	0
 1257 004c 07       		.uleb128 0x7
 1258 004d 01       		.uleb128 0x1
 1259 004e 01       		.byte	0x1
 1260 004f 49       		.uleb128 0x49
 1261 0050 13       		.uleb128 0x13
 1262 0051 01       		.uleb128 0x1
 1263 0052 13       		.uleb128 0x13
 1264 0053 00       		.byte	0
 1265 0054 00       		.byte	0
 1266 0055 08       		.uleb128 0x8
 1267 0056 21       		.uleb128 0x21
 1268 0057 00       		.byte	0
 1269 0058 49       		.uleb128 0x49
 1270 0059 13       		.uleb128 0x13
 1271 005a 2F       		.uleb128 0x2f
 1272 005b 0B       		.uleb128 0xb
 1273 005c 00       		.byte	0
 1274 005d 00       		.byte	0
 1275 005e 09       		.uleb128 0x9
 1276 005f 13       		.uleb128 0x13
 1277 0060 01       		.byte	0x1
 1278 0061 0B       		.uleb128 0xb
 1279 0062 0B       		.uleb128 0xb
 1280 0063 3A       		.uleb128 0x3a
 1281 0064 0B       		.uleb128 0xb
 1282 0065 3B       		.uleb128 0x3b
 1283 0066 0B       		.uleb128 0xb
 1284 0067 01       		.uleb128 0x1
 1285 0068 13       		.uleb128 0x13
 1286 0069 00       		.byte	0
 1287 006a 00       		.byte	0
 1288 006b 0A       		.uleb128 0xa
 1289 006c 0D       		.uleb128 0xd
 1290 006d 00       		.byte	0
 1291 006e 03       		.uleb128 0x3
 1292 006f 08       		.uleb128 0x8
 1293 0070 3A       		.uleb128 0x3a
 1294 0071 0B       		.uleb128 0xb
 1295 0072 3B       		.uleb128 0x3b
 1296 0073 0B       		.uleb128 0xb
 1297 0074 49       		.uleb128 0x49
 1298 0075 13       		.uleb128 0x13
 1299 0076 38       		.uleb128 0x38
ARM GAS  C:\Users\kland\AppData\Local\Temp\ccQfRopx.s 			page 25


 1300 0077 0B       		.uleb128 0xb
 1301 0078 00       		.byte	0
 1302 0079 00       		.byte	0
 1303 007a 0B       		.uleb128 0xb
 1304 007b 0D       		.uleb128 0xd
 1305 007c 00       		.byte	0
 1306 007d 03       		.uleb128 0x3
 1307 007e 0E       		.uleb128 0xe
 1308 007f 3A       		.uleb128 0x3a
 1309 0080 0B       		.uleb128 0xb
 1310 0081 3B       		.uleb128 0x3b
 1311 0082 0B       		.uleb128 0xb
 1312 0083 49       		.uleb128 0x49
 1313 0084 13       		.uleb128 0x13
 1314 0085 38       		.uleb128 0x38
 1315 0086 0B       		.uleb128 0xb
 1316 0087 00       		.byte	0
 1317 0088 00       		.byte	0
 1318 0089 0C       		.uleb128 0xc
 1319 008a 35       		.uleb128 0x35
 1320 008b 00       		.byte	0
 1321 008c 49       		.uleb128 0x49
 1322 008d 13       		.uleb128 0x13
 1323 008e 00       		.byte	0
 1324 008f 00       		.byte	0
 1325 0090 0D       		.uleb128 0xd
 1326 0091 2E       		.uleb128 0x2e
 1327 0092 01       		.byte	0x1
 1328 0093 3F       		.uleb128 0x3f
 1329 0094 19       		.uleb128 0x19
 1330 0095 03       		.uleb128 0x3
 1331 0096 0E       		.uleb128 0xe
 1332 0097 3A       		.uleb128 0x3a
 1333 0098 0B       		.uleb128 0xb
 1334 0099 3B       		.uleb128 0x3b
 1335 009a 0B       		.uleb128 0xb
 1336 009b 49       		.uleb128 0x49
 1337 009c 13       		.uleb128 0x13
 1338 009d 11       		.uleb128 0x11
 1339 009e 01       		.uleb128 0x1
 1340 009f 12       		.uleb128 0x12
 1341 00a0 06       		.uleb128 0x6
 1342 00a1 40       		.uleb128 0x40
 1343 00a2 18       		.uleb128 0x18
 1344 00a3 9642     		.uleb128 0x2116
 1345 00a5 19       		.uleb128 0x19
 1346 00a6 01       		.uleb128 0x1
 1347 00a7 13       		.uleb128 0x13
 1348 00a8 00       		.byte	0
 1349 00a9 00       		.byte	0
 1350 00aa 0E       		.uleb128 0xe
 1351 00ab 34       		.uleb128 0x34
 1352 00ac 00       		.byte	0
 1353 00ad 03       		.uleb128 0x3
 1354 00ae 0E       		.uleb128 0xe
 1355 00af 3A       		.uleb128 0x3a
 1356 00b0 0B       		.uleb128 0xb
ARM GAS  C:\Users\kland\AppData\Local\Temp\ccQfRopx.s 			page 26


 1357 00b1 3B       		.uleb128 0x3b
 1358 00b2 0B       		.uleb128 0xb
 1359 00b3 49       		.uleb128 0x49
 1360 00b4 13       		.uleb128 0x13
 1361 00b5 02       		.uleb128 0x2
 1362 00b6 18       		.uleb128 0x18
 1363 00b7 00       		.byte	0
 1364 00b8 00       		.byte	0
 1365 00b9 0F       		.uleb128 0xf
 1366 00ba 2E       		.uleb128 0x2e
 1367 00bb 01       		.byte	0x1
 1368 00bc 3F       		.uleb128 0x3f
 1369 00bd 19       		.uleb128 0x19
 1370 00be 03       		.uleb128 0x3
 1371 00bf 0E       		.uleb128 0xe
 1372 00c0 3A       		.uleb128 0x3a
 1373 00c1 0B       		.uleb128 0xb
 1374 00c2 3B       		.uleb128 0x3b
 1375 00c3 0B       		.uleb128 0xb
 1376 00c4 27       		.uleb128 0x27
 1377 00c5 19       		.uleb128 0x19
 1378 00c6 11       		.uleb128 0x11
 1379 00c7 01       		.uleb128 0x1
 1380 00c8 12       		.uleb128 0x12
 1381 00c9 06       		.uleb128 0x6
 1382 00ca 40       		.uleb128 0x40
 1383 00cb 18       		.uleb128 0x18
 1384 00cc 9642     		.uleb128 0x2116
 1385 00ce 19       		.uleb128 0x19
 1386 00cf 01       		.uleb128 0x1
 1387 00d0 13       		.uleb128 0x13
 1388 00d1 00       		.byte	0
 1389 00d2 00       		.byte	0
 1390 00d3 10       		.uleb128 0x10
 1391 00d4 05       		.uleb128 0x5
 1392 00d5 00       		.byte	0
 1393 00d6 03       		.uleb128 0x3
 1394 00d7 0E       		.uleb128 0xe
 1395 00d8 3A       		.uleb128 0x3a
 1396 00d9 0B       		.uleb128 0xb
 1397 00da 3B       		.uleb128 0x3b
 1398 00db 0B       		.uleb128 0xb
 1399 00dc 49       		.uleb128 0x49
 1400 00dd 13       		.uleb128 0x13
 1401 00de 02       		.uleb128 0x2
 1402 00df 18       		.uleb128 0x18
 1403 00e0 00       		.byte	0
 1404 00e1 00       		.byte	0
 1405 00e2 11       		.uleb128 0x11
 1406 00e3 34       		.uleb128 0x34
 1407 00e4 00       		.byte	0
 1408 00e5 03       		.uleb128 0x3
 1409 00e6 0E       		.uleb128 0xe
 1410 00e7 3A       		.uleb128 0x3a
 1411 00e8 0B       		.uleb128 0xb
 1412 00e9 3B       		.uleb128 0x3b
 1413 00ea 05       		.uleb128 0x5
ARM GAS  C:\Users\kland\AppData\Local\Temp\ccQfRopx.s 			page 27


 1414 00eb 49       		.uleb128 0x49
 1415 00ec 13       		.uleb128 0x13
 1416 00ed 3F       		.uleb128 0x3f
 1417 00ee 19       		.uleb128 0x19
 1418 00ef 3C       		.uleb128 0x3c
 1419 00f0 19       		.uleb128 0x19
 1420 00f1 00       		.byte	0
 1421 00f2 00       		.byte	0
 1422 00f3 12       		.uleb128 0x12
 1423 00f4 34       		.uleb128 0x34
 1424 00f5 00       		.byte	0
 1425 00f6 03       		.uleb128 0x3
 1426 00f7 0E       		.uleb128 0xe
 1427 00f8 3A       		.uleb128 0x3a
 1428 00f9 0B       		.uleb128 0xb
 1429 00fa 3B       		.uleb128 0x3b
 1430 00fb 0B       		.uleb128 0xb
 1431 00fc 49       		.uleb128 0x49
 1432 00fd 13       		.uleb128 0x13
 1433 00fe 3F       		.uleb128 0x3f
 1434 00ff 19       		.uleb128 0x19
 1435 0100 02       		.uleb128 0x2
 1436 0101 18       		.uleb128 0x18
 1437 0102 00       		.byte	0
 1438 0103 00       		.byte	0
 1439 0104 13       		.uleb128 0x13
 1440 0105 21       		.uleb128 0x21
 1441 0106 00       		.byte	0
 1442 0107 49       		.uleb128 0x49
 1443 0108 13       		.uleb128 0x13
 1444 0109 2F       		.uleb128 0x2f
 1445 010a 05       		.uleb128 0x5
 1446 010b 00       		.byte	0
 1447 010c 00       		.byte	0
 1448 010d 14       		.uleb128 0x14
 1449 010e 34       		.uleb128 0x34
 1450 010f 00       		.byte	0
 1451 0110 03       		.uleb128 0x3
 1452 0111 08       		.uleb128 0x8
 1453 0112 3A       		.uleb128 0x3a
 1454 0113 0B       		.uleb128 0xb
 1455 0114 3B       		.uleb128 0x3b
 1456 0115 0B       		.uleb128 0xb
 1457 0116 49       		.uleb128 0x49
 1458 0117 13       		.uleb128 0x13
 1459 0118 3F       		.uleb128 0x3f
 1460 0119 19       		.uleb128 0x19
 1461 011a 02       		.uleb128 0x2
 1462 011b 18       		.uleb128 0x18
 1463 011c 00       		.byte	0
 1464 011d 00       		.byte	0
 1465 011e 00       		.byte	0
 1466              		.section	.debug_aranges,"",%progbits
 1467 0000 24000000 		.4byte	0x24
 1468 0004 0200     		.2byte	0x2
 1469 0006 00000000 		.4byte	.Ldebug_info0
 1470 000a 04       		.byte	0x4
ARM GAS  C:\Users\kland\AppData\Local\Temp\ccQfRopx.s 			page 28


 1471 000b 00       		.byte	0
 1472 000c 0000     		.2byte	0
 1473 000e 0000     		.2byte	0
 1474 0010 00000000 		.4byte	.LFB64
 1475 0014 04010000 		.4byte	.LFE64-.LFB64
 1476 0018 00000000 		.4byte	.LFB65
 1477 001c 1C000000 		.4byte	.LFE65-.LFB65
 1478 0020 00000000 		.4byte	0
 1479 0024 00000000 		.4byte	0
 1480              		.section	.debug_ranges,"",%progbits
 1481              	.Ldebug_ranges0:
 1482 0000 00000000 		.4byte	.LFB64
 1483 0004 04010000 		.4byte	.LFE64
 1484 0008 00000000 		.4byte	.LFB65
 1485 000c 1C000000 		.4byte	.LFE65
 1486 0010 00000000 		.4byte	0
 1487 0014 00000000 		.4byte	0
 1488              		.section	.debug_line,"",%progbits
 1489              	.Ldebug_line0:
 1490 0000 F4010000 		.section	.debug_str,"MS",%progbits,1
 1490      0200B901 
 1490      00000201 
 1490      FB0E0D00 
 1490      01010101 
 1491              	.LASF81:
 1492 0000 76616C76 		.ascii	"valve_enabled\000"
 1492      655F656E 
 1492      61626C65 
 1492      6400
 1493              	.LASF25:
 1494 000e 6D6F6465 		.ascii	"model_id\000"
 1494      6C5F6964 
 1494      00
 1495              	.LASF24:
 1496 0017 73696D5F 		.ascii	"sim_id\000"
 1496      696400
 1497              	.LASF46:
 1498 001e 536F6E74 		.ascii	"Sontek_freq\000"
 1498      656B5F66 
 1498      72657100 
 1499              	.LASF15:
 1500 002a 666C6F61 		.ascii	"float32\000"
 1500      74333200 
 1501              	.LASF50:
 1502 0032 63757272 		.ascii	"currentCountDownValue\000"
 1502      656E7443 
 1502      6F756E74 
 1502      446F776E 
 1502      56616C75 
 1503              	.LASF49:
 1504 0048 636F756E 		.ascii	"countDownValue\000"
 1504      74446F77 
 1504      6E56616C 
 1504      756500
 1505              	.LASF2:
 1506 0057 73686F72 		.ascii	"short int\000"
 1506      7420696E 
ARM GAS  C:\Users\kland\AppData\Local\Temp\ccQfRopx.s 			page 29


 1506      7400
 1507              	.LASF20:
 1508 0061 73697A65 		.ascii	"sizetype\000"
 1508      74797065 
 1508      00
 1509              	.LASF61:
 1510 006a 4C45445F 		.ascii	"LED_State\000"
 1510      53746174 
 1510      6500
 1511              	.LASF57:
 1512 0074 65705F68 		.ascii	"ep_host\000"
 1512      6F737400 
 1513              	.LASF31:
 1514 007c 72737271 		.ascii	"rsrq\000"
 1514      00
 1515              	.LASF109:
 1516 0081 474E5520 		.ascii	"GNU C11 5.4.1 20160609 (release) [ARM/embedded-5-br"
 1516      43313120 
 1516      352E342E 
 1516      31203230 
 1516      31363036 
 1517 00b4 616E6368 		.ascii	"anch revision 237715] -mcpu=cortex-m3 -mthumb -g -O"
 1517      20726576 
 1517      6973696F 
 1517      6E203233 
 1517      37373135 
 1518 00e7 30202D66 		.ascii	"0 -ffunction-sections -ffat-lto-objects\000"
 1518      66756E63 
 1518      74696F6E 
 1518      2D736563 
 1518      74696F6E 
 1519              	.LASF19:
 1520 010f 6C6F6E67 		.ascii	"long double\000"
 1520      20646F75 
 1520      626C6500 
 1521              	.LASF41:
 1522 011b 4170705F 		.ascii	"App_LED_freq\000"
 1522      4C45445F 
 1522      66726571 
 1522      00
 1523              	.LASF44:
 1524 0128 56616C76 		.ascii	"Valve_freq\000"
 1524      655F6672 
 1524      657100
 1525              	.LASF55:
 1526 0133 63686970 		.ascii	"chip_uniqueId\000"
 1526      5F756E69 
 1526      71756549 
 1526      6400
 1527              	.LASF112:
 1528 0141 6D657373 		.ascii	"message\000"
 1528      61676500 
 1529              	.LASF30:
 1530 0149 65636E6F 		.ascii	"ecno\000"
 1530      00
 1531              	.LASF97:
 1532 014e 616C6172 		.ascii	"alarmAppLED\000"
ARM GAS  C:\Users\kland\AppData\Local\Temp\ccQfRopx.s 			page 30


 1532      6D417070 
 1532      4C454400 
 1533              	.LASF21:
 1534 015a 76616C75 		.ascii	"value\000"
 1534      6500
 1535              	.LASF82:
 1536 0160 76616C76 		.ascii	"valve_inbox\000"
 1536      655F696E 
 1536      626F7800 
 1537              	.LASF12:
 1538 016c 75696E74 		.ascii	"uint16\000"
 1538      313600
 1539              	.LASF101:
 1540 0173 616C6172 		.ascii	"alarmDownstreamLevelSensor\000"
 1540      6D446F77 
 1540      6E737472 
 1540      65616D4C 
 1540      6576656C 
 1541              	.LASF80:
 1542 018e 76616C76 		.ascii	"valve_type\000"
 1542      655F7479 
 1542      706500
 1543              	.LASF68:
 1544 0199 64617461 		.ascii	"dataPointsInStack\000"
 1544      506F696E 
 1544      7473496E 
 1544      53746163 
 1544      6B00
 1545              	.LASF11:
 1546 01ab 75696E74 		.ascii	"uint8\000"
 1546      3800
 1547              	.LASF104:
 1548 01b1 74696D65 		.ascii	"timeToValve\000"
 1548      546F5661 
 1548      6C766500 
 1549              	.LASF60:
 1550 01bd 636F6D70 		.ascii	"compare_location\000"
 1550      6172655F 
 1550      6C6F6361 
 1550      74696F6E 
 1550      00
 1551              	.LASF29:
 1552 01ce 72736370 		.ascii	"rscp\000"
 1552      00
 1553              	.LASF13:
 1554 01d3 696E7431 		.ascii	"int16\000"
 1554      3600
 1555              	.LASF22:
 1556 01d9 74696D65 		.ascii	"timeStamp\000"
 1556      5374616D 
 1556      7000
 1557              	.LASF105:
 1558 01e3 616C6172 		.ascii	"alarmAutosampler\000"
 1558      6D417574 
 1558      6F73616D 
 1558      706C6572 
 1558      00
ARM GAS  C:\Users\kland\AppData\Local\Temp\ccQfRopx.s 			page 31


 1559              	.LASF69:
 1560 01f4 64617461 		.ascii	"dataPointsInStackDesired\000"
 1560      506F696E 
 1560      7473496E 
 1560      53746163 
 1560      6B446573 
 1561              	.LASF16:
 1562 020d 666C6F61 		.ascii	"float\000"
 1562      7400
 1563              	.LASF65:
 1564 0213 4170705F 		.ascii	"App_LED_Update\000"
 1564      4C45445F 
 1564      55706461 
 1564      746500
 1565              	.LASF78:
 1566 0222 6C657665 		.ascii	"level_sensor_enabled\000"
 1566      6C5F7365 
 1566      6E736F72 
 1566      5F656E61 
 1566      626C6564 
 1567              	.LASF6:
 1568 0237 6C6F6E67 		.ascii	"long long int\000"
 1568      206C6F6E 
 1568      6720696E 
 1568      7400
 1569              	.LASF18:
 1570 0245 63686172 		.ascii	"char\000"
 1570      00
 1571              	.LASF4:
 1572 024a 6C6F6E67 		.ascii	"long int\000"
 1572      20696E74 
 1572      00
 1573              	.LASF67:
 1574 0253 62756666 		.ascii	"buffer_overflow\000"
 1574      65725F6F 
 1574      76657266 
 1574      6C6F7700 
 1575              	.LASF54:
 1576 0263 6D6F6465 		.ascii	"modem_info\000"
 1576      6D5F696E 
 1576      666F00
 1577              	.LASF92:
 1578 026e 616C6172 		.ascii	"alarmMeasure\000"
 1578      6D4D6561 
 1578      73757265 
 1578      00
 1579              	.LASF106:
 1580 027b 74696D65 		.ascii	"timeToAutosampler\000"
 1580      546F4175 
 1580      746F7361 
 1580      6D706C65 
 1580      7200
 1581              	.LASF110:
 1582 028d 4170705F 		.ascii	"App_LED.c\000"
 1582      4C45442E 
 1582      6300
 1583              	.LASF53:
ARM GAS  C:\Users\kland\AppData\Local\Temp\ccQfRopx.s 			page 32


 1584 0297 616C6172 		.ascii	"alarm\000"
 1584      6D00
 1585              	.LASF38:
 1586 029d 6D656173 		.ascii	"measure_time\000"
 1586      7572655F 
 1586      74696D65 
 1586      00
 1587              	.LASF42:
 1588 02aa 4C657665 		.ascii	"Level_Sensor_freq\000"
 1588      6C5F5365 
 1588      6E736F72 
 1588      5F667265 
 1588      7100
 1589              	.LASF94:
 1590 02bc 616C6172 		.ascii	"alarmSync\000"
 1590      6D53796E 
 1590      6300
 1591              	.LASF86:
 1592 02c6 536F6E74 		.ascii	"Sontek_inbox\000"
 1592      656B5F69 
 1592      6E626F78 
 1592      00
 1593              	.LASF76:
 1594 02d3 6170705F 		.ascii	"app_led_inbox\000"
 1594      6C65645F 
 1594      696E626F 
 1594      7800
 1595              	.LASF102:
 1596 02e1 74696D65 		.ascii	"timeToDownstreamLevelSensor\000"
 1596      546F446F 
 1596      776E7374 
 1596      7265616D 
 1596      4C657665 
 1597              	.LASF1:
 1598 02fd 756E7369 		.ascii	"unsigned char\000"
 1598      676E6564 
 1598      20636861 
 1598      7200
 1599              	.LASF111:
 1600 030b 433A5C55 		.ascii	"C:\\Users\\kland\\OneDrive\\Documents\\GitHub\\noto"
 1600      73657273 
 1600      5C6B6C61 
 1600      6E645C4F 
 1600      6E654472 
 1601 0338 72694F53 		.ascii	"riOS\\notoriOS.cydsn\000"
 1601      5C6E6F74 
 1601      6F72694F 
 1601      532E6379 
 1601      64736E00 
 1602              	.LASF32:
 1603 034c 72737270 		.ascii	"rsrp\000"
 1603      00
 1604              	.LASF72:
 1605 0351 6D6F6465 		.ascii	"modem_start_time_stamp\000"
 1605      6D5F7374 
 1605      6172745F 
 1605      74696D65 
ARM GAS  C:\Users\kland\AppData\Local\Temp\ccQfRopx.s 			page 33


 1605      5F737461 
 1606              	.LASF71:
 1607 0368 6D6F6465 		.ascii	"modem_state\000"
 1607      6D5F7374 
 1607      61746500 
 1608              	.LASF0:
 1609 0374 7369676E 		.ascii	"signed char\000"
 1609      65642063 
 1609      68617200 
 1610              	.LASF43:
 1611 0380 446F776E 		.ascii	"Downstream_Level_Sensor_freq\000"
 1611      73747265 
 1611      616D5F4C 
 1611      6576656C 
 1611      5F53656E 
 1612              	.LASF7:
 1613 039d 6C6F6E67 		.ascii	"long long unsigned int\000"
 1613      206C6F6E 
 1613      6720756E 
 1613      7369676E 
 1613      65642069 
 1614              	.LASF91:
 1615 03b4 73797374 		.ascii	"system_settings\000"
 1615      656D5F73 
 1615      65747469 
 1615      6E677300 
 1616              	.LASF8:
 1617 03c4 756E7369 		.ascii	"unsigned int\000"
 1617      676E6564 
 1617      20696E74 
 1617      00
 1618              	.LASF23:
 1619 03d1 6B65795F 		.ascii	"key_value_t\000"
 1619      76616C75 
 1619      655F7400 
 1620              	.LASF83:
 1621 03dd 6175746F 		.ascii	"autosampler_enabled\000"
 1621      73616D70 
 1621      6C65725F 
 1621      656E6162 
 1621      6C656400 
 1622              	.LASF39:
 1623 03f1 73796E63 		.ascii	"sync_time\000"
 1623      5F74696D 
 1623      6500
 1624              	.LASF73:
 1625 03fb 6D6F6465 		.ascii	"modem_stats\000"
 1625      6D5F7374 
 1625      61747300 
 1626              	.LASF93:
 1627 0407 74696D65 		.ascii	"timeToMeasure\000"
 1627      546F4D65 
 1627      61737572 
 1627      6500
 1628              	.LASF48:
 1629 0415 75706461 		.ascii	"updatable_parameters_t\000"
 1629      7461626C 
ARM GAS  C:\Users\kland\AppData\Local\Temp\ccQfRopx.s 			page 34


 1629      655F7061 
 1629      72616D65 
 1629      74657273 
 1630              	.LASF28:
 1631 042c 72786C65 		.ascii	"rxlev\000"
 1631      7600
 1632              	.LASF37:
 1633 0432 73696D5F 		.ascii	"sim_type\000"
 1633      74797065 
 1633      00
 1634              	.LASF56:
 1635 043b 7379735F 		.ascii	"sys_info_t\000"
 1635      696E666F 
 1635      5F7400
 1636              	.LASF3:
 1637 0446 73686F72 		.ascii	"short unsigned int\000"
 1637      7420756E 
 1637      7369676E 
 1637      65642069 
 1637      6E7400
 1638              	.LASF33:
 1639 0459 74696D65 		.ascii	"time_to_network_connect\000"
 1639      5F746F5F 
 1639      6E657477 
 1639      6F726B5F 
 1639      636F6E6E 
 1640              	.LASF77:
 1641 0471 6C657665 		.ascii	"level_sensor_inbox\000"
 1641      6C5F7365 
 1641      6E736F72 
 1641      5F696E62 
 1641      6F7800
 1642              	.LASF79:
 1643 0484 76616C76 		.ascii	"valve_diameter\000"
 1643      655F6469 
 1643      616D6574 
 1643      657200
 1644              	.LASF90:
 1645 0493 73797374 		.ascii	"system_info\000"
 1645      656D5F69 
 1645      6E666F00 
 1646              	.LASF34:
 1647 049f 74696D65 		.ascii	"time_to_acquire_ip\000"
 1647      5F746F5F 
 1647      61637175 
 1647      6972655F 
 1647      697000
 1648              	.LASF26:
 1649 04b2 696D6569 		.ascii	"imei\000"
 1649      00
 1650              	.LASF10:
 1651 04b7 696E7433 		.ascii	"int32_t\000"
 1651      325F7400 
 1652              	.LASF35:
 1653 04bf 6D6F6465 		.ascii	"modem_stats_t\000"
 1653      6D5F7374 
 1653      6174735F 
ARM GAS  C:\Users\kland\AppData\Local\Temp\ccQfRopx.s 			page 35


 1653      7400
 1654              	.LASF47:
 1655 04cd 5F426F6F 		.ascii	"_Bool\000"
 1655      6C00
 1656              	.LASF96:
 1657 04d3 74696D65 		.ascii	"timeToSycnRemoteParams\000"
 1657      546F5379 
 1657      636E5265 
 1657      6D6F7465 
 1657      50617261 
 1658              	.LASF70:
 1659 04ea 64617461 		.ascii	"data\000"
 1659      00
 1660              	.LASF59:
 1661 04ef 7379735F 		.ascii	"sys_settings_t\000"
 1661      73657474 
 1661      696E6773 
 1661      5F7400
 1662              	.LASF103:
 1663 04fe 616C6172 		.ascii	"alarmValve\000"
 1663      6D56616C 
 1663      766500
 1664              	.LASF89:
 1665 0509 68747470 		.ascii	"http_route\000"
 1665      5F726F75 
 1665      746500
 1666              	.LASF63:
 1667 0514 6E6F7469 		.ascii	"notification\000"
 1667      66696361 
 1667      74696F6E 
 1667      00
 1668              	.LASF62:
 1669 0521 635F4C45 		.ascii	"c_LED_State\000"
 1669      445F5374 
 1669      61746500 
 1670              	.LASF5:
 1671 052d 6C6F6E67 		.ascii	"long unsigned int\000"
 1671      20756E73 
 1671      69676E65 
 1671      6420696E 
 1671      7400
 1672              	.LASF14:
 1673 053f 696E7433 		.ascii	"int32\000"
 1673      3200
 1674              	.LASF17:
 1675 0545 646F7562 		.ascii	"double\000"
 1675      6C6500
 1676              	.LASF107:
 1677 054c 616C6172 		.ascii	"alarmSontek\000"
 1677      6D536F6E 
 1677      74656B00 
 1678              	.LASF66:
 1679 0558 49544D5F 		.ascii	"ITM_RxBuffer\000"
 1679      52784275 
 1679      66666572 
 1679      00
 1680              	.LASF99:
ARM GAS  C:\Users\kland\AppData\Local\Temp\ccQfRopx.s 			page 36


 1681 0565 616C6172 		.ascii	"alarmLevelSensor\000"
 1681      6D4C6576 
 1681      656C5365 
 1681      6E736F72 
 1681      00
 1682              	.LASF64:
 1683 0576 4170705F 		.ascii	"App_LED\000"
 1683      4C454400 
 1684              	.LASF40:
 1685 057e 64656275 		.ascii	"debug_level\000"
 1685      675F6C65 
 1685      76656C00 
 1686              	.LASF27:
 1687 058a 6D6F6465 		.ascii	"modem_info_t\000"
 1687      6D5F696E 
 1687      666F5F74 
 1687      00
 1688              	.LASF51:
 1689 0597 636F756E 		.ascii	"countDownType\000"
 1689      74446F77 
 1689      6E547970 
 1689      6500
 1690              	.LASF9:
 1691 05a5 5F5F696E 		.ascii	"__int32_t\000"
 1691      7433325F 
 1691      7400
 1692              	.LASF98:
 1693 05af 74696D65 		.ascii	"timeToAppLED\000"
 1693      546F4170 
 1693      704C4544 
 1693      00
 1694              	.LASF45:
 1695 05bc 4175746F 		.ascii	"Autosampler_freq\000"
 1695      73616D70 
 1695      6C65725F 
 1695      66726571 
 1695      00
 1696              	.LASF100:
 1697 05cd 74696D65 		.ascii	"timeToLevelSensor\000"
 1697      546F4C65 
 1697      76656C53 
 1697      656E736F 
 1697      7200
 1698              	.LASF85:
 1699 05df 736F6E74 		.ascii	"sontek_enabled\000"
 1699      656B5F65 
 1699      6E61626C 
 1699      656400
 1700              	.LASF52:
 1701 05ee 636F756E 		.ascii	"countDownResetCondition\000"
 1701      74446F77 
 1701      6E526573 
 1701      6574436F 
 1701      6E646974 
 1702              	.LASF74:
 1703 0606 75706461 		.ascii	"updatable_parameters\000"
 1703      7461626C 
ARM GAS  C:\Users\kland\AppData\Local\Temp\ccQfRopx.s 			page 37


 1703      655F7061 
 1703      72616D65 
 1703      74657273 
 1704              	.LASF58:
 1705 061b 65705F70 		.ascii	"ep_port\000"
 1705      6F727400 
 1706              	.LASF108:
 1707 0623 74696D65 		.ascii	"timeToSontek\000"
 1707      546F536F 
 1707      6E74656B 
 1707      00
 1708              	.LASF88:
 1709 0630 68747470 		.ascii	"http_body\000"
 1709      5F626F64 
 1709      7900
 1710              	.LASF84:
 1711 063a 6175746F 		.ascii	"autosampler_inbox\000"
 1711      73616D70 
 1711      6C65725F 
 1711      696E626F 
 1711      7800
 1712              	.LASF36:
 1713 064c 6E6F6465 		.ascii	"node_type\000"
 1713      5F747970 
 1713      6500
 1714              	.LASF75:
 1715 0656 4170705F 		.ascii	"App_LED_enabled\000"
 1715      4C45445F 
 1715      656E6162 
 1715      6C656400 
 1716              	.LASF87:
 1717 0666 68747470 		.ascii	"http_request\000"
 1717      5F726571 
 1717      75657374 
 1717      00
 1718              	.LASF95:
 1719 0673 74696D65 		.ascii	"timeToSync\000"
 1719      546F5379 
 1719      6E6300
 1720              		.ident	"GCC: (GNU Tools for ARM Embedded Processors) 5.4.1 20160609 (release) [ARM/embedded-5-bran
