ARM GAS  C:\Users\kland\AppData\Local\Temp\ccffyJxe.s 			page 1


   1              		.syntax unified
   2              		.cpu cortex-m3
   3              		.fpu softvfp
   4              		.eabi_attribute 20, 1
   5              		.eabi_attribute 21, 1
   6              		.eabi_attribute 23, 3
   7              		.eabi_attribute 24, 1
   8              		.eabi_attribute 25, 1
   9              		.eabi_attribute 26, 1
  10              		.eabi_attribute 30, 6
  11              		.eabi_attribute 34, 1
  12              		.eabi_attribute 18, 4
  13              		.thumb
  14              		.syntax unified
  15              		.file	"influx.c"
  16              		.text
  17              	.Ltext0:
  18              		.cfi_sections	.debug_frame
  19              		.comm	modem_state,1,1
  20              		.comm	modem_start_time_stamp,4,4
  21              		.comm	modem_info,60,4
  22              		.comm	modem_stats,32,4
  23              		.comm	updatable_parameters,11,4
  24              		.syntax unified
  25              		.global _printf_float
  26              		.thumb
  27              		.syntax unified
  28              		.comm	buffer_overflow,1,1
  29              		.comm	dataPointsInStack,2,2
  30              		.comm	dataPointsInStackDesired,2,2
  31              		.comm	data,6600,4
  32              		.comm	App_LED_enabled,1,1
  33              		.comm	app_led_inbox,100,4
  34              		.comm	level_sensor_inbox,100,4
  35              		.comm	level_sensor_enabled,1,1
  36              		.comm	valve_diameter,4,4
  37              		.comm	valve_type,10,4
  38              		.comm	valve_enabled,1,1
  39              		.comm	valve_inbox,100,4
  40              		.comm	autosampler_enabled,1,1
  41              		.comm	autosampler_inbox,100,4
  42              		.comm	sontek_enabled,1,1
  43              		.comm	Sontek_inbox,100,4
  44              		.comm	http_request,10000,4
  45              		.comm	http_body,10000,4
  46              		.comm	http_route,200,4
  47              		.comm	system_info,28,4
  48              		.comm	system_settings,104,4
  49              		.comm	alarmMeasure,6,4
  50              		.comm	timeToMeasure,1,1
  51              		.comm	alarmSync,6,4
  52              		.comm	timeToSync,1,1
  53              		.comm	timeToSycnRemoteParams,1,1
  54              		.comm	hey,1,1
  55              		.comm	alarmAppLED,6,4
  56              		.comm	timeToAppLED,1,1
  57              		.comm	alarmLevelSensor,6,4
ARM GAS  C:\Users\kland\AppData\Local\Temp\ccffyJxe.s 			page 2


  58              		.comm	timeToLevelSensor,1,1
  59              		.comm	alarmDownstreamLevelSensor,6,4
  60              		.comm	timeToDownstreamLevelSensor,1,1
  61              		.comm	alarmValve,6,4
  62              		.comm	timeToValve,1,1
  63              		.comm	alarmAutosampler,6,4
  64              		.comm	timeToAutosampler,1,1
  65              		.comm	alarmSontek,6,4
  66              		.comm	timeToSontek,1,1
  67              		.section	.rodata
  68              		.align	2
  69              	.LC0:
  70 0000 25732573 		.ascii	"%s%s,node_id=%s value=%s %ld000000000\012\000"
  70      2C6E6F64 
  70      655F6964 
  70      3D257320 
  70      76616C75 
  71              		.section	.text.construct_influx_write_body,"ax",%progbits
  72              		.align	2
  73              		.global	construct_influx_write_body
  74              		.thumb
  75              		.thumb_func
  76              		.type	construct_influx_write_body, %function
  77              	construct_influx_write_body:
  78              	.LFB64:
  79              		.file 1 "influx.c"
   1:influx.c      **** #include "influx.h"  
   2:influx.c      **** #include "notoriOS.h"
   3:influx.c      ****                         
   4:influx.c      **** // Prepare data from data wheel to send to influx
   5:influx.c      **** unsigned int construct_influx_write_body(char* body, char *node_id){
  80              		.loc 1 5 0
  81              		.cfi_startproc
  82              		@ args = 0, pretend = 0, frame = 16
  83              		@ frame_needed = 1, uses_anonymous_args = 0
  84 0000 90B5     		push	{r4, r7, lr}
  85              		.cfi_def_cfa_offset 12
  86              		.cfi_offset 4, -12
  87              		.cfi_offset 7, -8
  88              		.cfi_offset 14, -4
  89 0002 89B0     		sub	sp, sp, #36
  90              		.cfi_def_cfa_offset 48
  91 0004 04AF     		add	r7, sp, #16
  92              		.cfi_def_cfa 7, 32
  93 0006 7860     		str	r0, [r7, #4]
  94 0008 3960     		str	r1, [r7]
   6:influx.c      ****    
   7:influx.c      ****     body[0] = '\0'; // Set the array variable body to be 0
  95              		.loc 1 7 0
  96 000a 7B68     		ldr	r3, [r7, #4]
  97 000c 0022     		movs	r2, #0
  98 000e 1A70     		strb	r2, [r3]
  99              	.LBB2:
   8:influx.c      ****  
   9:influx.c      ****     // Get data from the data stack and put into http body to send to influx
  10:influx.c      ****     for(uint16 i = 0;i<sizeOfDataStack();i++){
 100              		.loc 1 10 0
ARM GAS  C:\Users\kland\AppData\Local\Temp\ccffyJxe.s 			page 3


 101 0010 0023     		movs	r3, #0
 102 0012 FB81     		strh	r3, [r7, #14]	@ movhi
 103 0014 24E0     		b	.L2
 104              	.L3:
  11:influx.c      ****         // Note that influx uses a timestamp in nano-seconds, so we have to add 9 zeros
  12:influx.c      ****         snprintf(body,sizeof(http_body), "%s%s,node_id=%s value=%s %ld000000000\n", body, data[i].k
 105              		.loc 1 12 0 discriminator 3
 106 0016 FB89     		ldrh	r3, [r7, #14]
 107 0018 2C22     		movs	r2, #44
 108 001a 02FB03F3 		mul	r3, r2, r3
 109 001e 184A     		ldr	r2, .L5
 110 0020 1344     		add	r3, r3, r2
 111 0022 FA89     		ldrh	r2, [r7, #14]
 112 0024 2C21     		movs	r1, #44
 113 0026 01FB02F2 		mul	r2, r1, r2
 114 002a 1032     		adds	r2, r2, #16
 115 002c 1449     		ldr	r1, .L5
 116 002e 0A44     		add	r2, r2, r1
 117 0030 0432     		adds	r2, r2, #4
 118 0032 F989     		ldrh	r1, [r7, #14]
 119 0034 1248     		ldr	r0, .L5
 120 0036 2C24     		movs	r4, #44
 121 0038 04FB01F1 		mul	r1, r4, r1
 122 003c 0144     		add	r1, r1, r0
 123 003e 2831     		adds	r1, r1, #40
 124 0040 0968     		ldr	r1, [r1]
 125 0042 0391     		str	r1, [sp, #12]
 126 0044 0292     		str	r2, [sp, #8]
 127 0046 3A68     		ldr	r2, [r7]
 128 0048 0192     		str	r2, [sp, #4]
 129 004a 0093     		str	r3, [sp]
 130 004c 7B68     		ldr	r3, [r7, #4]
 131 004e 0D4A     		ldr	r2, .L5+4
 132 0050 42F21071 		movw	r1, #10000
 133 0054 7868     		ldr	r0, [r7, #4]
 134 0056 FFF7FEFF 		bl	snprintf
  10:influx.c      ****         // Note that influx uses a timestamp in nano-seconds, so we have to add 9 zeros
 135              		.loc 1 10 0 discriminator 3
 136 005a FB89     		ldrh	r3, [r7, #14]
 137 005c 0133     		adds	r3, r3, #1
 138 005e FB81     		strh	r3, [r7, #14]	@ movhi
 139              	.L2:
  10:influx.c      ****         // Note that influx uses a timestamp in nano-seconds, so we have to add 9 zeros
 140              		.loc 1 10 0 is_stmt 0 discriminator 1
 141 0060 FFF7FEFF 		bl	sizeOfDataStack
 142 0064 0346     		mov	r3, r0
 143 0066 1A46     		mov	r2, r3
 144 0068 FB89     		ldrh	r3, [r7, #14]
 145 006a 9342     		cmp	r3, r2
 146 006c D3D3     		bcc	.L3
 147              	.LBE2:
  13:influx.c      ****     }
  14:influx.c      ****     
  15:influx.c      ****     // The strlen() function calculates the length of a given string. The strlen() function takes a
  16:influx.c      ****     unsigned int request_len = strlen(body);
 148              		.loc 1 16 0 is_stmt 1
 149 006e 7868     		ldr	r0, [r7, #4]
ARM GAS  C:\Users\kland\AppData\Local\Temp\ccffyJxe.s 			page 4


 150 0070 FFF7FEFF 		bl	strlen
 151 0074 B860     		str	r0, [r7, #8]
  17:influx.c      ****    
  18:influx.c      **** 
  19:influx.c      ****     return request_len;
 152              		.loc 1 19 0
 153 0076 BB68     		ldr	r3, [r7, #8]
  20:influx.c      **** }
 154              		.loc 1 20 0
 155 0078 1846     		mov	r0, r3
 156 007a 1437     		adds	r7, r7, #20
 157              		.cfi_def_cfa_offset 12
 158 007c BD46     		mov	sp, r7
 159              		.cfi_def_cfa_register 13
 160              		@ sp needed
 161 007e 90BD     		pop	{r4, r7, pc}
 162              	.L6:
 163              		.align	2
 164              	.L5:
 165 0080 00000000 		.word	data
 166 0084 00000000 		.word	.LC0
 167              		.cfi_endproc
 168              	.LFE64:
 169              		.size	construct_influx_write_body, .-construct_influx_write_body
 170              		.section	.rodata
 171 0027 00       		.align	2
 172              	.LC1:
 173 0028 25732573 		.ascii	"%s%s?u=%s&p=%s&db=%s\000"
 173      3F753D25 
 173      7326703D 
 173      25732664 
 173      623D2573 
 174              		.section	.text.construct_influx_route,"ax",%progbits
 175              		.align	2
 176              		.global	construct_influx_route
 177              		.thumb
 178              		.thumb_func
 179              		.type	construct_influx_route, %function
 180              	construct_influx_route:
 181              	.LFB65:
  21:influx.c      **** 
  22:influx.c      **** // Create the route to connect to the influx database
  23:influx.c      **** void construct_influx_route(char* route, char* base, char* user, char* pass, char* database){
 182              		.loc 1 23 0
 183              		.cfi_startproc
 184              		@ args = 4, pretend = 0, frame = 16
 185              		@ frame_needed = 1, uses_anonymous_args = 0
 186 0000 80B5     		push	{r7, lr}
 187              		.cfi_def_cfa_offset 8
 188              		.cfi_offset 7, -8
 189              		.cfi_offset 14, -4
 190 0002 88B0     		sub	sp, sp, #32
 191              		.cfi_def_cfa_offset 40
 192 0004 04AF     		add	r7, sp, #16
 193              		.cfi_def_cfa 7, 24
 194 0006 F860     		str	r0, [r7, #12]
 195 0008 B960     		str	r1, [r7, #8]
ARM GAS  C:\Users\kland\AppData\Local\Temp\ccffyJxe.s 			page 5


 196 000a 7A60     		str	r2, [r7, #4]
 197 000c 3B60     		str	r3, [r7]
  24:influx.c      ****     // Detting a string to \0 is an easy way to set the string to be 0 because \0 denotes the end o
  25:influx.c      ****     route[0] = '\0';
 198              		.loc 1 25 0
 199 000e FB68     		ldr	r3, [r7, #12]
 200 0010 0022     		movs	r2, #0
 201 0012 1A70     		strb	r2, [r3]
  26:influx.c      ****     snprintf(route,sizeof(http_route), "%s%s?u=%s&p=%s&db=%s", route, base, user, pass, database); 
 202              		.loc 1 26 0
 203 0014 BB69     		ldr	r3, [r7, #24]
 204 0016 0393     		str	r3, [sp, #12]
 205 0018 3B68     		ldr	r3, [r7]
 206 001a 0293     		str	r3, [sp, #8]
 207 001c 7B68     		ldr	r3, [r7, #4]
 208 001e 0193     		str	r3, [sp, #4]
 209 0020 BB68     		ldr	r3, [r7, #8]
 210 0022 0093     		str	r3, [sp]
 211 0024 FB68     		ldr	r3, [r7, #12]
 212 0026 044A     		ldr	r2, .L8
 213 0028 C821     		movs	r1, #200
 214 002a F868     		ldr	r0, [r7, #12]
 215 002c FFF7FEFF 		bl	snprintf
  27:influx.c      **** }
 216              		.loc 1 27 0
 217 0030 00BF     		nop
 218 0032 1037     		adds	r7, r7, #16
 219              		.cfi_def_cfa_offset 8
 220 0034 BD46     		mov	sp, r7
 221              		.cfi_def_cfa_register 13
 222              		@ sp needed
 223 0036 80BD     		pop	{r7, pc}
 224              	.L9:
 225              		.align	2
 226              	.L8:
 227 0038 28000000 		.word	.LC1
 228              		.cfi_endproc
 229              	.LFE65:
 230              		.size	construct_influx_route, .-construct_influx_route
 231              		.section	.rodata
 232 003d 000000   		.align	2
 233              	.LC2:
 234 0040 494E464C 		.ascii	"INFLUX\000"
 234      555800
 235 0047 00       		.align	2
 236              	.LC3:
 237 0048 74657374 		.ascii	"test_reading_1,node_id=XYZ10, value=000 12345\012te"
 237      5F726561 
 237      64696E67 
 237      5F312C6E 
 237      6F64655F 
 238 0078 73745F72 		.ascii	"st_reading_2,node_id=XYZ10, value=111 67890\015\012"
 238      65616469 
 238      6E675F32 
 238      2C6E6F64 
 238      655F6964 
 239 00a5 00       		.ascii	"\000"
ARM GAS  C:\Users\kland\AppData\Local\Temp\ccffyJxe.s 			page 6


 240 00a6 0000     		.align	2
 241              	.LC4:
 242 00a8 30303000 		.ascii	"000\000"
 243              		.align	2
 244              	.LC5:
 245 00ac 74657374 		.ascii	"test_reading_1\000"
 245      5F726561 
 245      64696E67 
 245      5F3100
 246 00bb 00       		.align	2
 247              	.LC6:
 248 00bc 31313100 		.ascii	"111\000"
 249              		.align	2
 250              	.LC7:
 251 00c0 74657374 		.ascii	"test_reading_2\000"
 251      5F726561 
 251      64696E67 
 251      5F3200
 252 00cf 00       		.align	2
 253              	.LC8:
 254 00d0 58595A31 		.ascii	"XYZ10\000"
 254      3000
 255 00d6 0000     		.align	2
 256              	.LC9:
 257 00d8 496E666C 		.ascii	"Influx body generated correctly.\000"
 257      75782062 
 257      6F647920 
 257      67656E65 
 257      72617465 
 258 00f9 000000   		.align	2
 259              	.LC10:
 260 00fc 496E666C 		.ascii	"Influx body could not be generated correctly.\000"
 260      75782062 
 260      6F647920 
 260      636F756C 
 260      64206E6F 
 261              		.section	.text.influx_test,"ax",%progbits
 262              		.align	2
 263              		.global	influx_test
 264              		.thumb
 265              		.thumb_func
 266              		.type	influx_test, %function
 267              	influx_test:
 268              	.LFB66:
  28:influx.c      **** 
  29:influx.c      **** // Test the influx server
  30:influx.c      **** test_t influx_test(){
 269              		.loc 1 30 0
 270              		.cfi_startproc
 271              		@ args = 0, pretend = 0, frame = 608
 272              		@ frame_needed = 1, uses_anonymous_args = 0
 273 0000 F0B5     		push	{r4, r5, r6, r7, lr}
 274              		.cfi_def_cfa_offset 20
 275              		.cfi_offset 4, -20
 276              		.cfi_offset 5, -16
 277              		.cfi_offset 6, -12
 278              		.cfi_offset 7, -8
ARM GAS  C:\Users\kland\AppData\Local\Temp\ccffyJxe.s 			page 7


 279              		.cfi_offset 14, -4
 280 0002 ADF5197D 		sub	sp, sp, #612
 281              		.cfi_def_cfa_offset 632
 282 0006 00AF     		add	r7, sp, #0
 283              		.cfi_def_cfa_register 7
 284 0008 3B1D     		adds	r3, r7, #4
 285 000a 1860     		str	r0, [r3]
  31:influx.c      ****     test_t test; // Create variable test of data structure test_t
  32:influx.c      ****     test.status = 0u;
 286              		.loc 1 32 0
 287 000c 07F1D403 		add	r3, r7, #212
 288 0010 0022     		movs	r2, #0
 289 0012 83F88020 		strb	r2, [r3, #128]
  33:influx.c      ****     snprintf(test.test_name,sizeof(test.test_name),"INFLUX");
 290              		.loc 1 33 0
 291 0016 07F1D403 		add	r3, r7, #212
 292 001a 3C4A     		ldr	r2, .L16
 293 001c 92E80300 		ldmia	r2, {r0, r1}
 294 0020 1860     		str	r0, [r3]
 295 0022 0433     		adds	r3, r3, #4
 296 0024 1980     		strh	r1, [r3]	@ movhi
 297 0026 0233     		adds	r3, r3, #2
 298 0028 0A0C     		lsrs	r2, r1, #16
 299 002a 1A70     		strb	r2, [r3]
  34:influx.c      ****     
  35:influx.c      ****     //we'll create a few fake test, generate a string and compare it to a known value
  36:influx.c      ****     char *expected_string = "test_reading_1,node_id=XYZ10, value=000 12345\ntest_reading_2,node_id=
 300              		.loc 1 36 0
 301 002c 384B     		ldr	r3, .L16+4
 302 002e C7F85C32 		str	r3, [r7, #604]
  37:influx.c      ****     
  38:influx.c      ****     Clear_Data_Stack();
 303              		.loc 1 38 0
 304 0032 FFF7FEFF 		bl	Clear_Data_Stack
  39:influx.c      ****     pushData("test_reading_1", "000", 12345);
 305              		.loc 1 39 0
 306 0036 43F23902 		movw	r2, #12345
 307 003a 3649     		ldr	r1, .L16+8
 308 003c 3648     		ldr	r0, .L16+12
 309 003e FFF7FEFF 		bl	pushData
  40:influx.c      ****     pushData("test_reading_2", "111", 67890);
 310              		.loc 1 40 0
 311 0042 364A     		ldr	r2, .L16+16
 312 0044 3649     		ldr	r1, .L16+20
 313 0046 3748     		ldr	r0, .L16+24
 314 0048 FFF7FEFF 		bl	pushData
  41:influx.c      ****     char test_write_body[200];
  42:influx.c      ****     construct_influx_write_body(test_write_body, "XYZ10");
 315              		.loc 1 42 0
 316 004c 07F10C03 		add	r3, r7, #12
 317 0050 3549     		ldr	r1, .L16+28
 318 0052 1846     		mov	r0, r3
 319 0054 FFF7FEFF 		bl	construct_influx_write_body
  43:influx.c      ****     
  44:influx.c      ****     // Will return zero if strings are identical.
  45:influx.c      ****     // int strcmp(const char *str1, const char *str2) compares the string pointed to, by str1 to th
  46:influx.c      ****     int compare = strcmp(test_write_body,expected_string);
ARM GAS  C:\Users\kland\AppData\Local\Temp\ccffyJxe.s 			page 8


 320              		.loc 1 46 0
 321 0058 07F10C03 		add	r3, r7, #12
 322 005c D7F85C12 		ldr	r1, [r7, #604]
 323 0060 1846     		mov	r0, r3
 324 0062 FFF7FEFF 		bl	strcmp
 325 0066 C7F85802 		str	r0, [r7, #600]
  47:influx.c      ****     
  48:influx.c      ****     // If strings identical, change test status to 1
  49:influx.c      ****     if(compare == 0){
 326              		.loc 1 49 0
 327 006a D7F85832 		ldr	r3, [r7, #600]
 328 006e 002B     		cmp	r3, #0
 329 0070 1DD1     		bne	.L11
  50:influx.c      ****         test.status = 1u;
 330              		.loc 1 50 0
 331 0072 07F1D403 		add	r3, r7, #212
 332 0076 0122     		movs	r2, #1
 333 0078 83F88020 		strb	r2, [r3, #128]
  51:influx.c      ****         snprintf(test.reason,sizeof(test.reason),"Influx body generated correctly.");
 334              		.loc 1 51 0
 335 007c 07F1D403 		add	r3, r7, #212
 336 0080 8133     		adds	r3, r3, #129
 337 0082 2A4A     		ldr	r2, .L16+32
 338 0084 1446     		mov	r4, r2
 339 0086 9E46     		mov	lr, r3
 340 0088 04F1200C 		add	ip, r4, #32
 341              	.L12:
 342 008c 7546     		mov	r5, lr
 343 008e 2646     		mov	r6, r4
 344 0090 0FCE     		ldmia	r6!, {r0, r1, r2, r3}
 345 0092 2860     		str	r0, [r5]	@ unaligned
 346 0094 6960     		str	r1, [r5, #4]	@ unaligned
 347 0096 AA60     		str	r2, [r5, #8]	@ unaligned
 348 0098 EB60     		str	r3, [r5, #12]	@ unaligned
 349 009a 1034     		adds	r4, r4, #16
 350 009c 0EF1100E 		add	lr, lr, #16
 351 00a0 6445     		cmp	r4, ip
 352 00a2 F3D1     		bne	.L12
 353 00a4 7346     		mov	r3, lr
 354 00a6 2246     		mov	r2, r4
 355 00a8 1278     		ldrb	r2, [r2]
 356 00aa 1A70     		strb	r2, [r3]
 357 00ac 1BE0     		b	.L13
 358              	.L11:
  52:influx.c      ****     }else{
  53:influx.c      ****         snprintf(test.reason,sizeof(test.reason),"Influx body could not be generated correctly.");
 359              		.loc 1 53 0
 360 00ae 07F1D403 		add	r3, r7, #212
 361 00b2 8133     		adds	r3, r3, #129
 362 00b4 1E4A     		ldr	r2, .L16+36
 363 00b6 1446     		mov	r4, r2
 364 00b8 9E46     		mov	lr, r3
 365 00ba 04F1200C 		add	ip, r4, #32
 366              	.L14:
 367 00be 7546     		mov	r5, lr
 368 00c0 2646     		mov	r6, r4
 369 00c2 0FCE     		ldmia	r6!, {r0, r1, r2, r3}
ARM GAS  C:\Users\kland\AppData\Local\Temp\ccffyJxe.s 			page 9


 370 00c4 2860     		str	r0, [r5]	@ unaligned
 371 00c6 6960     		str	r1, [r5, #4]	@ unaligned
 372 00c8 AA60     		str	r2, [r5, #8]	@ unaligned
 373 00ca EB60     		str	r3, [r5, #12]	@ unaligned
 374 00cc 1034     		adds	r4, r4, #16
 375 00ce 0EF1100E 		add	lr, lr, #16
 376 00d2 6445     		cmp	r4, ip
 377 00d4 F3D1     		bne	.L14
 378 00d6 7546     		mov	r5, lr
 379 00d8 2346     		mov	r3, r4
 380 00da 07CB     		ldmia	r3!, {r0, r1, r2}
 381 00dc 2860     		str	r0, [r5]	@ unaligned
 382 00de 6960     		str	r1, [r5, #4]	@ unaligned
 383 00e0 AA60     		str	r2, [r5, #8]	@ unaligned
 384 00e2 1B88     		ldrh	r3, [r3]	@ unaligned
 385 00e4 AB81     		strh	r3, [r5, #12]	@ unaligned
 386              	.L13:
  54:influx.c      ****     }
  55:influx.c      ****     
  56:influx.c      ****     Clear_Data_Stack(); // Clear the data stack
 387              		.loc 1 56 0
 388 00e6 FFF7FEFF 		bl	Clear_Data_Stack
  57:influx.c      ****     
  58:influx.c      ****     return test;
 389              		.loc 1 58 0
 390 00ea 3B1D     		adds	r3, r7, #4
 391 00ec 1A68     		ldr	r2, [r3]
 392 00ee 07F1D403 		add	r3, r7, #212
 393 00f2 1046     		mov	r0, r2
 394 00f4 1946     		mov	r1, r3
 395 00f6 40F28113 		movw	r3, #385
 396 00fa 1A46     		mov	r2, r3
 397 00fc FFF7FEFF 		bl	memcpy
  59:influx.c      **** }...
 398              		.loc 1 59 0
 399 0100 3B1D     		adds	r3, r7, #4
 400 0102 1868     		ldr	r0, [r3]
 401 0104 07F51977 		add	r7, r7, #612
 402              		.cfi_def_cfa_offset 20
 403 0108 BD46     		mov	sp, r7
 404              		.cfi_def_cfa_register 13
 405              		@ sp needed
 406 010a F0BD     		pop	{r4, r5, r6, r7, pc}
 407              	.L17:
 408              		.align	2
 409              	.L16:
 410 010c 40000000 		.word	.LC2
 411 0110 48000000 		.word	.LC3
 412 0114 A8000000 		.word	.LC4
 413 0118 AC000000 		.word	.LC5
 414 011c 32090100 		.word	67890
 415 0120 BC000000 		.word	.LC6
 416 0124 C0000000 		.word	.LC7
 417 0128 D0000000 		.word	.LC8
 418 012c D8000000 		.word	.LC9
 419 0130 FC000000 		.word	.LC10
 420              		.cfi_endproc
ARM GAS  C:\Users\kland\AppData\Local\Temp\ccffyJxe.s 			page 10


 421              	.LFE66:
 422              		.size	influx_test, .-influx_test
 423              		.text
 424              	.Letext0:
 425              		.file 2 "c:\\program files (x86)\\cypress\\psoc creator\\4.4\\psoc creator\\import\\gnu\\arm\\5.4.
 426              		.file 3 "c:\\program files (x86)\\cypress\\psoc creator\\4.4\\psoc creator\\import\\gnu\\arm\\5.4.
 427              		.file 4 "Generated_Source\\PSoC5/cytypes.h"
 428              		.file 5 "testing.h"
 429              		.file 6 "modem.h"
 430              		.file 7 "data.h"
 431              		.file 8 "notoriOS.h"
 432              		.file 9 "Generated_Source\\PSoC5/core_cm3.h"
 433              		.file 10 "App_LED.h"
 434              		.file 11 "level_sensor.h"
 435              		.file 12 "valve.h"
 436              		.file 13 "autosampler.h"
 437              		.file 14 "sontek.h"
 438              		.section	.debug_info,"",%progbits
 439              	.Ldebug_info0:
 440 0000 DE070000 		.4byte	0x7de
 441 0004 0400     		.2byte	0x4
 442 0006 00000000 		.4byte	.Ldebug_abbrev0
 443 000a 04       		.byte	0x4
 444 000b 01       		.uleb128 0x1
 445 000c 65000000 		.4byte	.LASF121
 446 0010 0C       		.byte	0xc
 447 0011 90020000 		.4byte	.LASF122
 448 0015 83030000 		.4byte	.LASF123
 449 0019 00000000 		.4byte	.Ldebug_ranges0+0
 450 001d 00000000 		.4byte	0
 451 0021 00000000 		.4byte	.Ldebug_line0
 452 0025 02       		.uleb128 0x2
 453 0026 04       		.byte	0x4
 454 0027 05       		.byte	0x5
 455 0028 696E7400 		.ascii	"int\000"
 456 002c 03       		.uleb128 0x3
 457 002d 04       		.byte	0x4
 458 002e 07       		.byte	0x7
 459 002f 3F050000 		.4byte	.LASF0
 460 0033 03       		.uleb128 0x3
 461 0034 08       		.byte	0x8
 462 0035 05       		.byte	0x5
 463 0036 4E010000 		.4byte	.LASF1
 464 003a 03       		.uleb128 0x3
 465 003b 08       		.byte	0x8
 466 003c 04       		.byte	0x4
 467 003d 2E050000 		.4byte	.LASF2
 468 0041 03       		.uleb128 0x3
 469 0042 01       		.byte	0x1
 470 0043 06       		.byte	0x6
 471 0044 5C010000 		.4byte	.LASF3
 472 0048 03       		.uleb128 0x3
 473 0049 01       		.byte	0x1
 474 004a 08       		.byte	0x8
 475 004b 51040000 		.4byte	.LASF4
 476 004f 03       		.uleb128 0x3
 477 0050 02       		.byte	0x2
ARM GAS  C:\Users\kland\AppData\Local\Temp\ccffyJxe.s 			page 11


 478 0051 05       		.byte	0x5
 479 0052 85040000 		.4byte	.LASF5
 480 0056 03       		.uleb128 0x3
 481 0057 02       		.byte	0x2
 482 0058 07       		.byte	0x7
 483 0059 91050000 		.4byte	.LASF6
 484 005d 04       		.uleb128 0x4
 485 005e 6E050000 		.4byte	.LASF12
 486 0062 02       		.byte	0x2
 487 0063 3F       		.byte	0x3f
 488 0064 68000000 		.4byte	0x68
 489 0068 03       		.uleb128 0x3
 490 0069 04       		.byte	0x4
 491 006a 05       		.byte	0x5
 492 006b EE010000 		.4byte	.LASF7
 493 006f 03       		.uleb128 0x3
 494 0070 04       		.byte	0x4
 495 0071 07       		.byte	0x7
 496 0072 B4020000 		.4byte	.LASF8
 497 0076 03       		.uleb128 0x3
 498 0077 08       		.byte	0x8
 499 0078 07       		.byte	0x7
 500 0079 00010000 		.4byte	.LASF9
 501 007d 03       		.uleb128 0x3
 502 007e 04       		.byte	0x4
 503 007f 07       		.byte	0x7
 504 0080 CC030000 		.4byte	.LASF10
 505 0084 05       		.uleb128 0x5
 506 0085 04       		.byte	0x4
 507 0086 8A000000 		.4byte	0x8a
 508 008a 03       		.uleb128 0x3
 509 008b 01       		.byte	0x1
 510 008c 08       		.byte	0x8
 511 008d 3A050000 		.4byte	.LASF11
 512 0091 06       		.uleb128 0x6
 513 0092 8A000000 		.4byte	0x8a
 514 0096 A1000000 		.4byte	0xa1
 515 009a 07       		.uleb128 0x7
 516 009b 7D000000 		.4byte	0x7d
 517 009f 17       		.byte	0x17
 518 00a0 00       		.byte	0
 519 00a1 04       		.uleb128 0x4
 520 00a2 49040000 		.4byte	.LASF13
 521 00a6 03       		.byte	0x3
 522 00a7 2C       		.byte	0x2c
 523 00a8 5D000000 		.4byte	0x5d
 524 00ac 03       		.uleb128 0x3
 525 00ad 08       		.byte	0x8
 526 00ae 04       		.byte	0x4
 527 00af D7060000 		.4byte	.LASF14
 528 00b3 03       		.uleb128 0x3
 529 00b4 04       		.byte	0x4
 530 00b5 04       		.byte	0x4
 531 00b6 2E040000 		.4byte	.LASF15
 532 00ba 08       		.uleb128 0x8
 533 00bb 13020000 		.4byte	.LASF16
 534 00bf 04       		.byte	0x4
ARM GAS  C:\Users\kland\AppData\Local\Temp\ccffyJxe.s 			page 12


 535 00c0 9201     		.2byte	0x192
 536 00c2 48000000 		.4byte	0x48
 537 00c6 08       		.uleb128 0x8
 538 00c7 00000000 		.4byte	.LASF17
 539 00cb 04       		.byte	0x4
 540 00cc 9301     		.2byte	0x193
 541 00ce 56000000 		.4byte	0x56
 542 00d2 08       		.uleb128 0x8
 543 00d3 7B060000 		.4byte	.LASF18
 544 00d7 04       		.byte	0x4
 545 00d8 9601     		.2byte	0x196
 546 00da 4F000000 		.4byte	0x4f
 547 00de 08       		.uleb128 0x8
 548 00df 2E020000 		.4byte	.LASF19
 549 00e3 04       		.byte	0x4
 550 00e4 9701     		.2byte	0x197
 551 00e6 68000000 		.4byte	0x68
 552 00ea 08       		.uleb128 0x8
 553 00eb C4030000 		.4byte	.LASF20
 554 00ef 04       		.byte	0x4
 555 00f0 9801     		.2byte	0x198
 556 00f2 B3000000 		.4byte	0xb3
 557 00f6 09       		.uleb128 0x9
 558 00f7 8101     		.2byte	0x181
 559 00f9 05       		.byte	0x5
 560 00fa 0A       		.byte	0xa
 561 00fb 24010000 		.4byte	0x124
 562 00ff 0A       		.uleb128 0xa
 563 0100 39040000 		.4byte	.LASF21
 564 0104 05       		.byte	0x5
 565 0105 0C       		.byte	0xc
 566 0106 24010000 		.4byte	0x124
 567 010a 00       		.byte	0
 568 010b 0A       		.uleb128 0xa
 569 010c ED050000 		.4byte	.LASF22
 570 0110 05       		.byte	0x5
 571 0111 0D       		.byte	0xd
 572 0112 BA000000 		.4byte	0xba
 573 0116 80       		.byte	0x80
 574 0117 0A       		.uleb128 0xa
 575 0118 D2040000 		.4byte	.LASF23
 576 011c 05       		.byte	0x5
 577 011d 0F       		.byte	0xf
 578 011e 34010000 		.4byte	0x134
 579 0122 81       		.byte	0x81
 580 0123 00       		.byte	0
 581 0124 06       		.uleb128 0x6
 582 0125 8A000000 		.4byte	0x8a
 583 0129 34010000 		.4byte	0x134
 584 012d 07       		.uleb128 0x7
 585 012e 7D000000 		.4byte	0x7d
 586 0132 7F       		.byte	0x7f
 587 0133 00       		.byte	0
 588 0134 06       		.uleb128 0x6
 589 0135 8A000000 		.4byte	0x8a
 590 0139 44010000 		.4byte	0x144
 591 013d 07       		.uleb128 0x7
ARM GAS  C:\Users\kland\AppData\Local\Temp\ccffyJxe.s 			page 13


 592 013e 7D000000 		.4byte	0x7d
 593 0142 FF       		.byte	0xff
 594 0143 00       		.byte	0
 595 0144 04       		.uleb128 0x4
 596 0145 BA040000 		.4byte	.LASF24
 597 0149 05       		.byte	0x5
 598 014a 10       		.byte	0x10
 599 014b F6000000 		.4byte	0xf6
 600 014f 0B       		.uleb128 0xb
 601 0150 3C       		.byte	0x3c
 602 0151 06       		.byte	0x6
 603 0152 37       		.byte	0x37
 604 0153 7C010000 		.4byte	0x17c
 605 0157 0A       		.uleb128 0xa
 606 0158 A4050000 		.4byte	.LASF25
 607 015c 06       		.byte	0x6
 608 015d 38       		.byte	0x38
 609 015e 7C010000 		.4byte	0x17c
 610 0162 00       		.byte	0
 611 0163 0A       		.uleb128 0xa
 612 0164 4C020000 		.4byte	.LASF26
 613 0168 06       		.byte	0x6
 614 0169 39       		.byte	0x39
 615 016a 7C010000 		.4byte	0x17c
 616 016e 14       		.byte	0x14
 617 016f 0A       		.uleb128 0xa
 618 0170 CD040000 		.4byte	.LASF27
 619 0174 06       		.byte	0x6
 620 0175 3A       		.byte	0x3a
 621 0176 7C010000 		.4byte	0x17c
 622 017a 28       		.byte	0x28
 623 017b 00       		.byte	0
 624 017c 06       		.uleb128 0x6
 625 017d 8A000000 		.4byte	0x8a
 626 0181 8C010000 		.4byte	0x18c
 627 0185 07       		.uleb128 0x7
 628 0186 7D000000 		.4byte	0x7d
 629 018a 13       		.byte	0x13
 630 018b 00       		.byte	0
 631 018c 04       		.uleb128 0x4
 632 018d C0010000 		.4byte	.LASF28
 633 0191 06       		.byte	0x6
 634 0192 3C       		.byte	0x3c
 635 0193 4F010000 		.4byte	0x14f
 636 0197 0B       		.uleb128 0xb
 637 0198 20       		.byte	0x20
 638 0199 06       		.byte	0x6
 639 019a 3E       		.byte	0x3e
 640 019b 00020000 		.4byte	0x200
 641 019f 0A       		.uleb128 0xa
 642 01a0 E8010000 		.4byte	.LASF29
 643 01a4 06       		.byte	0x6
 644 01a5 3F       		.byte	0x3f
 645 01a6 25000000 		.4byte	0x25
 646 01aa 00       		.byte	0
 647 01ab 0C       		.uleb128 0xc
 648 01ac 62657200 		.ascii	"ber\000"
ARM GAS  C:\Users\kland\AppData\Local\Temp\ccffyJxe.s 			page 14


 649 01b0 06       		.byte	0x6
 650 01b1 40       		.byte	0x40
 651 01b2 25000000 		.4byte	0x25
 652 01b6 04       		.byte	0x4
 653 01b7 0A       		.uleb128 0xa
 654 01b8 B5040000 		.4byte	.LASF30
 655 01bc 06       		.byte	0x6
 656 01bd 41       		.byte	0x41
 657 01be 25000000 		.4byte	0x25
 658 01c2 08       		.byte	0x8
 659 01c3 0A       		.uleb128 0xa
 660 01c4 68010000 		.4byte	.LASF31
 661 01c8 06       		.byte	0x6
 662 01c9 42       		.byte	0x42
 663 01ca 25000000 		.4byte	0x25
 664 01ce 0C       		.byte	0xc
 665 01cf 0A       		.uleb128 0xa
 666 01d0 80040000 		.4byte	.LASF32
 667 01d4 06       		.byte	0x6
 668 01d5 43       		.byte	0x43
 669 01d6 25000000 		.4byte	0x25
 670 01da 10       		.byte	0x10
 671 01db 0A       		.uleb128 0xa
 672 01dc D9040000 		.4byte	.LASF33
 673 01e0 06       		.byte	0x6
 674 01e1 44       		.byte	0x44
 675 01e2 25000000 		.4byte	0x25
 676 01e6 14       		.byte	0x14
 677 01e7 0A       		.uleb128 0xa
 678 01e8 7B010000 		.4byte	.LASF34
 679 01ec 06       		.byte	0x6
 680 01ed 45       		.byte	0x45
 681 01ee 25000000 		.4byte	0x25
 682 01f2 18       		.byte	0x18
 683 01f3 0A       		.uleb128 0xa
 684 01f4 02030000 		.4byte	.LASF35
 685 01f8 06       		.byte	0x6
 686 01f9 46       		.byte	0x46
 687 01fa 25000000 		.4byte	0x25
 688 01fe 1C       		.byte	0x1c
 689 01ff 00       		.byte	0
 690 0200 04       		.uleb128 0x4
 691 0201 DE040000 		.4byte	.LASF36
 692 0205 06       		.byte	0x6
 693 0206 48       		.byte	0x48
 694 0207 97010000 		.4byte	0x197
 695 020b 0B       		.uleb128 0xb
 696 020c 0B       		.byte	0xb
 697 020d 06       		.byte	0x6
 698 020e 54       		.byte	0x54
 699 020f 98020000 		.4byte	0x298
 700 0213 0A       		.uleb128 0xa
 701 0214 34020000 		.4byte	.LASF37
 702 0218 06       		.byte	0x6
 703 0219 56       		.byte	0x56
 704 021a BA000000 		.4byte	0xba
 705 021e 00       		.byte	0
ARM GAS  C:\Users\kland\AppData\Local\Temp\ccffyJxe.s 			page 15


 706 021f 0A       		.uleb128 0xa
 707 0220 A0060000 		.4byte	.LASF38
 708 0224 06       		.byte	0x6
 709 0225 58       		.byte	0x58
 710 0226 98020000 		.4byte	0x298
 711 022a 01       		.byte	0x1
 712 022b 0A       		.uleb128 0xa
 713 022c 78050000 		.4byte	.LASF39
 714 0230 06       		.byte	0x6
 715 0231 5A       		.byte	0x5a
 716 0232 BA000000 		.4byte	0xba
 717 0236 02       		.byte	0x2
 718 0237 0A       		.uleb128 0xa
 719 0238 8F040000 		.4byte	.LASF40
 720 023c 06       		.byte	0x6
 721 023d 5C       		.byte	0x5c
 722 023e BA000000 		.4byte	0xba
 723 0242 03       		.byte	0x3
 724 0243 0A       		.uleb128 0xa
 725 0244 64020000 		.4byte	.LASF41
 726 0248 06       		.byte	0x6
 727 0249 5F       		.byte	0x5f
 728 024a BA000000 		.4byte	0xba
 729 024e 04       		.byte	0x4
 730 024f 0A       		.uleb128 0xa
 731 0250 34060000 		.4byte	.LASF42
 732 0254 06       		.byte	0x6
 733 0255 64       		.byte	0x64
 734 0256 BA000000 		.4byte	0xba
 735 025a 05       		.byte	0x5
 736 025b 0A       		.uleb128 0xa
 737 025c 09050000 		.4byte	.LASF43
 738 0260 06       		.byte	0x6
 739 0261 66       		.byte	0x66
 740 0262 BA000000 		.4byte	0xba
 741 0266 06       		.byte	0x6
 742 0267 0A       		.uleb128 0xa
 743 0268 AB050000 		.4byte	.LASF44
 744 026c 06       		.byte	0x6
 745 026d 67       		.byte	0x67
 746 026e BA000000 		.4byte	0xba
 747 0272 07       		.byte	0x7
 748 0273 0A       		.uleb128 0xa
 749 0274 75040000 		.4byte	.LASF45
 750 0278 06       		.byte	0x6
 751 0279 68       		.byte	0x68
 752 027a BA000000 		.4byte	0xba
 753 027e 08       		.byte	0x8
 754 027f 0A       		.uleb128 0xa
 755 0280 81060000 		.4byte	.LASF46
 756 0284 06       		.byte	0x6
 757 0285 69       		.byte	0x69
 758 0286 BA000000 		.4byte	0xba
 759 028a 09       		.byte	0x9
 760 028b 0A       		.uleb128 0xa
 761 028c 62050000 		.4byte	.LASF47
 762 0290 06       		.byte	0x6
ARM GAS  C:\Users\kland\AppData\Local\Temp\ccffyJxe.s 			page 16


 763 0291 6A       		.byte	0x6a
 764 0292 BA000000 		.4byte	0xba
 765 0296 0A       		.byte	0xa
 766 0297 00       		.byte	0
 767 0298 03       		.uleb128 0x3
 768 0299 01       		.byte	0x1
 769 029a 02       		.byte	0x2
 770 029b 43040000 		.4byte	.LASF48
 771 029f 04       		.uleb128 0x4
 772 02a0 43030000 		.4byte	.LASF49
 773 02a4 06       		.byte	0x6
 774 02a5 71       		.byte	0x71
 775 02a6 0B020000 		.4byte	0x20b
 776 02aa 0B       		.uleb128 0xb
 777 02ab 2C       		.byte	0x2c
 778 02ac 07       		.byte	0x7
 779 02ad 14       		.byte	0x14
 780 02ae D7020000 		.4byte	0x2d7
 781 02b2 0C       		.uleb128 0xc
 782 02b3 6B657900 		.ascii	"key\000"
 783 02b7 07       		.byte	0x7
 784 02b8 15       		.byte	0x15
 785 02b9 7C010000 		.4byte	0x17c
 786 02bd 00       		.byte	0
 787 02be 0A       		.uleb128 0xa
 788 02bf 70020000 		.4byte	.LASF50
 789 02c3 07       		.byte	0x7
 790 02c4 16       		.byte	0x16
 791 02c5 7C010000 		.4byte	0x17c
 792 02c9 14       		.byte	0x14
 793 02ca 0A       		.uleb128 0xa
 794 02cb FB030000 		.4byte	.LASF51
 795 02cf 07       		.byte	0x7
 796 02d0 17       		.byte	0x17
 797 02d1 DE000000 		.4byte	0xde
 798 02d5 28       		.byte	0x28
 799 02d6 00       		.byte	0
 800 02d7 04       		.uleb128 0x4
 801 02d8 99020000 		.4byte	.LASF52
 802 02dc 07       		.byte	0x7
 803 02dd 19       		.byte	0x19
 804 02de AA020000 		.4byte	0x2aa
 805 02e2 0B       		.uleb128 0xb
 806 02e3 06       		.byte	0x6
 807 02e4 08       		.byte	0x8
 808 02e5 37       		.byte	0x37
 809 02e6 1B030000 		.4byte	0x31b
 810 02ea 0A       		.uleb128 0xa
 811 02eb 55020000 		.4byte	.LASF53
 812 02ef 08       		.byte	0x8
 813 02f0 39       		.byte	0x39
 814 02f1 C6000000 		.4byte	0xc6
 815 02f5 00       		.byte	0
 816 02f6 0A       		.uleb128 0xa
 817 02f7 F7010000 		.4byte	.LASF54
 818 02fb 08       		.byte	0x8
 819 02fc 3A       		.byte	0x3a
ARM GAS  C:\Users\kland\AppData\Local\Temp\ccffyJxe.s 			page 17


 820 02fd D2000000 		.4byte	0xd2
 821 0301 02       		.byte	0x2
 822 0302 0A       		.uleb128 0xa
 823 0303 92060000 		.4byte	.LASF55
 824 0307 08       		.byte	0x8
 825 0308 3B       		.byte	0x3b
 826 0309 BA000000 		.4byte	0xba
 827 030d 04       		.byte	0x4
 828 030e 0A       		.uleb128 0xa
 829 030f 30000000 		.4byte	.LASF56
 830 0313 08       		.byte	0x8
 831 0314 3C       		.byte	0x3c
 832 0315 BA000000 		.4byte	0xba
 833 0319 05       		.byte	0x5
 834 031a 00       		.byte	0
 835 031b 04       		.uleb128 0x4
 836 031c 0D020000 		.4byte	.LASF57
 837 0320 08       		.byte	0x8
 838 0321 3F       		.byte	0x3f
 839 0322 26030000 		.4byte	0x326
 840 0326 0D       		.uleb128 0xd
 841 0327 E2020000 		.4byte	0x2e2
 842 032b 0B       		.uleb128 0xb
 843 032c 1C       		.byte	0x1c
 844 032d 08       		.byte	0x8
 845 032e 42       		.byte	0x42
 846 032f 4C030000 		.4byte	0x34c
 847 0333 0A       		.uleb128 0xa
 848 0334 D3020000 		.4byte	.LASF58
 849 0338 08       		.byte	0x8
 850 0339 44       		.byte	0x44
 851 033a 4C030000 		.4byte	0x34c
 852 033e 00       		.byte	0
 853 033f 0A       		.uleb128 0xa
 854 0340 3E020000 		.4byte	.LASF59
 855 0344 08       		.byte	0x8
 856 0345 45       		.byte	0x45
 857 0346 91000000 		.4byte	0x91
 858 034a 04       		.byte	0x4
 859 034b 00       		.byte	0
 860 034c 05       		.uleb128 0x5
 861 034d 04       		.byte	0x4
 862 034e 8C010000 		.4byte	0x18c
 863 0352 04       		.uleb128 0x4
 864 0353 38030000 		.4byte	.LASF60
 865 0357 08       		.byte	0x8
 866 0358 47       		.byte	0x47
 867 0359 2B030000 		.4byte	0x32b
 868 035d 0B       		.uleb128 0xb
 869 035e 68       		.byte	0x68
 870 035f 08       		.byte	0x8
 871 0360 4D       		.byte	0x4d
 872 0361 7E030000 		.4byte	0x37e
 873 0365 0A       		.uleb128 0xa
 874 0366 DE020000 		.4byte	.LASF61
 875 036a 08       		.byte	0x8
 876 036b 52       		.byte	0x52
ARM GAS  C:\Users\kland\AppData\Local\Temp\ccffyJxe.s 			page 18


 877 036c 7E030000 		.4byte	0x37e
 878 0370 00       		.byte	0
 879 0371 0A       		.uleb128 0xa
 880 0372 CB020000 		.4byte	.LASF62
 881 0376 08       		.byte	0x8
 882 0377 53       		.byte	0x53
 883 0378 25000000 		.4byte	0x25
 884 037c 64       		.byte	0x64
 885 037d 00       		.byte	0
 886 037e 06       		.uleb128 0x6
 887 037f 8A000000 		.4byte	0x8a
 888 0383 8E030000 		.4byte	0x38e
 889 0387 07       		.uleb128 0x7
 890 0388 7D000000 		.4byte	0x7d
 891 038c 63       		.byte	0x63
 892 038d 00       		.byte	0
 893 038e 04       		.uleb128 0x4
 894 038f D5030000 		.4byte	.LASF63
 895 0393 08       		.byte	0x8
 896 0394 59       		.byte	0x59
 897 0395 5D030000 		.4byte	0x35d
 898 0399 0E       		.uleb128 0xe
 899 039a A9060000 		.4byte	.LASF124
 900 039e 01       		.byte	0x1
 901 039f 05       		.byte	0x5
 902 03a0 2C000000 		.4byte	0x2c
 903 03a4 00000000 		.4byte	.LFB64
 904 03a8 88000000 		.4byte	.LFE64-.LFB64
 905 03ac 01       		.uleb128 0x1
 906 03ad 9C       		.byte	0x9c
 907 03ae F3030000 		.4byte	0x3f3
 908 03b2 0F       		.uleb128 0xf
 909 03b3 07000000 		.4byte	.LASF64
 910 03b7 01       		.byte	0x1
 911 03b8 05       		.byte	0x5
 912 03b9 84000000 		.4byte	0x84
 913 03bd 02       		.uleb128 0x2
 914 03be 91       		.byte	0x91
 915 03bf 64       		.sleb128 -28
 916 03c0 0F       		.uleb128 0xf
 917 03c1 19020000 		.4byte	.LASF65
 918 03c5 01       		.byte	0x1
 919 03c6 05       		.byte	0x5
 920 03c7 84000000 		.4byte	0x84
 921 03cb 02       		.uleb128 0x2
 922 03cc 91       		.byte	0x91
 923 03cd 60       		.sleb128 -32
 924 03ce 10       		.uleb128 0x10
 925 03cf FD040000 		.4byte	.LASF66
 926 03d3 01       		.byte	0x1
 927 03d4 10       		.byte	0x10
 928 03d5 2C000000 		.4byte	0x2c
 929 03d9 02       		.uleb128 0x2
 930 03da 91       		.byte	0x91
 931 03db 68       		.sleb128 -24
 932 03dc 11       		.uleb128 0x11
 933 03dd 10000000 		.4byte	.LBB2
ARM GAS  C:\Users\kland\AppData\Local\Temp\ccffyJxe.s 			page 19


 934 03e1 5E000000 		.4byte	.LBE2-.LBB2
 935 03e5 12       		.uleb128 0x12
 936 03e6 6900     		.ascii	"i\000"
 937 03e8 01       		.byte	0x1
 938 03e9 0A       		.byte	0xa
 939 03ea C6000000 		.4byte	0xc6
 940 03ee 02       		.uleb128 0x2
 941 03ef 91       		.byte	0x91
 942 03f0 6E       		.sleb128 -18
 943 03f1 00       		.byte	0
 944 03f2 00       		.byte	0
 945 03f3 13       		.uleb128 0x13
 946 03f4 D6050000 		.4byte	.LASF72
 947 03f8 01       		.byte	0x1
 948 03f9 17       		.byte	0x17
 949 03fa 00000000 		.4byte	.LFB65
 950 03fe 3C000000 		.4byte	.LFE65-.LFB65
 951 0402 01       		.uleb128 0x1
 952 0403 9C       		.byte	0x9c
 953 0404 4F040000 		.4byte	0x44f
 954 0408 0F       		.uleb128 0xf
 955 0409 5F040000 		.4byte	.LASF67
 956 040d 01       		.byte	0x1
 957 040e 17       		.byte	0x17
 958 040f 84000000 		.4byte	0x84
 959 0413 02       		.uleb128 0x2
 960 0414 91       		.byte	0x91
 961 0415 74       		.sleb128 -12
 962 0416 0F       		.uleb128 0xf
 963 0417 5A030000 		.4byte	.LASF68
 964 041b 01       		.byte	0x1
 965 041c 17       		.byte	0x17
 966 041d 84000000 		.4byte	0x84
 967 0421 02       		.uleb128 0x2
 968 0422 91       		.byte	0x91
 969 0423 70       		.sleb128 -16
 970 0424 0F       		.uleb128 0xf
 971 0425 34040000 		.4byte	.LASF69
 972 0429 01       		.byte	0x1
 973 042a 17       		.byte	0x17
 974 042b 84000000 		.4byte	0x84
 975 042f 02       		.uleb128 0x2
 976 0430 91       		.byte	0x91
 977 0431 6C       		.sleb128 -20
 978 0432 0F       		.uleb128 0xf
 979 0433 C5060000 		.4byte	.LASF70
 980 0437 01       		.byte	0x1
 981 0438 17       		.byte	0x17
 982 0439 84000000 		.4byte	0x84
 983 043d 02       		.uleb128 0x2
 984 043e 91       		.byte	0x91
 985 043f 68       		.sleb128 -24
 986 0440 0F       		.uleb128 0xf
 987 0441 B7010000 		.4byte	.LASF71
 988 0445 01       		.byte	0x1
 989 0446 17       		.byte	0x17
 990 0447 84000000 		.4byte	0x84
ARM GAS  C:\Users\kland\AppData\Local\Temp\ccffyJxe.s 			page 20


 991 044b 02       		.uleb128 0x2
 992 044c 91       		.byte	0x91
 993 044d 00       		.sleb128 0
 994 044e 00       		.byte	0
 995 044f 14       		.uleb128 0x14
 996 0450 A9040000 		.4byte	.LASF73
 997 0454 01       		.byte	0x1
 998 0455 1E       		.byte	0x1e
 999 0456 44010000 		.4byte	0x144
 1000 045a 00000000 		.4byte	.LFB66
 1001 045e 34010000 		.4byte	.LFE66-.LFB66
 1002 0462 01       		.uleb128 0x1
 1003 0463 9C       		.byte	0x9c
 1004 0464 A3040000 		.4byte	0x4a3
 1005 0468 10       		.uleb128 0x10
 1006 0469 23010000 		.4byte	.LASF74
 1007 046d 01       		.byte	0x1
 1008 046e 1F       		.byte	0x1f
 1009 046f 44010000 		.4byte	0x144
 1010 0473 03       		.uleb128 0x3
 1011 0474 91       		.byte	0x91
 1012 0475 DC7C     		.sleb128 -420
 1013 0477 10       		.uleb128 0x10
 1014 0478 99040000 		.4byte	.LASF75
 1015 047c 01       		.byte	0x1
 1016 047d 24       		.byte	0x24
 1017 047e 84000000 		.4byte	0x84
 1018 0482 02       		.uleb128 0x2
 1019 0483 91       		.byte	0x91
 1020 0484 64       		.sleb128 -28
 1021 0485 10       		.uleb128 0x10
 1022 0486 F2020000 		.4byte	.LASF76
 1023 048a 01       		.byte	0x1
 1024 048b 29       		.byte	0x29
 1025 048c A3040000 		.4byte	0x4a3
 1026 0490 03       		.uleb128 0x3
 1027 0491 91       		.byte	0x91
 1028 0492 947B     		.sleb128 -620
 1029 0494 10       		.uleb128 0x10
 1030 0495 05040000 		.4byte	.LASF77
 1031 0499 01       		.byte	0x1
 1032 049a 2E       		.byte	0x2e
 1033 049b 25000000 		.4byte	0x25
 1034 049f 02       		.uleb128 0x2
 1035 04a0 91       		.byte	0x91
 1036 04a1 60       		.sleb128 -32
 1037 04a2 00       		.byte	0
 1038 04a3 06       		.uleb128 0x6
 1039 04a4 8A000000 		.4byte	0x8a
 1040 04a8 B3040000 		.4byte	0x4b3
 1041 04ac 07       		.uleb128 0x7
 1042 04ad 7D000000 		.4byte	0x7d
 1043 04b1 C7       		.byte	0xc7
 1044 04b2 00       		.byte	0
 1045 04b3 15       		.uleb128 0x15
 1046 04b4 35010000 		.4byte	.LASF78
 1047 04b8 09       		.byte	0x9
ARM GAS  C:\Users\kland\AppData\Local\Temp\ccffyJxe.s 			page 21


 1048 04b9 1207     		.2byte	0x712
 1049 04bb BF040000 		.4byte	0x4bf
 1050 04bf 0D       		.uleb128 0xd
 1051 04c0 A1000000 		.4byte	0xa1
 1052 04c4 16       		.uleb128 0x16
 1053 04c5 17010000 		.4byte	.LASF79
 1054 04c9 06       		.byte	0x6
 1055 04ca 21       		.byte	0x21
 1056 04cb BA000000 		.4byte	0xba
 1057 04cf 05       		.uleb128 0x5
 1058 04d0 03       		.byte	0x3
 1059 04d1 00000000 		.4byte	modem_state
 1060 04d5 16       		.uleb128 0x16
 1061 04d6 21030000 		.4byte	.LASF80
 1062 04da 06       		.byte	0x6
 1063 04db 74       		.byte	0x74
 1064 04dc DE000000 		.4byte	0xde
 1065 04e0 05       		.uleb128 0x5
 1066 04e1 03       		.byte	0x3
 1067 04e2 00000000 		.4byte	modem_start_time_stamp
 1068 04e6 16       		.uleb128 0x16
 1069 04e7 D3020000 		.4byte	.LASF58
 1070 04eb 06       		.byte	0x6
 1071 04ec 75       		.byte	0x75
 1072 04ed 8C010000 		.4byte	0x18c
 1073 04f1 05       		.uleb128 0x5
 1074 04f2 03       		.byte	0x3
 1075 04f3 00000000 		.4byte	modem_info
 1076 04f7 16       		.uleb128 0x16
 1077 04f8 42010000 		.4byte	.LASF81
 1078 04fc 06       		.byte	0x6
 1079 04fd 76       		.byte	0x76
 1080 04fe 00020000 		.4byte	0x200
 1081 0502 05       		.uleb128 0x5
 1082 0503 03       		.byte	0x3
 1083 0504 00000000 		.4byte	modem_stats
 1084 0508 16       		.uleb128 0x16
 1085 0509 0D040000 		.4byte	.LASF82
 1086 050d 06       		.byte	0x6
 1087 050e 77       		.byte	0x77
 1088 050f 9F020000 		.4byte	0x29f
 1089 0513 05       		.uleb128 0x5
 1090 0514 03       		.byte	0x3
 1091 0515 00000000 		.4byte	updatable_parameters
 1092 0519 16       		.uleb128 0x16
 1093 051a 20000000 		.4byte	.LASF83
 1094 051e 07       		.byte	0x7
 1095 051f 11       		.byte	0x11
 1096 0520 98020000 		.4byte	0x298
 1097 0524 05       		.uleb128 0x5
 1098 0525 03       		.byte	0x3
 1099 0526 00000000 		.4byte	buffer_overflow
 1100 052a 16       		.uleb128 0x16
 1101 052b 5F030000 		.4byte	.LASF84
 1102 052f 07       		.byte	0x7
 1103 0530 22       		.byte	0x22
 1104 0531 C6000000 		.4byte	0xc6
ARM GAS  C:\Users\kland\AppData\Local\Temp\ccffyJxe.s 			page 22


 1105 0535 05       		.uleb128 0x5
 1106 0536 03       		.byte	0x3
 1107 0537 00000000 		.4byte	dataPointsInStack
 1108 053b 16       		.uleb128 0x16
 1109 053c 1B060000 		.4byte	.LASF85
 1110 0540 07       		.byte	0x7
 1111 0541 23       		.byte	0x23
 1112 0542 C6000000 		.4byte	0xc6
 1113 0546 05       		.uleb128 0x5
 1114 0547 03       		.byte	0x3
 1115 0548 00000000 		.4byte	dataPointsInStackDesired
 1116 054c 06       		.uleb128 0x6
 1117 054d D7020000 		.4byte	0x2d7
 1118 0551 5C050000 		.4byte	0x55c
 1119 0555 07       		.uleb128 0x7
 1120 0556 7D000000 		.4byte	0x7d
 1121 055a 95       		.byte	0x95
 1122 055b 00       		.byte	0
 1123 055c 16       		.uleb128 0x16
 1124 055d C6020000 		.4byte	.LASF86
 1125 0561 07       		.byte	0x7
 1126 0562 24       		.byte	0x24
 1127 0563 4C050000 		.4byte	0x54c
 1128 0567 05       		.uleb128 0x5
 1129 0568 03       		.byte	0x3
 1130 0569 00000000 		.4byte	data
 1131 056d 16       		.uleb128 0x16
 1132 056e 80020000 		.4byte	.LASF87
 1133 0572 0A       		.byte	0xa
 1134 0573 07       		.byte	0x7
 1135 0574 BA000000 		.4byte	0xba
 1136 0578 05       		.uleb128 0x5
 1137 0579 03       		.byte	0x3
 1138 057a 00000000 		.4byte	App_LED_enabled
 1139 057e 16       		.uleb128 0x16
 1140 057f DE060000 		.4byte	.LASF88
 1141 0583 0A       		.byte	0xa
 1142 0584 08       		.byte	0x8
 1143 0585 7E030000 		.4byte	0x37e
 1144 0589 05       		.uleb128 0x5
 1145 058a 03       		.byte	0x3
 1146 058b 00000000 		.4byte	app_led_inbox
 1147 058f 16       		.uleb128 0x16
 1148 0590 1B050000 		.4byte	.LASF89
 1149 0594 0B       		.byte	0xb
 1150 0595 25       		.byte	0x25
 1151 0596 7E030000 		.4byte	0x37e
 1152 059a 05       		.uleb128 0x5
 1153 059b 03       		.byte	0x3
 1154 059c 00000000 		.4byte	level_sensor_inbox
 1155 05a0 16       		.uleb128 0x16
 1156 05a1 06060000 		.4byte	.LASF90
 1157 05a5 0B       		.byte	0xb
 1158 05a6 27       		.byte	0x27
 1159 05a7 98020000 		.4byte	0x298
 1160 05ab 05       		.uleb128 0x5
 1161 05ac 03       		.byte	0x3
ARM GAS  C:\Users\kland\AppData\Local\Temp\ccffyJxe.s 			page 23


 1162 05ad 00000000 		.4byte	level_sensor_enabled
 1163 05b1 16       		.uleb128 0x16
 1164 05b2 A8010000 		.4byte	.LASF91
 1165 05b6 0C       		.byte	0xc
 1166 05b7 2A       		.byte	0x2a
 1167 05b8 EA000000 		.4byte	0xea
 1168 05bc 05       		.uleb128 0x5
 1169 05bd 03       		.byte	0x3
 1170 05be 00000000 		.4byte	valve_diameter
 1171 05c2 06       		.uleb128 0x6
 1172 05c3 8A000000 		.4byte	0x8a
 1173 05c7 D2050000 		.4byte	0x5d2
 1174 05cb 07       		.uleb128 0x7
 1175 05cc 7D000000 		.4byte	0x7d
 1176 05d0 09       		.byte	0x9
 1177 05d1 00       		.byte	0
 1178 05d2 16       		.uleb128 0x16
 1179 05d3 5A000000 		.4byte	.LASF92
 1180 05d7 0C       		.byte	0xc
 1181 05d8 2B       		.byte	0x2b
 1182 05d9 C2050000 		.4byte	0x5c2
 1183 05dd 05       		.uleb128 0x5
 1184 05de 03       		.byte	0x3
 1185 05df 00000000 		.4byte	valve_type
 1186 05e3 16       		.uleb128 0x16
 1187 05e4 C8050000 		.4byte	.LASF93
 1188 05e8 0C       		.byte	0xc
 1189 05e9 30       		.byte	0x30
 1190 05ea BA000000 		.4byte	0xba
 1191 05ee 05       		.uleb128 0x5
 1192 05ef 03       		.byte	0x3
 1193 05f0 00000000 		.4byte	valve_enabled
 1194 05f4 16       		.uleb128 0x16
 1195 05f5 E6020000 		.4byte	.LASF94
 1196 05f9 0C       		.byte	0xc
 1197 05fa 31       		.byte	0x31
 1198 05fb 7E030000 		.4byte	0x37e
 1199 05ff 05       		.uleb128 0x5
 1200 0600 03       		.byte	0x3
 1201 0601 00000000 		.4byte	valve_inbox
 1202 0605 16       		.uleb128 0x16
 1203 0606 0C000000 		.4byte	.LASF95
 1204 060a 0D       		.byte	0xd
 1205 060b 69       		.byte	0x69
 1206 060c BA000000 		.4byte	0xba
 1207 0610 05       		.uleb128 0x5
 1208 0611 03       		.byte	0x3
 1209 0612 00000000 		.4byte	autosampler_enabled
 1210 0616 16       		.uleb128 0x16
 1211 0617 71030000 		.4byte	.LASF96
 1212 061b 0D       		.byte	0xd
 1213 061c 6B       		.byte	0x6b
 1214 061d 7E030000 		.4byte	0x37e
 1215 0621 05       		.uleb128 0x5
 1216 0622 03       		.byte	0x3
 1217 0623 00000000 		.4byte	autosampler_inbox
 1218 0627 16       		.uleb128 0x16
ARM GAS  C:\Users\kland\AppData\Local\Temp\ccffyJxe.s 			page 24


 1219 0628 A5020000 		.4byte	.LASF97
 1220 062c 0E       		.byte	0xe
 1221 062d 0D       		.byte	0xd
 1222 062e BA000000 		.4byte	0xba
 1223 0632 05       		.uleb128 0x5
 1224 0633 03       		.byte	0x3
 1225 0634 00000000 		.4byte	sontek_enabled
 1226 0638 16       		.uleb128 0x16
 1227 0639 F3000000 		.4byte	.LASF98
 1228 063d 0E       		.byte	0xe
 1229 063e 0E       		.byte	0xe
 1230 063f 7E030000 		.4byte	0x37e
 1231 0643 05       		.uleb128 0x5
 1232 0644 03       		.byte	0x3
 1233 0645 00000000 		.4byte	Sontek_inbox
 1234 0649 06       		.uleb128 0x6
 1235 064a 8A000000 		.4byte	0x8a
 1236 064e 5A060000 		.4byte	0x65a
 1237 0652 17       		.uleb128 0x17
 1238 0653 7D000000 		.4byte	0x7d
 1239 0657 0F27     		.2byte	0x270f
 1240 0659 00       		.byte	0
 1241 065a 16       		.uleb128 0x16
 1242 065b CA060000 		.4byte	.LASF99
 1243 065f 08       		.byte	0x8
 1244 0660 21       		.byte	0x21
 1245 0661 49060000 		.4byte	0x649
 1246 0665 05       		.uleb128 0x5
 1247 0666 03       		.byte	0x3
 1248 0667 00000000 		.4byte	http_request
 1249 066b 16       		.uleb128 0x16
 1250 066c 9E010000 		.4byte	.LASF100
 1251 0670 08       		.byte	0x8
 1252 0671 22       		.byte	0x22
 1253 0672 49060000 		.4byte	0x649
 1254 0676 05       		.uleb128 0x5
 1255 0677 03       		.byte	0x3
 1256 0678 00000000 		.4byte	http_body
 1257 067c 16       		.uleb128 0x16
 1258 067d 57050000 		.4byte	.LASF101
 1259 0681 08       		.byte	0x8
 1260 0682 23       		.byte	0x23
 1261 0683 A3040000 		.4byte	0x4a3
 1262 0687 05       		.uleb128 0x5
 1263 0688 03       		.byte	0x3
 1264 0689 00000000 		.4byte	http_route
 1265 068d 16       		.uleb128 0x16
 1266 068e C1040000 		.4byte	.LASF102
 1267 0692 08       		.byte	0x8
 1268 0693 4A       		.byte	0x4a
 1269 0694 52030000 		.4byte	0x352
 1270 0698 05       		.uleb128 0x5
 1271 0699 03       		.byte	0x3
 1272 069a 00000000 		.4byte	system_info
 1273 069e 16       		.uleb128 0x16
 1274 069f 65040000 		.4byte	.LASF103
 1275 06a3 08       		.byte	0x8
ARM GAS  C:\Users\kland\AppData\Local\Temp\ccffyJxe.s 			page 25


 1276 06a4 5C       		.byte	0x5c
 1277 06a5 8E030000 		.4byte	0x38e
 1278 06a9 05       		.uleb128 0x5
 1279 06aa 03       		.byte	0x3
 1280 06ab 00000000 		.4byte	system_settings
 1281 06af 16       		.uleb128 0x16
 1282 06b0 28010000 		.4byte	.LASF104
 1283 06b4 08       		.byte	0x8
 1284 06b5 78       		.byte	0x78
 1285 06b6 1B030000 		.4byte	0x31b
 1286 06ba 05       		.uleb128 0x5
 1287 06bb 03       		.byte	0x3
 1288 06bc 00000000 		.4byte	alarmMeasure
 1289 06c0 16       		.uleb128 0x16
 1290 06c1 6D010000 		.4byte	.LASF105
 1291 06c5 08       		.byte	0x8
 1292 06c6 79       		.byte	0x79
 1293 06c7 BA000000 		.4byte	0xba
 1294 06cb 05       		.uleb128 0x5
 1295 06cc 03       		.byte	0x3
 1296 06cd 00000000 		.4byte	timeToMeasure
 1297 06d1 16       		.uleb128 0x16
 1298 06d2 76020000 		.4byte	.LASF106
 1299 06d6 08       		.byte	0x8
 1300 06d7 7A       		.byte	0x7a
 1301 06d8 1B030000 		.4byte	0x31b
 1302 06dc 05       		.uleb128 0x5
 1303 06dd 03       		.byte	0x3
 1304 06de 00000000 		.4byte	alarmSync
 1305 06e2 16       		.uleb128 0x16
 1306 06e3 93010000 		.4byte	.LASF107
 1307 06e7 08       		.byte	0x8
 1308 06e8 7B       		.byte	0x7b
 1309 06e9 BA000000 		.4byte	0xba
 1310 06ed 05       		.uleb128 0x5
 1311 06ee 03       		.byte	0x3
 1312 06ef 00000000 		.4byte	timeToSync
 1313 06f3 16       		.uleb128 0x16
 1314 06f4 E4030000 		.4byte	.LASF108
 1315 06f8 08       		.byte	0x8
 1316 06f9 7C       		.byte	0x7c
 1317 06fa BA000000 		.4byte	0xba
 1318 06fe 05       		.uleb128 0x5
 1319 06ff 03       		.byte	0x3
 1320 0700 00000000 		.4byte	timeToSycnRemoteParams
 1321 0704 18       		.uleb128 0x18
 1322 0705 68657900 		.ascii	"hey\000"
 1323 0709 08       		.byte	0x8
 1324 070a 7D       		.byte	0x7d
 1325 070b BA000000 		.4byte	0xba
 1326 070f 05       		.uleb128 0x5
 1327 0710 03       		.byte	0x3
 1328 0711 00000000 		.4byte	hey
 1329 0715 16       		.uleb128 0x16
 1330 0716 15030000 		.4byte	.LASF109
 1331 071a 08       		.byte	0x8
 1332 071b 81       		.byte	0x81
ARM GAS  C:\Users\kland\AppData\Local\Temp\ccffyJxe.s 			page 26


 1333 071c 1B030000 		.4byte	0x31b
 1334 0720 05       		.uleb128 0x5
 1335 0721 03       		.byte	0x3
 1336 0722 00000000 		.4byte	alarmAppLED
 1337 0726 16       		.uleb128 0x16
 1338 0727 21020000 		.4byte	.LASF110
 1339 072b 08       		.byte	0x8
 1340 072c 82       		.byte	0x82
 1341 072d BA000000 		.4byte	0xba
 1342 0731 05       		.uleb128 0x5
 1343 0732 03       		.byte	0x3
 1344 0733 00000000 		.4byte	timeToAppLED
 1345 0737 16       		.uleb128 0x16
 1346 0738 EC040000 		.4byte	.LASF111
 1347 073c 08       		.byte	0x8
 1348 073d 84       		.byte	0x84
 1349 073e 1B030000 		.4byte	0x31b
 1350 0742 05       		.uleb128 0x5
 1351 0743 03       		.byte	0x3
 1352 0744 00000000 		.4byte	alarmLevelSensor
 1353 0748 16       		.uleb128 0x16
 1354 0749 F4050000 		.4byte	.LASF112
 1355 074d 08       		.byte	0x8
 1356 074e 85       		.byte	0x85
 1357 074f BA000000 		.4byte	0xba
 1358 0753 05       		.uleb128 0x5
 1359 0754 03       		.byte	0x3
 1360 0755 00000000 		.4byte	timeToLevelSensor
 1361 0759 16       		.uleb128 0x16
 1362 075a CD010000 		.4byte	.LASF113
 1363 075e 08       		.byte	0x8
 1364 075f 87       		.byte	0x87
 1365 0760 1B030000 		.4byte	0x31b
 1366 0764 05       		.uleb128 0x5
 1367 0765 03       		.byte	0x3
 1368 0766 00000000 		.4byte	alarmDownstreamLevelSensor
 1369 076a 16       		.uleb128 0x16
 1370 076b 4E060000 		.4byte	.LASF114
 1371 076f 08       		.byte	0x8
 1372 0770 88       		.byte	0x88
 1373 0771 BA000000 		.4byte	0xba
 1374 0775 05       		.uleb128 0x5
 1375 0776 03       		.byte	0x3
 1376 0777 00000000 		.4byte	timeToDownstreamLevelSensor
 1377 077b 16       		.uleb128 0x16
 1378 077c 4C050000 		.4byte	.LASF115
 1379 0780 08       		.byte	0x8
 1380 0781 8A       		.byte	0x8a
 1381 0782 1B030000 		.4byte	0x31b
 1382 0786 05       		.uleb128 0x5
 1383 0787 03       		.byte	0x3
 1384 0788 00000000 		.4byte	alarmValve
 1385 078c 16       		.uleb128 0x16
 1386 078d 22040000 		.4byte	.LASF116
 1387 0791 08       		.byte	0x8
 1388 0792 8B       		.byte	0x8b
 1389 0793 BA000000 		.4byte	0xba
ARM GAS  C:\Users\kland\AppData\Local\Temp\ccffyJxe.s 			page 27


 1390 0797 05       		.uleb128 0x5
 1391 0798 03       		.byte	0x3
 1392 0799 00000000 		.4byte	timeToValve
 1393 079d 16       		.uleb128 0x16
 1394 079e 6A060000 		.4byte	.LASF117
 1395 07a2 08       		.byte	0x8
 1396 07a3 8D       		.byte	0x8d
 1397 07a4 1B030000 		.4byte	0x31b
 1398 07a8 05       		.uleb128 0x5
 1399 07a9 03       		.byte	0x3
 1400 07aa 00000000 		.4byte	alarmAutosampler
 1401 07ae 16       		.uleb128 0x16
 1402 07af 48000000 		.4byte	.LASF118
 1403 07b3 08       		.byte	0x8
 1404 07b4 8E       		.byte	0x8e
 1405 07b5 BA000000 		.4byte	0xba
 1406 07b9 05       		.uleb128 0x5
 1407 07ba 03       		.byte	0x3
 1408 07bb 00000000 		.4byte	timeToAutosampler
 1409 07bf 16       		.uleb128 0x16
 1410 07c0 85050000 		.4byte	.LASF119
 1411 07c4 08       		.byte	0x8
 1412 07c5 90       		.byte	0x90
 1413 07c6 1B030000 		.4byte	0x31b
 1414 07ca 05       		.uleb128 0x5
 1415 07cb 03       		.byte	0x3
 1416 07cc 00000000 		.4byte	alarmSontek
 1417 07d0 16       		.uleb128 0x16
 1418 07d1 41060000 		.4byte	.LASF120
 1419 07d5 08       		.byte	0x8
 1420 07d6 91       		.byte	0x91
 1421 07d7 BA000000 		.4byte	0xba
 1422 07db 05       		.uleb128 0x5
 1423 07dc 03       		.byte	0x3
 1424 07dd 00000000 		.4byte	timeToSontek
 1425 07e1 00       		.byte	0
 1426              		.section	.debug_abbrev,"",%progbits
 1427              	.Ldebug_abbrev0:
 1428 0000 01       		.uleb128 0x1
 1429 0001 11       		.uleb128 0x11
 1430 0002 01       		.byte	0x1
 1431 0003 25       		.uleb128 0x25
 1432 0004 0E       		.uleb128 0xe
 1433 0005 13       		.uleb128 0x13
 1434 0006 0B       		.uleb128 0xb
 1435 0007 03       		.uleb128 0x3
 1436 0008 0E       		.uleb128 0xe
 1437 0009 1B       		.uleb128 0x1b
 1438 000a 0E       		.uleb128 0xe
 1439 000b 55       		.uleb128 0x55
 1440 000c 17       		.uleb128 0x17
 1441 000d 11       		.uleb128 0x11
 1442 000e 01       		.uleb128 0x1
 1443 000f 10       		.uleb128 0x10
 1444 0010 17       		.uleb128 0x17
 1445 0011 00       		.byte	0
 1446 0012 00       		.byte	0
ARM GAS  C:\Users\kland\AppData\Local\Temp\ccffyJxe.s 			page 28


 1447 0013 02       		.uleb128 0x2
 1448 0014 24       		.uleb128 0x24
 1449 0015 00       		.byte	0
 1450 0016 0B       		.uleb128 0xb
 1451 0017 0B       		.uleb128 0xb
 1452 0018 3E       		.uleb128 0x3e
 1453 0019 0B       		.uleb128 0xb
 1454 001a 03       		.uleb128 0x3
 1455 001b 08       		.uleb128 0x8
 1456 001c 00       		.byte	0
 1457 001d 00       		.byte	0
 1458 001e 03       		.uleb128 0x3
 1459 001f 24       		.uleb128 0x24
 1460 0020 00       		.byte	0
 1461 0021 0B       		.uleb128 0xb
 1462 0022 0B       		.uleb128 0xb
 1463 0023 3E       		.uleb128 0x3e
 1464 0024 0B       		.uleb128 0xb
 1465 0025 03       		.uleb128 0x3
 1466 0026 0E       		.uleb128 0xe
 1467 0027 00       		.byte	0
 1468 0028 00       		.byte	0
 1469 0029 04       		.uleb128 0x4
 1470 002a 16       		.uleb128 0x16
 1471 002b 00       		.byte	0
 1472 002c 03       		.uleb128 0x3
 1473 002d 0E       		.uleb128 0xe
 1474 002e 3A       		.uleb128 0x3a
 1475 002f 0B       		.uleb128 0xb
 1476 0030 3B       		.uleb128 0x3b
 1477 0031 0B       		.uleb128 0xb
 1478 0032 49       		.uleb128 0x49
 1479 0033 13       		.uleb128 0x13
 1480 0034 00       		.byte	0
 1481 0035 00       		.byte	0
 1482 0036 05       		.uleb128 0x5
 1483 0037 0F       		.uleb128 0xf
 1484 0038 00       		.byte	0
 1485 0039 0B       		.uleb128 0xb
 1486 003a 0B       		.uleb128 0xb
 1487 003b 49       		.uleb128 0x49
 1488 003c 13       		.uleb128 0x13
 1489 003d 00       		.byte	0
 1490 003e 00       		.byte	0
 1491 003f 06       		.uleb128 0x6
 1492 0040 01       		.uleb128 0x1
 1493 0041 01       		.byte	0x1
 1494 0042 49       		.uleb128 0x49
 1495 0043 13       		.uleb128 0x13
 1496 0044 01       		.uleb128 0x1
 1497 0045 13       		.uleb128 0x13
 1498 0046 00       		.byte	0
 1499 0047 00       		.byte	0
 1500 0048 07       		.uleb128 0x7
 1501 0049 21       		.uleb128 0x21
 1502 004a 00       		.byte	0
 1503 004b 49       		.uleb128 0x49
ARM GAS  C:\Users\kland\AppData\Local\Temp\ccffyJxe.s 			page 29


 1504 004c 13       		.uleb128 0x13
 1505 004d 2F       		.uleb128 0x2f
 1506 004e 0B       		.uleb128 0xb
 1507 004f 00       		.byte	0
 1508 0050 00       		.byte	0
 1509 0051 08       		.uleb128 0x8
 1510 0052 16       		.uleb128 0x16
 1511 0053 00       		.byte	0
 1512 0054 03       		.uleb128 0x3
 1513 0055 0E       		.uleb128 0xe
 1514 0056 3A       		.uleb128 0x3a
 1515 0057 0B       		.uleb128 0xb
 1516 0058 3B       		.uleb128 0x3b
 1517 0059 05       		.uleb128 0x5
 1518 005a 49       		.uleb128 0x49
 1519 005b 13       		.uleb128 0x13
 1520 005c 00       		.byte	0
 1521 005d 00       		.byte	0
 1522 005e 09       		.uleb128 0x9
 1523 005f 13       		.uleb128 0x13
 1524 0060 01       		.byte	0x1
 1525 0061 0B       		.uleb128 0xb
 1526 0062 05       		.uleb128 0x5
 1527 0063 3A       		.uleb128 0x3a
 1528 0064 0B       		.uleb128 0xb
 1529 0065 3B       		.uleb128 0x3b
 1530 0066 0B       		.uleb128 0xb
 1531 0067 01       		.uleb128 0x1
 1532 0068 13       		.uleb128 0x13
 1533 0069 00       		.byte	0
 1534 006a 00       		.byte	0
 1535 006b 0A       		.uleb128 0xa
 1536 006c 0D       		.uleb128 0xd
 1537 006d 00       		.byte	0
 1538 006e 03       		.uleb128 0x3
 1539 006f 0E       		.uleb128 0xe
 1540 0070 3A       		.uleb128 0x3a
 1541 0071 0B       		.uleb128 0xb
 1542 0072 3B       		.uleb128 0x3b
 1543 0073 0B       		.uleb128 0xb
 1544 0074 49       		.uleb128 0x49
 1545 0075 13       		.uleb128 0x13
 1546 0076 38       		.uleb128 0x38
 1547 0077 0B       		.uleb128 0xb
 1548 0078 00       		.byte	0
 1549 0079 00       		.byte	0
 1550 007a 0B       		.uleb128 0xb
 1551 007b 13       		.uleb128 0x13
 1552 007c 01       		.byte	0x1
 1553 007d 0B       		.uleb128 0xb
 1554 007e 0B       		.uleb128 0xb
 1555 007f 3A       		.uleb128 0x3a
 1556 0080 0B       		.uleb128 0xb
 1557 0081 3B       		.uleb128 0x3b
 1558 0082 0B       		.uleb128 0xb
 1559 0083 01       		.uleb128 0x1
 1560 0084 13       		.uleb128 0x13
ARM GAS  C:\Users\kland\AppData\Local\Temp\ccffyJxe.s 			page 30


 1561 0085 00       		.byte	0
 1562 0086 00       		.byte	0
 1563 0087 0C       		.uleb128 0xc
 1564 0088 0D       		.uleb128 0xd
 1565 0089 00       		.byte	0
 1566 008a 03       		.uleb128 0x3
 1567 008b 08       		.uleb128 0x8
 1568 008c 3A       		.uleb128 0x3a
 1569 008d 0B       		.uleb128 0xb
 1570 008e 3B       		.uleb128 0x3b
 1571 008f 0B       		.uleb128 0xb
 1572 0090 49       		.uleb128 0x49
 1573 0091 13       		.uleb128 0x13
 1574 0092 38       		.uleb128 0x38
 1575 0093 0B       		.uleb128 0xb
 1576 0094 00       		.byte	0
 1577 0095 00       		.byte	0
 1578 0096 0D       		.uleb128 0xd
 1579 0097 35       		.uleb128 0x35
 1580 0098 00       		.byte	0
 1581 0099 49       		.uleb128 0x49
 1582 009a 13       		.uleb128 0x13
 1583 009b 00       		.byte	0
 1584 009c 00       		.byte	0
 1585 009d 0E       		.uleb128 0xe
 1586 009e 2E       		.uleb128 0x2e
 1587 009f 01       		.byte	0x1
 1588 00a0 3F       		.uleb128 0x3f
 1589 00a1 19       		.uleb128 0x19
 1590 00a2 03       		.uleb128 0x3
 1591 00a3 0E       		.uleb128 0xe
 1592 00a4 3A       		.uleb128 0x3a
 1593 00a5 0B       		.uleb128 0xb
 1594 00a6 3B       		.uleb128 0x3b
 1595 00a7 0B       		.uleb128 0xb
 1596 00a8 27       		.uleb128 0x27
 1597 00a9 19       		.uleb128 0x19
 1598 00aa 49       		.uleb128 0x49
 1599 00ab 13       		.uleb128 0x13
 1600 00ac 11       		.uleb128 0x11
 1601 00ad 01       		.uleb128 0x1
 1602 00ae 12       		.uleb128 0x12
 1603 00af 06       		.uleb128 0x6
 1604 00b0 40       		.uleb128 0x40
 1605 00b1 18       		.uleb128 0x18
 1606 00b2 9642     		.uleb128 0x2116
 1607 00b4 19       		.uleb128 0x19
 1608 00b5 01       		.uleb128 0x1
 1609 00b6 13       		.uleb128 0x13
 1610 00b7 00       		.byte	0
 1611 00b8 00       		.byte	0
 1612 00b9 0F       		.uleb128 0xf
 1613 00ba 05       		.uleb128 0x5
 1614 00bb 00       		.byte	0
 1615 00bc 03       		.uleb128 0x3
 1616 00bd 0E       		.uleb128 0xe
 1617 00be 3A       		.uleb128 0x3a
ARM GAS  C:\Users\kland\AppData\Local\Temp\ccffyJxe.s 			page 31


 1618 00bf 0B       		.uleb128 0xb
 1619 00c0 3B       		.uleb128 0x3b
 1620 00c1 0B       		.uleb128 0xb
 1621 00c2 49       		.uleb128 0x49
 1622 00c3 13       		.uleb128 0x13
 1623 00c4 02       		.uleb128 0x2
 1624 00c5 18       		.uleb128 0x18
 1625 00c6 00       		.byte	0
 1626 00c7 00       		.byte	0
 1627 00c8 10       		.uleb128 0x10
 1628 00c9 34       		.uleb128 0x34
 1629 00ca 00       		.byte	0
 1630 00cb 03       		.uleb128 0x3
 1631 00cc 0E       		.uleb128 0xe
 1632 00cd 3A       		.uleb128 0x3a
 1633 00ce 0B       		.uleb128 0xb
 1634 00cf 3B       		.uleb128 0x3b
 1635 00d0 0B       		.uleb128 0xb
 1636 00d1 49       		.uleb128 0x49
 1637 00d2 13       		.uleb128 0x13
 1638 00d3 02       		.uleb128 0x2
 1639 00d4 18       		.uleb128 0x18
 1640 00d5 00       		.byte	0
 1641 00d6 00       		.byte	0
 1642 00d7 11       		.uleb128 0x11
 1643 00d8 0B       		.uleb128 0xb
 1644 00d9 01       		.byte	0x1
 1645 00da 11       		.uleb128 0x11
 1646 00db 01       		.uleb128 0x1
 1647 00dc 12       		.uleb128 0x12
 1648 00dd 06       		.uleb128 0x6
 1649 00de 00       		.byte	0
 1650 00df 00       		.byte	0
 1651 00e0 12       		.uleb128 0x12
 1652 00e1 34       		.uleb128 0x34
 1653 00e2 00       		.byte	0
 1654 00e3 03       		.uleb128 0x3
 1655 00e4 08       		.uleb128 0x8
 1656 00e5 3A       		.uleb128 0x3a
 1657 00e6 0B       		.uleb128 0xb
 1658 00e7 3B       		.uleb128 0x3b
 1659 00e8 0B       		.uleb128 0xb
 1660 00e9 49       		.uleb128 0x49
 1661 00ea 13       		.uleb128 0x13
 1662 00eb 02       		.uleb128 0x2
 1663 00ec 18       		.uleb128 0x18
 1664 00ed 00       		.byte	0
 1665 00ee 00       		.byte	0
 1666 00ef 13       		.uleb128 0x13
 1667 00f0 2E       		.uleb128 0x2e
 1668 00f1 01       		.byte	0x1
 1669 00f2 3F       		.uleb128 0x3f
 1670 00f3 19       		.uleb128 0x19
 1671 00f4 03       		.uleb128 0x3
 1672 00f5 0E       		.uleb128 0xe
 1673 00f6 3A       		.uleb128 0x3a
 1674 00f7 0B       		.uleb128 0xb
ARM GAS  C:\Users\kland\AppData\Local\Temp\ccffyJxe.s 			page 32


 1675 00f8 3B       		.uleb128 0x3b
 1676 00f9 0B       		.uleb128 0xb
 1677 00fa 27       		.uleb128 0x27
 1678 00fb 19       		.uleb128 0x19
 1679 00fc 11       		.uleb128 0x11
 1680 00fd 01       		.uleb128 0x1
 1681 00fe 12       		.uleb128 0x12
 1682 00ff 06       		.uleb128 0x6
 1683 0100 40       		.uleb128 0x40
 1684 0101 18       		.uleb128 0x18
 1685 0102 9642     		.uleb128 0x2116
 1686 0104 19       		.uleb128 0x19
 1687 0105 01       		.uleb128 0x1
 1688 0106 13       		.uleb128 0x13
 1689 0107 00       		.byte	0
 1690 0108 00       		.byte	0
 1691 0109 14       		.uleb128 0x14
 1692 010a 2E       		.uleb128 0x2e
 1693 010b 01       		.byte	0x1
 1694 010c 3F       		.uleb128 0x3f
 1695 010d 19       		.uleb128 0x19
 1696 010e 03       		.uleb128 0x3
 1697 010f 0E       		.uleb128 0xe
 1698 0110 3A       		.uleb128 0x3a
 1699 0111 0B       		.uleb128 0xb
 1700 0112 3B       		.uleb128 0x3b
 1701 0113 0B       		.uleb128 0xb
 1702 0114 49       		.uleb128 0x49
 1703 0115 13       		.uleb128 0x13
 1704 0116 11       		.uleb128 0x11
 1705 0117 01       		.uleb128 0x1
 1706 0118 12       		.uleb128 0x12
 1707 0119 06       		.uleb128 0x6
 1708 011a 40       		.uleb128 0x40
 1709 011b 18       		.uleb128 0x18
 1710 011c 9642     		.uleb128 0x2116
 1711 011e 19       		.uleb128 0x19
 1712 011f 01       		.uleb128 0x1
 1713 0120 13       		.uleb128 0x13
 1714 0121 00       		.byte	0
 1715 0122 00       		.byte	0
 1716 0123 15       		.uleb128 0x15
 1717 0124 34       		.uleb128 0x34
 1718 0125 00       		.byte	0
 1719 0126 03       		.uleb128 0x3
 1720 0127 0E       		.uleb128 0xe
 1721 0128 3A       		.uleb128 0x3a
 1722 0129 0B       		.uleb128 0xb
 1723 012a 3B       		.uleb128 0x3b
 1724 012b 05       		.uleb128 0x5
 1725 012c 49       		.uleb128 0x49
 1726 012d 13       		.uleb128 0x13
 1727 012e 3F       		.uleb128 0x3f
 1728 012f 19       		.uleb128 0x19
 1729 0130 3C       		.uleb128 0x3c
 1730 0131 19       		.uleb128 0x19
 1731 0132 00       		.byte	0
ARM GAS  C:\Users\kland\AppData\Local\Temp\ccffyJxe.s 			page 33


 1732 0133 00       		.byte	0
 1733 0134 16       		.uleb128 0x16
 1734 0135 34       		.uleb128 0x34
 1735 0136 00       		.byte	0
 1736 0137 03       		.uleb128 0x3
 1737 0138 0E       		.uleb128 0xe
 1738 0139 3A       		.uleb128 0x3a
 1739 013a 0B       		.uleb128 0xb
 1740 013b 3B       		.uleb128 0x3b
 1741 013c 0B       		.uleb128 0xb
 1742 013d 49       		.uleb128 0x49
 1743 013e 13       		.uleb128 0x13
 1744 013f 3F       		.uleb128 0x3f
 1745 0140 19       		.uleb128 0x19
 1746 0141 02       		.uleb128 0x2
 1747 0142 18       		.uleb128 0x18
 1748 0143 00       		.byte	0
 1749 0144 00       		.byte	0
 1750 0145 17       		.uleb128 0x17
 1751 0146 21       		.uleb128 0x21
 1752 0147 00       		.byte	0
 1753 0148 49       		.uleb128 0x49
 1754 0149 13       		.uleb128 0x13
 1755 014a 2F       		.uleb128 0x2f
 1756 014b 05       		.uleb128 0x5
 1757 014c 00       		.byte	0
 1758 014d 00       		.byte	0
 1759 014e 18       		.uleb128 0x18
 1760 014f 34       		.uleb128 0x34
 1761 0150 00       		.byte	0
 1762 0151 03       		.uleb128 0x3
 1763 0152 08       		.uleb128 0x8
 1764 0153 3A       		.uleb128 0x3a
 1765 0154 0B       		.uleb128 0xb
 1766 0155 3B       		.uleb128 0x3b
 1767 0156 0B       		.uleb128 0xb
 1768 0157 49       		.uleb128 0x49
 1769 0158 13       		.uleb128 0x13
 1770 0159 3F       		.uleb128 0x3f
 1771 015a 19       		.uleb128 0x19
 1772 015b 02       		.uleb128 0x2
 1773 015c 18       		.uleb128 0x18
 1774 015d 00       		.byte	0
 1775 015e 00       		.byte	0
 1776 015f 00       		.byte	0
 1777              		.section	.debug_aranges,"",%progbits
 1778 0000 2C000000 		.4byte	0x2c
 1779 0004 0200     		.2byte	0x2
 1780 0006 00000000 		.4byte	.Ldebug_info0
 1781 000a 04       		.byte	0x4
 1782 000b 00       		.byte	0
 1783 000c 0000     		.2byte	0
 1784 000e 0000     		.2byte	0
 1785 0010 00000000 		.4byte	.LFB64
 1786 0014 88000000 		.4byte	.LFE64-.LFB64
 1787 0018 00000000 		.4byte	.LFB65
 1788 001c 3C000000 		.4byte	.LFE65-.LFB65
ARM GAS  C:\Users\kland\AppData\Local\Temp\ccffyJxe.s 			page 34


 1789 0020 00000000 		.4byte	.LFB66
 1790 0024 34010000 		.4byte	.LFE66-.LFB66
 1791 0028 00000000 		.4byte	0
 1792 002c 00000000 		.4byte	0
 1793              		.section	.debug_ranges,"",%progbits
 1794              	.Ldebug_ranges0:
 1795 0000 00000000 		.4byte	.LFB64
 1796 0004 88000000 		.4byte	.LFE64
 1797 0008 00000000 		.4byte	.LFB65
 1798 000c 3C000000 		.4byte	.LFE65
 1799 0010 00000000 		.4byte	.LFB66
 1800 0014 34010000 		.4byte	.LFE66
 1801 0018 00000000 		.4byte	0
 1802 001c 00000000 		.4byte	0
 1803              		.section	.debug_line,"",%progbits
 1804              	.Ldebug_line0:
 1805 0000 21020000 		.section	.debug_str,"MS",%progbits,1
 1805      0200C501 
 1805      00000201 
 1805      FB0E0D00 
 1805      01010101 
 1806              	.LASF17:
 1807 0000 75696E74 		.ascii	"uint16\000"
 1807      313600
 1808              	.LASF64:
 1809 0007 626F6479 		.ascii	"body\000"
 1809      00
 1810              	.LASF95:
 1811 000c 6175746F 		.ascii	"autosampler_enabled\000"
 1811      73616D70 
 1811      6C65725F 
 1811      656E6162 
 1811      6C656400 
 1812              	.LASF83:
 1813 0020 62756666 		.ascii	"buffer_overflow\000"
 1813      65725F6F 
 1813      76657266 
 1813      6C6F7700 
 1814              	.LASF56:
 1815 0030 636F756E 		.ascii	"countDownResetCondition\000"
 1815      74446F77 
 1815      6E526573 
 1815      6574436F 
 1815      6E646974 
 1816              	.LASF118:
 1817 0048 74696D65 		.ascii	"timeToAutosampler\000"
 1817      546F4175 
 1817      746F7361 
 1817      6D706C65 
 1817      7200
 1818              	.LASF92:
 1819 005a 76616C76 		.ascii	"valve_type\000"
 1819      655F7479 
 1819      706500
 1820              	.LASF121:
 1821 0065 474E5520 		.ascii	"GNU C11 5.4.1 20160609 (release) [ARM/embedded-5-br"
 1821      43313120 
ARM GAS  C:\Users\kland\AppData\Local\Temp\ccffyJxe.s 			page 35


 1821      352E342E 
 1821      31203230 
 1821      31363036 
 1822 0098 616E6368 		.ascii	"anch revision 237715] -mcpu=cortex-m3 -mthumb -g -O"
 1822      20726576 
 1822      6973696F 
 1822      6E203233 
 1822      37373135 
 1823 00cb 30202D66 		.ascii	"0 -ffunction-sections -ffat-lto-objects\000"
 1823      66756E63 
 1823      74696F6E 
 1823      2D736563 
 1823      74696F6E 
 1824              	.LASF98:
 1825 00f3 536F6E74 		.ascii	"Sontek_inbox\000"
 1825      656B5F69 
 1825      6E626F78 
 1825      00
 1826              	.LASF9:
 1827 0100 6C6F6E67 		.ascii	"long long unsigned int\000"
 1827      206C6F6E 
 1827      6720756E 
 1827      7369676E 
 1827      65642069 
 1828              	.LASF79:
 1829 0117 6D6F6465 		.ascii	"modem_state\000"
 1829      6D5F7374 
 1829      61746500 
 1830              	.LASF74:
 1831 0123 74657374 		.ascii	"test\000"
 1831      00
 1832              	.LASF104:
 1833 0128 616C6172 		.ascii	"alarmMeasure\000"
 1833      6D4D6561 
 1833      73757265 
 1833      00
 1834              	.LASF78:
 1835 0135 49544D5F 		.ascii	"ITM_RxBuffer\000"
 1835      52784275 
 1835      66666572 
 1835      00
 1836              	.LASF81:
 1837 0142 6D6F6465 		.ascii	"modem_stats\000"
 1837      6D5F7374 
 1837      61747300 
 1838              	.LASF1:
 1839 014e 6C6F6E67 		.ascii	"long long int\000"
 1839      206C6F6E 
 1839      6720696E 
 1839      7400
 1840              	.LASF3:
 1841 015c 7369676E 		.ascii	"signed char\000"
 1841      65642063 
 1841      68617200 
 1842              	.LASF31:
 1843 0168 65636E6F 		.ascii	"ecno\000"
 1843      00
ARM GAS  C:\Users\kland\AppData\Local\Temp\ccffyJxe.s 			page 36


 1844              	.LASF105:
 1845 016d 74696D65 		.ascii	"timeToMeasure\000"
 1845      546F4D65 
 1845      61737572 
 1845      6500
 1846              	.LASF34:
 1847 017b 74696D65 		.ascii	"time_to_network_connect\000"
 1847      5F746F5F 
 1847      6E657477 
 1847      6F726B5F 
 1847      636F6E6E 
 1848              	.LASF107:
 1849 0193 74696D65 		.ascii	"timeToSync\000"
 1849      546F5379 
 1849      6E6300
 1850              	.LASF100:
 1851 019e 68747470 		.ascii	"http_body\000"
 1851      5F626F64 
 1851      7900
 1852              	.LASF91:
 1853 01a8 76616C76 		.ascii	"valve_diameter\000"
 1853      655F6469 
 1853      616D6574 
 1853      657200
 1854              	.LASF71:
 1855 01b7 64617461 		.ascii	"database\000"
 1855      62617365 
 1855      00
 1856              	.LASF28:
 1857 01c0 6D6F6465 		.ascii	"modem_info_t\000"
 1857      6D5F696E 
 1857      666F5F74 
 1857      00
 1858              	.LASF113:
 1859 01cd 616C6172 		.ascii	"alarmDownstreamLevelSensor\000"
 1859      6D446F77 
 1859      6E737472 
 1859      65616D4C 
 1859      6576656C 
 1860              	.LASF29:
 1861 01e8 72786C65 		.ascii	"rxlev\000"
 1861      7600
 1862              	.LASF7:
 1863 01ee 6C6F6E67 		.ascii	"long int\000"
 1863      20696E74 
 1863      00
 1864              	.LASF54:
 1865 01f7 63757272 		.ascii	"currentCountDownValue\000"
 1865      656E7443 
 1865      6F756E74 
 1865      446F776E 
 1865      56616C75 
 1866              	.LASF57:
 1867 020d 616C6172 		.ascii	"alarm\000"
 1867      6D00
 1868              	.LASF16:
 1869 0213 75696E74 		.ascii	"uint8\000"
ARM GAS  C:\Users\kland\AppData\Local\Temp\ccffyJxe.s 			page 37


 1869      3800
 1870              	.LASF65:
 1871 0219 6E6F6465 		.ascii	"node_id\000"
 1871      5F696400 
 1872              	.LASF110:
 1873 0221 74696D65 		.ascii	"timeToAppLED\000"
 1873      546F4170 
 1873      704C4544 
 1873      00
 1874              	.LASF19:
 1875 022e 696E7433 		.ascii	"int32\000"
 1875      3200
 1876              	.LASF37:
 1877 0234 6E6F6465 		.ascii	"node_type\000"
 1877      5F747970 
 1877      6500
 1878              	.LASF59:
 1879 023e 63686970 		.ascii	"chip_uniqueId\000"
 1879      5F756E69 
 1879      71756549 
 1879      6400
 1880              	.LASF26:
 1881 024c 6D6F6465 		.ascii	"model_id\000"
 1881      6C5F6964 
 1881      00
 1882              	.LASF53:
 1883 0255 636F756E 		.ascii	"countDownValue\000"
 1883      74446F77 
 1883      6E56616C 
 1883      756500
 1884              	.LASF41:
 1885 0264 64656275 		.ascii	"debug_level\000"
 1885      675F6C65 
 1885      76656C00 
 1886              	.LASF50:
 1887 0270 76616C75 		.ascii	"value\000"
 1887      6500
 1888              	.LASF106:
 1889 0276 616C6172 		.ascii	"alarmSync\000"
 1889      6D53796E 
 1889      6300
 1890              	.LASF87:
 1891 0280 4170705F 		.ascii	"App_LED_enabled\000"
 1891      4C45445F 
 1891      656E6162 
 1891      6C656400 
 1892              	.LASF122:
 1893 0290 696E666C 		.ascii	"influx.c\000"
 1893      75782E63 
 1893      00
 1894              	.LASF52:
 1895 0299 6B65795F 		.ascii	"key_value_t\000"
 1895      76616C75 
 1895      655F7400 
 1896              	.LASF97:
 1897 02a5 736F6E74 		.ascii	"sontek_enabled\000"
 1897      656B5F65 
ARM GAS  C:\Users\kland\AppData\Local\Temp\ccffyJxe.s 			page 38


 1897      6E61626C 
 1897      656400
 1898              	.LASF8:
 1899 02b4 6C6F6E67 		.ascii	"long unsigned int\000"
 1899      20756E73 
 1899      69676E65 
 1899      6420696E 
 1899      7400
 1900              	.LASF86:
 1901 02c6 64617461 		.ascii	"data\000"
 1901      00
 1902              	.LASF62:
 1903 02cb 65705F70 		.ascii	"ep_port\000"
 1903      6F727400 
 1904              	.LASF58:
 1905 02d3 6D6F6465 		.ascii	"modem_info\000"
 1905      6D5F696E 
 1905      666F00
 1906              	.LASF61:
 1907 02de 65705F68 		.ascii	"ep_host\000"
 1907      6F737400 
 1908              	.LASF94:
 1909 02e6 76616C76 		.ascii	"valve_inbox\000"
 1909      655F696E 
 1909      626F7800 
 1910              	.LASF76:
 1911 02f2 74657374 		.ascii	"test_write_body\000"
 1911      5F777269 
 1911      74655F62 
 1911      6F647900 
 1912              	.LASF35:
 1913 0302 74696D65 		.ascii	"time_to_acquire_ip\000"
 1913      5F746F5F 
 1913      61637175 
 1913      6972655F 
 1913      697000
 1914              	.LASF109:
 1915 0315 616C6172 		.ascii	"alarmAppLED\000"
 1915      6D417070 
 1915      4C454400 
 1916              	.LASF80:
 1917 0321 6D6F6465 		.ascii	"modem_start_time_stamp\000"
 1917      6D5F7374 
 1917      6172745F 
 1917      74696D65 
 1917      5F737461 
 1918              	.LASF60:
 1919 0338 7379735F 		.ascii	"sys_info_t\000"
 1919      696E666F 
 1919      5F7400
 1920              	.LASF49:
 1921 0343 75706461 		.ascii	"updatable_parameters_t\000"
 1921      7461626C 
 1921      655F7061 
 1921      72616D65 
 1921      74657273 
 1922              	.LASF68:
ARM GAS  C:\Users\kland\AppData\Local\Temp\ccffyJxe.s 			page 39


 1923 035a 62617365 		.ascii	"base\000"
 1923      00
 1924              	.LASF84:
 1925 035f 64617461 		.ascii	"dataPointsInStack\000"
 1925      506F696E 
 1925      7473496E 
 1925      53746163 
 1925      6B00
 1926              	.LASF96:
 1927 0371 6175746F 		.ascii	"autosampler_inbox\000"
 1927      73616D70 
 1927      6C65725F 
 1927      696E626F 
 1927      7800
 1928              	.LASF123:
 1929 0383 433A5C55 		.ascii	"C:\\Users\\kland\\OneDrive\\Documents\\GitHub\\noto"
 1929      73657273 
 1929      5C6B6C61 
 1929      6E645C4F 
 1929      6E654472 
 1930 03b0 72694F53 		.ascii	"riOS\\notoriOS.cydsn\000"
 1930      5C6E6F74 
 1930      6F72694F 
 1930      532E6379 
 1930      64736E00 
 1931              	.LASF20:
 1932 03c4 666C6F61 		.ascii	"float32\000"
 1932      74333200 
 1933              	.LASF10:
 1934 03cc 73697A65 		.ascii	"sizetype\000"
 1934      74797065 
 1934      00
 1935              	.LASF63:
 1936 03d5 7379735F 		.ascii	"sys_settings_t\000"
 1936      73657474 
 1936      696E6773 
 1936      5F7400
 1937              	.LASF108:
 1938 03e4 74696D65 		.ascii	"timeToSycnRemoteParams\000"
 1938      546F5379 
 1938      636E5265 
 1938      6D6F7465 
 1938      50617261 
 1939              	.LASF51:
 1940 03fb 74696D65 		.ascii	"timeStamp\000"
 1940      5374616D 
 1940      7000
 1941              	.LASF77:
 1942 0405 636F6D70 		.ascii	"compare\000"
 1942      61726500 
 1943              	.LASF82:
 1944 040d 75706461 		.ascii	"updatable_parameters\000"
 1944      7461626C 
 1944      655F7061 
 1944      72616D65 
 1944      74657273 
 1945              	.LASF116:
ARM GAS  C:\Users\kland\AppData\Local\Temp\ccffyJxe.s 			page 40


 1946 0422 74696D65 		.ascii	"timeToValve\000"
 1946      546F5661 
 1946      6C766500 
 1947              	.LASF15:
 1948 042e 666C6F61 		.ascii	"float\000"
 1948      7400
 1949              	.LASF69:
 1950 0434 75736572 		.ascii	"user\000"
 1950      00
 1951              	.LASF21:
 1952 0439 74657374 		.ascii	"test_name\000"
 1952      5F6E616D 
 1952      6500
 1953              	.LASF48:
 1954 0443 5F426F6F 		.ascii	"_Bool\000"
 1954      6C00
 1955              	.LASF13:
 1956 0449 696E7433 		.ascii	"int32_t\000"
 1956      325F7400 
 1957              	.LASF4:
 1958 0451 756E7369 		.ascii	"unsigned char\000"
 1958      676E6564 
 1958      20636861 
 1958      7200
 1959              	.LASF67:
 1960 045f 726F7574 		.ascii	"route\000"
 1960      6500
 1961              	.LASF103:
 1962 0465 73797374 		.ascii	"system_settings\000"
 1962      656D5F73 
 1962      65747469 
 1962      6E677300 
 1963              	.LASF45:
 1964 0475 56616C76 		.ascii	"Valve_freq\000"
 1964      655F6672 
 1964      657100
 1965              	.LASF32:
 1966 0480 72737271 		.ascii	"rsrq\000"
 1966      00
 1967              	.LASF5:
 1968 0485 73686F72 		.ascii	"short int\000"
 1968      7420696E 
 1968      7400
 1969              	.LASF40:
 1970 048f 73796E63 		.ascii	"sync_time\000"
 1970      5F74696D 
 1970      6500
 1971              	.LASF75:
 1972 0499 65787065 		.ascii	"expected_string\000"
 1972      63746564 
 1972      5F737472 
 1972      696E6700 
 1973              	.LASF73:
 1974 04a9 696E666C 		.ascii	"influx_test\000"
 1974      75785F74 
 1974      65737400 
 1975              	.LASF30:
ARM GAS  C:\Users\kland\AppData\Local\Temp\ccffyJxe.s 			page 41


 1976 04b5 72736370 		.ascii	"rscp\000"
 1976      00
 1977              	.LASF24:
 1978 04ba 74657374 		.ascii	"test_t\000"
 1978      5F7400
 1979              	.LASF102:
 1980 04c1 73797374 		.ascii	"system_info\000"
 1980      656D5F69 
 1980      6E666F00 
 1981              	.LASF27:
 1982 04cd 696D6569 		.ascii	"imei\000"
 1982      00
 1983              	.LASF23:
 1984 04d2 72656173 		.ascii	"reason\000"
 1984      6F6E00
 1985              	.LASF33:
 1986 04d9 72737270 		.ascii	"rsrp\000"
 1986      00
 1987              	.LASF36:
 1988 04de 6D6F6465 		.ascii	"modem_stats_t\000"
 1988      6D5F7374 
 1988      6174735F 
 1988      7400
 1989              	.LASF111:
 1990 04ec 616C6172 		.ascii	"alarmLevelSensor\000"
 1990      6D4C6576 
 1990      656C5365 
 1990      6E736F72 
 1990      00
 1991              	.LASF66:
 1992 04fd 72657175 		.ascii	"request_len\000"
 1992      6573745F 
 1992      6C656E00 
 1993              	.LASF43:
 1994 0509 4C657665 		.ascii	"Level_Sensor_freq\000"
 1994      6C5F5365 
 1994      6E736F72 
 1994      5F667265 
 1994      7100
 1995              	.LASF89:
 1996 051b 6C657665 		.ascii	"level_sensor_inbox\000"
 1996      6C5F7365 
 1996      6E736F72 
 1996      5F696E62 
 1996      6F7800
 1997              	.LASF2:
 1998 052e 6C6F6E67 		.ascii	"long double\000"
 1998      20646F75 
 1998      626C6500 
 1999              	.LASF11:
 2000 053a 63686172 		.ascii	"char\000"
 2000      00
 2001              	.LASF0:
 2002 053f 756E7369 		.ascii	"unsigned int\000"
 2002      676E6564 
 2002      20696E74 
 2002      00
ARM GAS  C:\Users\kland\AppData\Local\Temp\ccffyJxe.s 			page 42


 2003              	.LASF115:
 2004 054c 616C6172 		.ascii	"alarmValve\000"
 2004      6D56616C 
 2004      766500
 2005              	.LASF101:
 2006 0557 68747470 		.ascii	"http_route\000"
 2006      5F726F75 
 2006      746500
 2007              	.LASF47:
 2008 0562 536F6E74 		.ascii	"Sontek_freq\000"
 2008      656B5F66 
 2008      72657100 
 2009              	.LASF12:
 2010 056e 5F5F696E 		.ascii	"__int32_t\000"
 2010      7433325F 
 2010      7400
 2011              	.LASF39:
 2012 0578 6D656173 		.ascii	"measure_time\000"
 2012      7572655F 
 2012      74696D65 
 2012      00
 2013              	.LASF119:
 2014 0585 616C6172 		.ascii	"alarmSontek\000"
 2014      6D536F6E 
 2014      74656B00 
 2015              	.LASF6:
 2016 0591 73686F72 		.ascii	"short unsigned int\000"
 2016      7420756E 
 2016      7369676E 
 2016      65642069 
 2016      6E7400
 2017              	.LASF25:
 2018 05a4 73696D5F 		.ascii	"sim_id\000"
 2018      696400
 2019              	.LASF44:
 2020 05ab 446F776E 		.ascii	"Downstream_Level_Sensor_freq\000"
 2020      73747265 
 2020      616D5F4C 
 2020      6576656C 
 2020      5F53656E 
 2021              	.LASF93:
 2022 05c8 76616C76 		.ascii	"valve_enabled\000"
 2022      655F656E 
 2022      61626C65 
 2022      6400
 2023              	.LASF72:
 2024 05d6 636F6E73 		.ascii	"construct_influx_route\000"
 2024      74727563 
 2024      745F696E 
 2024      666C7578 
 2024      5F726F75 
 2025              	.LASF22:
 2026 05ed 73746174 		.ascii	"status\000"
 2026      757300
 2027              	.LASF112:
 2028 05f4 74696D65 		.ascii	"timeToLevelSensor\000"
 2028      546F4C65 
ARM GAS  C:\Users\kland\AppData\Local\Temp\ccffyJxe.s 			page 43


 2028      76656C53 
 2028      656E736F 
 2028      7200
 2029              	.LASF90:
 2030 0606 6C657665 		.ascii	"level_sensor_enabled\000"
 2030      6C5F7365 
 2030      6E736F72 
 2030      5F656E61 
 2030      626C6564 
 2031              	.LASF85:
 2032 061b 64617461 		.ascii	"dataPointsInStackDesired\000"
 2032      506F696E 
 2032      7473496E 
 2032      53746163 
 2032      6B446573 
 2033              	.LASF42:
 2034 0634 4170705F 		.ascii	"App_LED_freq\000"
 2034      4C45445F 
 2034      66726571 
 2034      00
 2035              	.LASF120:
 2036 0641 74696D65 		.ascii	"timeToSontek\000"
 2036      546F536F 
 2036      6E74656B 
 2036      00
 2037              	.LASF114:
 2038 064e 74696D65 		.ascii	"timeToDownstreamLevelSensor\000"
 2038      546F446F 
 2038      776E7374 
 2038      7265616D 
 2038      4C657665 
 2039              	.LASF117:
 2040 066a 616C6172 		.ascii	"alarmAutosampler\000"
 2040      6D417574 
 2040      6F73616D 
 2040      706C6572 
 2040      00
 2041              	.LASF18:
 2042 067b 696E7431 		.ascii	"int16\000"
 2042      3600
 2043              	.LASF46:
 2044 0681 4175746F 		.ascii	"Autosampler_freq\000"
 2044      73616D70 
 2044      6C65725F 
 2044      66726571 
 2044      00
 2045              	.LASF55:
 2046 0692 636F756E 		.ascii	"countDownType\000"
 2046      74446F77 
 2046      6E547970 
 2046      6500
 2047              	.LASF38:
 2048 06a0 73696D5F 		.ascii	"sim_type\000"
 2048      74797065 
 2048      00
 2049              	.LASF124:
 2050 06a9 636F6E73 		.ascii	"construct_influx_write_body\000"
ARM GAS  C:\Users\kland\AppData\Local\Temp\ccffyJxe.s 			page 44


 2050      74727563 
 2050      745F696E 
 2050      666C7578 
 2050      5F777269 
 2051              	.LASF70:
 2052 06c5 70617373 		.ascii	"pass\000"
 2052      00
 2053              	.LASF99:
 2054 06ca 68747470 		.ascii	"http_request\000"
 2054      5F726571 
 2054      75657374 
 2054      00
 2055              	.LASF14:
 2056 06d7 646F7562 		.ascii	"double\000"
 2056      6C6500
 2057              	.LASF88:
 2058 06de 6170705F 		.ascii	"app_led_inbox\000"
 2058      6C65645F 
 2058      696E626F 
 2058      7800
 2059              		.ident	"GCC: (GNU Tools for ARM Embedded Processors) 5.4.1 20160609 (release) [ARM/embedded-5-bran
