ARM GAS  C:\Users\kland\AppData\Local\Temp\ccKiBlPR.s 			page 1


   1              		.syntax unified
   2              		.cpu cortex-m3
   3              		.fpu softvfp
   4              		.eabi_attribute 20, 1
   5              		.eabi_attribute 21, 1
   6              		.eabi_attribute 23, 3
   7              		.eabi_attribute 24, 1
   8              		.eabi_attribute 25, 1
   9              		.eabi_attribute 26, 1
  10              		.eabi_attribute 30, 6
  11              		.eabi_attribute 34, 1
  12              		.eabi_attribute 18, 4
  13              		.thumb
  14              		.syntax unified
  15              		.file	"main.c"
  16              		.text
  17              	.Ltext0:
  18              		.cfi_sections	.debug_frame
  19              		.comm	buffer_overflow,1,1
  20              		.comm	dataPointsInStack,2,2
  21              		.comm	dataPointsInStackDesired,2,2
  22              		.comm	data,6600,4
  23              		.comm	modem_state,1,1
  24              		.comm	modem_start_time_stamp,4,4
  25              		.comm	modem_info,60,4
  26              		.comm	modem_stats,32,4
  27              		.comm	updatable_parameters,11,4
  28              		.syntax unified
  29              		.global _printf_float
  30              		.thumb
  31              		.syntax unified
  32              		.comm	App_LED_enabled,1,1
  33              		.comm	app_led_inbox,100,4
  34              		.comm	level_sensor_inbox,100,4
  35              		.comm	level_sensor_enabled,1,1
  36              		.comm	valve_diameter,4,4
  37              		.comm	valve_type,10,4
  38              		.comm	valve_enabled,1,1
  39              		.comm	valve_inbox,100,4
  40              		.comm	autosampler_enabled,1,1
  41              		.comm	autosampler_inbox,100,4
  42              		.comm	sontek_enabled,1,1
  43              		.comm	Sontek_inbox,100,4
  44              		.comm	http_request,10000,4
  45              		.comm	http_body,10000,4
  46              		.comm	http_route,200,4
  47              		.comm	system_info,28,4
  48              		.comm	system_settings,104,4
  49              		.comm	alarmMeasure,6,4
  50              		.comm	timeToMeasure,1,1
  51              		.comm	alarmSync,6,4
  52              		.comm	timeToSync,1,1
  53              		.comm	timeToSycnRemoteParams,1,1
  54              		.comm	hey,1,1
  55              		.comm	alarmAppLED,6,4
  56              		.comm	timeToAppLED,1,1
  57              		.comm	alarmLevelSensor,6,4
ARM GAS  C:\Users\kland\AppData\Local\Temp\ccKiBlPR.s 			page 2


  58              		.comm	timeToLevelSensor,1,1
  59              		.comm	alarmDownstreamLevelSensor,6,4
  60              		.comm	timeToDownstreamLevelSensor,1,1
  61              		.comm	alarmValve,6,4
  62              		.comm	timeToValve,1,1
  63              		.comm	alarmAutosampler,6,4
  64              		.comm	timeToAutosampler,1,1
  65              		.comm	alarmSontek,6,4
  66              		.comm	timeToSontek,1,1
  67              	.Letext0:
  68              		.file 1 "c:\\program files (x86)\\cypress\\psoc creator\\4.4\\psoc creator\\import\\gnu\\arm\\5.4.
  69              		.file 2 "c:\\program files (x86)\\cypress\\psoc creator\\4.4\\psoc creator\\import\\gnu\\arm\\5.4.
  70              		.file 3 "Generated_Source\\PSoC5/cytypes.h"
  71              		.file 4 "data.h"
  72              		.file 5 "modem.h"
  73              		.file 6 "notoriOS.h"
  74              		.file 7 "Generated_Source\\PSoC5/core_cm3.h"
  75              		.file 8 "App_LED.h"
  76              		.file 9 "level_sensor.h"
  77              		.file 10 "valve.h"
  78              		.file 11 "autosampler.h"
  79              		.file 12 "sontek.h"
  80              		.section	.debug_info,"",%progbits
  81              	.Ldebug_info0:
  82 0000 6D060000 		.4byte	0x66d
  83 0004 0400     		.2byte	0x4
  84 0006 00000000 		.4byte	.Ldebug_abbrev0
  85 000a 04       		.byte	0x4
  86 000b 01       		.uleb128 0x1
  87 000c 77000000 		.4byte	.LASF103
  88 0010 0C       		.byte	0xc
  89 0011 D8040000 		.4byte	.LASF104
  90 0015 CF020000 		.4byte	.LASF105
  91 0019 00000000 		.4byte	.Ldebug_line0
  92 001d 02       		.uleb128 0x2
  93 001e 01       		.byte	0x1
  94 001f 06       		.byte	0x6
  95 0020 38030000 		.4byte	.LASF0
  96 0024 02       		.uleb128 0x2
  97 0025 01       		.byte	0x1
  98 0026 08       		.byte	0x8
  99 0027 C1020000 		.4byte	.LASF1
 100 002b 02       		.uleb128 0x2
 101 002c 02       		.byte	0x2
 102 002d 05       		.byte	0x5
 103 002e 57000000 		.4byte	.LASF2
 104 0032 02       		.uleb128 0x2
 105 0033 02       		.byte	0x2
 106 0034 07       		.byte	0x7
 107 0035 0A040000 		.4byte	.LASF3
 108 0039 03       		.uleb128 0x3
 109 003a 4F050000 		.4byte	.LASF9
 110 003e 01       		.byte	0x1
 111 003f 3F       		.byte	0x3f
 112 0040 44000000 		.4byte	0x44
 113 0044 02       		.uleb128 0x2
 114 0045 04       		.byte	0x4
ARM GAS  C:\Users\kland\AppData\Local\Temp\ccKiBlPR.s 			page 3


 115 0046 05       		.byte	0x5
 116 0047 18020000 		.4byte	.LASF4
 117 004b 02       		.uleb128 0x2
 118 004c 04       		.byte	0x4
 119 004d 07       		.byte	0x7
 120 004e DF040000 		.4byte	.LASF5
 121 0052 02       		.uleb128 0x2
 122 0053 08       		.byte	0x8
 123 0054 05       		.byte	0x5
 124 0055 05020000 		.4byte	.LASF6
 125 0059 02       		.uleb128 0x2
 126 005a 08       		.byte	0x8
 127 005b 07       		.byte	0x7
 128 005c 61030000 		.4byte	.LASF7
 129 0060 04       		.uleb128 0x4
 130 0061 04       		.byte	0x4
 131 0062 05       		.byte	0x5
 132 0063 696E7400 		.ascii	"int\000"
 133 0067 02       		.uleb128 0x2
 134 0068 04       		.byte	0x4
 135 0069 07       		.byte	0x7
 136 006a 88030000 		.4byte	.LASF8
 137 006e 03       		.uleb128 0x3
 138 006f 7B040000 		.4byte	.LASF10
 139 0073 02       		.byte	0x2
 140 0074 2C       		.byte	0x2c
 141 0075 39000000 		.4byte	0x39
 142 0079 05       		.uleb128 0x5
 143 007a 99010000 		.4byte	.LASF11
 144 007e 03       		.byte	0x3
 145 007f 9201     		.2byte	0x192
 146 0081 24000000 		.4byte	0x24
 147 0085 05       		.uleb128 0x5
 148 0086 5A010000 		.4byte	.LASF12
 149 008a 03       		.byte	0x3
 150 008b 9301     		.2byte	0x193
 151 008d 32000000 		.4byte	0x32
 152 0091 05       		.uleb128 0x5
 153 0092 B0010000 		.4byte	.LASF13
 154 0096 03       		.byte	0x3
 155 0097 9601     		.2byte	0x196
 156 0099 2B000000 		.4byte	0x2b
 157 009d 05       		.uleb128 0x5
 158 009e F1040000 		.4byte	.LASF14
 159 00a2 03       		.byte	0x3
 160 00a3 9701     		.2byte	0x197
 161 00a5 44000000 		.4byte	0x44
 162 00a9 05       		.uleb128 0x5
 163 00aa 2A000000 		.4byte	.LASF15
 164 00ae 03       		.byte	0x3
 165 00af 9801     		.2byte	0x198
 166 00b1 B5000000 		.4byte	0xb5
 167 00b5 02       		.uleb128 0x2
 168 00b6 04       		.byte	0x4
 169 00b7 04       		.byte	0x4
 170 00b8 EA010000 		.4byte	.LASF16
 171 00bc 02       		.uleb128 0x2
ARM GAS  C:\Users\kland\AppData\Local\Temp\ccKiBlPR.s 			page 4


 172 00bd 08       		.byte	0x8
 173 00be 04       		.byte	0x4
 174 00bf F7040000 		.4byte	.LASF17
 175 00c3 02       		.uleb128 0x2
 176 00c4 01       		.byte	0x1
 177 00c5 08       		.byte	0x8
 178 00c6 13020000 		.4byte	.LASF18
 179 00ca 02       		.uleb128 0x2
 180 00cb 08       		.byte	0x8
 181 00cc 04       		.byte	0x4
 182 00cd 05010000 		.4byte	.LASF19
 183 00d1 02       		.uleb128 0x2
 184 00d2 04       		.byte	0x4
 185 00d3 07       		.byte	0x7
 186 00d4 61000000 		.4byte	.LASF20
 187 00d8 06       		.uleb128 0x6
 188 00d9 C3000000 		.4byte	0xc3
 189 00dd E8000000 		.4byte	0xe8
 190 00e1 07       		.uleb128 0x7
 191 00e2 D1000000 		.4byte	0xd1
 192 00e6 17       		.byte	0x17
 193 00e7 00       		.byte	0
 194 00e8 08       		.uleb128 0x8
 195 00e9 2C       		.byte	0x2c
 196 00ea 04       		.byte	0x4
 197 00eb 14       		.byte	0x14
 198 00ec 15010000 		.4byte	0x115
 199 00f0 09       		.uleb128 0x9
 200 00f1 6B657900 		.ascii	"key\000"
 201 00f5 04       		.byte	0x4
 202 00f6 15       		.byte	0x15
 203 00f7 15010000 		.4byte	0x115
 204 00fb 00       		.byte	0
 205 00fc 0A       		.uleb128 0xa
 206 00fd 48010000 		.4byte	.LASF21
 207 0101 04       		.byte	0x4
 208 0102 16       		.byte	0x16
 209 0103 15010000 		.4byte	0x115
 210 0107 14       		.byte	0x14
 211 0108 0A       		.uleb128 0xa
 212 0109 B6010000 		.4byte	.LASF22
 213 010d 04       		.byte	0x4
 214 010e 17       		.byte	0x17
 215 010f 9D000000 		.4byte	0x9d
 216 0113 28       		.byte	0x28
 217 0114 00       		.byte	0
 218 0115 06       		.uleb128 0x6
 219 0116 C3000000 		.4byte	0xc3
 220 011a 25010000 		.4byte	0x125
 221 011e 07       		.uleb128 0x7
 222 011f D1000000 		.4byte	0xd1
 223 0123 13       		.byte	0x13
 224 0124 00       		.byte	0
 225 0125 03       		.uleb128 0x3
 226 0126 95030000 		.4byte	.LASF23
 227 012a 04       		.byte	0x4
 228 012b 19       		.byte	0x19
ARM GAS  C:\Users\kland\AppData\Local\Temp\ccKiBlPR.s 			page 5


 229 012c E8000000 		.4byte	0xe8
 230 0130 08       		.uleb128 0x8
 231 0131 3C       		.byte	0x3c
 232 0132 05       		.byte	0x5
 233 0133 37       		.byte	0x37
 234 0134 5D010000 		.4byte	0x15d
 235 0138 0A       		.uleb128 0xa
 236 0139 17000000 		.4byte	.LASF24
 237 013d 05       		.byte	0x5
 238 013e 38       		.byte	0x38
 239 013f 15010000 		.4byte	0x115
 240 0143 00       		.byte	0
 241 0144 0A       		.uleb128 0xa
 242 0145 0E000000 		.4byte	.LASF25
 243 0149 05       		.byte	0x5
 244 014a 39       		.byte	0x39
 245 014b 15010000 		.4byte	0x115
 246 014f 14       		.byte	0x14
 247 0150 0A       		.uleb128 0xa
 248 0151 76040000 		.4byte	.LASF26
 249 0155 05       		.byte	0x5
 250 0156 3A       		.byte	0x3a
 251 0157 15010000 		.4byte	0x115
 252 015b 28       		.byte	0x28
 253 015c 00       		.byte	0
 254 015d 03       		.uleb128 0x3
 255 015e 34050000 		.4byte	.LASF27
 256 0162 05       		.byte	0x5
 257 0163 3C       		.byte	0x3c
 258 0164 30010000 		.4byte	0x130
 259 0168 08       		.uleb128 0x8
 260 0169 20       		.byte	0x20
 261 016a 05       		.byte	0x5
 262 016b 3E       		.byte	0x3e
 263 016c D1010000 		.4byte	0x1d1
 264 0170 0A       		.uleb128 0xa
 265 0171 F0030000 		.4byte	.LASF28
 266 0175 05       		.byte	0x5
 267 0176 3F       		.byte	0x3f
 268 0177 60000000 		.4byte	0x60
 269 017b 00       		.byte	0
 270 017c 09       		.uleb128 0x9
 271 017d 62657200 		.ascii	"ber\000"
 272 0181 05       		.byte	0x5
 273 0182 40       		.byte	0x40
 274 0183 60000000 		.4byte	0x60
 275 0187 04       		.byte	0x4
 276 0188 0A       		.uleb128 0xa
 277 0189 AB010000 		.4byte	.LASF29
 278 018d 05       		.byte	0x5
 279 018e 41       		.byte	0x41
 280 018f 60000000 		.4byte	0x60
 281 0193 08       		.byte	0x8
 282 0194 0A       		.uleb128 0xa
 283 0195 37010000 		.4byte	.LASF30
 284 0199 05       		.byte	0x5
 285 019a 42       		.byte	0x42
ARM GAS  C:\Users\kland\AppData\Local\Temp\ccKiBlPR.s 			page 6


 286 019b 60000000 		.4byte	0x60
 287 019f 0C       		.byte	0xc
 288 01a0 0A       		.uleb128 0xa
 289 01a1 72000000 		.4byte	.LASF31
 290 01a5 05       		.byte	0x5
 291 01a6 43       		.byte	0x43
 292 01a7 60000000 		.4byte	0x60
 293 01ab 10       		.byte	0x10
 294 01ac 0A       		.uleb128 0xa
 295 01ad 10030000 		.4byte	.LASF32
 296 01b1 05       		.byte	0x5
 297 01b2 44       		.byte	0x44
 298 01b3 60000000 		.4byte	0x60
 299 01b7 14       		.byte	0x14
 300 01b8 0A       		.uleb128 0xa
 301 01b9 1D040000 		.4byte	.LASF33
 302 01bd 05       		.byte	0x5
 303 01be 45       		.byte	0x45
 304 01bf 60000000 		.4byte	0x60
 305 01c3 18       		.byte	0x18
 306 01c4 0A       		.uleb128 0xa
 307 01c5 63040000 		.4byte	.LASF34
 308 01c9 05       		.byte	0x5
 309 01ca 46       		.byte	0x46
 310 01cb 60000000 		.4byte	0x60
 311 01cf 1C       		.byte	0x1c
 312 01d0 00       		.byte	0
 313 01d1 03       		.uleb128 0x3
 314 01d2 83040000 		.4byte	.LASF35
 315 01d6 05       		.byte	0x5
 316 01d7 48       		.byte	0x48
 317 01d8 68010000 		.4byte	0x168
 318 01dc 08       		.uleb128 0x8
 319 01dd 0B       		.byte	0xb
 320 01de 05       		.byte	0x5
 321 01df 54       		.byte	0x54
 322 01e0 69020000 		.4byte	0x269
 323 01e4 0A       		.uleb128 0xa
 324 01e5 F6050000 		.4byte	.LASF36
 325 01e9 05       		.byte	0x5
 326 01ea 56       		.byte	0x56
 327 01eb 79000000 		.4byte	0x79
 328 01ef 00       		.byte	0
 329 01f0 0A       		.uleb128 0xa
 330 01f1 F6030000 		.4byte	.LASF37
 331 01f5 05       		.byte	0x5
 332 01f6 58       		.byte	0x58
 333 01f7 69020000 		.4byte	0x269
 334 01fb 01       		.byte	0x1
 335 01fc 0A       		.uleb128 0xa
 336 01fd 61020000 		.4byte	.LASF38
 337 0201 05       		.byte	0x5
 338 0202 5A       		.byte	0x5a
 339 0203 79000000 		.4byte	0x79
 340 0207 02       		.byte	0x2
 341 0208 0A       		.uleb128 0xa
 342 0209 B5030000 		.4byte	.LASF39
ARM GAS  C:\Users\kland\AppData\Local\Temp\ccKiBlPR.s 			page 7


 343 020d 05       		.byte	0x5
 344 020e 5C       		.byte	0x5c
 345 020f 79000000 		.4byte	0x79
 346 0213 03       		.byte	0x3
 347 0214 0A       		.uleb128 0xa
 348 0215 28050000 		.4byte	.LASF40
 349 0219 05       		.byte	0x5
 350 021a 5F       		.byte	0x5f
 351 021b 79000000 		.4byte	0x79
 352 021f 04       		.byte	0x4
 353 0220 0A       		.uleb128 0xa
 354 0221 11010000 		.4byte	.LASF41
 355 0225 05       		.byte	0x5
 356 0226 64       		.byte	0x64
 357 0227 79000000 		.4byte	0x79
 358 022b 05       		.byte	0x5
 359 022c 0A       		.uleb128 0xa
 360 022d 6E020000 		.4byte	.LASF42
 361 0231 05       		.byte	0x5
 362 0232 66       		.byte	0x66
 363 0233 79000000 		.4byte	0x79
 364 0237 06       		.byte	0x6
 365 0238 0A       		.uleb128 0xa
 366 0239 44030000 		.4byte	.LASF43
 367 023d 05       		.byte	0x5
 368 023e 67       		.byte	0x67
 369 023f 79000000 		.4byte	0x79
 370 0243 07       		.byte	0x7
 371 0244 0A       		.uleb128 0xa
 372 0245 1E010000 		.4byte	.LASF44
 373 0249 05       		.byte	0x5
 374 024a 68       		.byte	0x68
 375 024b 79000000 		.4byte	0x79
 376 024f 08       		.byte	0x8
 377 0250 0A       		.uleb128 0xa
 378 0251 66050000 		.4byte	.LASF45
 379 0255 05       		.byte	0x5
 380 0256 69       		.byte	0x69
 381 0257 79000000 		.4byte	0x79
 382 025b 09       		.byte	0x9
 383 025c 0A       		.uleb128 0xa
 384 025d 1E000000 		.4byte	.LASF46
 385 0261 05       		.byte	0x5
 386 0262 6A       		.byte	0x6a
 387 0263 79000000 		.4byte	0x79
 388 0267 0A       		.byte	0xa
 389 0268 00       		.byte	0
 390 0269 02       		.uleb128 0x2
 391 026a 01       		.byte	0x1
 392 026b 02       		.byte	0x2
 393 026c 91040000 		.4byte	.LASF47
 394 0270 03       		.uleb128 0x3
 395 0271 D9030000 		.4byte	.LASF48
 396 0275 05       		.byte	0x5
 397 0276 71       		.byte	0x71
 398 0277 DC010000 		.4byte	0x1dc
 399 027b 08       		.uleb128 0x8
ARM GAS  C:\Users\kland\AppData\Local\Temp\ccKiBlPR.s 			page 8


 400 027c 06       		.byte	0x6
 401 027d 06       		.byte	0x6
 402 027e 37       		.byte	0x37
 403 027f B4020000 		.4byte	0x2b4
 404 0283 0A       		.uleb128 0xa
 405 0284 48000000 		.4byte	.LASF49
 406 0288 06       		.byte	0x6
 407 0289 39       		.byte	0x39
 408 028a 85000000 		.4byte	0x85
 409 028e 00       		.byte	0
 410 028f 0A       		.uleb128 0xa
 411 0290 32000000 		.4byte	.LASF50
 412 0294 06       		.byte	0x6
 413 0295 3A       		.byte	0x3a
 414 0296 91000000 		.4byte	0x91
 415 029a 02       		.byte	0x2
 416 029b 0A       		.uleb128 0xa
 417 029c 41050000 		.4byte	.LASF51
 418 02a0 06       		.byte	0x6
 419 02a1 3B       		.byte	0x3b
 420 02a2 79000000 		.4byte	0x79
 421 02a6 04       		.byte	0x4
 422 02a7 0A       		.uleb128 0xa
 423 02a8 98050000 		.4byte	.LASF52
 424 02ac 06       		.byte	0x6
 425 02ad 3C       		.byte	0x3c
 426 02ae 79000000 		.4byte	0x79
 427 02b2 05       		.byte	0x5
 428 02b3 00       		.byte	0
 429 02b4 03       		.uleb128 0x3
 430 02b5 5B020000 		.4byte	.LASF53
 431 02b9 06       		.byte	0x6
 432 02ba 3F       		.byte	0x3f
 433 02bb BF020000 		.4byte	0x2bf
 434 02bf 0B       		.uleb128 0xb
 435 02c0 7B020000 		.4byte	0x27b
 436 02c4 08       		.uleb128 0x8
 437 02c5 1C       		.byte	0x1c
 438 02c6 06       		.byte	0x6
 439 02c7 42       		.byte	0x42
 440 02c8 E5020000 		.4byte	0x2e5
 441 02cc 0A       		.uleb128 0xa
 442 02cd 31020000 		.4byte	.LASF54
 443 02d1 06       		.byte	0x6
 444 02d2 44       		.byte	0x44
 445 02d3 E5020000 		.4byte	0x2e5
 446 02d7 00       		.byte	0
 447 02d8 0A       		.uleb128 0xa
 448 02d9 29010000 		.4byte	.LASF55
 449 02dd 06       		.byte	0x6
 450 02de 45       		.byte	0x45
 451 02df D8000000 		.4byte	0xd8
 452 02e3 04       		.byte	0x4
 453 02e4 00       		.byte	0
 454 02e5 0C       		.uleb128 0xc
 455 02e6 04       		.byte	0x4
 456 02e7 5D010000 		.4byte	0x15d
ARM GAS  C:\Users\kland\AppData\Local\Temp\ccKiBlPR.s 			page 9


 457 02eb 03       		.uleb128 0x3
 458 02ec FF030000 		.4byte	.LASF56
 459 02f0 06       		.byte	0x6
 460 02f1 47       		.byte	0x47
 461 02f2 C4020000 		.4byte	0x2c4
 462 02f6 08       		.uleb128 0x8
 463 02f7 68       		.byte	0x68
 464 02f8 06       		.byte	0x6
 465 02f9 4D       		.byte	0x4d
 466 02fa 17030000 		.4byte	0x317
 467 02fe 0A       		.uleb128 0xa
 468 02ff 6A000000 		.4byte	.LASF57
 469 0303 06       		.byte	0x6
 470 0304 52       		.byte	0x52
 471 0305 17030000 		.4byte	0x317
 472 0309 00       		.byte	0
 473 030a 0A       		.uleb128 0xa
 474 030b C5050000 		.4byte	.LASF58
 475 030f 06       		.byte	0x6
 476 0310 53       		.byte	0x53
 477 0311 60000000 		.4byte	0x60
 478 0315 64       		.byte	0x64
 479 0316 00       		.byte	0
 480 0317 06       		.uleb128 0x6
 481 0318 C3000000 		.4byte	0xc3
 482 031c 27030000 		.4byte	0x327
 483 0320 07       		.uleb128 0x7
 484 0321 D1000000 		.4byte	0xd1
 485 0325 63       		.byte	0x63
 486 0326 00       		.byte	0
 487 0327 03       		.uleb128 0x3
 488 0328 B3040000 		.4byte	.LASF59
 489 032c 06       		.byte	0x6
 490 032d 59       		.byte	0x59
 491 032e F6020000 		.4byte	0x2f6
 492 0332 0D       		.uleb128 0xd
 493 0333 0A050000 		.4byte	.LASF60
 494 0337 07       		.byte	0x7
 495 0338 1207     		.2byte	0x712
 496 033a 3E030000 		.4byte	0x33e
 497 033e 0B       		.uleb128 0xb
 498 033f 6E000000 		.4byte	0x6e
 499 0343 0E       		.uleb128 0xe
 500 0344 21020000 		.4byte	.LASF61
 501 0348 04       		.byte	0x4
 502 0349 11       		.byte	0x11
 503 034a 69020000 		.4byte	0x269
 504 034e 05       		.uleb128 0x5
 505 034f 03       		.byte	0x3
 506 0350 00000000 		.4byte	buffer_overflow
 507 0354 0E       		.uleb128 0xe
 508 0355 87010000 		.4byte	.LASF62
 509 0359 04       		.byte	0x4
 510 035a 22       		.byte	0x22
 511 035b 85000000 		.4byte	0x85
 512 035f 05       		.uleb128 0x5
 513 0360 03       		.byte	0x3
ARM GAS  C:\Users\kland\AppData\Local\Temp\ccKiBlPR.s 			page 10


 514 0361 00000000 		.4byte	dataPointsInStack
 515 0365 0E       		.uleb128 0xe
 516 0366 D1010000 		.4byte	.LASF63
 517 036a 04       		.byte	0x4
 518 036b 23       		.byte	0x23
 519 036c 85000000 		.4byte	0x85
 520 0370 05       		.uleb128 0x5
 521 0371 03       		.byte	0x3
 522 0372 00000000 		.4byte	dataPointsInStackDesired
 523 0376 06       		.uleb128 0x6
 524 0377 25010000 		.4byte	0x125
 525 037b 86030000 		.4byte	0x386
 526 037f 07       		.uleb128 0x7
 527 0380 D1000000 		.4byte	0xd1
 528 0384 95       		.byte	0x95
 529 0385 00       		.byte	0
 530 0386 0E       		.uleb128 0xe
 531 0387 AE040000 		.4byte	.LASF64
 532 038b 04       		.byte	0x4
 533 038c 24       		.byte	0x24
 534 038d 76030000 		.4byte	0x376
 535 0391 05       		.uleb128 0x5
 536 0392 03       		.byte	0x3
 537 0393 00000000 		.4byte	data
 538 0397 0E       		.uleb128 0xe
 539 0398 2C030000 		.4byte	.LASF65
 540 039c 05       		.byte	0x5
 541 039d 21       		.byte	0x21
 542 039e 79000000 		.4byte	0x79
 543 03a2 05       		.uleb128 0x5
 544 03a3 03       		.byte	0x3
 545 03a4 00000000 		.4byte	modem_state
 546 03a8 0E       		.uleb128 0xe
 547 03a9 15030000 		.4byte	.LASF66
 548 03ad 05       		.byte	0x5
 549 03ae 74       		.byte	0x74
 550 03af 9D000000 		.4byte	0x9d
 551 03b3 05       		.uleb128 0x5
 552 03b4 03       		.byte	0x3
 553 03b5 00000000 		.4byte	modem_start_time_stamp
 554 03b9 0E       		.uleb128 0xe
 555 03ba 31020000 		.4byte	.LASF54
 556 03be 05       		.byte	0x5
 557 03bf 75       		.byte	0x75
 558 03c0 5D010000 		.4byte	0x15d
 559 03c4 05       		.uleb128 0x5
 560 03c5 03       		.byte	0x3
 561 03c6 00000000 		.4byte	modem_info
 562 03ca 0E       		.uleb128 0xe
 563 03cb BF030000 		.4byte	.LASF67
 564 03cf 05       		.byte	0x5
 565 03d0 76       		.byte	0x76
 566 03d1 D1010000 		.4byte	0x1d1
 567 03d5 05       		.uleb128 0x5
 568 03d6 03       		.byte	0x3
 569 03d7 00000000 		.4byte	modem_stats
 570 03db 0E       		.uleb128 0xe
ARM GAS  C:\Users\kland\AppData\Local\Temp\ccKiBlPR.s 			page 11


 571 03dc B0050000 		.4byte	.LASF68
 572 03e0 05       		.byte	0x5
 573 03e1 77       		.byte	0x77
 574 03e2 70020000 		.4byte	0x270
 575 03e6 05       		.uleb128 0x5
 576 03e7 03       		.byte	0x3
 577 03e8 00000000 		.4byte	updatable_parameters
 578 03ec 0E       		.uleb128 0xe
 579 03ed 00060000 		.4byte	.LASF69
 580 03f1 08       		.byte	0x8
 581 03f2 07       		.byte	0x7
 582 03f3 79000000 		.4byte	0x79
 583 03f7 05       		.uleb128 0x5
 584 03f8 03       		.byte	0x3
 585 03f9 00000000 		.4byte	App_LED_enabled
 586 03fd 0E       		.uleb128 0xe
 587 03fe 97020000 		.4byte	.LASF70
 588 0402 08       		.byte	0x8
 589 0403 08       		.byte	0x8
 590 0404 17030000 		.4byte	0x317
 591 0408 05       		.uleb128 0x5
 592 0409 03       		.byte	0x3
 593 040a 00000000 		.4byte	app_led_inbox
 594 040e 0E       		.uleb128 0xe
 595 040f 35040000 		.4byte	.LASF71
 596 0413 09       		.byte	0x9
 597 0414 25       		.byte	0x25
 598 0415 17030000 		.4byte	0x317
 599 0419 05       		.uleb128 0x5
 600 041a 03       		.byte	0x3
 601 041b 00000000 		.4byte	level_sensor_inbox
 602 041f 0E       		.uleb128 0xe
 603 0420 F0010000 		.4byte	.LASF72
 604 0424 09       		.byte	0x9
 605 0425 27       		.byte	0x27
 606 0426 69020000 		.4byte	0x269
 607 042a 05       		.uleb128 0x5
 608 042b 03       		.byte	0x3
 609 042c 00000000 		.4byte	level_sensor_enabled
 610 0430 0E       		.uleb128 0xe
 611 0431 48040000 		.4byte	.LASF73
 612 0435 0A       		.byte	0xa
 613 0436 2A       		.byte	0x2a
 614 0437 A9000000 		.4byte	0xa9
 615 043b 05       		.uleb128 0x5
 616 043c 03       		.byte	0x3
 617 043d 00000000 		.4byte	valve_diameter
 618 0441 06       		.uleb128 0x6
 619 0442 C3000000 		.4byte	0xc3
 620 0446 51040000 		.4byte	0x451
 621 044a 07       		.uleb128 0x7
 622 044b D1000000 		.4byte	0xd1
 623 044f 09       		.byte	0x9
 624 0450 00       		.byte	0
 625 0451 0E       		.uleb128 0xe
 626 0452 7C010000 		.4byte	.LASF74
 627 0456 0A       		.byte	0xa
ARM GAS  C:\Users\kland\AppData\Local\Temp\ccKiBlPR.s 			page 12


 628 0457 2B       		.byte	0x2b
 629 0458 41040000 		.4byte	0x441
 630 045c 05       		.uleb128 0x5
 631 045d 03       		.byte	0x3
 632 045e 00000000 		.4byte	valve_type
 633 0462 0E       		.uleb128 0xe
 634 0463 00000000 		.4byte	.LASF75
 635 0467 0A       		.byte	0xa
 636 0468 30       		.byte	0x30
 637 0469 79000000 		.4byte	0x79
 638 046d 05       		.uleb128 0x5
 639 046e 03       		.byte	0x3
 640 046f 00000000 		.4byte	valve_enabled
 641 0473 0E       		.uleb128 0xe
 642 0474 4E010000 		.4byte	.LASF76
 643 0478 0A       		.byte	0xa
 644 0479 31       		.byte	0x31
 645 047a 17030000 		.4byte	0x317
 646 047e 05       		.uleb128 0x5
 647 047f 03       		.byte	0x3
 648 0480 00000000 		.4byte	valve_inbox
 649 0484 0E       		.uleb128 0xe
 650 0485 A1030000 		.4byte	.LASF77
 651 0489 0B       		.byte	0xb
 652 048a 69       		.byte	0x69
 653 048b 79000000 		.4byte	0x79
 654 048f 05       		.uleb128 0x5
 655 0490 03       		.byte	0x3
 656 0491 00000000 		.4byte	autosampler_enabled
 657 0495 0E       		.uleb128 0xe
 658 0496 E4050000 		.4byte	.LASF78
 659 049a 0B       		.byte	0xb
 660 049b 6B       		.byte	0x6b
 661 049c 17030000 		.4byte	0x317
 662 04a0 05       		.uleb128 0x5
 663 04a1 03       		.byte	0x3
 664 04a2 00000000 		.4byte	autosampler_inbox
 665 04a6 0E       		.uleb128 0xe
 666 04a7 89050000 		.4byte	.LASF79
 667 04ab 0C       		.byte	0xc
 668 04ac 12       		.byte	0x12
 669 04ad 79000000 		.4byte	0x79
 670 04b1 05       		.uleb128 0x5
 671 04b2 03       		.byte	0x3
 672 04b3 00000000 		.4byte	sontek_enabled
 673 04b7 0E       		.uleb128 0xe
 674 04b8 8A020000 		.4byte	.LASF80
 675 04bc 0C       		.byte	0xc
 676 04bd 13       		.byte	0x13
 677 04be 17030000 		.4byte	0x317
 678 04c2 05       		.uleb128 0x5
 679 04c3 03       		.byte	0x3
 680 04c4 00000000 		.4byte	Sontek_inbox
 681 04c8 06       		.uleb128 0x6
 682 04c9 C3000000 		.4byte	0xc3
 683 04cd D9040000 		.4byte	0x4d9
 684 04d1 0F       		.uleb128 0xf
ARM GAS  C:\Users\kland\AppData\Local\Temp\ccKiBlPR.s 			page 13


 685 04d2 D1000000 		.4byte	0xd1
 686 04d6 0F27     		.2byte	0x270f
 687 04d8 00       		.byte	0
 688 04d9 0E       		.uleb128 0xe
 689 04da 10060000 		.4byte	.LASF81
 690 04de 06       		.byte	0x6
 691 04df 21       		.byte	0x21
 692 04e0 C8040000 		.4byte	0x4c8
 693 04e4 05       		.uleb128 0x5
 694 04e5 03       		.byte	0x3
 695 04e6 00000000 		.4byte	http_request
 696 04ea 0E       		.uleb128 0xe
 697 04eb DA050000 		.4byte	.LASF82
 698 04ef 06       		.byte	0x6
 699 04f0 22       		.byte	0x22
 700 04f1 C8040000 		.4byte	0x4c8
 701 04f5 05       		.uleb128 0x5
 702 04f6 03       		.byte	0x3
 703 04f7 00000000 		.4byte	http_body
 704 04fb 06       		.uleb128 0x6
 705 04fc C3000000 		.4byte	0xc3
 706 0500 0B050000 		.4byte	0x50b
 707 0504 07       		.uleb128 0x7
 708 0505 D1000000 		.4byte	0xd1
 709 0509 C7       		.byte	0xc7
 710 050a 00       		.byte	0
 711 050b 0E       		.uleb128 0xe
 712 050c CD040000 		.4byte	.LASF83
 713 0510 06       		.byte	0x6
 714 0511 23       		.byte	0x23
 715 0512 FB040000 		.4byte	0x4fb
 716 0516 05       		.uleb128 0x5
 717 0517 03       		.byte	0x3
 718 0518 00000000 		.4byte	http_route
 719 051c 0E       		.uleb128 0xe
 720 051d 57040000 		.4byte	.LASF84
 721 0521 06       		.byte	0x6
 722 0522 4A       		.byte	0x4a
 723 0523 EB020000 		.4byte	0x2eb
 724 0527 05       		.uleb128 0x5
 725 0528 03       		.byte	0x3
 726 0529 00000000 		.4byte	system_info
 727 052d 0E       		.uleb128 0xe
 728 052e 78030000 		.4byte	.LASF85
 729 0532 06       		.byte	0x6
 730 0533 5C       		.byte	0x5c
 731 0534 27030000 		.4byte	0x327
 732 0538 05       		.uleb128 0x5
 733 0539 03       		.byte	0x3
 734 053a 00000000 		.4byte	system_settings
 735 053e 0E       		.uleb128 0xe
 736 053f 3C020000 		.4byte	.LASF86
 737 0543 06       		.byte	0x6
 738 0544 78       		.byte	0x78
 739 0545 B4020000 		.4byte	0x2b4
 740 0549 05       		.uleb128 0x5
 741 054a 03       		.byte	0x3
ARM GAS  C:\Users\kland\AppData\Local\Temp\ccKiBlPR.s 			page 14


 742 054b 00000000 		.4byte	alarmMeasure
 743 054f 0E       		.uleb128 0xe
 744 0550 CB030000 		.4byte	.LASF87
 745 0554 06       		.byte	0x6
 746 0555 79       		.byte	0x79
 747 0556 79000000 		.4byte	0x79
 748 055a 05       		.uleb128 0x5
 749 055b 03       		.byte	0x3
 750 055c 00000000 		.4byte	timeToMeasure
 751 0560 0E       		.uleb128 0xe
 752 0561 80020000 		.4byte	.LASF88
 753 0565 06       		.byte	0x6
 754 0566 7A       		.byte	0x7a
 755 0567 B4020000 		.4byte	0x2b4
 756 056b 05       		.uleb128 0x5
 757 056c 03       		.byte	0x3
 758 056d 00000000 		.4byte	alarmSync
 759 0571 0E       		.uleb128 0xe
 760 0572 1D060000 		.4byte	.LASF89
 761 0576 06       		.byte	0x6
 762 0577 7B       		.byte	0x7b
 763 0578 79000000 		.4byte	0x79
 764 057c 05       		.uleb128 0x5
 765 057d 03       		.byte	0x3
 766 057e 00000000 		.4byte	timeToSync
 767 0582 0E       		.uleb128 0xe
 768 0583 97040000 		.4byte	.LASF90
 769 0587 06       		.byte	0x6
 770 0588 7C       		.byte	0x7c
 771 0589 79000000 		.4byte	0x79
 772 058d 05       		.uleb128 0x5
 773 058e 03       		.byte	0x3
 774 058f 00000000 		.4byte	timeToSycnRemoteParams
 775 0593 10       		.uleb128 0x10
 776 0594 68657900 		.ascii	"hey\000"
 777 0598 06       		.byte	0x6
 778 0599 7D       		.byte	0x7d
 779 059a 79000000 		.4byte	0x79
 780 059e 05       		.uleb128 0x5
 781 059f 03       		.byte	0x3
 782 05a0 00000000 		.4byte	hey
 783 05a4 0E       		.uleb128 0xe
 784 05a5 3C010000 		.4byte	.LASF91
 785 05a9 06       		.byte	0x6
 786 05aa 81       		.byte	0x81
 787 05ab B4020000 		.4byte	0x2b4
 788 05af 05       		.uleb128 0x5
 789 05b0 03       		.byte	0x3
 790 05b1 00000000 		.4byte	alarmAppLED
 791 05b5 0E       		.uleb128 0xe
 792 05b6 59050000 		.4byte	.LASF92
 793 05ba 06       		.byte	0x6
 794 05bb 82       		.byte	0x82
 795 05bc 79000000 		.4byte	0x79
 796 05c0 05       		.uleb128 0x5
 797 05c1 03       		.byte	0x3
 798 05c2 00000000 		.4byte	timeToAppLED
ARM GAS  C:\Users\kland\AppData\Local\Temp\ccKiBlPR.s 			page 15


 799 05c6 0E       		.uleb128 0xe
 800 05c7 17050000 		.4byte	.LASF93
 801 05cb 06       		.byte	0x6
 802 05cc 84       		.byte	0x84
 803 05cd B4020000 		.4byte	0x2b4
 804 05d1 05       		.uleb128 0x5
 805 05d2 03       		.byte	0x3
 806 05d3 00000000 		.4byte	alarmLevelSensor
 807 05d7 0E       		.uleb128 0xe
 808 05d8 77050000 		.4byte	.LASF94
 809 05dc 06       		.byte	0x6
 810 05dd 85       		.byte	0x85
 811 05de 79000000 		.4byte	0x79
 812 05e2 05       		.uleb128 0x5
 813 05e3 03       		.byte	0x3
 814 05e4 00000000 		.4byte	timeToLevelSensor
 815 05e8 0E       		.uleb128 0xe
 816 05e9 61010000 		.4byte	.LASF95
 817 05ed 06       		.byte	0x6
 818 05ee 87       		.byte	0x87
 819 05ef B4020000 		.4byte	0x2b4
 820 05f3 05       		.uleb128 0x5
 821 05f4 03       		.byte	0x3
 822 05f5 00000000 		.4byte	alarmDownstreamLevelSensor
 823 05f9 0E       		.uleb128 0xe
 824 05fa A5020000 		.4byte	.LASF96
 825 05fe 06       		.byte	0x6
 826 05ff 88       		.byte	0x88
 827 0600 79000000 		.4byte	0x79
 828 0604 05       		.uleb128 0x5
 829 0605 03       		.byte	0x3
 830 0606 00000000 		.4byte	timeToDownstreamLevelSensor
 831 060a 0E       		.uleb128 0xe
 832 060b C2040000 		.4byte	.LASF97
 833 060f 06       		.byte	0x6
 834 0610 8A       		.byte	0x8a
 835 0611 B4020000 		.4byte	0x2b4
 836 0615 05       		.uleb128 0x5
 837 0616 03       		.byte	0x3
 838 0617 00000000 		.4byte	alarmValve
 839 061b 0E       		.uleb128 0xe
 840 061c 9F010000 		.4byte	.LASF98
 841 0620 06       		.byte	0x6
 842 0621 8B       		.byte	0x8b
 843 0622 79000000 		.4byte	0x79
 844 0626 05       		.uleb128 0x5
 845 0627 03       		.byte	0x3
 846 0628 00000000 		.4byte	timeToValve
 847 062c 0E       		.uleb128 0xe
 848 062d C0010000 		.4byte	.LASF99
 849 0631 06       		.byte	0x6
 850 0632 8D       		.byte	0x8d
 851 0633 B4020000 		.4byte	0x2b4
 852 0637 05       		.uleb128 0x5
 853 0638 03       		.byte	0x3
 854 0639 00000000 		.4byte	alarmAutosampler
 855 063d 0E       		.uleb128 0xe
ARM GAS  C:\Users\kland\AppData\Local\Temp\ccKiBlPR.s 			page 16


 856 063e 49020000 		.4byte	.LASF100
 857 0642 06       		.byte	0x6
 858 0643 8E       		.byte	0x8e
 859 0644 79000000 		.4byte	0x79
 860 0648 05       		.uleb128 0x5
 861 0649 03       		.byte	0x3
 862 064a 00000000 		.4byte	timeToAutosampler
 863 064e 0E       		.uleb128 0xe
 864 064f FE040000 		.4byte	.LASF101
 865 0653 06       		.byte	0x6
 866 0654 90       		.byte	0x90
 867 0655 B4020000 		.4byte	0x2b4
 868 0659 05       		.uleb128 0x5
 869 065a 03       		.byte	0x3
 870 065b 00000000 		.4byte	alarmSontek
 871 065f 0E       		.uleb128 0xe
 872 0660 CD050000 		.4byte	.LASF102
 873 0664 06       		.byte	0x6
 874 0665 91       		.byte	0x91
 875 0666 79000000 		.4byte	0x79
 876 066a 05       		.uleb128 0x5
 877 066b 03       		.byte	0x3
 878 066c 00000000 		.4byte	timeToSontek
 879 0670 00       		.byte	0
 880              		.section	.debug_abbrev,"",%progbits
 881              	.Ldebug_abbrev0:
 882 0000 01       		.uleb128 0x1
 883 0001 11       		.uleb128 0x11
 884 0002 01       		.byte	0x1
 885 0003 25       		.uleb128 0x25
 886 0004 0E       		.uleb128 0xe
 887 0005 13       		.uleb128 0x13
 888 0006 0B       		.uleb128 0xb
 889 0007 03       		.uleb128 0x3
 890 0008 0E       		.uleb128 0xe
 891 0009 1B       		.uleb128 0x1b
 892 000a 0E       		.uleb128 0xe
 893 000b 10       		.uleb128 0x10
 894 000c 17       		.uleb128 0x17
 895 000d 00       		.byte	0
 896 000e 00       		.byte	0
 897 000f 02       		.uleb128 0x2
 898 0010 24       		.uleb128 0x24
 899 0011 00       		.byte	0
 900 0012 0B       		.uleb128 0xb
 901 0013 0B       		.uleb128 0xb
 902 0014 3E       		.uleb128 0x3e
 903 0015 0B       		.uleb128 0xb
 904 0016 03       		.uleb128 0x3
 905 0017 0E       		.uleb128 0xe
 906 0018 00       		.byte	0
 907 0019 00       		.byte	0
 908 001a 03       		.uleb128 0x3
 909 001b 16       		.uleb128 0x16
 910 001c 00       		.byte	0
 911 001d 03       		.uleb128 0x3
 912 001e 0E       		.uleb128 0xe
ARM GAS  C:\Users\kland\AppData\Local\Temp\ccKiBlPR.s 			page 17


 913 001f 3A       		.uleb128 0x3a
 914 0020 0B       		.uleb128 0xb
 915 0021 3B       		.uleb128 0x3b
 916 0022 0B       		.uleb128 0xb
 917 0023 49       		.uleb128 0x49
 918 0024 13       		.uleb128 0x13
 919 0025 00       		.byte	0
 920 0026 00       		.byte	0
 921 0027 04       		.uleb128 0x4
 922 0028 24       		.uleb128 0x24
 923 0029 00       		.byte	0
 924 002a 0B       		.uleb128 0xb
 925 002b 0B       		.uleb128 0xb
 926 002c 3E       		.uleb128 0x3e
 927 002d 0B       		.uleb128 0xb
 928 002e 03       		.uleb128 0x3
 929 002f 08       		.uleb128 0x8
 930 0030 00       		.byte	0
 931 0031 00       		.byte	0
 932 0032 05       		.uleb128 0x5
 933 0033 16       		.uleb128 0x16
 934 0034 00       		.byte	0
 935 0035 03       		.uleb128 0x3
 936 0036 0E       		.uleb128 0xe
 937 0037 3A       		.uleb128 0x3a
 938 0038 0B       		.uleb128 0xb
 939 0039 3B       		.uleb128 0x3b
 940 003a 05       		.uleb128 0x5
 941 003b 49       		.uleb128 0x49
 942 003c 13       		.uleb128 0x13
 943 003d 00       		.byte	0
 944 003e 00       		.byte	0
 945 003f 06       		.uleb128 0x6
 946 0040 01       		.uleb128 0x1
 947 0041 01       		.byte	0x1
 948 0042 49       		.uleb128 0x49
 949 0043 13       		.uleb128 0x13
 950 0044 01       		.uleb128 0x1
 951 0045 13       		.uleb128 0x13
 952 0046 00       		.byte	0
 953 0047 00       		.byte	0
 954 0048 07       		.uleb128 0x7
 955 0049 21       		.uleb128 0x21
 956 004a 00       		.byte	0
 957 004b 49       		.uleb128 0x49
 958 004c 13       		.uleb128 0x13
 959 004d 2F       		.uleb128 0x2f
 960 004e 0B       		.uleb128 0xb
 961 004f 00       		.byte	0
 962 0050 00       		.byte	0
 963 0051 08       		.uleb128 0x8
 964 0052 13       		.uleb128 0x13
 965 0053 01       		.byte	0x1
 966 0054 0B       		.uleb128 0xb
 967 0055 0B       		.uleb128 0xb
 968 0056 3A       		.uleb128 0x3a
 969 0057 0B       		.uleb128 0xb
ARM GAS  C:\Users\kland\AppData\Local\Temp\ccKiBlPR.s 			page 18


 970 0058 3B       		.uleb128 0x3b
 971 0059 0B       		.uleb128 0xb
 972 005a 01       		.uleb128 0x1
 973 005b 13       		.uleb128 0x13
 974 005c 00       		.byte	0
 975 005d 00       		.byte	0
 976 005e 09       		.uleb128 0x9
 977 005f 0D       		.uleb128 0xd
 978 0060 00       		.byte	0
 979 0061 03       		.uleb128 0x3
 980 0062 08       		.uleb128 0x8
 981 0063 3A       		.uleb128 0x3a
 982 0064 0B       		.uleb128 0xb
 983 0065 3B       		.uleb128 0x3b
 984 0066 0B       		.uleb128 0xb
 985 0067 49       		.uleb128 0x49
 986 0068 13       		.uleb128 0x13
 987 0069 38       		.uleb128 0x38
 988 006a 0B       		.uleb128 0xb
 989 006b 00       		.byte	0
 990 006c 00       		.byte	0
 991 006d 0A       		.uleb128 0xa
 992 006e 0D       		.uleb128 0xd
 993 006f 00       		.byte	0
 994 0070 03       		.uleb128 0x3
 995 0071 0E       		.uleb128 0xe
 996 0072 3A       		.uleb128 0x3a
 997 0073 0B       		.uleb128 0xb
 998 0074 3B       		.uleb128 0x3b
 999 0075 0B       		.uleb128 0xb
 1000 0076 49       		.uleb128 0x49
 1001 0077 13       		.uleb128 0x13
 1002 0078 38       		.uleb128 0x38
 1003 0079 0B       		.uleb128 0xb
 1004 007a 00       		.byte	0
 1005 007b 00       		.byte	0
 1006 007c 0B       		.uleb128 0xb
 1007 007d 35       		.uleb128 0x35
 1008 007e 00       		.byte	0
 1009 007f 49       		.uleb128 0x49
 1010 0080 13       		.uleb128 0x13
 1011 0081 00       		.byte	0
 1012 0082 00       		.byte	0
 1013 0083 0C       		.uleb128 0xc
 1014 0084 0F       		.uleb128 0xf
 1015 0085 00       		.byte	0
 1016 0086 0B       		.uleb128 0xb
 1017 0087 0B       		.uleb128 0xb
 1018 0088 49       		.uleb128 0x49
 1019 0089 13       		.uleb128 0x13
 1020 008a 00       		.byte	0
 1021 008b 00       		.byte	0
 1022 008c 0D       		.uleb128 0xd
 1023 008d 34       		.uleb128 0x34
 1024 008e 00       		.byte	0
 1025 008f 03       		.uleb128 0x3
 1026 0090 0E       		.uleb128 0xe
ARM GAS  C:\Users\kland\AppData\Local\Temp\ccKiBlPR.s 			page 19


 1027 0091 3A       		.uleb128 0x3a
 1028 0092 0B       		.uleb128 0xb
 1029 0093 3B       		.uleb128 0x3b
 1030 0094 05       		.uleb128 0x5
 1031 0095 49       		.uleb128 0x49
 1032 0096 13       		.uleb128 0x13
 1033 0097 3F       		.uleb128 0x3f
 1034 0098 19       		.uleb128 0x19
 1035 0099 3C       		.uleb128 0x3c
 1036 009a 19       		.uleb128 0x19
 1037 009b 00       		.byte	0
 1038 009c 00       		.byte	0
 1039 009d 0E       		.uleb128 0xe
 1040 009e 34       		.uleb128 0x34
 1041 009f 00       		.byte	0
 1042 00a0 03       		.uleb128 0x3
 1043 00a1 0E       		.uleb128 0xe
 1044 00a2 3A       		.uleb128 0x3a
 1045 00a3 0B       		.uleb128 0xb
 1046 00a4 3B       		.uleb128 0x3b
 1047 00a5 0B       		.uleb128 0xb
 1048 00a6 49       		.uleb128 0x49
 1049 00a7 13       		.uleb128 0x13
 1050 00a8 3F       		.uleb128 0x3f
 1051 00a9 19       		.uleb128 0x19
 1052 00aa 02       		.uleb128 0x2
 1053 00ab 18       		.uleb128 0x18
 1054 00ac 00       		.byte	0
 1055 00ad 00       		.byte	0
 1056 00ae 0F       		.uleb128 0xf
 1057 00af 21       		.uleb128 0x21
 1058 00b0 00       		.byte	0
 1059 00b1 49       		.uleb128 0x49
 1060 00b2 13       		.uleb128 0x13
 1061 00b3 2F       		.uleb128 0x2f
 1062 00b4 05       		.uleb128 0x5
 1063 00b5 00       		.byte	0
 1064 00b6 00       		.byte	0
 1065 00b7 10       		.uleb128 0x10
 1066 00b8 34       		.uleb128 0x34
 1067 00b9 00       		.byte	0
 1068 00ba 03       		.uleb128 0x3
 1069 00bb 08       		.uleb128 0x8
 1070 00bc 3A       		.uleb128 0x3a
 1071 00bd 0B       		.uleb128 0xb
 1072 00be 3B       		.uleb128 0x3b
 1073 00bf 0B       		.uleb128 0xb
 1074 00c0 49       		.uleb128 0x49
 1075 00c1 13       		.uleb128 0x13
 1076 00c2 3F       		.uleb128 0x3f
 1077 00c3 19       		.uleb128 0x19
 1078 00c4 02       		.uleb128 0x2
 1079 00c5 18       		.uleb128 0x18
 1080 00c6 00       		.byte	0
 1081 00c7 00       		.byte	0
 1082 00c8 00       		.byte	0
 1083              		.section	.debug_aranges,"",%progbits
ARM GAS  C:\Users\kland\AppData\Local\Temp\ccKiBlPR.s 			page 20


 1084 0000 14000000 		.4byte	0x14
 1085 0004 0200     		.2byte	0x2
 1086 0006 00000000 		.4byte	.Ldebug_info0
 1087 000a 04       		.byte	0x4
 1088 000b 00       		.byte	0
 1089 000c 0000     		.2byte	0
 1090 000e 0000     		.2byte	0
 1091 0010 00000000 		.4byte	0
 1092 0014 00000000 		.4byte	0
 1093              		.section	.debug_line,"",%progbits
 1094              	.Ldebug_line0:
 1095 0000 B2010000 		.section	.debug_str,"MS",%progbits,1
 1095      0200AC01 
 1095      00000201 
 1095      FB0E0D00 
 1095      01010101 
 1096              	.LASF75:
 1097 0000 76616C76 		.ascii	"valve_enabled\000"
 1097      655F656E 
 1097      61626C65 
 1097      6400
 1098              	.LASF25:
 1099 000e 6D6F6465 		.ascii	"model_id\000"
 1099      6C5F6964 
 1099      00
 1100              	.LASF24:
 1101 0017 73696D5F 		.ascii	"sim_id\000"
 1101      696400
 1102              	.LASF46:
 1103 001e 536F6E74 		.ascii	"Sontek_freq\000"
 1103      656B5F66 
 1103      72657100 
 1104              	.LASF15:
 1105 002a 666C6F61 		.ascii	"float32\000"
 1105      74333200 
 1106              	.LASF50:
 1107 0032 63757272 		.ascii	"currentCountDownValue\000"
 1107      656E7443 
 1107      6F756E74 
 1107      446F776E 
 1107      56616C75 
 1108              	.LASF49:
 1109 0048 636F756E 		.ascii	"countDownValue\000"
 1109      74446F77 
 1109      6E56616C 
 1109      756500
 1110              	.LASF2:
 1111 0057 73686F72 		.ascii	"short int\000"
 1111      7420696E 
 1111      7400
 1112              	.LASF20:
 1113 0061 73697A65 		.ascii	"sizetype\000"
 1113      74797065 
 1113      00
 1114              	.LASF57:
 1115 006a 65705F68 		.ascii	"ep_host\000"
 1115      6F737400 
ARM GAS  C:\Users\kland\AppData\Local\Temp\ccKiBlPR.s 			page 21


 1116              	.LASF31:
 1117 0072 72737271 		.ascii	"rsrq\000"
 1117      00
 1118              	.LASF103:
 1119 0077 474E5520 		.ascii	"GNU C11 5.4.1 20160609 (release) [ARM/embedded-5-br"
 1119      43313120 
 1119      352E342E 
 1119      31203230 
 1119      31363036 
 1120 00aa 616E6368 		.ascii	"anch revision 237715] -mcpu=cortex-m3 -mthumb -g -O"
 1120      20726576 
 1120      6973696F 
 1120      6E203233 
 1120      37373135 
 1121 00dd 30202D66 		.ascii	"0 -ffunction-sections -ffat-lto-objects\000"
 1121      66756E63 
 1121      74696F6E 
 1121      2D736563 
 1121      74696F6E 
 1122              	.LASF19:
 1123 0105 6C6F6E67 		.ascii	"long double\000"
 1123      20646F75 
 1123      626C6500 
 1124              	.LASF41:
 1125 0111 4170705F 		.ascii	"App_LED_freq\000"
 1125      4C45445F 
 1125      66726571 
 1125      00
 1126              	.LASF44:
 1127 011e 56616C76 		.ascii	"Valve_freq\000"
 1127      655F6672 
 1127      657100
 1128              	.LASF55:
 1129 0129 63686970 		.ascii	"chip_uniqueId\000"
 1129      5F756E69 
 1129      71756549 
 1129      6400
 1130              	.LASF30:
 1131 0137 65636E6F 		.ascii	"ecno\000"
 1131      00
 1132              	.LASF91:
 1133 013c 616C6172 		.ascii	"alarmAppLED\000"
 1133      6D417070 
 1133      4C454400 
 1134              	.LASF21:
 1135 0148 76616C75 		.ascii	"value\000"
 1135      6500
 1136              	.LASF76:
 1137 014e 76616C76 		.ascii	"valve_inbox\000"
 1137      655F696E 
 1137      626F7800 
 1138              	.LASF12:
 1139 015a 75696E74 		.ascii	"uint16\000"
 1139      313600
 1140              	.LASF95:
 1141 0161 616C6172 		.ascii	"alarmDownstreamLevelSensor\000"
 1141      6D446F77 
ARM GAS  C:\Users\kland\AppData\Local\Temp\ccKiBlPR.s 			page 22


 1141      6E737472 
 1141      65616D4C 
 1141      6576656C 
 1142              	.LASF74:
 1143 017c 76616C76 		.ascii	"valve_type\000"
 1143      655F7479 
 1143      706500
 1144              	.LASF62:
 1145 0187 64617461 		.ascii	"dataPointsInStack\000"
 1145      506F696E 
 1145      7473496E 
 1145      53746163 
 1145      6B00
 1146              	.LASF11:
 1147 0199 75696E74 		.ascii	"uint8\000"
 1147      3800
 1148              	.LASF98:
 1149 019f 74696D65 		.ascii	"timeToValve\000"
 1149      546F5661 
 1149      6C766500 
 1150              	.LASF29:
 1151 01ab 72736370 		.ascii	"rscp\000"
 1151      00
 1152              	.LASF13:
 1153 01b0 696E7431 		.ascii	"int16\000"
 1153      3600
 1154              	.LASF22:
 1155 01b6 74696D65 		.ascii	"timeStamp\000"
 1155      5374616D 
 1155      7000
 1156              	.LASF99:
 1157 01c0 616C6172 		.ascii	"alarmAutosampler\000"
 1157      6D417574 
 1157      6F73616D 
 1157      706C6572 
 1157      00
 1158              	.LASF63:
 1159 01d1 64617461 		.ascii	"dataPointsInStackDesired\000"
 1159      506F696E 
 1159      7473496E 
 1159      53746163 
 1159      6B446573 
 1160              	.LASF16:
 1161 01ea 666C6F61 		.ascii	"float\000"
 1161      7400
 1162              	.LASF72:
 1163 01f0 6C657665 		.ascii	"level_sensor_enabled\000"
 1163      6C5F7365 
 1163      6E736F72 
 1163      5F656E61 
 1163      626C6564 
 1164              	.LASF6:
 1165 0205 6C6F6E67 		.ascii	"long long int\000"
 1165      206C6F6E 
 1165      6720696E 
 1165      7400
 1166              	.LASF18:
ARM GAS  C:\Users\kland\AppData\Local\Temp\ccKiBlPR.s 			page 23


 1167 0213 63686172 		.ascii	"char\000"
 1167      00
 1168              	.LASF4:
 1169 0218 6C6F6E67 		.ascii	"long int\000"
 1169      20696E74 
 1169      00
 1170              	.LASF61:
 1171 0221 62756666 		.ascii	"buffer_overflow\000"
 1171      65725F6F 
 1171      76657266 
 1171      6C6F7700 
 1172              	.LASF54:
 1173 0231 6D6F6465 		.ascii	"modem_info\000"
 1173      6D5F696E 
 1173      666F00
 1174              	.LASF86:
 1175 023c 616C6172 		.ascii	"alarmMeasure\000"
 1175      6D4D6561 
 1175      73757265 
 1175      00
 1176              	.LASF100:
 1177 0249 74696D65 		.ascii	"timeToAutosampler\000"
 1177      546F4175 
 1177      746F7361 
 1177      6D706C65 
 1177      7200
 1178              	.LASF53:
 1179 025b 616C6172 		.ascii	"alarm\000"
 1179      6D00
 1180              	.LASF38:
 1181 0261 6D656173 		.ascii	"measure_time\000"
 1181      7572655F 
 1181      74696D65 
 1181      00
 1182              	.LASF42:
 1183 026e 4C657665 		.ascii	"Level_Sensor_freq\000"
 1183      6C5F5365 
 1183      6E736F72 
 1183      5F667265 
 1183      7100
 1184              	.LASF88:
 1185 0280 616C6172 		.ascii	"alarmSync\000"
 1185      6D53796E 
 1185      6300
 1186              	.LASF80:
 1187 028a 536F6E74 		.ascii	"Sontek_inbox\000"
 1187      656B5F69 
 1187      6E626F78 
 1187      00
 1188              	.LASF70:
 1189 0297 6170705F 		.ascii	"app_led_inbox\000"
 1189      6C65645F 
 1189      696E626F 
 1189      7800
 1190              	.LASF96:
 1191 02a5 74696D65 		.ascii	"timeToDownstreamLevelSensor\000"
 1191      546F446F 
ARM GAS  C:\Users\kland\AppData\Local\Temp\ccKiBlPR.s 			page 24


 1191      776E7374 
 1191      7265616D 
 1191      4C657665 
 1192              	.LASF1:
 1193 02c1 756E7369 		.ascii	"unsigned char\000"
 1193      676E6564 
 1193      20636861 
 1193      7200
 1194              	.LASF105:
 1195 02cf 433A5C55 		.ascii	"C:\\Users\\kland\\OneDrive\\Documents\\GitHub\\noto"
 1195      73657273 
 1195      5C6B6C61 
 1195      6E645C4F 
 1195      6E654472 
 1196 02fc 72694F53 		.ascii	"riOS\\notoriOS.cydsn\000"
 1196      5C6E6F74 
 1196      6F72694F 
 1196      532E6379 
 1196      64736E00 
 1197              	.LASF32:
 1198 0310 72737270 		.ascii	"rsrp\000"
 1198      00
 1199              	.LASF66:
 1200 0315 6D6F6465 		.ascii	"modem_start_time_stamp\000"
 1200      6D5F7374 
 1200      6172745F 
 1200      74696D65 
 1200      5F737461 
 1201              	.LASF65:
 1202 032c 6D6F6465 		.ascii	"modem_state\000"
 1202      6D5F7374 
 1202      61746500 
 1203              	.LASF0:
 1204 0338 7369676E 		.ascii	"signed char\000"
 1204      65642063 
 1204      68617200 
 1205              	.LASF43:
 1206 0344 446F776E 		.ascii	"Downstream_Level_Sensor_freq\000"
 1206      73747265 
 1206      616D5F4C 
 1206      6576656C 
 1206      5F53656E 
 1207              	.LASF7:
 1208 0361 6C6F6E67 		.ascii	"long long unsigned int\000"
 1208      206C6F6E 
 1208      6720756E 
 1208      7369676E 
 1208      65642069 
 1209              	.LASF85:
 1210 0378 73797374 		.ascii	"system_settings\000"
 1210      656D5F73 
 1210      65747469 
 1210      6E677300 
 1211              	.LASF8:
 1212 0388 756E7369 		.ascii	"unsigned int\000"
 1212      676E6564 
 1212      20696E74 
ARM GAS  C:\Users\kland\AppData\Local\Temp\ccKiBlPR.s 			page 25


 1212      00
 1213              	.LASF23:
 1214 0395 6B65795F 		.ascii	"key_value_t\000"
 1214      76616C75 
 1214      655F7400 
 1215              	.LASF77:
 1216 03a1 6175746F 		.ascii	"autosampler_enabled\000"
 1216      73616D70 
 1216      6C65725F 
 1216      656E6162 
 1216      6C656400 
 1217              	.LASF39:
 1218 03b5 73796E63 		.ascii	"sync_time\000"
 1218      5F74696D 
 1218      6500
 1219              	.LASF67:
 1220 03bf 6D6F6465 		.ascii	"modem_stats\000"
 1220      6D5F7374 
 1220      61747300 
 1221              	.LASF87:
 1222 03cb 74696D65 		.ascii	"timeToMeasure\000"
 1222      546F4D65 
 1222      61737572 
 1222      6500
 1223              	.LASF48:
 1224 03d9 75706461 		.ascii	"updatable_parameters_t\000"
 1224      7461626C 
 1224      655F7061 
 1224      72616D65 
 1224      74657273 
 1225              	.LASF28:
 1226 03f0 72786C65 		.ascii	"rxlev\000"
 1226      7600
 1227              	.LASF37:
 1228 03f6 73696D5F 		.ascii	"sim_type\000"
 1228      74797065 
 1228      00
 1229              	.LASF56:
 1230 03ff 7379735F 		.ascii	"sys_info_t\000"
 1230      696E666F 
 1230      5F7400
 1231              	.LASF3:
 1232 040a 73686F72 		.ascii	"short unsigned int\000"
 1232      7420756E 
 1232      7369676E 
 1232      65642069 
 1232      6E7400
 1233              	.LASF33:
 1234 041d 74696D65 		.ascii	"time_to_network_connect\000"
 1234      5F746F5F 
 1234      6E657477 
 1234      6F726B5F 
 1234      636F6E6E 
 1235              	.LASF71:
 1236 0435 6C657665 		.ascii	"level_sensor_inbox\000"
 1236      6C5F7365 
 1236      6E736F72 
ARM GAS  C:\Users\kland\AppData\Local\Temp\ccKiBlPR.s 			page 26


 1236      5F696E62 
 1236      6F7800
 1237              	.LASF73:
 1238 0448 76616C76 		.ascii	"valve_diameter\000"
 1238      655F6469 
 1238      616D6574 
 1238      657200
 1239              	.LASF84:
 1240 0457 73797374 		.ascii	"system_info\000"
 1240      656D5F69 
 1240      6E666F00 
 1241              	.LASF34:
 1242 0463 74696D65 		.ascii	"time_to_acquire_ip\000"
 1242      5F746F5F 
 1242      61637175 
 1242      6972655F 
 1242      697000
 1243              	.LASF26:
 1244 0476 696D6569 		.ascii	"imei\000"
 1244      00
 1245              	.LASF10:
 1246 047b 696E7433 		.ascii	"int32_t\000"
 1246      325F7400 
 1247              	.LASF35:
 1248 0483 6D6F6465 		.ascii	"modem_stats_t\000"
 1248      6D5F7374 
 1248      6174735F 
 1248      7400
 1249              	.LASF47:
 1250 0491 5F426F6F 		.ascii	"_Bool\000"
 1250      6C00
 1251              	.LASF90:
 1252 0497 74696D65 		.ascii	"timeToSycnRemoteParams\000"
 1252      546F5379 
 1252      636E5265 
 1252      6D6F7465 
 1252      50617261 
 1253              	.LASF64:
 1254 04ae 64617461 		.ascii	"data\000"
 1254      00
 1255              	.LASF59:
 1256 04b3 7379735F 		.ascii	"sys_settings_t\000"
 1256      73657474 
 1256      696E6773 
 1256      5F7400
 1257              	.LASF97:
 1258 04c2 616C6172 		.ascii	"alarmValve\000"
 1258      6D56616C 
 1258      766500
 1259              	.LASF83:
 1260 04cd 68747470 		.ascii	"http_route\000"
 1260      5F726F75 
 1260      746500
 1261              	.LASF104:
 1262 04d8 6D61696E 		.ascii	"main.c\000"
 1262      2E6300
 1263              	.LASF5:
ARM GAS  C:\Users\kland\AppData\Local\Temp\ccKiBlPR.s 			page 27


 1264 04df 6C6F6E67 		.ascii	"long unsigned int\000"
 1264      20756E73 
 1264      69676E65 
 1264      6420696E 
 1264      7400
 1265              	.LASF14:
 1266 04f1 696E7433 		.ascii	"int32\000"
 1266      3200
 1267              	.LASF17:
 1268 04f7 646F7562 		.ascii	"double\000"
 1268      6C6500
 1269              	.LASF101:
 1270 04fe 616C6172 		.ascii	"alarmSontek\000"
 1270      6D536F6E 
 1270      74656B00 
 1271              	.LASF60:
 1272 050a 49544D5F 		.ascii	"ITM_RxBuffer\000"
 1272      52784275 
 1272      66666572 
 1272      00
 1273              	.LASF93:
 1274 0517 616C6172 		.ascii	"alarmLevelSensor\000"
 1274      6D4C6576 
 1274      656C5365 
 1274      6E736F72 
 1274      00
 1275              	.LASF40:
 1276 0528 64656275 		.ascii	"debug_level\000"
 1276      675F6C65 
 1276      76656C00 
 1277              	.LASF27:
 1278 0534 6D6F6465 		.ascii	"modem_info_t\000"
 1278      6D5F696E 
 1278      666F5F74 
 1278      00
 1279              	.LASF51:
 1280 0541 636F756E 		.ascii	"countDownType\000"
 1280      74446F77 
 1280      6E547970 
 1280      6500
 1281              	.LASF9:
 1282 054f 5F5F696E 		.ascii	"__int32_t\000"
 1282      7433325F 
 1282      7400
 1283              	.LASF92:
 1284 0559 74696D65 		.ascii	"timeToAppLED\000"
 1284      546F4170 
 1284      704C4544 
 1284      00
 1285              	.LASF45:
 1286 0566 4175746F 		.ascii	"Autosampler_freq\000"
 1286      73616D70 
 1286      6C65725F 
 1286      66726571 
 1286      00
 1287              	.LASF94:
 1288 0577 74696D65 		.ascii	"timeToLevelSensor\000"
ARM GAS  C:\Users\kland\AppData\Local\Temp\ccKiBlPR.s 			page 28


 1288      546F4C65 
 1288      76656C53 
 1288      656E736F 
 1288      7200
 1289              	.LASF79:
 1290 0589 736F6E74 		.ascii	"sontek_enabled\000"
 1290      656B5F65 
 1290      6E61626C 
 1290      656400
 1291              	.LASF52:
 1292 0598 636F756E 		.ascii	"countDownResetCondition\000"
 1292      74446F77 
 1292      6E526573 
 1292      6574436F 
 1292      6E646974 
 1293              	.LASF68:
 1294 05b0 75706461 		.ascii	"updatable_parameters\000"
 1294      7461626C 
 1294      655F7061 
 1294      72616D65 
 1294      74657273 
 1295              	.LASF58:
 1296 05c5 65705F70 		.ascii	"ep_port\000"
 1296      6F727400 
 1297              	.LASF102:
 1298 05cd 74696D65 		.ascii	"timeToSontek\000"
 1298      546F536F 
 1298      6E74656B 
 1298      00
 1299              	.LASF82:
 1300 05da 68747470 		.ascii	"http_body\000"
 1300      5F626F64 
 1300      7900
 1301              	.LASF78:
 1302 05e4 6175746F 		.ascii	"autosampler_inbox\000"
 1302      73616D70 
 1302      6C65725F 
 1302      696E626F 
 1302      7800
 1303              	.LASF36:
 1304 05f6 6E6F6465 		.ascii	"node_type\000"
 1304      5F747970 
 1304      6500
 1305              	.LASF69:
 1306 0600 4170705F 		.ascii	"App_LED_enabled\000"
 1306      4C45445F 
 1306      656E6162 
 1306      6C656400 
 1307              	.LASF81:
 1308 0610 68747470 		.ascii	"http_request\000"
 1308      5F726571 
 1308      75657374 
 1308      00
 1309              	.LASF89:
 1310 061d 74696D65 		.ascii	"timeToSync\000"
 1310      546F5379 
 1310      6E6300
ARM GAS  C:\Users\kland\AppData\Local\Temp\ccKiBlPR.s 			page 29


 1311              		.ident	"GCC: (GNU Tools for ARM Embedded Processors) 5.4.1 20160609 (release) [ARM/embedded-5-bran
