Archive member included to satisfy reference by file (symbol)

.\CortexM3\ARM_GCC_541\Debug\notoriOS.a(CyLib.o)
                              .\CortexM3\ARM_GCC_541\Debug\Cm3Start.o (CyResetStatus)
.\CortexM3\ARM_GCC_541\Debug\notoriOS.a(cyPm.o)
                              .\CortexM3\ARM_GCC_541\Debug\notoriOS.o (CyPmSaveClocks)
.\CortexM3\ARM_GCC_541\Debug\notoriOS.a(isr_SleepTimer.o)
                              .\CortexM3\ARM_GCC_541\Debug\notoriOS.o (isr_SleepTimer_StartEx)
.\CortexM3\ARM_GCC_541\Debug\notoriOS.a(SleepTimer.o)
                              .\CortexM3\ARM_GCC_541\Debug\notoriOS.o (SleepTimer_Start)
.\CortexM3\ARM_GCC_541\Debug\notoriOS.a(LED.o)
                              .\CortexM3\ARM_GCC_541\Debug\notoriOS.o (LED_Write)
.\CortexM3\ARM_GCC_541\Debug\notoriOS.a(RTC.o)
                              .\CortexM3\ARM_GCC_541\Debug\notoriOS.o (RTC_Start)
.\CortexM3\ARM_GCC_541\Debug\notoriOS.a(RTC_INT.o)
                              .\CortexM3\ARM_GCC_541\Debug\notoriOS.a(RTC.o) (RTC_ISR)
.\CortexM3\ARM_GCC_541\Debug\notoriOS.a(Level_Sensor_UART.o)
                              .\CortexM3\ARM_GCC_541\Debug\level_sensor.o (Level_Sensor_UART_Start)
.\CortexM3\ARM_GCC_541\Debug\notoriOS.a(Level_Sensor_ISR.o)
                              .\CortexM3\ARM_GCC_541\Debug\level_sensor.o (Level_Sensor_ISR_StartEx)
.\CortexM3\ARM_GCC_541\Debug\notoriOS.a(Level_Sensor_Power.o)
                              .\CortexM3\ARM_GCC_541\Debug\level_sensor.o (Level_Sensor_Power_Write)
.\CortexM3\ARM_GCC_541\Debug\notoriOS.a(emFile_PM.o)
                              .\CortexM3\ARM_GCC_541\Debug\sd_card.o (emFile_Sleep)
.\CortexM3\ARM_GCC_541\Debug\notoriOS.a(SD_Card_Power.o)
                              .\CortexM3\ARM_GCC_541\Debug\sd_card.o (SD_Card_Power_Write)
.\CortexM3\ARM_GCC_541\Debug\notoriOS.a(emFile_SPI0_PM.o)
                              .\CortexM3\ARM_GCC_541\Debug\notoriOS.a(emFile_PM.o) (emFile_SPI0_SaveConfig)
.\CortexM3\ARM_GCC_541\Debug\notoriOS.a(emFile_mosi0.o)
                              .\CortexM3\ARM_GCC_541\Debug\sd_card.o (emFile_mosi0_Write)
.\CortexM3\ARM_GCC_541\Debug\notoriOS.a(emFile_miso0.o)
                              .\CortexM3\ARM_GCC_541\Debug\sd_card.o (emFile_miso0_Write)
.\CortexM3\ARM_GCC_541\Debug\notoriOS.a(emFile_sclk0.o)
                              .\CortexM3\ARM_GCC_541\Debug\sd_card.o (emFile_sclk0_Write)
.\CortexM3\ARM_GCC_541\Debug\notoriOS.a(emFile_SPI0_CS.o)
                              .\CortexM3\ARM_GCC_541\Debug\sd_card.o (emFile_SPI0_CS_Write)
.\CortexM3\ARM_GCC_541\Debug\notoriOS.a(ADC.o)
                              .\CortexM3\ARM_GCC_541\Debug\voltages.o (ADC_Start)
.\CortexM3\ARM_GCC_541\Debug\notoriOS.a(ADC_PM.o)
                              .\CortexM3\ARM_GCC_541\Debug\voltages.o (ADC_SaveConfig)
.\CortexM3\ARM_GCC_541\Debug\notoriOS.a(ADC_INT.o)
                              .\CortexM3\ARM_GCC_541\Debug\notoriOS.a(ADC.o) (ADC_ISR1)
.\CortexM3\ARM_GCC_541\Debug\notoriOS.a(AMux.o)
                              .\CortexM3\ARM_GCC_541\Debug\voltages.o (AMux_Start)
.\CortexM3\ARM_GCC_541\Debug\notoriOS.a(Battery_Voltage_Enable.o)
                              .\CortexM3\ARM_GCC_541\Debug\voltages.o (Battery_Voltage_Enable_Write)
.\CortexM3\ARM_GCC_541\Debug\notoriOS.a(ADC_AMux.o)
                              .\CortexM3\ARM_GCC_541\Debug\notoriOS.a(ADC.o) (ADC_AMux_Select)
.\CortexM3\ARM_GCC_541\Debug\notoriOS.a(ADC_Ext_CP_Clk.o)
                              .\CortexM3\ARM_GCC_541\Debug\notoriOS.a(ADC.o) (ADC_Ext_CP_Clk_SetDividerRegister)
.\CortexM3\ARM_GCC_541\Debug\notoriOS.a(ADC_theACLK.o)
                              .\CortexM3\ARM_GCC_541\Debug\notoriOS.a(ADC.o) (ADC_theACLK_SetDividerRegister)
.\CortexM3\ARM_GCC_541\Debug\notoriOS.a(Debug_UART.o)
                              .\CortexM3\ARM_GCC_541\Debug\debug.o (Debug_UART_Start)
.\CortexM3\ARM_GCC_541\Debug\notoriOS.a(Debug_UART_PM.o)
                              .\CortexM3\ARM_GCC_541\Debug\debug.o (Debug_UART_Sleep)
.\CortexM3\ARM_GCC_541\Debug\notoriOS.a(Debug_UART_IntClock.o)
                              .\CortexM3\ARM_GCC_541\Debug\notoriOS.a(Debug_UART.o) (Debug_UART_IntClock_Start)
.\CortexM3\ARM_GCC_541\Debug\notoriOS.a(Pin_Telit_ONOFF.o)
                              .\CortexM3\ARM_GCC_541\Debug\modem.o (Pin_Telit_ONOFF_Write)
.\CortexM3\ARM_GCC_541\Debug\notoriOS.a(Pin_Telit_pwr.o)
                              .\CortexM3\ARM_GCC_541\Debug\modem.o (Pin_Telit_pwr_Write)
.\CortexM3\ARM_GCC_541\Debug\notoriOS.a(Pin_Telit_SWRDY.o)
                              .\CortexM3\ARM_GCC_541\Debug\modem.o (Pin_Telit_SWRDY_Write)
.\CortexM3\ARM_GCC_541\Debug\notoriOS.a(UART_Telit.o)
                              .\CortexM3\ARM_GCC_541\Debug\modem.o (UART_Telit_Start)
.\CortexM3\ARM_GCC_541\Debug\notoriOS.a(UART_Telit_PM.o)
                              .\CortexM3\ARM_GCC_541\Debug\modem.o (UART_Telit_Sleep)
.\CortexM3\ARM_GCC_541\Debug\notoriOS.a(isr_telit_rx.o)
[...]
Memory Configuration

Name             Origin             Length             Attributes
rom              0x00000000         0x00040000         xr
ram              0x1fff8000         0x00010000         xrw
*default*        0x00000000         0xffffffff

Linker script and memory map

LOAD c:/program files (x86)/cypress/psoc creator/4.4/psoc creator/import/gnu/arm/5.4.1/bin/../lib/gcc/arm-none-eabi/5.4.1/armv7-m/crti.o
LOAD c:/program files (x86)/cypress/psoc creator/4.4/psoc creator/import/gnu/arm/5.4.1/bin/../lib/gcc/arm-none-eabi/5.4.1/armv7-m/crtbegin.o
LOAD c:/program files (x86)/cypress/psoc creator/4.4/psoc creator/import/gnu/arm/5.4.1/bin/../lib/gcc/arm-none-eabi/5.4.1/../../../../arm-none-eabi/lib/armv7-m/crt0.o
START GROUP
LOAD .\CortexM3\ARM_GCC_541\Debug\level_sensor.o
LOAD .\CortexM3\ARM_GCC_541\Debug\sd_card.o
LOAD .\CortexM3\ARM_GCC_541\Debug\debug.o
LOAD .\CortexM3\ARM_GCC_541\Debug\voltages.o
LOAD .\CortexM3\ARM_GCC_541\Debug\modem.o
LOAD .\CortexM3\ARM_GCC_541\Debug\data.o
LOAD .\CortexM3\ARM_GCC_541\Debug\influx.o
LOAD .\CortexM3\ARM_GCC_541\Debug\diss_oxy.o
LOAD .\CortexM3\ARM_GCC_541\Debug\notoriOS.o
LOAD .\CortexM3\ARM_GCC_541\Debug\main.o
LOAD .\CortexM3\ARM_GCC_541\Debug\cyfitter_cfg.o
LOAD .\CortexM3\ARM_GCC_541\Debug\cymetadata.o
LOAD .\CortexM3\ARM_GCC_541\Debug\Cm3Start.o
LOAD .\CortexM3\ARM_GCC_541\Debug\notoriOS.a
LOAD C:\Program Files (x86)\Cypress\PSoC Creator\4.4\PSoC Creator\psoc\content\cycomponentlibrary\CyComponentLibrary.cylib\CortexM3\ARM_GCC_541\Debug\CyComponentLibrary.a
LOAD ..\emFile_V322c\LinkLibrary\PSoC5\GCC\libemf32nosnlfn.a
LOAD c:/program files (x86)/cypress/psoc creator/4.4/psoc creator/import/gnu/arm/5.4.1/bin/../lib/gcc/arm-none-eabi/5.4.1/../../../../arm-none-eabi/lib/armv7-m\libm.a
END GROUP
START GROUP
LOAD c:/program files (x86)/cypress/psoc creator/4.4/psoc creator/import/gnu/arm/5.4.1/bin/../lib/gcc/arm-none-eabi/5.4.1/armv7-m\libgcc.a
LOAD c:/program files (x86)/cypress/psoc creator/4.4/psoc creator/import/gnu/arm/5.4.1/bin/../lib/gcc/arm-none-eabi/5.4.1/../../../../arm-none-eabi/lib/armv7-m\libg.a
LOAD c:/program files (x86)/cypress/psoc creator/4.4/psoc creator/import/gnu/arm/5.4.1/bin/../lib/gcc/arm-none-eabi/5.4.1/../../../../arm-none-eabi/lib/armv7-m\libc.a
END GROUP
LOAD c:/program files (x86)/cypress/psoc creator/4.4/psoc creator/import/gnu/arm/5.4.1/bin/../lib/gcc/arm-none-eabi/5.4.1/armv7-m/crtend.o
LOAD c:/program files (x86)/cypress/psoc creator/4.4/psoc creator/import/gnu/arm/5.4.1/bin/../lib/gcc/arm-none-eabi/5.4.1/armv7-m/crtn.o
START GROUP
LOAD c:/program files (x86)/cypress/psoc creator/4.4/psoc creator/import/gnu/arm/5.4.1/bin/../lib/gcc/arm-none-eabi/5.4.1/armv7-m\libgcc.a
LOAD c:/program files (x86)/cypress/psoc creator/4.4/psoc creator/import/gnu/arm/5.4.1/bin/../lib/gcc/arm-none-eabi/5.4.1/../../../../arm-none-eabi/lib/armv7-m\libc.a
LOAD c:/program files (x86)/cypress/psoc creator/4.4/psoc creator/import/gnu/arm/5.4.1/bin/../lib/gcc/arm-none-eabi/5.4.1/../../../../arm-none-eabi/lib/armv7-m\libnosys.a
END GROUP
                0x00000000                CY_APPL_ORIGIN = 0x0
                0x00000100                CY_FLASH_ROW_SIZE = 0x100
                0x00000020                CY_ECC_ROW_SIZE = 0x20
                0x00000000                CY_EE_IN_BTLDR = 0x0
                0x00000000                CY_APPL_LOADABLE = 0x0
                0x00000800                CY_EE_SIZE = 0x800
                0x00000001                CY_APPL_NUM = 0x1
                0x00000001                CY_APPL_MAX = 0x1
                0x00000040                CY_METADATA_SIZE = 0x40
                0x00000000                CY_APPL_LOADABLE = 0x0
                0x00000000                CY_CHECKSUM_EXCLUDE_SIZE = ALIGN (0x0, CY_FLASH_ROW_SIZE)
                [!provide]                PROVIDE (__cy_heap_start, _end)
                0x00000001                PROVIDE (__cy_region_num, ((__cy_regions_end - __cy_regions) / 0x10))
                0x20008000                PROVIDE (__cy_stack, (ORIGIN (ram) + LENGTH (ram)))
                [!provide]                PROVIDE (__cy_heap_end, (__cy_stack - 0x1000))

.cybootloader   0x00000000        0x0
 *(.cybootloader)
                0x00000000                appl1_start = CY_APPL_ORIGIN?CY_APPL_ORIGIN:ALIGN (CY_FLASH_ROW_SIZE)
                0x0001ff00                appl2_start = (appl1_start + ALIGN ((((LENGTH (rom) - appl1_start) - (0x2 * CY_FLASH_ROW_SIZE)) / 0x2), CY_FLASH_ROW_SIZE))
                0x00000000                appl_start = (CY_APPL_NUM == 0x1)?appl1_start:appl2_start
                0x00000000                ecc_offset = ((appl_start / CY_FLASH_ROW_SIZE) * CY_ECC_ROW_SIZE)
                0x00000000                ee_offset = (CY_APPL_LOADABLE && ! (CY_EE_IN_BTLDR))?((CY_EE_SIZE / CY_APPL_MAX) * (CY_APPL_NUM - 0x1)):0x0
                0x00000800                ee_size = (CY_APPL_LOADABLE && ! (CY_EE_IN_BTLDR))?(CY_EE_SIZE / CY_APPL_MAX):CY_EE_SIZE
                [!provide]                PROVIDE (CY_ECC_OFFSET, ecc_offset)

.text           0x00000000    0x15a18
 CREATE_OBJECT_SYMBOLS
                0x00000000                PROVIDE (__cy_interrupt_vector, RomVectors)
 *(.romvectors)
 .romvectors    0x00000000       0x10 .\CortexM3\ARM_GCC_541\Debug\Cm3Start.o
                0x00000000                RomVectors
                0x00000001                ASSERT ((. != __cy_interrupt_vector), No interrupt vector)
                0x00000001                ASSERT (CY_APPL_ORIGIN?(SIZEOF (.cybootloader) <= CY_APPL_ORIGIN):0x1, Wrong image location)
                0x00000010                PROVIDE (__cy_reset, Reset)
 *(.text.Reset)
 .text.Reset    0x00000010       0x18 .\CortexM3\ARM_GCC_541\Debug\Cm3Start.o
                0x00000010                Reset
                0x00000001                ASSERT ((. != __cy_reset), No reset code)
 *(.dma_init)
                0x00000001                ASSERT ((((appl_start + .) <= 0x10000) || 0x1), DMA Init must be within the first 64k of flash)
 *(.text .text.* .gnu.linkonce.t.*)
 .text          0x00000028       0x5c c:/program files (x86)/cypress/psoc creator/4.4/psoc creator/import/gnu/arm/5.4.1/bin/../lib/gcc/arm-none-eabi/5.4.1/armv7-m/crtbegin.o
 .text.uart_clear
                0x00000084       0x28 .\CortexM3\ARM_GCC_541\Debug\level_sensor.o
                0x00000084                uart_clear
 .text.Level_Sensor_ISR
                0x000000ac       0x70 .\CortexM3\ARM_GCC_541\Debug\level_sensor.o
                0x000000ac                Level_Sensor_ISR
 .text.level_sensor_take_reading
                0x0000011c      0x11c .\CortexM3\ARM_GCC_541\Debug\level_sensor.o
                0x0000011c                level_sensor_take_reading
 .text.level_sensor_test
                0x00000238       0xcc .\CortexM3\ARM_GCC_541\Debug\level_sensor.o
                0x00000238                level_sensor_test
 .text.find_median
                0x00000304       0x90 .\CortexM3\ARM_GCC_541\Debug\level_sensor.o
                0x00000304                find_median
 .text.sort     0x00000394       0x98 .\CortexM3\ARM_GCC_541\Debug\level_sensor.o
                0x00000394                sort
 .text.swap     0x0000042c       0x2c .\CortexM3\ARM_GCC_541\Debug\level_sensor.o
                0x0000042c                swap
 .text.SD_rmfile
                0x00000458       0x2c .\CortexM3\ARM_GCC_541\Debug\sd_card.o
                0x00000458                SD_rmfile
 .text.SD_write
                0x00000484       0x6c .\CortexM3\ARM_GCC_541\Debug\sd_card.o
                0x00000484                SD_write
 .text.SD_read  0x000004f0       0x68 .\CortexM3\ARM_GCC_541\Debug\sd_card.o
                0x000004f0                SD_read
 .text.SD_power_up
                0x00000558       0x18 .\CortexM3\ARM_GCC_541\Debug\sd_card.o
                0x00000558                SD_power_up
 .text.SD_power_down
                0x00000570       0x30 .\CortexM3\ARM_GCC_541\Debug\sd_card.o
                0x00000570                SD_power_down
 .text.SD_card_test
                0x000005a0      0x120 .\CortexM3\ARM_GCC_541\Debug\sd_card.o
                0x000005a0                SD_card_test
 .text.debug_start
                0x000006c0        0xc .\CortexM3\ARM_GCC_541\Debug\debug.o
                0x000006c0                debug_start
 .text.debug_sleep
                0x000006cc       0x20 .\CortexM3\ARM_GCC_541\Debug\debug.o
                0x000006cc                debug_sleep
 .text.debug_wakeup
                0x000006ec        0xc .\CortexM3\ARM_GCC_541\Debug\debug.o
                0x000006ec                debug_wakeup
 .text.printNotif
                0x000006f8       0xf0 .\CortexM3\ARM_GCC_541\Debug\debug.o
                0x000006f8                printNotif
 .text.printTestStatus
                0x000007e8       0x78 .\CortexM3\ARM_GCC_541\Debug\debug.o
                0x000007e8                printTestStatus
 .text.getTimeStamp
                0x00000860       0x58 .\CortexM3\ARM_GCC_541\Debug\debug.o
                0x00000860                getTimeStamp
 .text.printd   0x000008b8       0x3c .\CortexM3\ARM_GCC_541\Debug\debug.o
                0x000008b8                printd
 *fill*         0x000008f4        0x4 
 .text.voltage_take_readings
                0x000008f8      0x134 .\CortexM3\ARM_GCC_541\Debug\voltages.o
                0x000008f8                voltage_take_readings
 *fill*         0x00000a2c        0x4 
 .text.pressure_sensor_readings
                0x00000a30      0x198 .\CortexM3\ARM_GCC_541\Debug\voltages.o
                0x00000a30                pressure_sensor_readings
 .text.pressure_calculations
                0x00000bc8       0xc4 .\CortexM3\ARM_GCC_541\Debug\voltages.o
                0x00000bc8                pressure_calculations
 .text.sort32   0x00000c8c       0x74 .\CortexM3\ARM_GCC_541\Debug\voltages.o
                0x00000c8c                sort32
 .text.swap32   0x00000d00       0x28 .\CortexM3\ARM_GCC_541\Debug\voltages.o
                0x00000d00                swap32
 .text.find_median32
                0x00000d28       0x84 .\CortexM3\ARM_GCC_541\Debug\voltages.o
                0x00000d28                find_median32
 .text.voltages_test
                0x00000dac       0xbc .\CortexM3\ARM_GCC_541\Debug\voltages.o
                0x00000dac                voltages_test
 .text.pressure_sensor_test
                0x00000e68      0x104 .\CortexM3\ARM_GCC_541\Debug\voltages.o
                0x00000e68                pressure_sensor_test
 .text.isr_telit_rx
                0x00000f6c       0x44 .\CortexM3\ARM_GCC_541\Debug\modem.o
                0x00000f6c                isr_telit_rx
 .text.modem_initialize
                0x00000fb0       0x6c .\CortexM3\ARM_GCC_541\Debug\modem.o
                0x00000fb0                modem_initialize
 .text.pins_configure_inactive
                0x0000101c       0x34 .\CortexM3\ARM_GCC_541\Debug\modem.o
                0x0000101c                pins_configure_inactive
 .text.pins_configure_active
                0x00001050       0x20 .\CortexM3\ARM_GCC_541\Debug\modem.o
                0x00001050                pins_configure_active
 .text.modem_power_down
                0x00001070       0x40 .\CortexM3\ARM_GCC_541\Debug\modem.o
                0x00001070                modem_power_down
 .text.modem_power_up
                0x000010b0       0xdc .\CortexM3\ARM_GCC_541\Debug\modem.o
                0x000010b0                modem_power_up
 .text.modem_soft_power_cycle
                0x0000118c       0x1c .\CortexM3\ARM_GCC_541\Debug\modem.o
                0x0000118c                modem_soft_power_cycle
 .text.uart_string_reset
                0x000011a8       0x28 .\CortexM3\ARM_GCC_541\Debug\modem.o
                0x000011a8                uart_string_reset
 .text.at_write_command
                0x000011d0       0xb8 .\CortexM3\ARM_GCC_541\Debug\modem.o
                0x000011d0                at_write_command
 .text.modem_test
                0x00001288      0x100 .\CortexM3\ARM_GCC_541\Debug\modem.o
                0x00001288                modem_test
 .text.extract_string
                0x00001388       0x78 .\CortexM3\ARM_GCC_541\Debug\modem.o
                0x00001388                extract_string
 .text.modem_process_tasks
                0x00001400      0x13c .\CortexM3\ARM_GCC_541\Debug\modem.o
                0x00001400                modem_process_tasks
 .text.is_connected_to_cell_network
                0x0000153c       0xb8 .\CortexM3\ARM_GCC_541\Debug\modem.o
                0x0000153c                is_connected_to_cell_network
 .text.set_up_internet_connection
                0x000015f4       0x1c .\CortexM3\ARM_GCC_541\Debug\modem.o
                0x000015f4                set_up_internet_connection
 .text.is_connected_to_internet
                0x00001610       0x28 .\CortexM3\ARM_GCC_541\Debug\modem.o
                0x00001610                is_connected_to_internet
 .text.get_cell_network_stats
                0x00001638       0x84 .\CortexM3\ARM_GCC_541\Debug\modem.o
                0x00001638                get_cell_network_stats
 .text.updatable_parameters_initialize
                0x000016bc       0x30 .\CortexM3\ARM_GCC_541\Debug\modem.o
                0x000016bc                updatable_parameters_initialize
 .text.get_updated_parameters_from_malcom
                0x000016ec      0x20c .\CortexM3\ARM_GCC_541\Debug\modem.o
                0x000016ec                get_updated_parameters_from_malcom
 .text.modem_configure_settings
                0x000018f8      0x168 .\CortexM3\ARM_GCC_541\Debug\modem.o
                0x000018f8                modem_configure_settings
 .text.modem_get_network_time
                0x00001a60      0x144 .\CortexM3\ARM_GCC_541\Debug\modem.o
                0x00001a60                modem_get_network_time
 .text.modem_get_state
                0x00001ba4       0x14 .\CortexM3\ARM_GCC_541\Debug\modem.o
                0x00001ba4                modem_get_state
 .text.modem_sleep
                0x00001bb8       0x1c .\CortexM3\ARM_GCC_541\Debug\modem.o
                0x00001bb8                modem_sleep
 .text.modem_wakeup
                0x00001bd4       0x2c .\CortexM3\ARM_GCC_541\Debug\modem.o
                0x00001bd4                modem_wakeup
 .text.pushData
                0x00001c00       0xb4 .\CortexM3\ARM_GCC_541\Debug\data.o
                0x00001c00                pushData
 .text.Clear_Data_Stack
                0x00001cb4       0x74 .\CortexM3\ARM_GCC_541\Debug\data.o
                0x00001cb4                Clear_Data_Stack
 .text.sizeOfDataStackDesired
                0x00001d28       0x14 .\CortexM3\ARM_GCC_541\Debug\data.o
                0x00001d28                sizeOfDataStackDesired
 .text.sizeOfDataStack
                0x00001d3c       0x14 .\CortexM3\ARM_GCC_541\Debug\data.o
                0x00001d3c                sizeOfDataStack
 .text.construct_generic_HTTP_request
                0x00001d50       0xf8 .\CortexM3\ARM_GCC_541\Debug\data.o
                0x00001d50                construct_generic_HTTP_request
 .text.construct_malcom_body
                0x00001e48       0xe8 .\CortexM3\ARM_GCC_541\Debug\data.o
                0x00001e48                construct_malcom_body
 .text.construct_malcom_route
                0x00001f30       0x38 .\CortexM3\ARM_GCC_541\Debug\data.o
                0x00001f30                construct_malcom_route
 .text.DO_ISR   0x00001f68       0x44 .\CortexM3\ARM_GCC_541\Debug\diss_oxy.o
                0x00001f68                DO_ISR
 .text.DO_read  0x00001fac       0xf8 .\CortexM3\ARM_GCC_541\Debug\diss_oxy.o
                0x00001fac                DO_read
 .text.DO_sensor_test
                0x000020a4      0x174 .\CortexM3\ARM_GCC_541\Debug\diss_oxy.o
                0x000020a4                DO_sensor_test
 .text.float_find_median
                0x00002218       0x7c .\CortexM3\ARM_GCC_541\Debug\diss_oxy.o
                0x00002218                float_find_median
 .text.fsort    0x00002294       0x80 .\CortexM3\ARM_GCC_541\Debug\diss_oxy.o
                0x00002294                fsort
 .text.fswap    0x00002314       0x28 .\CortexM3\ARM_GCC_541\Debug\diss_oxy.o
                0x00002314                fswap
 .text.Wakeup_ISR
                0x0000233c        0xc .\CortexM3\ARM_GCC_541\Debug\notoriOS.o
                0x0000233c                Wakeup_ISR
 .text.ReadyOrNot
                0x00002348      0x12c .\CortexM3\ARM_GCC_541\Debug\notoriOS.o
                0x00002348                ReadyOrNot
 .text.WorkWorkWorkWorkWorkWork
                0x00002474       0x64 .\CortexM3\ARM_GCC_541\Debug\notoriOS.o
                0x00002474                WorkWorkWorkWorkWorkWork
 .text.LayBack  0x000024d8       0x2c .\CortexM3\ARM_GCC_541\Debug\notoriOS.o
                0x000024d8                LayBack
 .text.AyoItsTime
                0x00002504       0x50 .\CortexM3\ARM_GCC_541\Debug\notoriOS.o
                0x00002504                AyoItsTime
 .text.AlarmReady
                0x00002554       0x48 .\CortexM3\ARM_GCC_541\Debug\notoriOS.o
                0x00002554                AlarmReady
 .text.ResetAlarm
                0x0000259c       0x20 .\CortexM3\ARM_GCC_541\Debug\notoriOS.o
                0x0000259c                ResetAlarm
 .text.CreateAlarm
                0x000025bc       0x48 .\CortexM3\ARM_GCC_541\Debug\notoriOS.o
                0x000025bc                CreateAlarm
 .text.ChickityCheckYourselfBeforeYouWreckYourself
                0x00002604      0x12c .\CortexM3\ARM_GCC_541\Debug\notoriOS.o
                0x00002604                ChickityCheckYourselfBeforeYouWreckYourself
 .text.main     0x00002730       0x20 .\CortexM3\ARM_GCC_541\Debug\notoriOS.o
                0x00002730                main
 .text.syncData
                0x00002750      0x430 .\CortexM3\ARM_GCC_541\Debug\notoriOS.o
                0x00002750                syncData
 .text.configureRemoteParams
                0x00002b80       0x44 .\CortexM3\ARM_GCC_541\Debug\notoriOS.o
                0x00002b80                configureRemoteParams
 .text.makeMeasurements
                0x00002bc4      0x274 .\CortexM3\ARM_GCC_541\Debug\notoriOS.o
                0x00002bc4                makeMeasurements
 .text.setTime  0x00002e38       0x74 .\CortexM3\ARM_GCC_541\Debug\notoriOS.o
                0x00002e38                setTime
 .text.CYMEMZERO
                0x00002eac       0x1c .\CortexM3\ARM_GCC_541\Debug\cyfitter_cfg.o
 .text.CYCONFIGCPY
                0x00002ec8       0x20 .\CortexM3\ARM_GCC_541\Debug\cyfitter_cfg.o
 .text.CyClockStartupError
                0x00002ee8        0xc .\CortexM3\ARM_GCC_541\Debug\cyfitter_cfg.o
 .text.cfg_write_bytes32
                0x00002ef4       0x74 .\CortexM3\ARM_GCC_541\Debug\cyfitter_cfg.o
 .text.ClockSetup
                0x00002f68      0x210 .\CortexM3\ARM_GCC_541\Debug\cyfitter_cfg.o
 .text.AnalogSetDefault
                0x00003178       0x6c .\CortexM3\ARM_GCC_541\Debug\cyfitter_cfg.o
 .text.AMux_Set
                0x000031e4       0xb8 .\CortexM3\ARM_GCC_541\Debug\cyfitter_cfg.o
                0x000031e4                AMux_Set
 .text.AMux_Unset
                0x0000329c       0xc4 .\CortexM3\ARM_GCC_541\Debug\cyfitter_cfg.o
                0x0000329c                AMux_Unset
 .text.ADC_AMux_Set
                0x00003360       0x40 .\CortexM3\ARM_GCC_541\Debug\cyfitter_cfg.o
                0x00003360                ADC_AMux_Set
 .text.ADC_AMux_Unset
                0x000033a0       0x44 .\CortexM3\ARM_GCC_541\Debug\cyfitter_cfg.o
                0x000033a0                ADC_AMux_Unset
 .text.cyfitter_cfg
                0x000033e4      0x1a4 .\CortexM3\ARM_GCC_541\Debug\cyfitter_cfg.o
                0x000033e4                cyfitter_cfg
 .text.IntDefaultHandler
                0x00003588       0x14 .\CortexM3\ARM_GCC_541\Debug\Cm3Start.o
                0x00003588                IntDefaultHandler
 .text._sbrk    0x0000359c       0x54 .\CortexM3\ARM_GCC_541\Debug\Cm3Start.o
                0x0000359c                _sbrk
 .text.Start_c  0x000035f0       0x98 .\CortexM3\ARM_GCC_541\Debug\Cm3Start.o
                0x000035f0                Start_c
 .text.initialize_psoc
                0x00003688       0x90 .\CortexM3\ARM_GCC_541\Debug\Cm3Start.o
                0x00003688                initialize_psoc
 .text.CyPLL_OUT_Start
                0x00003718       0xb0 .\CortexM3\ARM_GCC_541\Debug\notoriOS.a(CyLib.o)
                0x00003718                CyPLL_OUT_Start
 .text.CyPLL_OUT_Stop
                0x000037c8       0x20 .\CortexM3\ARM_GCC_541\Debug\notoriOS.a(CyLib.o)
                0x000037c8                CyPLL_OUT_Stop
 .text.CyIMO_Start
                0x000037e8       0x94 .\CortexM3\ARM_GCC_541\Debug\notoriOS.a(CyLib.o)
                0x000037e8                CyIMO_Start
 .text.CyIMO_Stop
                0x0000387c       0x34 .\CortexM3\ARM_GCC_541\Debug\notoriOS.a(CyLib.o)
                0x0000387c                CyIMO_Stop
 .text.CyUSB_PowerOnCheck
                0x000038b0       0x60 .\CortexM3\ARM_GCC_541\Debug\notoriOS.a(CyLib.o)
 .text.CyIMO_SetTrimValue
                0x00003910      0x108 .\CortexM3\ARM_GCC_541\Debug\notoriOS.a(CyLib.o)
 .text.CyIMO_SetFreq
                0x00003a18      0x1b0 .\CortexM3\ARM_GCC_541\Debug\notoriOS.a(CyLib.o)
                0x00003a18                CyIMO_SetFreq
 .text.CyIMO_SetSource
                0x00003bc8       0x8c .\CortexM3\ARM_GCC_541\Debug\notoriOS.a(CyLib.o)
                0x00003bc8                CyIMO_SetSource
 .text.CyIMO_EnableDoubler
                0x00003c54       0x20 .\CortexM3\ARM_GCC_541\Debug\notoriOS.a(CyLib.o)
                0x00003c54                CyIMO_EnableDoubler
 .text.CyIMO_DisableDoubler
                0x00003c74       0x20 .\CortexM3\ARM_GCC_541\Debug\notoriOS.a(CyLib.o)
                0x00003c74                CyIMO_DisableDoubler
 .text.CyMasterClk_SetSource
                0x00003c94       0x34 .\CortexM3\ARM_GCC_541\Debug\notoriOS.a(CyLib.o)
                0x00003c94                CyMasterClk_SetSource
 .text.CyMasterClk_SetDivider
                0x00003cc8       0x20 .\CortexM3\ARM_GCC_541\Debug\notoriOS.a(CyLib.o)
                0x00003cc8                CyMasterClk_SetDivider
 .text.CyBusClk_Internal_SetDivider
                0x00003ce8       0x78 .\CortexM3\ARM_GCC_541\Debug\notoriOS.a(CyLib.o)
 .text.CyBusClk_SetDivider
                0x00003d60       0xb4 .\CortexM3\ARM_GCC_541\Debug\notoriOS.a(CyLib.o)
                0x00003d60                CyBusClk_SetDivider
 .text.CyILO_Start100K
                0x00003e14       0x20 .\CortexM3\ARM_GCC_541\Debug\notoriOS.a(CyLib.o)
                0x00003e14                CyILO_Start100K
 .text.CyILO_Stop100K
                0x00003e34       0x20 .\CortexM3\ARM_GCC_541\Debug\notoriOS.a(CyLib.o)
                0x00003e34                CyILO_Stop100K
 .text.CyXTAL_Start
                0x00003e54       0xd0 .\CortexM3\ARM_GCC_541\Debug\notoriOS.a(CyLib.o)
                0x00003e54                CyXTAL_Start
 .text.CyXTAL_Stop
                0x00003f24       0x20 .\CortexM3\ARM_GCC_541\Debug\notoriOS.a(CyLib.o)
                0x00003f24                CyXTAL_Stop
 .text.CyHalt   0x00003f44       0x18 .\CortexM3\ARM_GCC_541\Debug\notoriOS.a(CyLib.o)
                0x00003f44                CyHalt
 .text.CyDelay  0x00003f5c       0x44 .\CortexM3\ARM_GCC_541\Debug\notoriOS.a(CyLib.o)
                0x00003f5c                CyDelay
 .text.CyDelayUs
                0x00003fa0       0x28 .\CortexM3\ARM_GCC_541\Debug\notoriOS.a(CyLib.o)
                0x00003fa0                CyDelayUs
 .text.CyIntSetVector
                0x00003fc8       0x50 .\CortexM3\ARM_GCC_541\Debug\notoriOS.a(CyLib.o)
                0x00003fc8                CyIntSetVector
 .text.CyIntSetPriority
                0x00004018       0x48 .\CortexM3\ARM_GCC_541\Debug\notoriOS.a(CyLib.o)
                0x00004018                CyIntSetPriority
 .text.CyGetUniqueId
                0x00004060       0xc4 .\CortexM3\ARM_GCC_541\Debug\notoriOS.a(CyLib.o)
                0x00004060                CyGetUniqueId
 .text.CyPmSaveClocks
                0x00004124      0x288 .\CortexM3\ARM_GCC_541\Debug\notoriOS.a(cyPm.o)
                0x00004124                CyPmSaveClocks
 .text.CyPmRestoreClocks
                0x000043ac      0x2f0 .\CortexM3\ARM_GCC_541\Debug\notoriOS.a(cyPm.o)
                0x000043ac                CyPmRestoreClocks
 .text.CyPmSleep
                0x0000469c      0x170 .\CortexM3\ARM_GCC_541\Debug\notoriOS.a(cyPm.o)
                0x0000469c                CyPmSleep
 .text.CyPmReadStatus
                0x0000480c       0x5c .\CortexM3\ARM_GCC_541\Debug\notoriOS.a(cyPm.o)
                0x0000480c                CyPmReadStatus
 .text.CyPmFtwSetInterval
                0x00004868       0x94 .\CortexM3\ARM_GCC_541\Debug\notoriOS.a(cyPm.o)
                0x00004868                CyPmFtwSetInterval
 .text.CyPmHibSlpSaveSet
                0x000048fc      0x280 .\CortexM3\ARM_GCC_541\Debug\notoriOS.a(cyPm.o)
 .text.CyPmHibSlpRestore
                0x00004b7c      0x18c .\CortexM3\ARM_GCC_541\Debug\notoriOS.a(cyPm.o)
 .text.isr_SleepTimer_StartEx
                0x00004d08       0x24 .\CortexM3\ARM_GCC_541\Debug\notoriOS.a(isr_SleepTimer.o)
                0x00004d08                isr_SleepTimer_StartEx
 .text.isr_SleepTimer_SetVector
                0x00004d2c       0x24 .\CortexM3\ARM_GCC_541\Debug\notoriOS.a(isr_SleepTimer.o)
                0x00004d2c                isr_SleepTimer_SetVector
 .text.isr_SleepTimer_SetPriority
                0x00004d50       0x24 .\CortexM3\ARM_GCC_541\Debug\notoriOS.a(isr_SleepTimer.o)
                0x00004d50                isr_SleepTimer_SetPriority
 .text.isr_SleepTimer_Enable
                0x00004d74       0x18 .\CortexM3\ARM_GCC_541\Debug\notoriOS.a(isr_SleepTimer.o)
                0x00004d74                isr_SleepTimer_Enable
 .text.isr_SleepTimer_Disable
                0x00004d8c       0x18 .\CortexM3\ARM_GCC_541\Debug\notoriOS.a(isr_SleepTimer.o)
                0x00004d8c                isr_SleepTimer_Disable
 .text.SleepTimer_Start
                0x00004da4       0x24 .\CortexM3\ARM_GCC_541\Debug\notoriOS.a(SleepTimer.o)
                0x00004da4                SleepTimer_Start
 .text.SleepTimer_Init
                0x00004dc8       0x14 .\CortexM3\ARM_GCC_541\Debug\notoriOS.a(SleepTimer.o)
                0x00004dc8                SleepTimer_Init
 .text.SleepTimer_Enable
                0x00004ddc       0x78 .\CortexM3\ARM_GCC_541\Debug\notoriOS.a(SleepTimer.o)
                0x00004ddc                SleepTimer_Enable
 .text.SleepTimer_EnableInt
                0x00004e54       0x34 .\CortexM3\ARM_GCC_541\Debug\notoriOS.a(SleepTimer.o)
                0x00004e54                SleepTimer_EnableInt
 .text.SleepTimer_SetInterval
                0x00004e88       0x48 .\CortexM3\ARM_GCC_541\Debug\notoriOS.a(SleepTimer.o)
                0x00004e88                SleepTimer_SetInterval
 .text.SleepTimer_GetStatus
                0x00004ed0       0x10 .\CortexM3\ARM_GCC_541\Debug\notoriOS.a(SleepTimer.o)
                0x00004ed0                SleepTimer_GetStatus
 .text.LED_Write
                0x00004ee0       0x38 .\CortexM3\ARM_GCC_541\Debug\notoriOS.a(LED.o)
                0x00004ee0                LED_Write
 .text.RTC_Start
                0x00004f18       0x24 .\CortexM3\ARM_GCC_541\Debug\notoriOS.a(RTC.o)
                0x00004f18                RTC_Start
 .text.RTC_EnableInt
                0x00004f3c       0x18 .\CortexM3\ARM_GCC_541\Debug\notoriOS.a(RTC.o)
                0x00004f3c                RTC_EnableInt
 .text.RTC_DisableInt
                0x00004f54       0x18 .\CortexM3\ARM_GCC_541\Debug\notoriOS.a(RTC.o)
                0x00004f54                RTC_DisableInt
 .text.RTC_Init
                0x00004f6c       0x2c .\CortexM3\ARM_GCC_541\Debug\notoriOS.a(RTC.o)
                0x00004f6c                RTC_Init
 .text.RTC_Enable
                0x00004f98       0x3c .\CortexM3\ARM_GCC_541\Debug\notoriOS.a(RTC.o)
                0x00004f98                RTC_Enable
 .text.RTC_ReadTime
                0x00004fd4       0x14 .\CortexM3\ARM_GCC_541\Debug\notoriOS.a(RTC.o)
                0x00004fd4                RTC_ReadTime
 .text.RTC_WriteTime
                0x00004fe8       0x58 .\CortexM3\ARM_GCC_541\Debug\notoriOS.a(RTC.o)
                0x00004fe8                RTC_WriteTime
 .text.RTC_WriteIntervalMask
                0x00005040       0x20 .\CortexM3\ARM_GCC_541\Debug\notoriOS.a(RTC.o)
                0x00005040                RTC_WriteIntervalMask
 .text.RTC_DayOfWeek
                0x00005060       0x84 .\CortexM3\ARM_GCC_541\Debug\notoriOS.a(RTC.o)
 .text.RTC_SetInitValues
                0x000050e4      0x3c4 .\CortexM3\ARM_GCC_541\Debug\notoriOS.a(RTC.o)
 .text.RTC_EverySecondHandler
                0x000054a8       0x10 .\CortexM3\ARM_GCC_541\Debug\notoriOS.a(RTC_INT.o)
 .text.RTC_EveryMinuteHandler
                0x000054b8       0x10 .\CortexM3\ARM_GCC_541\Debug\notoriOS.a(RTC_INT.o)
 .text.RTC_EveryHourHandler
                0x000054c8       0x10 .\CortexM3\ARM_GCC_541\Debug\notoriOS.a(RTC_INT.o)
 .text.RTC_EveryDayHandler
                0x000054d8       0x10 .\CortexM3\ARM_GCC_541\Debug\notoriOS.a(RTC_INT.o)
 .text.RTC_EveryWeekHandler
                0x000054e8       0x10 .\CortexM3\ARM_GCC_541\Debug\notoriOS.a(RTC_INT.o)
 .text.RTC_EveryMonthHandler
                0x000054f8       0x10 .\CortexM3\ARM_GCC_541\Debug\notoriOS.a(RTC_INT.o)
 .text.RTC_EveryYearHandler
                0x00005508       0x10 .\CortexM3\ARM_GCC_541\Debug\notoriOS.a(RTC_INT.o)
 .text.RTC_ISR  0x00005518      0x618 .\CortexM3\ARM_GCC_541\Debug\notoriOS.a(RTC_INT.o)
                0x00005518                RTC_ISR
 .text.Level_Sensor_UART_Start
                0x00005b30       0x24 .\CortexM3\ARM_GCC_541\Debug\notoriOS.a(Level_Sensor_UART.o)
                0x00005b30                Level_Sensor_UART_Start
 .text.Level_Sensor_UART_Init
                0x00005b54       0x20 .\CortexM3\ARM_GCC_541\Debug\notoriOS.a(Level_Sensor_UART.o)
                0x00005b54                Level_Sensor_UART_Init
 .text.Level_Sensor_UART_Enable
                0x00005b74       0x48 .\CortexM3\ARM_GCC_541\Debug\notoriOS.a(Level_Sensor_UART.o)
                0x00005b74                Level_Sensor_UART_Enable
 .text.Level_Sensor_UART_Stop
                0x00005bbc       0x48 .\CortexM3\ARM_GCC_541\Debug\notoriOS.a(Level_Sensor_UART.o)
                0x00005bbc                Level_Sensor_UART_Stop
 .text.Level_Sensor_UART_GetChar
                0x00005c04       0x44 .\CortexM3\ARM_GCC_541\Debug\notoriOS.a(Level_Sensor_UART.o)
                0x00005c04                Level_Sensor_UART_GetChar
 .text.Level_Sensor_UART_ClearRxBuffer
                0x00005c48       0x44 .\CortexM3\ARM_GCC_541\Debug\notoriOS.a(Level_Sensor_UART.o)
                0x00005c48                Level_Sensor_UART_ClearRxBuffer
 .text.Level_Sensor_ISR_StartEx
                0x00005c8c       0x24 .\CortexM3\ARM_GCC_541\Debug\notoriOS.a(Level_Sensor_ISR.o)
                0x00005c8c                Level_Sensor_ISR_StartEx
 .text.Level_Sensor_ISR_Stop
                0x00005cb0       0x18 .\CortexM3\ARM_GCC_541\Debug\notoriOS.a(Level_Sensor_ISR.o)
                0x00005cb0                Level_Sensor_ISR_Stop
 .text.Level_Sensor_ISR_SetVector
                0x00005cc8       0x24 .\CortexM3\ARM_GCC_541\Debug\notoriOS.a(Level_Sensor_ISR.o)
                0x00005cc8                Level_Sensor_ISR_SetVector
 .text.Level_Sensor_ISR_SetPriority
                0x00005cec       0x24 .\CortexM3\ARM_GCC_541\Debug\notoriOS.a(Level_Sensor_ISR.o)
                0x00005cec                Level_Sensor_ISR_SetPriority
 .text.Level_Sensor_ISR_Enable
                0x00005d10       0x18 .\CortexM3\ARM_GCC_541\Debug\notoriOS.a(Level_Sensor_ISR.o)
                0x00005d10                Level_Sensor_ISR_Enable
 .text.Level_Sensor_ISR_Disable
                0x00005d28       0x18 .\CortexM3\ARM_GCC_541\Debug\notoriOS.a(Level_Sensor_ISR.o)
                0x00005d28                Level_Sensor_ISR_Disable
 .text.Level_Sensor_Power_Write
                0x00005d40       0x3c .\CortexM3\ARM_GCC_541\Debug\notoriOS.a(Level_Sensor_Power.o)
                0x00005d40                Level_Sensor_Power_Write
 .text.emFile_Sleep
                0x00005d7c        0xc .\CortexM3\ARM_GCC_541\Debug\notoriOS.a(emFile_PM.o)
                0x00005d7c                emFile_Sleep
 .text.emFile_Wakeup
                0x00005d88        0xc .\CortexM3\ARM_GCC_541\Debug\notoriOS.a(emFile_PM.o)
                0x00005d88                emFile_Wakeup
 .text.SD_Card_Power_Write
                0x00005d94       0x3c .\CortexM3\ARM_GCC_541\Debug\notoriOS.a(SD_Card_Power.o)
                0x00005d94                SD_Card_Power_Write
 .text.emFile_SPI0_SaveConfig
                0x00005dd0        0xc .\CortexM3\ARM_GCC_541\Debug\notoriOS.a(emFile_SPI0_PM.o)
                0x00005dd0                emFile_SPI0_SaveConfig
 .text.emFile_SPI0_RestoreConfig
                0x00005ddc        0xc .\CortexM3\ARM_GCC_541\Debug\notoriOS.a(emFile_SPI0_PM.o)
                0x00005ddc                emFile_SPI0_RestoreConfig
 .text.emFile_SPI0_Sleep
                0x00005de8       0x34 .\CortexM3\ARM_GCC_541\Debug\notoriOS.a(emFile_SPI0_PM.o)
                0x00005de8                emFile_SPI0_Sleep
 .text.emFile_SPI0_Wakeup
                0x00005e1c       0x20 .\CortexM3\ARM_GCC_541\Debug\notoriOS.a(emFile_SPI0_PM.o)
                0x00005e1c                emFile_SPI0_Wakeup
 .text.emFile_mosi0_Write
                0x00005e3c       0x3c .\CortexM3\ARM_GCC_541\Debug\notoriOS.a(emFile_mosi0.o)
                0x00005e3c                emFile_mosi0_Write
 .text.emFile_miso0_Write
                0x00005e78       0x3c .\CortexM3\ARM_GCC_541\Debug\notoriOS.a(emFile_miso0.o)
                0x00005e78                emFile_miso0_Write
 .text.emFile_sclk0_Write
                0x00005eb4       0x3c .\CortexM3\ARM_GCC_541\Debug\notoriOS.a(emFile_sclk0.o)
                0x00005eb4                emFile_sclk0_Write
 .text.emFile_SPI0_CS_Write
                0x00005ef0       0x3c .\CortexM3\ARM_GCC_541\Debug\notoriOS.a(emFile_SPI0_CS.o)
                0x00005ef0                emFile_SPI0_CS_Write
 .text.ADC_Init
                0x00005f2c      0x158 .\CortexM3\ARM_GCC_541\Debug\notoriOS.a(ADC.o)
                0x00005f2c                ADC_Init
 .text.ADC_Enable
                0x00006084      0x158 .\CortexM3\ARM_GCC_541\Debug\notoriOS.a(ADC.o)
                0x00006084                ADC_Enable
 .text.ADC_Start
                0x000061dc       0x30 .\CortexM3\ARM_GCC_541\Debug\notoriOS.a(ADC.o)
                0x000061dc                ADC_Start
 .text.ADC_Stop
                0x0000620c      0x17c .\CortexM3\ARM_GCC_541\Debug\notoriOS.a(ADC.o)
                0x0000620c                ADC_Stop
 .text.ADC_StartConvert
                0x00006388       0x20 .\CortexM3\ARM_GCC_541\Debug\notoriOS.a(ADC.o)
                0x00006388                ADC_StartConvert
 .text.ADC_StopConvert
                0x000063a8       0x20 .\CortexM3\ARM_GCC_541\Debug\notoriOS.a(ADC.o)
                0x000063a8                ADC_StopConvert
 .text.ADC_IsEndConversion
                0x000063c8       0x4c .\CortexM3\ARM_GCC_541\Debug\notoriOS.a(ADC.o)
                0x000063c8                ADC_IsEndConversion
 .text.ADC_GetResult32
                0x00006414       0xa8 .\CortexM3\ARM_GCC_541\Debug\notoriOS.a(ADC.o)
                0x00006414                ADC_GetResult32
 .text.ADC_CountsTo_Volts
                0x000064bc       0x44 .\CortexM3\ARM_GCC_541\Debug\notoriOS.a(ADC.o)
                0x000064bc                ADC_CountsTo_Volts
 .text.ADC_InitConfig
                0x00006500      0x410 .\CortexM3\ARM_GCC_541\Debug\notoriOS.a(ADC.o)
 .text.ADC_GainCompensation
                0x00006910      0x170 .\CortexM3\ARM_GCC_541\Debug\notoriOS.a(ADC.o)
 .text.ADC_SetDSMRef0Reg
                0x00006a80       0x7c .\CortexM3\ARM_GCC_541\Debug\notoriOS.a(ADC.o)
 .text.ADC_Read32
                0x00006afc       0x38 .\CortexM3\ARM_GCC_541\Debug\notoriOS.a(ADC.o)
                0x00006afc                ADC_Read32
 .text.ADC_SaveConfig
                0x00006b34       0x20 .\CortexM3\ARM_GCC_541\Debug\notoriOS.a(ADC_PM.o)
                0x00006b34                ADC_SaveConfig
 .text.ADC_RestoreConfig
                0x00006b54       0x1c .\CortexM3\ARM_GCC_541\Debug\notoriOS.a(ADC_PM.o)
                0x00006b54                ADC_RestoreConfig
 .text.ADC_ISR1
                0x00006b70        0xc .\CortexM3\ARM_GCC_541\Debug\notoriOS.a(ADC_INT.o)
                0x00006b70                ADC_ISR1
 .text.ADC_ISR2
                0x00006b7c        0xc .\CortexM3\ARM_GCC_541\Debug\notoriOS.a(ADC_INT.o)
                0x00006b7c                ADC_ISR2
 .text.ADC_ISR3
                0x00006b88        0xc .\CortexM3\ARM_GCC_541\Debug\notoriOS.a(ADC_INT.o)
                0x00006b88                ADC_ISR3
 .text.ADC_ISR4
                0x00006b94        0xc .\CortexM3\ARM_GCC_541\Debug\notoriOS.a(ADC_INT.o)
                0x00006b94                ADC_ISR4
 .text.AMux_Start
                0x00006ba0       0x34 .\CortexM3\ARM_GCC_541\Debug\notoriOS.a(AMux.o)
                0x00006ba0                AMux_Start
 .text.AMux_Select
                0x00006bd4       0x28 .\CortexM3\ARM_GCC_541\Debug\notoriOS.a(AMux.o)
                0x00006bd4                AMux_Select
 .text.Battery_Voltage_Enable_Write
                0x00006bfc       0x3c .\CortexM3\ARM_GCC_541\Debug\notoriOS.a(Battery_Voltage_Enable.o)
                0x00006bfc                Battery_Voltage_Enable_Write
 .text.ADC_AMux_Start
                0x00006c38       0x34 .\CortexM3\ARM_GCC_541\Debug\notoriOS.a(ADC_AMux.o)
                0x00006c38                ADC_AMux_Start
 .text.ADC_AMux_Select
                0x00006c6c       0x28 .\CortexM3\ARM_GCC_541\Debug\notoriOS.a(ADC_AMux.o)
                0x00006c6c                ADC_AMux_Select
 .text.ADC_Ext_CP_Clk_SetDividerRegister
                0x00006c94      0x164 .\CortexM3\ARM_GCC_541\Debug\notoriOS.a(ADC_Ext_CP_Clk.o)
                0x00006c94                ADC_Ext_CP_Clk_SetDividerRegister
 .text.ADC_Ext_CP_Clk_GetDividerRegister
                0x00006df8       0x18 .\CortexM3\ARM_GCC_541\Debug\notoriOS.a(ADC_Ext_CP_Clk.o)
                0x00006df8                ADC_Ext_CP_Clk_GetDividerRegister
 .text.ADC_Ext_CP_Clk_SetModeRegister
                0x00006e10       0x34 .\CortexM3\ARM_GCC_541\Debug\notoriOS.a(ADC_Ext_CP_Clk.o)
                0x00006e10                ADC_Ext_CP_Clk_SetModeRegister
 .text.ADC_Ext_CP_Clk_GetSourceRegister
                0x00006e44       0x1c .\CortexM3\ARM_GCC_541\Debug\notoriOS.a(ADC_Ext_CP_Clk.o)
                0x00006e44                ADC_Ext_CP_Clk_GetSourceRegister
 .text.ADC_theACLK_SetDividerRegister
                0x00006e60      0x164 .\CortexM3\ARM_GCC_541\Debug\notoriOS.a(ADC_theACLK.o)
                0x00006e60                ADC_theACLK_SetDividerRegister
 .text.ADC_theACLK_GetDividerRegister
                0x00006fc4       0x18 .\CortexM3\ARM_GCC_541\Debug\notoriOS.a(ADC_theACLK.o)
                0x00006fc4                ADC_theACLK_GetDividerRegister
 .text.ADC_theACLK_SetModeRegister
                0x00006fdc       0x34 .\CortexM3\ARM_GCC_541\Debug\notoriOS.a(ADC_theACLK.o)
                0x00006fdc                ADC_theACLK_SetModeRegister
 .text.ADC_theACLK_GetSourceRegister
                0x00007010       0x1c .\CortexM3\ARM_GCC_541\Debug\notoriOS.a(ADC_theACLK.o)
                0x00007010                ADC_theACLK_GetSourceRegister
 .text.Debug_UART_Start
                0x0000702c       0x24 .\CortexM3\ARM_GCC_541\Debug\notoriOS.a(Debug_UART.o)
                0x0000702c                Debug_UART_Start
 .text.Debug_UART_Init
                0x00007050       0x2c .\CortexM3\ARM_GCC_541\Debug\notoriOS.a(Debug_UART.o)
                0x00007050                Debug_UART_Init
 .text.Debug_UART_Enable
                0x0000707c       0x38 .\CortexM3\ARM_GCC_541\Debug\notoriOS.a(Debug_UART.o)
                0x0000707c                Debug_UART_Enable
 .text.Debug_UART_Stop
                0x000070b4       0x38 .\CortexM3\ARM_GCC_541\Debug\notoriOS.a(Debug_UART.o)
                0x000070b4                Debug_UART_Stop
 .text.Debug_UART_ReadTxStatus
                0x000070ec       0x18 .\CortexM3\ARM_GCC_541\Debug\notoriOS.a(Debug_UART.o)
                0x000070ec                Debug_UART_ReadTxStatus
 .text.Debug_UART_PutChar
                0x00007104       0x34 .\CortexM3\ARM_GCC_541\Debug\notoriOS.a(Debug_UART.o)
                0x00007104                Debug_UART_PutChar
 .text.Debug_UART_PutString
                0x00007138       0x44 .\CortexM3\ARM_GCC_541\Debug\notoriOS.a(Debug_UART.o)
                0x00007138                Debug_UART_PutString
 .text.Debug_UART_ClearTxBuffer
                0x0000717c       0x44 .\CortexM3\ARM_GCC_541\Debug\notoriOS.a(Debug_UART.o)
                0x0000717c                Debug_UART_ClearTxBuffer
 .text.Debug_UART_SaveConfig
                0x000071c0        0xc .\CortexM3\ARM_GCC_541\Debug\notoriOS.a(Debug_UART_PM.o)
                0x000071c0                Debug_UART_SaveConfig
 .text.Debug_UART_RestoreConfig
                0x000071cc        0xc .\CortexM3\ARM_GCC_541\Debug\notoriOS.a(Debug_UART_PM.o)
                0x000071cc                Debug_UART_RestoreConfig
 .text.Debug_UART_Sleep
                0x000071d8       0x34 .\CortexM3\ARM_GCC_541\Debug\notoriOS.a(Debug_UART_PM.o)
                0x000071d8                Debug_UART_Sleep
 .text.Debug_UART_Wakeup
                0x0000720c       0x20 .\CortexM3\ARM_GCC_541\Debug\notoriOS.a(Debug_UART_PM.o)
                0x0000720c                Debug_UART_Wakeup
 .text.Debug_UART_IntClock_Start
                0x0000722c       0x34 .\CortexM3\ARM_GCC_541\Debug\notoriOS.a(Debug_UART_IntClock.o)
                0x0000722c                Debug_UART_IntClock_Start
 .text.Debug_UART_IntClock_Stop
                0x00007260       0x34 .\CortexM3\ARM_GCC_541\Debug\notoriOS.a(Debug_UART_IntClock.o)
                0x00007260                Debug_UART_IntClock_Stop
 .text.Pin_Telit_ONOFF_Write
                0x00007294       0x3c .\CortexM3\ARM_GCC_541\Debug\notoriOS.a(Pin_Telit_ONOFF.o)
                0x00007294                Pin_Telit_ONOFF_Write
 .text.Pin_Telit_pwr_Write
                0x000072d0       0x3c .\CortexM3\ARM_GCC_541\Debug\notoriOS.a(Pin_Telit_pwr.o)
                0x000072d0                Pin_Telit_pwr_Write
 .text.Pin_Telit_SWRDY_Write
                0x0000730c       0x38 .\CortexM3\ARM_GCC_541\Debug\notoriOS.a(Pin_Telit_SWRDY.o)
                0x0000730c                Pin_Telit_SWRDY_Write
 .text.UART_Telit_Start
                0x00007344       0x24 .\CortexM3\ARM_GCC_541\Debug\notoriOS.a(UART_Telit.o)
                0x00007344                UART_Telit_Start
 .text.UART_Telit_Init
                0x00007368       0x40 .\CortexM3\ARM_GCC_541\Debug\notoriOS.a(UART_Telit.o)
                0x00007368                UART_Telit_Init
 .text.UART_Telit_Enable
                0x000073a8       0x60 .\CortexM3\ARM_GCC_541\Debug\notoriOS.a(UART_Telit.o)
                0x000073a8                UART_Telit_Enable
 .text.UART_Telit_Stop
                0x00007408       0x60 .\CortexM3\ARM_GCC_541\Debug\notoriOS.a(UART_Telit.o)
                0x00007408                UART_Telit_Stop
 .text.UART_Telit_GetChar
                0x00007468       0x44 .\CortexM3\ARM_GCC_541\Debug\notoriOS.a(UART_Telit.o)
                0x00007468                UART_Telit_GetChar
 .text.UART_Telit_GetRxBufferSize
                0x000074ac       0x2c .\CortexM3\ARM_GCC_541\Debug\notoriOS.a(UART_Telit.o)
                0x000074ac                UART_Telit_GetRxBufferSize
 .text.UART_Telit_ClearRxBuffer
                0x000074d8       0x44 .\CortexM3\ARM_GCC_541\Debug\notoriOS.a(UART_Telit.o)
                0x000074d8                UART_Telit_ClearRxBuffer
 .text.UART_Telit_PutChar
                0x0000751c       0x34 .\CortexM3\ARM_GCC_541\Debug\notoriOS.a(UART_Telit.o)
                0x0000751c                UART_Telit_PutChar
 .text.UART_Telit_PutString
                0x00007550       0x44 .\CortexM3\ARM_GCC_541\Debug\notoriOS.a(UART_Telit.o)
                0x00007550                UART_Telit_PutString
 .text.UART_Telit_ClearTxBuffer
                0x00007594       0x44 .\CortexM3\ARM_GCC_541\Debug\notoriOS.a(UART_Telit.o)
                0x00007594                UART_Telit_ClearTxBuffer
 .text.UART_Telit_SaveConfig
                0x000075d8        0xc .\CortexM3\ARM_GCC_541\Debug\notoriOS.a(UART_Telit_PM.o)
                0x000075d8                UART_Telit_SaveConfig
 .text.UART_Telit_RestoreConfig
                0x000075e4        0xc .\CortexM3\ARM_GCC_541\Debug\notoriOS.a(UART_Telit_PM.o)
                0x000075e4                UART_Telit_RestoreConfig
 .text.UART_Telit_Sleep
                0x000075f0       0x34 .\CortexM3\ARM_GCC_541\Debug\notoriOS.a(UART_Telit_PM.o)
                0x000075f0                UART_Telit_Sleep
 .text.UART_Telit_Wakeup
                0x00007624       0x24 .\CortexM3\ARM_GCC_541\Debug\notoriOS.a(UART_Telit_PM.o)
                0x00007624                UART_Telit_Wakeup
 .text.isr_telit_rx_StartEx
                0x00007648       0x24 .\CortexM3\ARM_GCC_541\Debug\notoriOS.a(isr_telit_rx.o)
                0x00007648                isr_telit_rx_StartEx
 .text.isr_telit_rx_Stop
                0x0000766c       0x18 .\CortexM3\ARM_GCC_541\Debug\notoriOS.a(isr_telit_rx.o)
                0x0000766c                isr_telit_rx_Stop
 .text.isr_telit_rx_SetVector
                0x00007684       0x24 .\CortexM3\ARM_GCC_541\Debug\notoriOS.a(isr_telit_rx.o)
                0x00007684                isr_telit_rx_SetVector
 .text.isr_telit_rx_SetPriority
                0x000076a8       0x24 .\CortexM3\ARM_GCC_541\Debug\notoriOS.a(isr_telit_rx.o)
                0x000076a8                isr_telit_rx_SetPriority
 .text.isr_telit_rx_Enable
                0x000076cc       0x18 .\CortexM3\ARM_GCC_541\Debug\notoriOS.a(isr_telit_rx.o)
                0x000076cc                isr_telit_rx_Enable
 .text.isr_telit_rx_Disable
                0x000076e4       0x18 .\CortexM3\ARM_GCC_541\Debug\notoriOS.a(isr_telit_rx.o)
                0x000076e4                isr_telit_rx_Disable
 .text.UART_Telit_IntClock_Start
                0x000076fc       0x34 .\CortexM3\ARM_GCC_541\Debug\notoriOS.a(UART_Telit_IntClock.o)
                0x000076fc                UART_Telit_IntClock_Start
 .text.UART_Telit_IntClock_Stop
                0x00007730       0x34 .\CortexM3\ARM_GCC_541\Debug\notoriOS.a(UART_Telit_IntClock.o)
                0x00007730                UART_Telit_IntClock_Stop
 .text.Rx_Telit_Write
                0x00007764       0x3c .\CortexM3\ARM_GCC_541\Debug\notoriOS.a(Rx_Telit.o)
                0x00007764                Rx_Telit_Write
 .text.Rx_Telit_SetDriveMode
                0x000077a0       0x3c .\CortexM3\ARM_GCC_541\Debug\notoriOS.a(Rx_Telit.o)
                0x000077a0                Rx_Telit_SetDriveMode
 .text.Rx_Telit_SetInterruptMode
                0x000077dc       0x30 .\CortexM3\ARM_GCC_541\Debug\notoriOS.a(Rx_Telit.o)
                0x000077dc                Rx_Telit_SetInterruptMode
 .text.Tx_Telit_Write
                0x0000780c       0x34 .\CortexM3\ARM_GCC_541\Debug\notoriOS.a(Tx_Telit.o)
                0x0000780c                Tx_Telit_Write
 .text.Telit_ControlReg_Write
                0x00007840       0x20 .\CortexM3\ARM_GCC_541\Debug\notoriOS.a(Telit_ControlReg.o)
                0x00007840                Telit_ControlReg_Write
 .text.Telit_ControlReg_SaveConfig
                0x00007860       0x20 .\CortexM3\ARM_GCC_541\Debug\notoriOS.a(Telit_ControlReg_PM.o)
                0x00007860                Telit_ControlReg_SaveConfig
 .text.Telit_ControlReg_RestoreConfig
                0x00007880       0x1c .\CortexM3\ARM_GCC_541\Debug\notoriOS.a(Telit_ControlReg_PM.o)
                0x00007880                Telit_ControlReg_RestoreConfig
 .text.Telit_ControlReg_Sleep
                0x0000789c        0xc .\CortexM3\ARM_GCC_541\Debug\notoriOS.a(Telit_ControlReg_PM.o)
                0x0000789c                Telit_ControlReg_Sleep
 .text.Telit_ControlReg_Wakeup
                0x000078a8        0xc .\CortexM3\ARM_GCC_541\Debug\notoriOS.a(Telit_ControlReg_PM.o)
                0x000078a8                Telit_ControlReg_Wakeup
 .text.Level_Sensor_RX_Write
                0x000078b4       0x3c .\CortexM3\ARM_GCC_541\Debug\notoriOS.a(Level_Sensor_RX.o)
                0x000078b4                Level_Sensor_RX_Write
 .text.Level_Sensor_RX_SetDriveMode
                0x000078f0       0x3c .\CortexM3\ARM_GCC_541\Debug\notoriOS.a(Level_Sensor_RX.o)
                0x000078f0                Level_Sensor_RX_SetDriveMode
 .text.Pressure_Voltage_Enable_Write
                0x0000792c       0x3c .\CortexM3\ARM_GCC_541\Debug\notoriOS.a(Pressure_Voltage_Enable.o)
                0x0000792c                Pressure_Voltage_Enable_Write
 .text.DO_ISR_StartEx
                0x00007968       0x24 .\CortexM3\ARM_GCC_541\Debug\notoriOS.a(DO_ISR.o)
                0x00007968                DO_ISR_StartEx
 .text.DO_ISR_SetVector
                0x0000798c       0x24 .\CortexM3\ARM_GCC_541\Debug\notoriOS.a(DO_ISR.o)
                0x0000798c                DO_ISR_SetVector
 .text.DO_ISR_SetPriority
                0x000079b0       0x24 .\CortexM3\ARM_GCC_541\Debug\notoriOS.a(DO_ISR.o)
                0x000079b0                DO_ISR_SetPriority
 .text.DO_ISR_Enable
                0x000079d4       0x18 .\CortexM3\ARM_GCC_541\Debug\notoriOS.a(DO_ISR.o)
                0x000079d4                DO_ISR_Enable
 .text.DO_ISR_Disable
                0x000079ec       0x18 .\CortexM3\ARM_GCC_541\Debug\notoriOS.a(DO_ISR.o)
                0x000079ec                DO_ISR_Disable
 .text.DO_UART_Start
                0x00007a04       0x24 .\CortexM3\ARM_GCC_541\Debug\notoriOS.a(DO_UART.o)
                0x00007a04                DO_UART_Start
 .text.DO_UART_Init
                0x00007a28       0x40 .\CortexM3\ARM_GCC_541\Debug\notoriOS.a(DO_UART.o)
                0x00007a28                DO_UART_Init
 .text.DO_UART_Enable
                0x00007a68       0x60 .\CortexM3\ARM_GCC_541\Debug\notoriOS.a(DO_UART.o)
                0x00007a68                DO_UART_Enable
 .text.DO_UART_GetChar
                0x00007ac8       0x44 .\CortexM3\ARM_GCC_541\Debug\notoriOS.a(DO_UART.o)
                0x00007ac8                DO_UART_GetChar
 .text.DO_UART_GetRxBufferSize
                0x00007b0c       0x2c .\CortexM3\ARM_GCC_541\Debug\notoriOS.a(DO_UART.o)
                0x00007b0c                DO_UART_GetRxBufferSize
 .text.DO_UART_ClearRxBuffer
                0x00007b38       0x44 .\CortexM3\ARM_GCC_541\Debug\notoriOS.a(DO_UART.o)
                0x00007b38                DO_UART_ClearRxBuffer
 .text.DO_UART_PutChar
                0x00007b7c       0x34 .\CortexM3\ARM_GCC_541\Debug\notoriOS.a(DO_UART.o)
                0x00007b7c                DO_UART_PutChar
 .text.DO_UART_PutString
                0x00007bb0       0x44 .\CortexM3\ARM_GCC_541\Debug\notoriOS.a(DO_UART.o)
                0x00007bb0                DO_UART_PutString
 .text.DO_UART_IntClock_Start
                0x00007bf4       0x34 .\CortexM3\ARM_GCC_541\Debug\notoriOS.a(DO_UART_IntClock.o)
                0x00007bf4                DO_UART_IntClock_Start
 .text          0x00007c28       0x20 .\CortexM3\ARM_GCC_541\Debug\notoriOS.a(CyBootAsmGnu.o)
                0x00007c28                CyDelayCycles
                0x00007c38                CyEnterCriticalSection
                0x00007c40                CyExitCriticalSection
 .text.CyFlash_SetWaitCycles
                0x00007c48       0xbc .\CortexM3\ARM_GCC_541\Debug\notoriOS.a(CyFlash.o)
                0x00007c48                CyFlash_SetWaitCycles
 .text.emFile_SPI0_Init
                0x00007d04       0x34 .\CortexM3\ARM_GCC_541\Debug\notoriOS.a(emFile_SPI0.o)
                0x00007d04                emFile_SPI0_Init
 .text.emFile_SPI0_Enable
                0x00007d38       0x64 .\CortexM3\ARM_GCC_541\Debug\notoriOS.a(emFile_SPI0.o)
                0x00007d38                emFile_SPI0_Enable
 .text.emFile_SPI0_Start
                0x00007d9c       0x24 .\CortexM3\ARM_GCC_541\Debug\notoriOS.a(emFile_SPI0.o)
                0x00007d9c                emFile_SPI0_Start
 .text.emFile_SPI0_Stop
                0x00007dc0       0x50 .\CortexM3\ARM_GCC_541\Debug\notoriOS.a(emFile_SPI0.o)
                0x00007dc0                emFile_SPI0_Stop
 .text.emFile_SPI0_EnableTxInt
                0x00007e10        0xc .\CortexM3\ARM_GCC_541\Debug\notoriOS.a(emFile_SPI0.o)
                0x00007e10                emFile_SPI0_EnableTxInt
 .text.emFile_SPI0_EnableRxInt
                0x00007e1c        0xc .\CortexM3\ARM_GCC_541\Debug\notoriOS.a(emFile_SPI0.o)
                0x00007e1c                emFile_SPI0_EnableRxInt
 .text.emFile_SPI0_DisableTxInt
                0x00007e28        0xc .\CortexM3\ARM_GCC_541\Debug\notoriOS.a(emFile_SPI0.o)
                0x00007e28                emFile_SPI0_DisableTxInt
 .text.emFile_SPI0_DisableRxInt
                0x00007e34        0xc .\CortexM3\ARM_GCC_541\Debug\notoriOS.a(emFile_SPI0.o)
                0x00007e34                emFile_SPI0_DisableRxInt
 .text.emFile_SPI0_ReadTxStatus
                0x00007e40       0x1c .\CortexM3\ARM_GCC_541\Debug\notoriOS.a(emFile_SPI0.o)
                0x00007e40                emFile_SPI0_ReadTxStatus
 .text.emFile_SPI0_ReadRxStatus
                0x00007e5c       0x1c .\CortexM3\ARM_GCC_541\Debug\notoriOS.a(emFile_SPI0.o)
                0x00007e5c                emFile_SPI0_ReadRxStatus
 .text.emFile_SPI0_WriteTxData
                0x00007e78       0x34 .\CortexM3\ARM_GCC_541\Debug\notoriOS.a(emFile_SPI0.o)
                0x00007e78                emFile_SPI0_WriteTxData
 .text.emFile_SPI0_ReadRxData
                0x00007eac       0x1c .\CortexM3\ARM_GCC_541\Debug\notoriOS.a(emFile_SPI0.o)
                0x00007eac                emFile_SPI0_ReadRxData
 .text.emFile_SPI0_ClearFIFO
                0x00007ec8       0x60 .\CortexM3\ARM_GCC_541\Debug\notoriOS.a(emFile_SPI0.o)
                0x00007ec8                emFile_SPI0_ClearFIFO
 .text.FS__strchr
                0x00007f28       0x14 ..\emFile_V322c\LinkLibrary\PSoC5\GCC\libemf32nosnlfn.a(FS_Core.o)
                0x00007f28                FS__strchr
 .text.FS_LoadU32BE
                0x00007f3c       0x18 ..\emFile_V322c\LinkLibrary\PSoC5\GCC\libemf32nosnlfn.a(FS_Core.o)
                0x00007f3c                FS_LoadU32BE
 .text.FS_LoadU32LE
                0x00007f54       0x16 ..\emFile_V322c\LinkLibrary\PSoC5\GCC\libemf32nosnlfn.a(FS_Core.o)
                0x00007f54                FS_LoadU32LE
 .text.FS_StoreU32LE
                0x00007f6a       0x14 ..\emFile_V322c\LinkLibrary\PSoC5\GCC\libemf32nosnlfn.a(FS_Core.o)
                0x00007f6a                FS_StoreU32LE
 .text.FS_StoreU16LE
                0x00007f7e        0x8 ..\emFile_V322c\LinkLibrary\PSoC5\GCC\libemf32nosnlfn.a(FS_Core.o)
                0x00007f7e                FS_StoreU16LE
 .text.FS_LoadU16LE
                0x00007f86        0xa ..\emFile_V322c\LinkLibrary\PSoC5\GCC\libemf32nosnlfn.a(FS_Core.o)
                0x00007f86                FS_LoadU16LE
 .text._Alloc   0x00007f90       0x30 ..\emFile_V322c\LinkLibrary\PSoC5\GCC\libemf32nosnlfn.a(FS_Core.o)
 .text.FS_Alloc
                0x00007fc0        0xc ..\emFile_V322c\LinkLibrary\PSoC5\GCC\libemf32nosnlfn.a(FS_Core.o)
                0x00007fc0                FS_Alloc
 .text.FS_TryAlloc
                0x00007fcc        0x4 ..\emFile_V322c\LinkLibrary\PSoC5\GCC\libemf32nosnlfn.a(FS_Core.o)
                0x00007fcc                FS_TryAlloc
 .text.FS_Free  0x00007fd0       0x1c ..\emFile_V322c\LinkLibrary\PSoC5\GCC\libemf32nosnlfn.a(FS_Core.o)
                0x00007fd0                FS_Free
 .text.FS_AssignMemory
                0x00007fec        0xc ..\emFile_V322c\LinkLibrary\PSoC5\GCC\libemf32nosnlfn.a(FS_Core.o)
                0x00007fec                FS_AssignMemory
 .text.FS_AllocZeroed
                0x00007ff8       0x16 ..\emFile_V322c\LinkLibrary\PSoC5\GCC\libemf32nosnlfn.a(FS_Core.o)
                0x00007ff8                FS_AllocZeroed
 *fill*         0x0000800e        0x2 
 .text.FS_STORAGE_DeInit
                0x00008010       0x20 ..\emFile_V322c\LinkLibrary\PSoC5\GCC\libemf32nosnlfn.a(FS_Core.o)
                0x00008010                FS_STORAGE_DeInit
 .text.FS_DeInit
                0x00008030       0x54 ..\emFile_V322c\LinkLibrary\PSoC5\GCC\libemf32nosnlfn.a(FS_Core.o)
                0x00008030                FS_DeInit
 .text.FS_STORAGE_Init
                0x00008084       0x28 ..\emFile_V322c\LinkLibrary\PSoC5\GCC\libemf32nosnlfn.a(FS_Core.o)
                0x00008084                FS_STORAGE_Init
 .text.FS__AllocSectorBuffer
                0x000080ac       0x2c ..\emFile_V322c\LinkLibrary\PSoC5\GCC\libemf32nosnlfn.a(FS_Misc.o)
                0x000080ac                FS__AllocSectorBuffer
 .text.FS__FreeSectorBuffer
                0x000080d8       0x28 ..\emFile_V322c\LinkLibrary\PSoC5\GCC\libemf32nosnlfn.a(FS_Misc.o)
                0x000080d8                FS__FreeSectorBuffer
 .text.FS__SB_MarkDirty
                0x00008100        0x6 ..\emFile_V322c\LinkLibrary\PSoC5\GCC\libemf32nosnlfn.a(FS_Misc.o)
                0x00008100                FS__SB_MarkDirty
 .text.FS__SB_MarkNotDirty
                0x00008106        0x6 ..\emFile_V322c\LinkLibrary\PSoC5\GCC\libemf32nosnlfn.a(FS_Misc.o)
                0x00008106                FS__SB_MarkNotDirty
 .text.FS__FreeFileHandle
                0x0000810c        0xa ..\emFile_V322c\LinkLibrary\PSoC5\GCC\libemf32nosnlfn.a(FS_Misc.o)
                0x0000810c                FS__FreeFileHandle
 .text.FS__FreeFileObj
                0x00008116        0xc ..\emFile_V322c\LinkLibrary\PSoC5\GCC\libemf32nosnlfn.a(FS_Misc.o)
                0x00008116                FS__FreeFileObj
 *fill*         0x00008122        0x2 
 .text.FS_Init  0x00008124       0x58 ..\emFile_V322c\LinkLibrary\PSoC5\GCC\libemf32nosnlfn.a(FS_Misc.o)
                0x00008124                FS_Init
 .text.FS__SB_Create
                0x0000817c       0x28 ..\emFile_V322c\LinkLibrary\PSoC5\GCC\libemf32nosnlfn.a(FS_Misc.o)
                0x0000817c                FS__SB_Create
 .text.FS__RemoveDevices
                0x000081a4       0x60 ..\emFile_V322c\LinkLibrary\PSoC5\GCC\libemf32nosnlfn.a(FS_Misc.o)
                0x000081a4                FS__RemoveDevices
 .text.FS__FCloseNL
                0x00008204       0x1e ..\emFile_V322c\LinkLibrary\PSoC5\GCC\libemf32nosnlfn.a(FS_Misc.o)
                0x00008204                FS__FCloseNL
 .text.FS__FClose
                0x00008222       0x1a ..\emFile_V322c\LinkLibrary\PSoC5\GCC\libemf32nosnlfn.a(FS_Misc.o)
                0x00008222                FS__FClose
 .text.FS_FClose
                0x0000823c        0xa ..\emFile_V322c\LinkLibrary\PSoC5\GCC\libemf32nosnlfn.a(FS_Misc.o)
                0x0000823c                FS_FClose
 *fill*         0x00008246        0x2 
 .text.FS__AllocFileObj
                0x00008248       0x48 ..\emFile_V322c\LinkLibrary\PSoC5\GCC\libemf32nosnlfn.a(FS_Misc.o)
                0x00008248                FS__AllocFileObj
 .text.FS__AllocFileHandle
                0x00008290       0x40 ..\emFile_V322c\LinkLibrary\PSoC5\GCC\libemf32nosnlfn.a(FS_Misc.o)
                0x00008290                FS__AllocFileHandle
 .text.FS__OpenEx
                0x000082d0       0x58 ..\emFile_V322c\LinkLibrary\PSoC5\GCC\libemf32nosnlfn.a(FS_Misc.o)
                0x000082d0                FS__OpenEx
 .text.FS__FOpenEx
                0x00008328       0x56 ..\emFile_V322c\LinkLibrary\PSoC5\GCC\libemf32nosnlfn.a(FS_Misc.o)
                0x00008328                FS__FOpenEx
 *fill*         0x0000837e        0x2 
 .text.FS__FOpen
                0x00008380       0x48 ..\emFile_V322c\LinkLibrary\PSoC5\GCC\libemf32nosnlfn.a(FS_Misc.o)
                0x00008380                FS__FOpen
 .text.FS_FOpen
                0x000083c8        0x4 ..\emFile_V322c\LinkLibrary\PSoC5\GCC\libemf32nosnlfn.a(FS_Misc.o)
                0x000083c8                FS_FOpen
 .text.FS__Remove
                0x000083cc       0x28 ..\emFile_V322c\LinkLibrary\PSoC5\GCC\libemf32nosnlfn.a(FS_Misc.o)
                0x000083cc                FS__Remove
 .text.FS_Remove
                0x000083f4        0x4 ..\emFile_V322c\LinkLibrary\PSoC5\GCC\libemf32nosnlfn.a(FS_Misc.o)
                0x000083f4                FS_Remove
 .text.FS__SB_Write
                0x000083f8       0x24 ..\emFile_V322c\LinkLibrary\PSoC5\GCC\libemf32nosnlfn.a(FS_Misc.o)
                0x000083f8                FS__SB_Write
 .text._SB_Clean
                0x0000841c       0x24 ..\emFile_V322c\LinkLibrary\PSoC5\GCC\libemf32nosnlfn.a(FS_Misc.o)
 .text.FS__SB_SetSector
                0x00008440       0x20 ..\emFile_V322c\LinkLibrary\PSoC5\GCC\libemf32nosnlfn.a(FS_Misc.o)
                0x00008440                FS__SB_SetSector
 .text.FS__SB_Clean
                0x00008460        0x4 ..\emFile_V322c\LinkLibrary\PSoC5\GCC\libemf32nosnlfn.a(FS_Misc.o)
                0x00008460                FS__SB_Clean
 .text.FS__SB_Delete
                0x00008464       0x12 ..\emFile_V322c\LinkLibrary\PSoC5\GCC\libemf32nosnlfn.a(FS_Misc.o)
                0x00008464                FS__SB_Delete
 .text.FS__SB_Flush
                0x00008476        0x8 ..\emFile_V322c\LinkLibrary\PSoC5\GCC\libemf32nosnlfn.a(FS_Misc.o)
                0x00008476                FS__SB_Flush
 .text.FS__SB_Read
                0x0000847e       0x2a ..\emFile_V322c\LinkLibrary\PSoC5\GCC\libemf32nosnlfn.a(FS_Misc.o)
                0x0000847e                FS__SB_Read
 .text.FS__Read
                0x000084a8       0x2e ..\emFile_V322c\LinkLibrary\PSoC5\GCC\libemf32nosnlfn.a(FS_Read.o)
                0x000084a8                FS__Read
 .text.FS_Read  0x000084d6        0x4 ..\emFile_V322c\LinkLibrary\PSoC5\GCC\libemf32nosnlfn.a(FS_Read.o)
                0x000084d6                FS_Read
 .text.FS__AddPhysDevice
                0x000084da       0x10 ..\emFile_V322c\LinkLibrary\PSoC5\GCC\libemf32nosnlfn.a(FS_Storage.o)
                0x000084da                FS__AddPhysDevice
 *fill*         0x000084ea        0x2 
 .text.FS__FindVolume
                0x000084ec       0x78 ..\emFile_V322c\LinkLibrary\PSoC5\GCC\libemf32nosnlfn.a(FS_Storage.o)
                0x000084ec                FS__FindVolume
 .text.FS__AddDevice
                0x00008564       0x68 ..\emFile_V322c\LinkLibrary\PSoC5\GCC\libemf32nosnlfn.a(FS_Storage.o)
                0x00008564                FS__AddDevice
 .text.FS_AddDevice
                0x000085cc        0x4 ..\emFile_V322c\LinkLibrary\PSoC5\GCC\libemf32nosnlfn.a(FS_Storage.o)
                0x000085cc                FS_AddDevice
 .text.FS__IoCtlNL
                0x000085d0       0x36 ..\emFile_V322c\LinkLibrary\PSoC5\GCC\libemf32nosnlfn.a(FS_Storage.o)
                0x000085d0                FS__IoCtlNL
 *fill*         0x00008606        0x2 
 .text.FS__UnmountForcedNL
                0x00008608       0x54 ..\emFile_V322c\LinkLibrary\PSoC5\GCC\libemf32nosnlfn.a(FS_Unmount.o)
                0x00008608                FS__UnmountForcedNL
 .text.FS__UnmountNL
                0x0000865c       0x4c ..\emFile_V322c\LinkLibrary\PSoC5\GCC\libemf32nosnlfn.a(FS_Unmount.o)
                0x0000865c                FS__UnmountNL
 .text._Mount   0x000086a8       0x2e ..\emFile_V322c\LinkLibrary\PSoC5\GCC\libemf32nosnlfn.a(FS_Volume.o)
 .text.FS__AutoMount
                0x000086d6       0x14 ..\emFile_V322c\LinkLibrary\PSoC5\GCC\libemf32nosnlfn.a(FS_Volume.o)
                0x000086d6                FS__AutoMount
 .text.FS__Write
                0x000086ea       0x3a ..\emFile_V322c\LinkLibrary\PSoC5\GCC\libemf32nosnlfn.a(FS_Write.o)
                0x000086ea                FS__Write
 .text.FS_Write
                0x00008724        0x4 ..\emFile_V322c\LinkLibrary\PSoC5\GCC\libemf32nosnlfn.a(FS_Write.o)
                0x00008724                FS_Write
 .text._ClusterId2FATOff
                0x00008728       0x18 ..\emFile_V322c\LinkLibrary\PSoC5\GCC\libemf32nosnlfn.a(FAT_Misc.o)
 .text._CalcLogClusterPos
                0x00008740        0xe ..\emFile_V322c\LinkLibrary\PSoC5\GCC\libemf32nosnlfn.a(FAT_Misc.o)
 .text._ReadFromFreeClusterCache
                0x0000874e       0x46 ..\emFile_V322c\LinkLibrary\PSoC5\GCC\libemf32nosnlfn.a(FAT_Misc.o)
 .text.FS_FAT_GetFATType
                0x00008794       0x1a ..\emFile_V322c\LinkLibrary\PSoC5\GCC\libemf32nosnlfn.a(FAT_Misc.o)
                0x00008794                FS_FAT_GetFATType
 .text.FS_FAT_ClusterId2SectorNo
                0x000087ae        0xc ..\emFile_V322c\LinkLibrary\PSoC5\GCC\libemf32nosnlfn.a(FAT_Misc.o)
                0x000087ae                FS_FAT_ClusterId2SectorNo
 .text.FS_FAT_IsValidShortNameChar
                0x000087ba       0x34 ..\emFile_V322c\LinkLibrary\PSoC5\GCC\libemf32nosnlfn.a(FAT_Misc.o)
                0x000087ba                FS_FAT_IsValidShortNameChar
 .text.FS_FAT_CopyShortName
                0x000087ee       0x56 ..\emFile_V322c\LinkLibrary\PSoC5\GCC\libemf32nosnlfn.a(FAT_Misc.o)
                0x000087ee                FS_FAT_CopyShortName
 .text._SFN_CreateDirEntry
                0x00008844       0x5a ..\emFile_V322c\LinkLibrary\PSoC5\GCC\libemf32nosnlfn.a(FAT_Misc.o)
 .text._SFN_FindDirEntry
                0x0000889e       0x10 ..\emFile_V322c\LinkLibrary\PSoC5\GCC\libemf32nosnlfn.a(FAT_Misc.o)
 *fill*         0x000088ae        0x2 
 .text.FS_FAT_FindDirEntry
                0x000088b0       0x60 ..\emFile_V322c\LinkLibrary\PSoC5\GCC\libemf32nosnlfn.a(FAT_Misc.o)
                0x000088b0                FS_FAT_FindDirEntry
 .text.FS_FAT_CopyDirEntryInfo
                0x00008910       0x50 ..\emFile_V322c\LinkLibrary\PSoC5\GCC\libemf32nosnlfn.a(FAT_Misc.o)
                0x00008910                FS_FAT_CopyDirEntryInfo
 .text._SFN_ReadDirEntryInfo
                0x00008960       0x6e ..\emFile_V322c\LinkLibrary\PSoC5\GCC\libemf32nosnlfn.a(FAT_Misc.o)
 .text._SetFATSector
                0x000089ce        0x6 ..\emFile_V322c\LinkLibrary\PSoC5\GCC\libemf32nosnlfn.a(FAT_Misc.o)
 .text.FS_FAT_ReadFATEntry
                0x000089d4       0xb2 ..\emFile_V322c\LinkLibrary\PSoC5\GCC\libemf32nosnlfn.a(FAT_Misc.o)
                0x000089d4                FS_FAT_ReadFATEntry
 *fill*         0x00008a86        0x2 
 .text.FS_FAT_GetNumAdjClustersInChain
                0x00008a88       0x64 ..\emFile_V322c\LinkLibrary\PSoC5\GCC\libemf32nosnlfn.a(FAT_Misc.o)
                0x00008a88                FS_FAT_GetNumAdjClustersInChain
 .text.FS_FAT_WalkClusterEx
                0x00008aec       0x5c ..\emFile_V322c\LinkLibrary\PSoC5\GCC\libemf32nosnlfn.a(FAT_Misc.o)
                0x00008aec                FS_FAT_WalkClusterEx
 .text.FS_FAT_GotoCluster
                0x00008b48       0x88 ..\emFile_V322c\LinkLibrary\PSoC5\GCC\libemf32nosnlfn.a(FAT_Misc.o)
                0x00008b48                FS_FAT_GotoCluster
 .text.FS_FAT_WalkCluster
                0x00008bd0       0x18 ..\emFile_V322c\LinkLibrary\PSoC5\GCC\libemf32nosnlfn.a(FAT_Misc.o)
                0x00008bd0                FS_FAT_WalkCluster
 .text.FS_FAT_FindLastCluster
                0x00008be8       0x34 ..\emFile_V322c\LinkLibrary\PSoC5\GCC\libemf32nosnlfn.a(FAT_Misc.o)
                0x00008be8                FS_FAT_FindLastCluster
 .text._WriteFATEntry
                0x00008c1c      0x18e ..\emFile_V322c\LinkLibrary\PSoC5\GCC\libemf32nosnlfn.a(FAT_Misc.o)
 .text.FS_FAT_MarkClusterEOC
                0x00008daa        0x8 ..\emFile_V322c\LinkLibrary\PSoC5\GCC\libemf32nosnlfn.a(FAT_Misc.o)
                0x00008daa                FS_FAT_MarkClusterEOC
 .text.FS_FAT_SyncFAT
                0x00008db2       0x3c ..\emFile_V322c\LinkLibrary\PSoC5\GCC\libemf32nosnlfn.a(FAT_Misc.o)
                0x00008db2                FS_FAT_SyncFAT
 .text.FS_FAT_LinkCluster
                0x00008dee       0x1c ..\emFile_V322c\LinkLibrary\PSoC5\GCC\libemf32nosnlfn.a(FAT_Misc.o)
                0x00008dee                FS_FAT_LinkCluster
 *fill*         0x00008e0a        0x2 
 .text._CalcFreeClusterCnt
                0x00008e0c       0x88 ..\emFile_V322c\LinkLibrary\PSoC5\GCC\libemf32nosnlfn.a(FAT_Misc.o)
 .text.FS_FAT_FindFreeCluster
                0x00008e94       0xa8 ..\emFile_V322c\LinkLibrary\PSoC5\GCC\libemf32nosnlfn.a(FAT_Misc.o)
                0x00008e94                FS_FAT_FindFreeCluster
 .text.FS_FAT_AllocCluster
                0x00008f3c       0x20 ..\emFile_V322c\LinkLibrary\PSoC5\GCC\libemf32nosnlfn.a(FAT_Misc.o)
                0x00008f3c                FS_FAT_AllocCluster
 .text._WriteEmptyFATSectors
                0x00008f5c       0x3c ..\emFile_V322c\LinkLibrary\PSoC5\GCC\libemf32nosnlfn.a(FAT_Misc.o)
 .text.FS_FAT_FreeClusterChain
                0x00008f98       0xe0 ..\emFile_V322c\LinkLibrary\PSoC5\GCC\libemf32nosnlfn.a(FAT_Misc.o)
                0x00008f98                FS_FAT_FreeClusterChain
 .text.FS_FAT_CheckBPB
                0x00009078      0x1cc ..\emFile_V322c\LinkLibrary\PSoC5\GCC\libemf32nosnlfn.a(FAT_Misc.o)
                0x00009078                FS_FAT_CheckBPB
 .text.FS_FAT_InitDirEntryScan
                0x00009244       0x14 ..\emFile_V322c\LinkLibrary\PSoC5\GCC\libemf32nosnlfn.a(FAT_Open.o)
                0x00009244                FS_FAT_InitDirEntryScan
 .text.FS_FAT_IncDirPos
                0x00009258        0x8 ..\emFile_V322c\LinkLibrary\PSoC5\GCC\libemf32nosnlfn.a(FAT_Open.o)
                0x00009258                FS_FAT_IncDirPos
 .text._CopyDirText
                0x00009260       0x44 ..\emFile_V322c\LinkLibrary\PSoC5\GCC\libemf32nosnlfn.a(FAT_Open.o)
 .text.FS_FAT_Make83Name
                0x000092a4       0xb0 ..\emFile_V322c\LinkLibrary\PSoC5\GCC\libemf32nosnlfn.a(FAT_Open.o)
                0x000092a4                FS_FAT_Make83Name
 .text.FS_FAT_GetDirEntry
                0x00009354       0xb2 ..\emFile_V322c\LinkLibrary\PSoC5\GCC\libemf32nosnlfn.a(FAT_Open.o)
                0x00009354                FS_FAT_GetDirEntry
 .text.FS_FAT_FindDirEntryShortEx
                0x00009406       0x5a ..\emFile_V322c\LinkLibrary\PSoC5\GCC\libemf32nosnlfn.a(FAT_Open.o)
                0x00009406                FS_FAT_FindDirEntryShortEx
 .text.FS_FAT_FindDirEntryShort
                0x00009460       0x36 ..\emFile_V322c\LinkLibrary\PSoC5\GCC\libemf32nosnlfn.a(FAT_Open.o)
                0x00009460                FS_FAT_FindDirEntryShort
 .text.FS_FAT_FindEmptyDirEntry
                0x00009496       0xb0 ..\emFile_V322c\LinkLibrary\PSoC5\GCC\libemf32nosnlfn.a(FAT_Open.o)
                0x00009496                FS_FAT_FindEmptyDirEntry
 .text.FS_FAT_GetFirstCluster
                0x00009546       0x1a ..\emFile_V322c\LinkLibrary\PSoC5\GCC\libemf32nosnlfn.a(FAT_Open.o)
                0x00009546                FS_FAT_GetFirstCluster
 .text.FS_FAT_FindPath
                0x00009560       0x7a ..\emFile_V322c\LinkLibrary\PSoC5\GCC\libemf32nosnlfn.a(FAT_Open.o)
                0x00009560                FS_FAT_FindPath
 .text.FS_FAT_DeleteFileOrDir
                0x000095da       0x48 ..\emFile_V322c\LinkLibrary\PSoC5\GCC\libemf32nosnlfn.a(FAT_Open.o)
                0x000095da                FS_FAT_DeleteFileOrDir
 *fill*         0x00009622        0x2 
 .text.FS_FAT_Open
                0x00009624      0x1dc ..\emFile_V322c\LinkLibrary\PSoC5\GCC\libemf32nosnlfn.a(FAT_Open.o)
                0x00009624                FS_FAT_Open
 .text.FS_FAT_WriteDirEntryCluster
                0x00009800       0x1c ..\emFile_V322c\LinkLibrary\PSoC5\GCC\libemf32nosnlfn.a(FAT_Open.o)
                0x00009800                FS_FAT_WriteDirEntryCluster
 .text.FS_FAT_WriteDirEntry83
                0x0000981c       0x6c ..\emFile_V322c\LinkLibrary\PSoC5\GCC\libemf32nosnlfn.a(FAT_Open.o)
                0x0000981c                FS_FAT_WriteDirEntry83
 .text._ReadBurst
                0x00009888       0x24 ..\emFile_V322c\LinkLibrary\PSoC5\GCC\libemf32nosnlfn.a(FAT_Read.o)
 .text.FS_FAT_Read
                0x000098ac      0x194 ..\emFile_V322c\LinkLibrary\PSoC5\GCC\libemf32nosnlfn.a(FAT_Read.o)
                0x000098ac                FS_FAT_Read
 .text._WriteBurst
                0x00009a40       0x24 ..\emFile_V322c\LinkLibrary\PSoC5\GCC\libemf32nosnlfn.a(FAT_Write.o)
 .text.FS_FAT_GotoClusterAllocIfReq
                0x00009a64       0xa8 ..\emFile_V322c\LinkLibrary\PSoC5\GCC\libemf32nosnlfn.a(FAT_Write.o)
                0x00009a64                FS_FAT_GotoClusterAllocIfReq
 .text.FS_FAT_UpdateDirEntry
                0x00009b0c       0x68 ..\emFile_V322c\LinkLibrary\PSoC5\GCC\libemf32nosnlfn.a(FAT_Write.o)
                0x00009b0c                FS_FAT_UpdateDirEntry
 .text.FS_FAT_Close
                0x00009b74       0x44 ..\emFile_V322c\LinkLibrary\PSoC5\GCC\libemf32nosnlfn.a(FAT_Write.o)
                0x00009b74                FS_FAT_Close
 .text.FS_FAT_Write
                0x00009bb8      0x1c8 ..\emFile_V322c\LinkLibrary\PSoC5\GCC\libemf32nosnlfn.a(FAT_Write.o)
                0x00009bb8                FS_FAT_Write
 .text.FS__CLIB_memcmp
                0x00009d80       0x20 ..\emFile_V322c\LinkLibrary\PSoC5\GCC\libemf32nosnlfn.a(FS_CLib.o)
                0x00009d80                FS__CLIB_memcmp
 .text.FS__CLIB_memset
                0x00009da0       0x6c ..\emFile_V322c\LinkLibrary\PSoC5\GCC\libemf32nosnlfn.a(FS_CLib.o)
                0x00009da0                FS__CLIB_memset
 .text.FS__CLIB_strcmp
                0x00009e0c       0x1a ..\emFile_V322c\LinkLibrary\PSoC5\GCC\libemf32nosnlfn.a(FS_CLib.o)
                0x00009e0c                FS__CLIB_strcmp
 .text.FS__CLIB_strlen
                0x00009e26       0x10 ..\emFile_V322c\LinkLibrary\PSoC5\GCC\libemf32nosnlfn.a(FS_CLib.o)
                0x00009e26                FS__CLIB_strlen
 .text.FS__CLIB_strncmp
                0x00009e36       0x26 ..\emFile_V322c\LinkLibrary\PSoC5\GCC\libemf32nosnlfn.a(FS_CLib.o)
                0x00009e36                FS__CLIB_strncmp
 .text.FS__CLIB_toupper
                0x00009e5c        0xe ..\emFile_V322c\LinkLibrary\PSoC5\GCC\libemf32nosnlfn.a(FS_CLib.o)
                0x00009e5c                FS__CLIB_toupper
 .text._ClrBusyLED
                0x00009e6a        0xc ..\emFile_V322c\LinkLibrary\PSoC5\GCC\libemf32nosnlfn.a(FS_LogBlock.o)
 .text._SetBusyLED
                0x00009e76        0xc ..\emFile_V322c\LinkLibrary\PSoC5\GCC\libemf32nosnlfn.a(FS_LogBlock.o)
 .text._Read    0x00009e82        0xc ..\emFile_V322c\LinkLibrary\PSoC5\GCC\libemf32nosnlfn.a(FS_LogBlock.o)
 .text._Write   0x00009e8e       0x12 ..\emFile_V322c\LinkLibrary\PSoC5\GCC\libemf32nosnlfn.a(FS_LogBlock.o)
 .text.FS_LB_GetStatus
                0x00009ea0        0xc ..\emFile_V322c\LinkLibrary\PSoC5\GCC\libemf32nosnlfn.a(FS_LogBlock.o)
                0x00009ea0                FS_LB_GetStatus
 .text.FS_LB_InitMedium
                0x00009eac       0x1a ..\emFile_V322c\LinkLibrary\PSoC5\GCC\libemf32nosnlfn.a(FS_LogBlock.o)
                0x00009eac                FS_LB_InitMedium
 .text.FS_LB_InitMediumIfRequired
                0x00009ec6       0x10 ..\emFile_V322c\LinkLibrary\PSoC5\GCC\libemf32nosnlfn.a(FS_LogBlock.o)
                0x00009ec6                FS_LB_InitMediumIfRequired
 .text.FS_LB_ReadDevice
                0x00009ed6       0x2e ..\emFile_V322c\LinkLibrary\PSoC5\GCC\libemf32nosnlfn.a(FS_LogBlock.o)
                0x00009ed6                FS_LB_ReadDevice
 .text.FS_LB_ReadPart
                0x00009f04        0xe ..\emFile_V322c\LinkLibrary\PSoC5\GCC\libemf32nosnlfn.a(FS_LogBlock.o)
                0x00009f04                FS_LB_ReadPart
 .text.FS_LB_ReadBurst
                0x00009f12       0x38 ..\emFile_V322c\LinkLibrary\PSoC5\GCC\libemf32nosnlfn.a(FS_LogBlock.o)
                0x00009f12                FS_LB_ReadBurst
 .text.FS_LB_ReadBurstPart
                0x00009f4a       0x14 ..\emFile_V322c\LinkLibrary\PSoC5\GCC\libemf32nosnlfn.a(FS_LogBlock.o)
                0x00009f4a                FS_LB_ReadBurstPart
 .text.FS_LB_WriteBurst
                0x00009f5e       0x30 ..\emFile_V322c\LinkLibrary\PSoC5\GCC\libemf32nosnlfn.a(FS_LogBlock.o)
                0x00009f5e                FS_LB_WriteBurst
 .text.FS_LB_WriteBurstPart
                0x00009f8e       0x14 ..\emFile_V322c\LinkLibrary\PSoC5\GCC\libemf32nosnlfn.a(FS_LogBlock.o)
                0x00009f8e                FS_LB_WriteBurstPart
 .text.FS_LB_WriteMultiple
                0x00009fa2       0x30 ..\emFile_V322c\LinkLibrary\PSoC5\GCC\libemf32nosnlfn.a(FS_LogBlock.o)
                0x00009fa2                FS_LB_WriteMultiple
 .text.FS_LB_WriteMultiplePart
                0x00009fd2       0x14 ..\emFile_V322c\LinkLibrary\PSoC5\GCC\libemf32nosnlfn.a(FS_LogBlock.o)
                0x00009fd2                FS_LB_WriteMultiplePart
 .text.FS_LB_WriteDevice
                0x00009fe6       0x36 ..\emFile_V322c\LinkLibrary\PSoC5\GCC\libemf32nosnlfn.a(FS_LogBlock.o)
                0x00009fe6                FS_LB_WriteDevice
 .text.FS_LB_WritePart
                0x0000a01c        0xe ..\emFile_V322c\LinkLibrary\PSoC5\GCC\libemf32nosnlfn.a(FS_LogBlock.o)
                0x0000a01c                FS_LB_WritePart
 .text.FS_LB_Ioctl
                0x0000a02a       0x2a ..\emFile_V322c\LinkLibrary\PSoC5\GCC\libemf32nosnlfn.a(FS_LogBlock.o)
                0x0000a02a                FS_LB_Ioctl
 .text.FS_GetSectorSize
                0x0000a054       0x28 ..\emFile_V322c\LinkLibrary\PSoC5\GCC\libemf32nosnlfn.a(FS_LogBlock.o)
                0x0000a054                FS_GetSectorSize
 .text.FS_LB_GetDeviceInfo
                0x0000a07c       0x26 ..\emFile_V322c\LinkLibrary\PSoC5\GCC\libemf32nosnlfn.a(FS_LogBlock.o)
                0x0000a07c                FS_LB_GetDeviceInfo
 .text.FS_memcpy
                0x0000a0a2      0x120 ..\emFile_V322c\LinkLibrary\PSoC5\GCC\libemf32nosnlfn.a(FS_memcpy.o)
                0x0000a0a2                FS_memcpy
 .text._IsBPB   0x0000a1c2       0x1e ..\emFile_V322c\LinkLibrary\PSoC5\GCC\libemf32nosnlfn.a(FS_Partition.o)
 .text._HasSignature
                0x0000a1e0       0x18 ..\emFile_V322c\LinkLibrary\PSoC5\GCC\libemf32nosnlfn.a(FS_Partition.o)
 .text._GetPartitionStartSector
                0x0000a1f8        0xc ..\emFile_V322c\LinkLibrary\PSoC5\GCC\libemf32nosnlfn.a(FS_Partition.o)
 .text.FS__GetMediaStartSecEx
                0x0000a204       0x6e ..\emFile_V322c\LinkLibrary\PSoC5\GCC\libemf32nosnlfn.a(FS_Partition.o)
                0x0000a204                FS__GetMediaStartSecEx
 *fill*         0x0000a272        0x2 
 .text.FS__LocatePartition
                0x0000a274       0x44 ..\emFile_V322c\LinkLibrary\PSoC5\GCC\libemf32nosnlfn.a(FS_Partition.o)
                0x0000a274                FS__LocatePartition
 .text.ceil     0x0000a2b8      0x110 c:/program files (x86)/cypress/psoc creator/4.4/psoc creator/import/gnu/arm/5.4.1/bin/../lib/gcc/arm-none-eabi/5.4.1/../../../../arm-none-eabi/lib/armv7-m\libm.a(lib_a-s_ceil.o)
                0x0000a2b8                ceil
 .text.nextafter
                0x0000a3c8      0x104 c:/program files (x86)/cypress/psoc creator/4.4/psoc creator/import/gnu/arm/5.4.1/bin/../lib/gcc/arm-none-eabi/5.4.1/../../../../arm-none-eabi/lib/armv7-m\libm.a(lib_a-s_nextafter.o)
                0x0000a3c8                nextafter
 .text.floorf   0x0000a4cc       0x8c c:/program files (x86)/cypress/psoc creator/4.4/psoc creator/import/gnu/arm/5.4.1/bin/../lib/gcc/arm-none-eabi/5.4.1/../../../../arm-none-eabi/lib/armv7-m\libm.a(lib_a-sf_floor.o)
                0x0000a4cc                floorf
 .text.FS_X_AddDevices
                0x0000a558       0x20 .\CortexM3\ARM_GCC_541\Debug\notoriOS.a(emFile_ConfigMMC_SPI.o)
                0x0000a558                FS_X_AddDevices
 .text.FS_X_GetTimeDate
                0x0000a578       0x58 .\CortexM3\ARM_GCC_541\Debug\notoriOS.a(emFile_ConfigMMC_SPI.o)
                0x0000a578                FS_X_GetTimeDate
 .text._CalcDataCRC16Dummy
                0x0000a5d0        0x6 ..\emFile_V322c\LinkLibrary\PSoC5\GCC\libemf32nosnlfn.a(MMC_Drv.o)
 *fill*         0x0000a5d6        0x2 
 .text._MMC_GetNumUnits
                0x0000a5d8        0xc ..\emFile_V322c\LinkLibrary\PSoC5\GCC\libemf32nosnlfn.a(MMC_Drv.o)
 .text._MMC_GetDriverName
                0x0000a5e4        0x8 ..\emFile_V322c\LinkLibrary\PSoC5\GCC\libemf32nosnlfn.a(MMC_Drv.o)
 .text._MMC_GetStatus
                0x0000a5ec        0x4 ..\emFile_V322c\LinkLibrary\PSoC5\GCC\libemf32nosnlfn.a(MMC_Drv.o)
 .text._CheckR1
                0x0000a5f0       0x38 ..\emFile_V322c\LinkLibrary\PSoC5\GCC\libemf32nosnlfn.a(MMC_Drv.o)
 .text._WaitToGetReady
                0x0000a628       0x26 ..\emFile_V322c\LinkLibrary\PSoC5\GCC\libemf32nosnlfn.a(MMC_Drv.o)
 .text._SendEmptyCycles
                0x0000a64e       0x24 ..\emFile_V322c\LinkLibrary\PSoC5\GCC\libemf32nosnlfn.a(MMC_Drv.o)
 *fill*         0x0000a672        0x2 
 .text._MMC_AddDevice
                0x0000a674       0x2c ..\emFile_V322c\LinkLibrary\PSoC5\GCC\libemf32nosnlfn.a(MMC_Drv.o)
 .text.T.53     0x0000a6a0       0x14 ..\emFile_V322c\LinkLibrary\PSoC5\GCC\libemf32nosnlfn.a(MMC_Drv.o)
 .text._GetFromCSD
                0x0000a6b4       0x34 ..\emFile_V322c\LinkLibrary\PSoC5\GCC\libemf32nosnlfn.a(MMC_Drv.o)
 .text._ExecCmdR1
                0x0000a6e8       0x98 ..\emFile_V322c\LinkLibrary\PSoC5\GCC\libemf32nosnlfn.a(MMC_Drv.o)
 .text._ReadCSD
                0x0000a780       0x86 ..\emFile_V322c\LinkLibrary\PSoC5\GCC\libemf32nosnlfn.a(MMC_Drv.o)
 *fill*         0x0000a806        0x2 
 .text._MMC_Read
                0x0000a808      0x130 ..\emFile_V322c\LinkLibrary\PSoC5\GCC\libemf32nosnlfn.a(MMC_Drv.o)
 .text._MMC_Write
                0x0000a938      0x13c ..\emFile_V322c\LinkLibrary\PSoC5\GCC\libemf32nosnlfn.a(MMC_Drv.o)
 .text._ApplyCSD
                0x0000aa74      0x228 ..\emFile_V322c\LinkLibrary\PSoC5\GCC\libemf32nosnlfn.a(MMC_Drv.o)
 .text._MMC_Init
                0x0000ac9c      0x1c0 ..\emFile_V322c\LinkLibrary\PSoC5\GCC\libemf32nosnlfn.a(MMC_Drv.o)
 .text._MMC_InitMedium
                0x0000ae5c       0x28 ..\emFile_V322c\LinkLibrary\PSoC5\GCC\libemf32nosnlfn.a(MMC_Drv.o)
 .text._MMC_IoCtl
                0x0000ae84       0x60 ..\emFile_V322c\LinkLibrary\PSoC5\GCC\libemf32nosnlfn.a(MMC_Drv.o)
 .text.emFile_Init
                0x0000aee4       0x6c .\CortexM3\ARM_GCC_541\Debug\notoriOS.a(emFile_MMC_HW_SPI.o)
 .text.emFile_ReadWriteSPI
                0x0000af50       0x68 .\CortexM3\ARM_GCC_541\Debug\notoriOS.a(emFile_MMC_HW_SPI.o)
 .text.FS_MMC_HW_X_EnableCS
                0x0000afb8       0x28 .\CortexM3\ARM_GCC_541\Debug\notoriOS.a(emFile_MMC_HW_SPI.o)
                0x0000afb8                FS_MMC_HW_X_EnableCS
 .text.FS_MMC_HW_X_DisableCS
                0x0000afe0       0x28 .\CortexM3\ARM_GCC_541\Debug\notoriOS.a(emFile_MMC_HW_SPI.o)
                0x0000afe0                FS_MMC_HW_X_DisableCS
 .text.FS_MMC_HW_X_IsWriteProtected
                0x0000b008       0x28 .\CortexM3\ARM_GCC_541\Debug\notoriOS.a(emFile_MMC_HW_SPI.o)
                0x0000b008                FS_MMC_HW_X_IsWriteProtected
 .text.FS_MMC_HW_X_SetMaxSpeed
                0x0000b030       0x88 .\CortexM3\ARM_GCC_541\Debug\notoriOS.a(emFile_MMC_HW_SPI.o)
                0x0000b030                FS_MMC_HW_X_SetMaxSpeed
 .text.FS_MMC_HW_X_SetVoltage
                0x0000b0b8       0x68 .\CortexM3\ARM_GCC_541\Debug\notoriOS.a(emFile_MMC_HW_SPI.o)
                0x0000b0b8                FS_MMC_HW_X_SetVoltage
 .text.FS_MMC_HW_X_IsPresent
                0x0000b120       0x30 .\CortexM3\ARM_GCC_541\Debug\notoriOS.a(emFile_MMC_HW_SPI.o)
                0x0000b120                FS_MMC_HW_X_IsPresent
 .text.FS_MMC_HW_X_Read
                0x0000b150       0x38 .\CortexM3\ARM_GCC_541\Debug\notoriOS.a(emFile_MMC_HW_SPI.o)
                0x0000b150                FS_MMC_HW_X_Read
 .text.FS_MMC_HW_X_Write
                0x0000b188       0x34 .\CortexM3\ARM_GCC_541\Debug\notoriOS.a(emFile_MMC_HW_SPI.o)
                0x0000b188                FS_MMC_HW_X_Write
 .text.emFile_Clock_1_Start
                0x0000b1bc       0x34 .\CortexM3\ARM_GCC_541\Debug\notoriOS.a(emFile_Clock_1.o)
                0x0000b1bc                emFile_Clock_1_Start
 .text.emFile_Clock_1_Stop
                0x0000b1f0       0x34 .\CortexM3\ARM_GCC_541\Debug\notoriOS.a(emFile_Clock_1.o)
                0x0000b1f0                emFile_Clock_1_Stop
 .text.emFile_Clock_1_SetDividerRegister
                0x0000b224      0x164 .\CortexM3\ARM_GCC_541\Debug\notoriOS.a(emFile_Clock_1.o)
                0x0000b224                emFile_Clock_1_SetDividerRegister
 .text.emFile_Clock_1_GetDividerRegister
                0x0000b388       0x18 .\CortexM3\ARM_GCC_541\Debug\notoriOS.a(emFile_Clock_1.o)
                0x0000b388                emFile_Clock_1_GetDividerRegister
 .text.emFile_Clock_1_GetSourceRegister
                0x0000b3a0       0x1c .\CortexM3\ARM_GCC_541\Debug\notoriOS.a(emFile_Clock_1.o)
                0x0000b3a0                emFile_Clock_1_GetSourceRegister
 .text          0x0000b3bc      0x370 c:/program files (x86)/cypress/psoc creator/4.4/psoc creator/import/gnu/arm/5.4.1/bin/../lib/gcc/arm-none-eabi/5.4.1/armv7-m\libgcc.a(_arm_addsubdf3.o)
                0x0000b3bc                __aeabi_drsub
                0x0000b3c4                __aeabi_dsub
                0x0000b3c4                __subdf3
                0x0000b3c8                __aeabi_dadd
                0x0000b3c8                __adddf3
                0x0000b640                __floatunsidf
                0x0000b640                __aeabi_ui2d
                0x0000b660                __floatsidf
                0x0000b660                __aeabi_i2d
                0x0000b684                __aeabi_f2d
                0x0000b684                __extendsfdf2
                0x0000b6c0                __floatundidf
                0x0000b6c0                __aeabi_ul2d
                0x0000b6d0                __floatdidf
                0x0000b6d0                __aeabi_l2d
 .text          0x0000b72c      0x424 c:/program files (x86)/cypress/psoc creator/4.4/psoc creator/import/gnu/arm/5.4.1/bin/../lib/gcc/arm-none-eabi/5.4.1/armv7-m\libgcc.a(_arm_muldivdf3.o)
                0x0000b72c                __aeabi_dmul
                0x0000b72c                __muldf3
                0x0000b980                __divdf3
                0x0000b980                __aeabi_ddiv
 .text          0x0000bb50      0x110 c:/program files (x86)/cypress/psoc creator/4.4/psoc creator/import/gnu/arm/5.4.1/bin/../lib/gcc/arm-none-eabi/5.4.1/armv7-m\libgcc.a(_arm_cmpdf2.o)
                0x0000bb50                __gtdf2
                0x0000bb50                __gedf2
                0x0000bb58                __ltdf2
                0x0000bb58                __ledf2
                0x0000bb60                __nedf2
                0x0000bb60                __eqdf2
                0x0000bb60                __cmpdf2
                0x0000bbdc                __aeabi_cdrcmple
                0x0000bbec                __aeabi_cdcmpeq
                0x0000bbec                __aeabi_cdcmple
                0x0000bbfc                __aeabi_dcmpeq
                0x0000bc10                __aeabi_dcmplt
                0x0000bc24                __aeabi_dcmple
                0x0000bc38                __aeabi_dcmpge
                0x0000bc4c                __aeabi_dcmpgt
 .text          0x0000bc60       0x2c c:/program files (x86)/cypress/psoc creator/4.4/psoc creator/import/gnu/arm/5.4.1/bin/../lib/gcc/arm-none-eabi/5.4.1/armv7-m\libgcc.a(_arm_unorddf2.o)
                0x0000bc60                __unorddf2
                0x0000bc60                __aeabi_dcmpun
 .text          0x0000bc8c       0x50 c:/program files (x86)/cypress/psoc creator/4.4/psoc creator/import/gnu/arm/5.4.1/bin/../lib/gcc/arm-none-eabi/5.4.1/armv7-m\libgcc.a(_arm_fixdfsi.o)
                0x0000bc8c                __aeabi_d2iz
                0x0000bc8c                __fixdfsi
 .text          0x0000bcdc       0xa0 c:/program files (x86)/cypress/psoc creator/4.4/psoc creator/import/gnu/arm/5.4.1/bin/../lib/gcc/arm-none-eabi/5.4.1/armv7-m\libgcc.a(_arm_truncdfsf2.o)
                0x0000bcdc                __truncdfsf2
                0x0000bcdc                __aeabi_d2f
 .text          0x0000bd7c      0x21c c:/program files (x86)/cypress/psoc creator/4.4/psoc creator/import/gnu/arm/5.4.1/bin/../lib/gcc/arm-none-eabi/5.4.1/armv7-m\libgcc.a(_arm_addsubsf3.o)
                0x0000bd7c                __aeabi_frsub
                0x0000bd84                __subsf3
                0x0000bd84                __aeabi_fsub
                0x0000bd88                __aeabi_fadd
                0x0000bd88                __addsf3
                0x0000bee8                __aeabi_ui2f
                0x0000bee8                __floatunsisf
                0x0000bef0                __aeabi_i2f
                0x0000bef0                __floatsisf
                0x0000bf0c                __aeabi_ul2f
                0x0000bf0c                __floatundisf
                0x0000bf1c                __aeabi_l2f
                0x0000bf1c                __floatdisf
 .text          0x0000bf98      0x2a0 c:/program files (x86)/cypress/psoc creator/4.4/psoc creator/import/gnu/arm/5.4.1/bin/../lib/gcc/arm-none-eabi/5.4.1/armv7-m\libgcc.a(_arm_muldivsf3.o)
                0x0000bf98                __mulsf3
                0x0000bf98                __aeabi_fmul
                0x0000c100                __aeabi_fdiv
                0x0000c100                __divsf3
 .text          0x0000c238       0xec c:/program files (x86)/cypress/psoc creator/4.4/psoc creator/import/gnu/arm/5.4.1/bin/../lib/gcc/arm-none-eabi/5.4.1/armv7-m\libgcc.a(_arm_cmpsf2.o)
                0x0000c238                __gesf2
                0x0000c238                __gtsf2
                0x0000c240                __lesf2
                0x0000c240                __ltsf2
                0x0000c248                __nesf2
                0x0000c248                __eqsf2
                0x0000c248                __cmpsf2
                0x0000c2a8                __aeabi_cfrcmple
                0x0000c2b0                __aeabi_cfcmpeq
                0x0000c2b0                __aeabi_cfcmple
                0x0000c2c0                __aeabi_fcmpeq
                0x0000c2d4                __aeabi_fcmplt
                0x0000c2e8                __aeabi_fcmple
                0x0000c2fc                __aeabi_fcmpge
                0x0000c310                __aeabi_fcmpgt
 .text.atof     0x0000c324        0x8 c:/program files (x86)/cypress/psoc creator/4.4/psoc creator/import/gnu/arm/5.4.1/bin/../lib/gcc/arm-none-eabi/5.4.1/../../../../arm-none-eabi/lib/armv7-m\libg.a(lib_a-atof.o)
                0x0000c324                atof
 .text.atoi     0x0000c32c        0x8 c:/program files (x86)/cypress/psoc creator/4.4/psoc creator/import/gnu/arm/5.4.1/bin/../lib/gcc/arm-none-eabi/5.4.1/../../../../arm-none-eabi/lib/armv7-m\libg.a(lib_a-atoi.o)
                0x0000c32c                atoi
 .text.__errno  0x0000c334        0xc c:/program files (x86)/cypress/psoc creator/4.4/psoc creator/import/gnu/arm/5.4.1/bin/../lib/gcc/arm-none-eabi/5.4.1/../../../../arm-none-eabi/lib/armv7-m\libg.a(lib_a-errno.o)
                0x0000c334                __errno
 .text.gmtime   0x0000c340       0x10 c:/program files (x86)/cypress/psoc creator/4.4/psoc creator/import/gnu/arm/5.4.1/bin/../lib/gcc/arm-none-eabi/5.4.1/../../../../arm-none-eabi/lib/armv7-m\libg.a(lib_a-gmtime.o)
                0x0000c340                gmtime
 .text.gmtime_r
                0x0000c350      0x1c8 c:/program files (x86)/cypress/psoc creator/4.4/psoc creator/import/gnu/arm/5.4.1/bin/../lib/gcc/arm-none-eabi/5.4.1/../../../../arm-none-eabi/lib/armv7-m\libg.a(lib_a-gmtime_r.o)
                0x0000c350                gmtime_r
 .text.__libc_init_array
                0x0000c518       0x50 c:/program files (x86)/cypress/psoc creator/4.4/psoc creator/import/gnu/arm/5.4.1/bin/../lib/gcc/arm-none-eabi/5.4.1/../../../../arm-none-eabi/lib/armv7-m\libg.a(lib_a-init.o)
                0x0000c518                __libc_init_array
 .text.memcmp   0x0000c568       0x64 c:/program files (x86)/cypress/psoc creator/4.4/psoc creator/import/gnu/arm/5.4.1/bin/../lib/gcc/arm-none-eabi/5.4.1/../../../../arm-none-eabi/lib/armv7-m\libg.a(lib_a-memcmp.o)
                0x0000c568                memcmp
 .text          0x0000c5cc       0xec c:/program files (x86)/cypress/psoc creator/4.4/psoc creator/import/gnu/arm/5.4.1/bin/../lib/gcc/arm-none-eabi/5.4.1/../../../../arm-none-eabi/lib/armv7-m\libg.a(lib_a-memcpy.o)
                0x0000c5cc                memcpy
 .text.memset   0x0000c6b8       0x9c c:/program files (x86)/cypress/psoc creator/4.4/psoc creator/import/gnu/arm/5.4.1/bin/../lib/gcc/arm-none-eabi/5.4.1/../../../../arm-none-eabi/lib/armv7-m\libg.a(lib_a-memset.o)
                0x0000c6b8                memset
 .text.validate_structure
                0x0000c754      0x208 c:/program files (x86)/cypress/psoc creator/4.4/psoc creator/import/gnu/arm/5.4.1/bin/../lib/gcc/arm-none-eabi/5.4.1/../../../../arm-none-eabi/lib/armv7-m\libg.a(lib_a-mktime.o)
 .text.mktime   0x0000c95c      0x3ac c:/program files (x86)/cypress/psoc creator/4.4/psoc creator/import/gnu/arm/5.4.1/bin/../lib/gcc/arm-none-eabi/5.4.1/../../../../arm-none-eabi/lib/armv7-m\libg.a(lib_a-mktime.o)
                0x0000c95c                mktime
 .text.snprintf
                0x0000cd08       0x98 c:/program files (x86)/cypress/psoc creator/4.4/psoc creator/import/gnu/arm/5.4.1/bin/../lib/gcc/arm-none-eabi/5.4.1/../../../../arm-none-eabi/lib/armv7-m\libg.a(lib_a-snprintf.o)
                0x0000cd08                snprintf