Archive member included to satisfy reference by file (symbol)

.\CortexM3\ARM_GCC_541\Debug\notoriOS.a(CyLib.o)
                              .\CortexM3\ARM_GCC_541\Debug\Cm3Start.o (CyResetStatus)
.\CortexM3\ARM_GCC_541\Debug\notoriOS.a(cyPm.o)
                              .\CortexM3\ARM_GCC_541\Debug\notoriOS.o (CyPmSaveClocks)
.\CortexM3\ARM_GCC_541\Debug\notoriOS.a(isr_SleepTimer.o)
                              .\CortexM3\ARM_GCC_541\Debug\notoriOS.o (isr_SleepTimer_StartEx)
.\CortexM3\ARM_GCC_541\Debug\notoriOS.a(SleepTimer.o)
                              .\CortexM3\ARM_GCC_541\Debug\notoriOS.o (SleepTimer_Start)
.\CortexM3\ARM_GCC_541\Debug\notoriOS.a(LED.o)
                              .\CortexM3\ARM_GCC_541\Debug\notoriOS.o (LED_Write)
.\CortexM3\ARM_GCC_541\Debug\notoriOS.a(RTC.o)
                              .\CortexM3\ARM_GCC_541\Debug\notoriOS.o (RTC_Start)
.\CortexM3\ARM_GCC_541\Debug\notoriOS.a(RTC_INT.o)
                              .\CortexM3\ARM_GCC_541\Debug\notoriOS.a(RTC.o) (RTC_ISR)
.\CortexM3\ARM_GCC_541\Debug\notoriOS.a(Level_Sensor_UART.o)
                              .\CortexM3\ARM_GCC_541\Debug\level_sensor.o (Level_Sensor_UART_Start)
.\CortexM3\ARM_GCC_541\Debug\notoriOS.a(Level_Sensor_ISR.o)
                              .\CortexM3\ARM_GCC_541\Debug\level_sensor.o (Level_Sensor_ISR_StartEx)
.\CortexM3\ARM_GCC_541\Debug\notoriOS.a(Level_Sensor_Power.o)
                              .\CortexM3\ARM_GCC_541\Debug\level_sensor.o (Level_Sensor_Power_Write)
.\CortexM3\ARM_GCC_541\Debug\notoriOS.a(emFile_PM.o)
                              .\CortexM3\ARM_GCC_541\Debug\sd_card.o (emFile_Sleep)
.\CortexM3\ARM_GCC_541\Debug\notoriOS.a(SD_Card_Power.o)
                              .\CortexM3\ARM_GCC_541\Debug\sd_card.o (SD_Card_Power_Write)
.\CortexM3\ARM_GCC_541\Debug\notoriOS.a(emFile_SPI0_PM.o)
                              .\CortexM3\ARM_GCC_541\Debug\notoriOS.a(emFile_PM.o) (emFile_SPI0_SaveConfig)
.\CortexM3\ARM_GCC_541\Debug\notoriOS.a(emFile_mosi0.o)
                              .\CortexM3\ARM_GCC_541\Debug\sd_card.o (emFile_mosi0_Write)
.\CortexM3\ARM_GCC_541\Debug\notoriOS.a(emFile_miso0.o)
                              .\CortexM3\ARM_GCC_541\Debug\sd_card.o (emFile_miso0_Write)
.\CortexM3\ARM_GCC_541\Debug\notoriOS.a(emFile_sclk0.o)
                              .\CortexM3\ARM_GCC_541\Debug\sd_card.o (emFile_sclk0_Write)
.\CortexM3\ARM_GCC_541\Debug\notoriOS.a(emFile_SPI0_CS.o)
                              .\CortexM3\ARM_GCC_541\Debug\sd_card.o (emFile_SPI0_CS_Write)
.\CortexM3\ARM_GCC_541\Debug\notoriOS.a(ADC.o)
                              .\CortexM3\ARM_GCC_541\Debug\voltages.o (ADC_Start)
.\CortexM3\ARM_GCC_541\Debug\notoriOS.a(ADC_PM.o)
                              .\CortexM3\ARM_GCC_541\Debug\voltages.o (ADC_SaveConfig)
.\CortexM3\ARM_GCC_541\Debug\notoriOS.a(ADC_INT.o)
                              .\CortexM3\ARM_GCC_541\Debug\notoriOS.a(ADC.o) (ADC_ISR1)
.\CortexM3\ARM_GCC_541\Debug\notoriOS.a(AMux.o)
                              .\CortexM3\ARM_GCC_541\Debug\voltages.o (AMux_Start)
.\CortexM3\ARM_GCC_541\Debug\notoriOS.a(Battery_Voltage_Enable.o)
                              .\CortexM3\ARM_GCC_541\Debug\voltages.o (Battery_Voltage_Enable_Write)
.\CortexM3\ARM_GCC_541\Debug\notoriOS.a(ADC_AMux.o)
                              .\CortexM3\ARM_GCC_541\Debug\notoriOS.a(ADC.o) (ADC_AMux_Select)
.\CortexM3\ARM_GCC_541\Debug\notoriOS.a(ADC_Ext_CP_Clk.o)
                              .\CortexM3\ARM_GCC_541\Debug\notoriOS.a(ADC.o) (ADC_Ext_CP_Clk_SetDividerRegister)
.\CortexM3\ARM_GCC_541\Debug\notoriOS.a(ADC_theACLK.o)
                              .\CortexM3\ARM_GCC_541\Debug\notoriOS.a(ADC.o) (ADC_theACLK_SetDividerRegister)
.\CortexM3\ARM_GCC_541\Debug\notoriOS.a(Debug_UART.o)
                              .\CortexM3\ARM_GCC_541\Debug\debug.o (Debug_UART_Start)
.\CortexM3\ARM_GCC_541\Debug\notoriOS.a(Debug_UART_PM.o)
                              .\CortexM3\ARM_GCC_541\Debug\debug.o (Debug_UART_Sleep)
.\CortexM3\ARM_GCC_541\Debug\notoriOS.a(Debug_UART_IntClock.o)
                              .\CortexM3\ARM_GCC_541\Debug\notoriOS.a(Debug_UART.o) (Debug_UART_IntClock_Start)
.\CortexM3\ARM_GCC_541\Debug\notoriOS.a(Pin_Telit_ONOFF.o)
                              .\CortexM3\ARM_GCC_541\Debug\modem.o (Pin_Telit_ONOFF_Write)
.\CortexM3\ARM_GCC_541\Debug\notoriOS.a(Pin_Telit_pwr.o)
                              .\CortexM3\ARM_GCC_541\Debug\modem.o (Pin_Telit_pwr_Write)
.\CortexM3\ARM_GCC_541\Debug\notoriOS.a(Pin_Telit_SWRDY.o)
                              .\CortexM3\ARM_GCC_541\Debug\modem.o (Pin_Telit_SWRDY_Write)
.\CortexM3\ARM_GCC_541\Debug\notoriOS.a(UART_Telit.o)
                              .\CortexM3\ARM_GCC_541\Debug\modem.o (UART_Telit_Start)
.\CortexM3\ARM_GCC_541\Debug\notoriOS.a(UART_Telit_PM.o)
                              .\CortexM3\ARM_GCC_541\Debug\modem.o (UART_Telit_Sleep)
.\CortexM3\ARM_GCC_541\Debug\notoriOS.a(isr_telit_rx.o)
[...]
Memory Configuration

Name             Origin             Length             Attributes
rom              0x00000000         0x00040000         xr
ram              0x1fff8000         0x00010000         xrw
*default*        0x00000000         0xffffffff

Linker script and memory map

LOAD c:/program files (x86)/cypress/psoc creator/4.3/psoc creator/import/gnu/arm/5.4.1/bin/../lib/gcc/arm-none-eabi/5.4.1/armv7-m/crti.o
LOAD c:/program files (x86)/cypress/psoc creator/4.3/psoc creator/import/gnu/arm/5.4.1/bin/../lib/gcc/arm-none-eabi/5.4.1/armv7-m/crtbegin.o
LOAD c:/program files (x86)/cypress/psoc creator/4.3/psoc creator/import/gnu/arm/5.4.1/bin/../lib/gcc/arm-none-eabi/5.4.1/../../../../arm-none-eabi/lib/armv7-m/crt0.o
START GROUP
LOAD .\CortexM3\ARM_GCC_541\Debug\level_sensor.o
LOAD .\CortexM3\ARM_GCC_541\Debug\sd_card.o
LOAD .\CortexM3\ARM_GCC_541\Debug\debug.o
LOAD .\CortexM3\ARM_GCC_541\Debug\voltages.o
LOAD .\CortexM3\ARM_GCC_541\Debug\modem.o
LOAD .\CortexM3\ARM_GCC_541\Debug\data.o
LOAD .\CortexM3\ARM_GCC_541\Debug\influx.o
LOAD .\CortexM3\ARM_GCC_541\Debug\notoriOS.o
LOAD .\CortexM3\ARM_GCC_541\Debug\main.o
LOAD .\CortexM3\ARM_GCC_541\Debug\cyfitter_cfg.o
LOAD .\CortexM3\ARM_GCC_541\Debug\cymetadata.o
LOAD .\CortexM3\ARM_GCC_541\Debug\Cm3Start.o
LOAD .\CortexM3\ARM_GCC_541\Debug\notoriOS.a
LOAD C:\Program Files (x86)\Cypress\PSoC Creator\4.3\PSoC Creator\psoc\content\cycomponentlibrary\CyComponentLibrary.cylib\CortexM3\ARM_GCC_541\Debug\CyComponentLibrary.a
LOAD ..\emFile_V322c\LinkLibrary\PSoC5\GCC\libemf32nosnlfn.a
LOAD c:/program files (x86)/cypress/psoc creator/4.3/psoc creator/import/gnu/arm/5.4.1/bin/../lib/gcc/arm-none-eabi/5.4.1/../../../../arm-none-eabi/lib/armv7-m\libm.a
END GROUP
START GROUP
LOAD c:/program files (x86)/cypress/psoc creator/4.3/psoc creator/import/gnu/arm/5.4.1/bin/../lib/gcc/arm-none-eabi/5.4.1/armv7-m\libgcc.a
LOAD c:/program files (x86)/cypress/psoc creator/4.3/psoc creator/import/gnu/arm/5.4.1/bin/../lib/gcc/arm-none-eabi/5.4.1/../../../../arm-none-eabi/lib/armv7-m\libg.a
LOAD c:/program files (x86)/cypress/psoc creator/4.3/psoc creator/import/gnu/arm/5.4.1/bin/../lib/gcc/arm-none-eabi/5.4.1/../../../../arm-none-eabi/lib/armv7-m\libc.a
END GROUP
LOAD c:/program files (x86)/cypress/psoc creator/4.3/psoc creator/import/gnu/arm/5.4.1/bin/../lib/gcc/arm-none-eabi/5.4.1/armv7-m/crtend.o
LOAD c:/program files (x86)/cypress/psoc creator/4.3/psoc creator/import/gnu/arm/5.4.1/bin/../lib/gcc/arm-none-eabi/5.4.1/armv7-m/crtn.o
START GROUP
LOAD c:/program files (x86)/cypress/psoc creator/4.3/psoc creator/import/gnu/arm/5.4.1/bin/../lib/gcc/arm-none-eabi/5.4.1/armv7-m\libgcc.a
LOAD c:/program files (x86)/cypress/psoc creator/4.3/psoc creator/import/gnu/arm/5.4.1/bin/../lib/gcc/arm-none-eabi/5.4.1/../../../../arm-none-eabi/lib/armv7-m\libc.a
LOAD c:/program files (x86)/cypress/psoc creator/4.3/psoc creator/import/gnu/arm/5.4.1/bin/../lib/gcc/arm-none-eabi/5.4.1/../../../../arm-none-eabi/lib/armv7-m\libnosys.a
END GROUP
                0x00000000                CY_APPL_ORIGIN = 0x0
                0x00000100                CY_FLASH_ROW_SIZE = 0x100
                0x00000020                CY_ECC_ROW_SIZE = 0x20
                0x00000000                CY_EE_IN_BTLDR = 0x0
                0x00000000                CY_APPL_LOADABLE = 0x0
                0x00000800                CY_EE_SIZE = 0x800
                0x00000001                CY_APPL_NUM = 0x1
                0x00000001                CY_APPL_MAX = 0x1
                0x00000040                CY_METADATA_SIZE = 0x40
                0x00000000                CY_APPL_LOADABLE = 0x0
                0x00000000                CY_CHECKSUM_EXCLUDE_SIZE = ALIGN (0x0, CY_FLASH_ROW_SIZE)
                [!provide]                PROVIDE (__cy_heap_start, _end)
                0x00000001                PROVIDE (__cy_region_num, ((__cy_regions_end - __cy_regions) / 0x10))
                0x20008000                PROVIDE (__cy_stack, (ORIGIN (ram) + LENGTH (ram)))
                [!provide]                PROVIDE (__cy_heap_end, (__cy_stack - 0x1000))

.cybootloader   0x00000000        0x0
 *(.cybootloader)
                0x00000000                appl1_start = CY_APPL_ORIGIN?CY_APPL_ORIGIN:ALIGN (CY_FLASH_ROW_SIZE)
                0x0001ff00                appl2_start = (appl1_start + ALIGN ((((LENGTH (rom) - appl1_start) - (0x2 * CY_FLASH_ROW_SIZE)) / 0x2), CY_FLASH_ROW_SIZE))
                0x00000000                appl_start = (CY_APPL_NUM == 0x1)?appl1_start:appl2_start
                0x00000000                ecc_offset = ((appl_start / CY_FLASH_ROW_SIZE) * CY_ECC_ROW_SIZE)
                0x00000000                ee_offset = (CY_APPL_LOADABLE && ! (CY_EE_IN_BTLDR))?((CY_EE_SIZE / CY_APPL_MAX) * (CY_APPL_NUM - 0x1)):0x0
                0x00000800                ee_size = (CY_APPL_LOADABLE && ! (CY_EE_IN_BTLDR))?(CY_EE_SIZE / CY_APPL_MAX):CY_EE_SIZE
                [!provide]                PROVIDE (CY_ECC_OFFSET, ecc_offset)

.text           0x00000000    0x14688
 CREATE_OBJECT_SYMBOLS
                0x00000000                PROVIDE (__cy_interrupt_vector, RomVectors)
 *(.romvectors)
 .romvectors    0x00000000       0x10 .\CortexM3\ARM_GCC_541\Debug\Cm3Start.o
                0x00000000                RomVectors
                0x00000001                ASSERT ((. != __cy_interrupt_vector), No interrupt vector)
                0x00000001                ASSERT (CY_APPL_ORIGIN?(SIZEOF (.cybootloader) <= CY_APPL_ORIGIN):0x1, Wrong image location)
                0x00000010                PROVIDE (__cy_reset, Reset)
 *(.text.Reset)
 .text.Reset    0x00000010       0x18 .\CortexM3\ARM_GCC_541\Debug\Cm3Start.o
                0x00000010                Reset
                0x00000001                ASSERT ((. != __cy_reset), No reset code)
 *(.dma_init)
                0x00000001                ASSERT ((((appl_start + .) <= 0x10000) || 0x1), DMA Init must be within the first 64k of flash)
 *(.text .text.* .gnu.linkonce.t.*)
 .text          0x00000028       0x5c c:/program files (x86)/cypress/psoc creator/4.3/psoc creator/import/gnu/arm/5.4.1/bin/../lib/gcc/arm-none-eabi/5.4.1/armv7-m/crtbegin.o
 .text.uart_clear
                0x00000084       0x28 .\CortexM3\ARM_GCC_541\Debug\level_sensor.o
                0x00000084                uart_clear
 .text.Level_Sensor_ISR
                0x000000ac       0x70 .\CortexM3\ARM_GCC_541\Debug\level_sensor.o
                0x000000ac                Level_Sensor_ISR
 .text.level_sensor_take_reading
                0x0000011c      0x11c .\CortexM3\ARM_GCC_541\Debug\level_sensor.o
                0x0000011c                level_sensor_take_reading
 .text.level_sensor_test
                0x00000238       0xcc .\CortexM3\ARM_GCC_541\Debug\level_sensor.o
                0x00000238                level_sensor_test
 .text.find_median
                0x00000304       0x90 .\CortexM3\ARM_GCC_541\Debug\level_sensor.o
                0x00000304                find_median
 .text.sort     0x00000394       0x98 .\CortexM3\ARM_GCC_541\Debug\level_sensor.o
                0x00000394                sort
 .text.swap     0x0000042c       0x2c .\CortexM3\ARM_GCC_541\Debug\level_sensor.o
                0x0000042c                swap
 .text.SD_rmfile
                0x00000458       0x2c .\CortexM3\ARM_GCC_541\Debug\sd_card.o
                0x00000458                SD_rmfile
 .text.SD_write
                0x00000484       0x6c .\CortexM3\ARM_GCC_541\Debug\sd_card.o
                0x00000484                SD_write
 .text.SD_read  0x000004f0       0x68 .\CortexM3\ARM_GCC_541\Debug\sd_card.o
                0x000004f0                SD_read
 .text.SD_power_up
                0x00000558       0x18 .\CortexM3\ARM_GCC_541\Debug\sd_card.o
                0x00000558                SD_power_up
 .text.SD_power_down
                0x00000570       0x30 .\CortexM3\ARM_GCC_541\Debug\sd_card.o
                0x00000570                SD_power_down
 .text.SD_card_test
                0x000005a0      0x120 .\CortexM3\ARM_GCC_541\Debug\sd_card.o
                0x000005a0                SD_card_test
 .text.debug_start
                0x000006c0        0xc .\CortexM3\ARM_GCC_541\Debug\debug.o
                0x000006c0                debug_start
 .text.debug_sleep
                0x000006cc       0x20 .\CortexM3\ARM_GCC_541\Debug\debug.o
                0x000006cc                debug_sleep
 .text.debug_wakeup
                0x000006ec        0xc .\CortexM3\ARM_GCC_541\Debug\debug.o
                0x000006ec                debug_wakeup
 .text.printNotif
                0x000006f8      0x108 .\CortexM3\ARM_GCC_541\Debug\debug.o
                0x000006f8                printNotif
 .text.printTestStatus
                0x00000800       0x78 .\CortexM3\ARM_GCC_541\Debug\debug.o
                0x00000800                printTestStatus
 .text.getTimeStamp
                0x00000878       0x58 .\CortexM3\ARM_GCC_541\Debug\debug.o
                0x00000878                getTimeStamp
 .text.printd   0x000008d0       0x3c .\CortexM3\ARM_GCC_541\Debug\debug.o
                0x000008d0                printd
 *fill*         0x0000090c        0x4 
 .text.voltage_take_readings
                0x00000910      0x12c .\CortexM3\ARM_GCC_541\Debug\voltages.o
                0x00000910                voltage_take_readings
 .text.sort32   0x00000a3c       0x74 .\CortexM3\ARM_GCC_541\Debug\voltages.o
                0x00000a3c                sort32
 .text.swap32   0x00000ab0       0x28 .\CortexM3\ARM_GCC_541\Debug\voltages.o
                0x00000ab0                swap32
 .text.find_median32
                0x00000ad8       0x84 .\CortexM3\ARM_GCC_541\Debug\voltages.o
                0x00000ad8                find_median32
 .text.voltages_test
                0x00000b5c       0xbc .\CortexM3\ARM_GCC_541\Debug\voltages.o
                0x00000b5c                voltages_test
 .text.isr_telit_rx
                0x00000c18       0x44 .\CortexM3\ARM_GCC_541\Debug\modem.o
                0x00000c18                isr_telit_rx
 .text.modem_initialize
                0x00000c5c       0x6c .\CortexM3\ARM_GCC_541\Debug\modem.o
                0x00000c5c                modem_initialize
 .text.pins_configure_inactive
                0x00000cc8       0x34 .\CortexM3\ARM_GCC_541\Debug\modem.o
                0x00000cc8                pins_configure_inactive
 .text.pins_configure_active
                0x00000cfc       0x20 .\CortexM3\ARM_GCC_541\Debug\modem.o
                0x00000cfc                pins_configure_active
 .text.modem_power_down
                0x00000d1c       0x40 .\CortexM3\ARM_GCC_541\Debug\modem.o
                0x00000d1c                modem_power_down
 .text.modem_power_up
                0x00000d5c       0xdc .\CortexM3\ARM_GCC_541\Debug\modem.o
                0x00000d5c                modem_power_up
 .text.modem_soft_power_cycle
                0x00000e38       0x1c .\CortexM3\ARM_GCC_541\Debug\modem.o
                0x00000e38                modem_soft_power_cycle
 .text.uart_string_reset
                0x00000e54       0x28 .\CortexM3\ARM_GCC_541\Debug\modem.o
                0x00000e54                uart_string_reset
 .text.at_write_command
                0x00000e7c       0xc8 .\CortexM3\ARM_GCC_541\Debug\modem.o
                0x00000e7c                at_write_command
 .text.modem_test
                0x00000f44       0xfc .\CortexM3\ARM_GCC_541\Debug\modem.o
                0x00000f44                modem_test
 .text.extract_string
                0x00001040       0x78 .\CortexM3\ARM_GCC_541\Debug\modem.o
                0x00001040                extract_string
 .text.modem_process_tasks
                0x000010b8      0x140 .\CortexM3\ARM_GCC_541\Debug\modem.o
                0x000010b8                modem_process_tasks
 .text.is_connected_to_cell_network
                0x000011f8       0xb4 .\CortexM3\ARM_GCC_541\Debug\modem.o
                0x000011f8                is_connected_to_cell_network
 .text.set_up_internet_connection
                0x000012ac       0x1c .\CortexM3\ARM_GCC_541\Debug\modem.o
                0x000012ac                set_up_internet_connection
 .text.is_connected_to_internet
                0x000012c8       0x28 .\CortexM3\ARM_GCC_541\Debug\modem.o
                0x000012c8                is_connected_to_internet
 .text.get_cell_network_stats
                0x000012f0      0x130 .\CortexM3\ARM_GCC_541\Debug\modem.o
                0x000012f0                get_cell_network_stats
 .text.modem_configure_settings
                0x00001420      0x138 .\CortexM3\ARM_GCC_541\Debug\modem.o
                0x00001420                modem_configure_settings
 .text.modem_get_network_time
                0x00001558      0x144 .\CortexM3\ARM_GCC_541\Debug\modem.o
                0x00001558                modem_get_network_time
 .text.modem_get_state
                0x0000169c       0x14 .\CortexM3\ARM_GCC_541\Debug\modem.o
                0x0000169c                modem_get_state
 .text.modem_sleep
                0x000016b0       0x1c .\CortexM3\ARM_GCC_541\Debug\modem.o
                0x000016b0                modem_sleep
 .text.modem_wakeup
                0x000016cc       0x2c .\CortexM3\ARM_GCC_541\Debug\modem.o
                0x000016cc                modem_wakeup
 .text.pushData
                0x000016f8       0xac .\CortexM3\ARM_GCC_541\Debug\data.o
                0x000016f8                pushData
 .text.Clear_Data_Stack
                0x000017a4       0x6c .\CortexM3\ARM_GCC_541\Debug\data.o
                0x000017a4                Clear_Data_Stack
 .text.sizeOfDataStackDesired
                0x00001810       0x14 .\CortexM3\ARM_GCC_541\Debug\data.o
                0x00001810                sizeOfDataStackDesired
 .text.sizeOfDataStack
                0x00001824       0x14 .\CortexM3\ARM_GCC_541\Debug\data.o
                0x00001824                sizeOfDataStack
 .text.construct_generic_HTTP_request
                0x00001838       0xf8 .\CortexM3\ARM_GCC_541\Debug\data.o
                0x00001838                construct_generic_HTTP_request
 .text.construct_malcom_body
                0x00001930       0x84 .\CortexM3\ARM_GCC_541\Debug\data.o
                0x00001930                construct_malcom_body
 .text.construct_malcom_route
                0x000019b4       0x38 .\CortexM3\ARM_GCC_541\Debug\data.o
                0x000019b4                construct_malcom_route
 .text.Wakeup_ISR
                0x000019ec        0xc .\CortexM3\ARM_GCC_541\Debug\notoriOS.o
                0x000019ec                Wakeup_ISR
 .text.ReadyOrNot
                0x000019f8      0x14c .\CortexM3\ARM_GCC_541\Debug\notoriOS.o
                0x000019f8                ReadyOrNot
 .text.WorkWorkWorkWorkWorkWork
                0x00001b44       0x64 .\CortexM3\ARM_GCC_541\Debug\notoriOS.o
                0x00001b44                WorkWorkWorkWorkWorkWork
 .text.LayBack  0x00001ba8       0x2c .\CortexM3\ARM_GCC_541\Debug\notoriOS.o
                0x00001ba8                LayBack
 .text.AyoItsTime
                0x00001bd4       0x50 .\CortexM3\ARM_GCC_541\Debug\notoriOS.o
                0x00001bd4                AyoItsTime
 .text.AlarmReady
                0x00001c24       0x48 .\CortexM3\ARM_GCC_541\Debug\notoriOS.o
                0x00001c24                AlarmReady
 .text.ResetAlarm
                0x00001c6c       0x20 .\CortexM3\ARM_GCC_541\Debug\notoriOS.o
                0x00001c6c                ResetAlarm
 .text.CreateAlarm
                0x00001c8c       0x48 .\CortexM3\ARM_GCC_541\Debug\notoriOS.o
                0x00001c8c                CreateAlarm
 .text.ChickityCheckYourselfBeforeYouWreckYourself
                0x00001cd4       0xe0 .\CortexM3\ARM_GCC_541\Debug\notoriOS.o
                0x00001cd4                ChickityCheckYourselfBeforeYouWreckYourself
 .text.main     0x00001db4       0x20 .\CortexM3\ARM_GCC_541\Debug\notoriOS.o
                0x00001db4                main
 .text.syncData
                0x00001dd4      0x320 .\CortexM3\ARM_GCC_541\Debug\notoriOS.o
                0x00001dd4                syncData
 .text.configureRemoteParams
                0x000020f4       0x44 .\CortexM3\ARM_GCC_541\Debug\notoriOS.o
                0x000020f4                configureRemoteParams
 .text.makeMeasurements
                0x00002138       0xc8 .\CortexM3\ARM_GCC_541\Debug\notoriOS.o
                0x00002138                makeMeasurements
 .text.setTime  0x00002200       0x74 .\CortexM3\ARM_GCC_541\Debug\notoriOS.o
                0x00002200                setTime
 .text.CYMEMZERO
                0x00002274       0x1c .\CortexM3\ARM_GCC_541\Debug\cyfitter_cfg.o
 .text.CYCONFIGCPY
                0x00002290       0x20 .\CortexM3\ARM_GCC_541\Debug\cyfitter_cfg.o
 .text.CyClockStartupError
                0x000022b0        0xc .\CortexM3\ARM_GCC_541\Debug\cyfitter_cfg.o
 .text.cfg_write_bytes32
                0x000022bc       0x74 .\CortexM3\ARM_GCC_541\Debug\cyfitter_cfg.o
 .text.ClockSetup
                0x00002330      0x1f8 .\CortexM3\ARM_GCC_541\Debug\cyfitter_cfg.o
 .text.AnalogSetDefault
                0x00002528       0x60 .\CortexM3\ARM_GCC_541\Debug\cyfitter_cfg.o
 .text.AMux_Set
                0x00002588       0x6c .\CortexM3\ARM_GCC_541\Debug\cyfitter_cfg.o
                0x00002588                AMux_Set
 .text.AMux_Unset
                0x000025f4       0x74 .\CortexM3\ARM_GCC_541\Debug\cyfitter_cfg.o
                0x000025f4                AMux_Unset
 .text.ADC_AMux_Set
                0x00002668       0x40 .\CortexM3\ARM_GCC_541\Debug\cyfitter_cfg.o
                0x00002668                ADC_AMux_Set
 .text.ADC_AMux_Unset
                0x000026a8       0x44 .\CortexM3\ARM_GCC_541\Debug\cyfitter_cfg.o
                0x000026a8                ADC_AMux_Unset
 .text.cyfitter_cfg
                0x000026ec      0x1a4 .\CortexM3\ARM_GCC_541\Debug\cyfitter_cfg.o
                0x000026ec                cyfitter_cfg
 .text.IntDefaultHandler
                0x00002890       0x14 .\CortexM3\ARM_GCC_541\Debug\Cm3Start.o
                0x00002890                IntDefaultHandler
 .text._sbrk    0x000028a4       0x54 .\CortexM3\ARM_GCC_541\Debug\Cm3Start.o
                0x000028a4                _sbrk
 .text.Start_c  0x000028f8       0x98 .\CortexM3\ARM_GCC_541\Debug\Cm3Start.o
                0x000028f8                Start_c
 .text.initialize_psoc
                0x00002990       0x90 .\CortexM3\ARM_GCC_541\Debug\Cm3Start.o
                0x00002990                initialize_psoc
 .text.CyPLL_OUT_Start
                0x00002a20       0xb0 .\CortexM3\ARM_GCC_541\Debug\notoriOS.a(CyLib.o)
                0x00002a20                CyPLL_OUT_Start
 .text.CyPLL_OUT_Stop
                0x00002ad0       0x20 .\CortexM3\ARM_GCC_541\Debug\notoriOS.a(CyLib.o)
                0x00002ad0                CyPLL_OUT_Stop
 .text.CyIMO_Start
                0x00002af0       0x94 .\CortexM3\ARM_GCC_541\Debug\notoriOS.a(CyLib.o)
                0x00002af0                CyIMO_Start
 .text.CyIMO_Stop
                0x00002b84       0x34 .\CortexM3\ARM_GCC_541\Debug\notoriOS.a(CyLib.o)
                0x00002b84                CyIMO_Stop
 .text.CyUSB_PowerOnCheck
                0x00002bb8       0x60 .\CortexM3\ARM_GCC_541\Debug\notoriOS.a(CyLib.o)
 .text.CyIMO_SetTrimValue
                0x00002c18      0x108 .\CortexM3\ARM_GCC_541\Debug\notoriOS.a(CyLib.o)
 .text.CyIMO_SetFreq
                0x00002d20      0x1b0 .\CortexM3\ARM_GCC_541\Debug\notoriOS.a(CyLib.o)
                0x00002d20                CyIMO_SetFreq
 .text.CyIMO_SetSource
                0x00002ed0       0x8c .\CortexM3\ARM_GCC_541\Debug\notoriOS.a(CyLib.o)
                0x00002ed0                CyIMO_SetSource
 .text.CyIMO_EnableDoubler
                0x00002f5c       0x20 .\CortexM3\ARM_GCC_541\Debug\notoriOS.a(CyLib.o)
                0x00002f5c                CyIMO_EnableDoubler
 .text.CyIMO_DisableDoubler
                0x00002f7c       0x20 .\CortexM3\ARM_GCC_541\Debug\notoriOS.a(CyLib.o)
                0x00002f7c                CyIMO_DisableDoubler
 .text.CyMasterClk_SetSource
                0x00002f9c       0x34 .\CortexM3\ARM_GCC_541\Debug\notoriOS.a(CyLib.o)
                0x00002f9c                CyMasterClk_SetSource
 .text.CyMasterClk_SetDivider
                0x00002fd0       0x20 .\CortexM3\ARM_GCC_541\Debug\notoriOS.a(CyLib.o)
                0x00002fd0                CyMasterClk_SetDivider
 .text.CyBusClk_Internal_SetDivider
                0x00002ff0       0x78 .\CortexM3\ARM_GCC_541\Debug\notoriOS.a(CyLib.o)
 .text.CyBusClk_SetDivider
                0x00003068       0xb4 .\CortexM3\ARM_GCC_541\Debug\notoriOS.a(CyLib.o)
                0x00003068                CyBusClk_SetDivider
 .text.CyILO_Start100K
                0x0000311c       0x20 .\CortexM3\ARM_GCC_541\Debug\notoriOS.a(CyLib.o)
                0x0000311c                CyILO_Start100K
 .text.CyILO_Stop100K
                0x0000313c       0x20 .\CortexM3\ARM_GCC_541\Debug\notoriOS.a(CyLib.o)
                0x0000313c                CyILO_Stop100K
 .text.CyXTAL_Start
                0x0000315c       0xd0 .\CortexM3\ARM_GCC_541\Debug\notoriOS.a(CyLib.o)
                0x0000315c                CyXTAL_Start
 .text.CyXTAL_Stop
                0x0000322c       0x20 .\CortexM3\ARM_GCC_541\Debug\notoriOS.a(CyLib.o)
                0x0000322c                CyXTAL_Stop
 .text.CyHalt   0x0000324c       0x18 .\CortexM3\ARM_GCC_541\Debug\notoriOS.a(CyLib.o)
                0x0000324c                CyHalt
 .text.CyDelay  0x00003264       0x44 .\CortexM3\ARM_GCC_541\Debug\notoriOS.a(CyLib.o)
                0x00003264                CyDelay
 .text.CyDelayUs
                0x000032a8       0x28 .\CortexM3\ARM_GCC_541\Debug\notoriOS.a(CyLib.o)
                0x000032a8                CyDelayUs
 .text.CyIntSetVector
                0x000032d0       0x50 .\CortexM3\ARM_GCC_541\Debug\notoriOS.a(CyLib.o)
                0x000032d0                CyIntSetVector
 .text.CyIntSetPriority
                0x00003320       0x48 .\CortexM3\ARM_GCC_541\Debug\notoriOS.a(CyLib.o)
                0x00003320                CyIntSetPriority
 .text.CyGetUniqueId
                0x00003368       0xc4 .\CortexM3\ARM_GCC_541\Debug\notoriOS.a(CyLib.o)
                0x00003368                CyGetUniqueId
 .text.CyPmSaveClocks
                0x0000342c      0x288 .\CortexM3\ARM_GCC_541\Debug\notoriOS.a(cyPm.o)
                0x0000342c                CyPmSaveClocks
 .text.CyPmRestoreClocks
                0x000036b4      0x2f0 .\CortexM3\ARM_GCC_541\Debug\notoriOS.a(cyPm.o)
                0x000036b4                CyPmRestoreClocks
 .text.CyPmSleep
                0x000039a4      0x170 .\CortexM3\ARM_GCC_541\Debug\notoriOS.a(cyPm.o)
                0x000039a4                CyPmSleep
 .text.CyPmReadStatus
                0x00003b14       0x5c .\CortexM3\ARM_GCC_541\Debug\notoriOS.a(cyPm.o)
                0x00003b14                CyPmReadStatus
 .text.CyPmFtwSetInterval
                0x00003b70       0x94 .\CortexM3\ARM_GCC_541\Debug\notoriOS.a(cyPm.o)
                0x00003b70                CyPmFtwSetInterval
 .text.CyPmHibSlpSaveSet
                0x00003c04      0x280 .\CortexM3\ARM_GCC_541\Debug\notoriOS.a(cyPm.o)
 .text.CyPmHibSlpRestore
                0x00003e84      0x18c .\CortexM3\ARM_GCC_541\Debug\notoriOS.a(cyPm.o)
 .text.isr_SleepTimer_StartEx
                0x00004010       0x24 .\CortexM3\ARM_GCC_541\Debug\notoriOS.a(isr_SleepTimer.o)
                0x00004010                isr_SleepTimer_StartEx
 .text.isr_SleepTimer_SetVector
                0x00004034       0x24 .\CortexM3\ARM_GCC_541\Debug\notoriOS.a(isr_SleepTimer.o)
                0x00004034                isr_SleepTimer_SetVector
 .text.isr_SleepTimer_SetPriority
                0x00004058       0x24 .\CortexM3\ARM_GCC_541\Debug\notoriOS.a(isr_SleepTimer.o)
                0x00004058                isr_SleepTimer_SetPriority
 .text.isr_SleepTimer_Enable
                0x0000407c       0x18 .\CortexM3\ARM_GCC_541\Debug\notoriOS.a(isr_SleepTimer.o)
                0x0000407c                isr_SleepTimer_Enable
 .text.isr_SleepTimer_Disable
                0x00004094       0x18 .\CortexM3\ARM_GCC_541\Debug\notoriOS.a(isr_SleepTimer.o)
                0x00004094                isr_SleepTimer_Disable
 .text.SleepTimer_Start
                0x000040ac       0x24 .\CortexM3\ARM_GCC_541\Debug\notoriOS.a(SleepTimer.o)
                0x000040ac                SleepTimer_Start
 .text.SleepTimer_Init
                0x000040d0       0x14 .\CortexM3\ARM_GCC_541\Debug\notoriOS.a(SleepTimer.o)
                0x000040d0                SleepTimer_Init
 .text.SleepTimer_Enable
                0x000040e4       0x78 .\CortexM3\ARM_GCC_541\Debug\notoriOS.a(SleepTimer.o)
                0x000040e4                SleepTimer_Enable
 .text.SleepTimer_EnableInt
                0x0000415c       0x34 .\CortexM3\ARM_GCC_541\Debug\notoriOS.a(SleepTimer.o)
                0x0000415c                SleepTimer_EnableInt
 .text.SleepTimer_SetInterval
                0x00004190       0x48 .\CortexM3\ARM_GCC_541\Debug\notoriOS.a(SleepTimer.o)
                0x00004190                SleepTimer_SetInterval
 .text.SleepTimer_GetStatus
                0x000041d8       0x10 .\CortexM3\ARM_GCC_541\Debug\notoriOS.a(SleepTimer.o)
                0x000041d8                SleepTimer_GetStatus
 .text.LED_Write
                0x000041e8       0x38 .\CortexM3\ARM_GCC_541\Debug\notoriOS.a(LED.o)
                0x000041e8                LED_Write
 .text.RTC_Start
                0x00004220       0x24 .\CortexM3\ARM_GCC_541\Debug\notoriOS.a(RTC.o)
                0x00004220                RTC_Start
 .text.RTC_EnableInt
                0x00004244       0x18 .\CortexM3\ARM_GCC_541\Debug\notoriOS.a(RTC.o)
                0x00004244                RTC_EnableInt
 .text.RTC_DisableInt
                0x0000425c       0x18 .\CortexM3\ARM_GCC_541\Debug\notoriOS.a(RTC.o)
                0x0000425c                RTC_DisableInt
 .text.RTC_Init
                0x00004274       0x2c .\CortexM3\ARM_GCC_541\Debug\notoriOS.a(RTC.o)
                0x00004274                RTC_Init
 .text.RTC_Enable
                0x000042a0       0x3c .\CortexM3\ARM_GCC_541\Debug\notoriOS.a(RTC.o)
                0x000042a0                RTC_Enable
 .text.RTC_ReadTime
                0x000042dc       0x14 .\CortexM3\ARM_GCC_541\Debug\notoriOS.a(RTC.o)
                0x000042dc                RTC_ReadTime
 .text.RTC_WriteTime
                0x000042f0       0x58 .\CortexM3\ARM_GCC_541\Debug\notoriOS.a(RTC.o)
                0x000042f0                RTC_WriteTime
 .text.RTC_WriteIntervalMask
                0x00004348       0x20 .\CortexM3\ARM_GCC_541\Debug\notoriOS.a(RTC.o)
                0x00004348                RTC_WriteIntervalMask
 .text.RTC_DayOfWeek
                0x00004368       0x84 .\CortexM3\ARM_GCC_541\Debug\notoriOS.a(RTC.o)
 .text.RTC_SetInitValues
                0x000043ec      0x3c4 .\CortexM3\ARM_GCC_541\Debug\notoriOS.a(RTC.o)
 .text.RTC_EverySecondHandler
                0x000047b0       0x10 .\CortexM3\ARM_GCC_541\Debug\notoriOS.a(RTC_INT.o)
 .text.RTC_EveryMinuteHandler
                0x000047c0       0x10 .\CortexM3\ARM_GCC_541\Debug\notoriOS.a(RTC_INT.o)
 .text.RTC_EveryHourHandler
                0x000047d0       0x10 .\CortexM3\ARM_GCC_541\Debug\notoriOS.a(RTC_INT.o)
 .text.RTC_EveryDayHandler
                0x000047e0       0x10 .\CortexM3\ARM_GCC_541\Debug\notoriOS.a(RTC_INT.o)
 .text.RTC_EveryWeekHandler
                0x000047f0       0x10 .\CortexM3\ARM_GCC_541\Debug\notoriOS.a(RTC_INT.o)
 .text.RTC_EveryMonthHandler
                0x00004800       0x10 .\CortexM3\ARM_GCC_541\Debug\notoriOS.a(RTC_INT.o)
 .text.RTC_EveryYearHandler
                0x00004810       0x10 .\CortexM3\ARM_GCC_541\Debug\notoriOS.a(RTC_INT.o)
 .text.RTC_ISR  0x00004820      0x618 .\CortexM3\ARM_GCC_541\Debug\notoriOS.a(RTC_INT.o)
                0x00004820                RTC_ISR
 .text.Level_Sensor_UART_Start
                0x00004e38       0x24 .\CortexM3\ARM_GCC_541\Debug\notoriOS.a(Level_Sensor_UART.o)
                0x00004e38                Level_Sensor_UART_Start
 .text.Level_Sensor_UART_Init
                0x00004e5c       0x20 .\CortexM3\ARM_GCC_541\Debug\notoriOS.a(Level_Sensor_UART.o)
                0x00004e5c                Level_Sensor_UART_Init
 .text.Level_Sensor_UART_Enable
                0x00004e7c       0x48 .\CortexM3\ARM_GCC_541\Debug\notoriOS.a(Level_Sensor_UART.o)
                0x00004e7c                Level_Sensor_UART_Enable
 .text.Level_Sensor_UART_Stop
                0x00004ec4       0x48 .\CortexM3\ARM_GCC_541\Debug\notoriOS.a(Level_Sensor_UART.o)
                0x00004ec4                Level_Sensor_UART_Stop
 .text.Level_Sensor_UART_GetChar
                0x00004f0c       0x44 .\CortexM3\ARM_GCC_541\Debug\notoriOS.a(Level_Sensor_UART.o)
                0x00004f0c                Level_Sensor_UART_GetChar
 .text.Level_Sensor_UART_ClearRxBuffer
                0x00004f50       0x44 .\CortexM3\ARM_GCC_541\Debug\notoriOS.a(Level_Sensor_UART.o)
                0x00004f50                Level_Sensor_UART_ClearRxBuffer
 .text.Level_Sensor_ISR_StartEx
                0x00004f94       0x24 .\CortexM3\ARM_GCC_541\Debug\notoriOS.a(Level_Sensor_ISR.o)
                0x00004f94                Level_Sensor_ISR_StartEx
 .text.Level_Sensor_ISR_Stop
                0x00004fb8       0x18 .\CortexM3\ARM_GCC_541\Debug\notoriOS.a(Level_Sensor_ISR.o)
                0x00004fb8                Level_Sensor_ISR_Stop
 .text.Level_Sensor_ISR_SetVector
                0x00004fd0       0x24 .\CortexM3\ARM_GCC_541\Debug\notoriOS.a(Level_Sensor_ISR.o)
                0x00004fd0                Level_Sensor_ISR_SetVector
 .text.Level_Sensor_ISR_SetPriority
                0x00004ff4       0x24 .\CortexM3\ARM_GCC_541\Debug\notoriOS.a(Level_Sensor_ISR.o)
                0x00004ff4                Level_Sensor_ISR_SetPriority
 .text.Level_Sensor_ISR_Enable
                0x00005018       0x18 .\CortexM3\ARM_GCC_541\Debug\notoriOS.a(Level_Sensor_ISR.o)
                0x00005018                Level_Sensor_ISR_Enable
 .text.Level_Sensor_ISR_Disable
                0x00005030       0x18 .\CortexM3\ARM_GCC_541\Debug\notoriOS.a(Level_Sensor_ISR.o)
                0x00005030                Level_Sensor_ISR_Disable
 .text.Level_Sensor_Power_Write
                0x00005048       0x3c .\CortexM3\ARM_GCC_541\Debug\notoriOS.a(Level_Sensor_Power.o)
                0x00005048                Level_Sensor_Power_Write
 .text.emFile_Sleep
                0x00005084        0xc .\CortexM3\ARM_GCC_541\Debug\notoriOS.a(emFile_PM.o)
                0x00005084                emFile_Sleep
 .text.emFile_Wakeup
                0x00005090        0xc .\CortexM3\ARM_GCC_541\Debug\notoriOS.a(emFile_PM.o)
                0x00005090                emFile_Wakeup
 .text.SD_Card_Power_Write
                0x0000509c       0x3c .\CortexM3\ARM_GCC_541\Debug\notoriOS.a(SD_Card_Power.o)
                0x0000509c                SD_Card_Power_Write
 .text.emFile_SPI0_SaveConfig
                0x000050d8        0xc .\CortexM3\ARM_GCC_541\Debug\notoriOS.a(emFile_SPI0_PM.o)
                0x000050d8                emFile_SPI0_SaveConfig
 .text.emFile_SPI0_RestoreConfig
                0x000050e4        0xc .\CortexM3\ARM_GCC_541\Debug\notoriOS.a(emFile_SPI0_PM.o)
                0x000050e4                emFile_SPI0_RestoreConfig
 .text.emFile_SPI0_Sleep
                0x000050f0       0x34 .\CortexM3\ARM_GCC_541\Debug\notoriOS.a(emFile_SPI0_PM.o)
                0x000050f0                emFile_SPI0_Sleep
 .text.emFile_SPI0_Wakeup
                0x00005124       0x20 .\CortexM3\ARM_GCC_541\Debug\notoriOS.a(emFile_SPI0_PM.o)
                0x00005124                emFile_SPI0_Wakeup
 .text.emFile_mosi0_Write
                0x00005144       0x3c .\CortexM3\ARM_GCC_541\Debug\notoriOS.a(emFile_mosi0.o)
                0x00005144                emFile_mosi0_Write
 .text.emFile_miso0_Write
                0x00005180       0x3c .\CortexM3\ARM_GCC_541\Debug\notoriOS.a(emFile_miso0.o)
                0x00005180                emFile_miso0_Write
 .text.emFile_sclk0_Write
                0x000051bc       0x3c .\CortexM3\ARM_GCC_541\Debug\notoriOS.a(emFile_sclk0.o)
                0x000051bc                emFile_sclk0_Write
 .text.emFile_SPI0_CS_Write
                0x000051f8       0x3c .\CortexM3\ARM_GCC_541\Debug\notoriOS.a(emFile_SPI0_CS.o)
                0x000051f8                emFile_SPI0_CS_Write
 .text.ADC_Init
                0x00005234      0x158 .\CortexM3\ARM_GCC_541\Debug\notoriOS.a(ADC.o)
                0x00005234                ADC_Init
 .text.ADC_Enable
                0x0000538c      0x158 .\CortexM3\ARM_GCC_541\Debug\notoriOS.a(ADC.o)
                0x0000538c                ADC_Enable
 .text.ADC_Start
                0x000054e4       0x30 .\CortexM3\ARM_GCC_541\Debug\notoriOS.a(ADC.o)
                0x000054e4                ADC_Start
 .text.ADC_Stop
                0x00005514      0x17c .\CortexM3\ARM_GCC_541\Debug\notoriOS.a(ADC.o)
                0x00005514                ADC_Stop
 .text.ADC_StartConvert
                0x00005690       0x20 .\CortexM3\ARM_GCC_541\Debug\notoriOS.a(ADC.o)
                0x00005690                ADC_StartConvert
 .text.ADC_StopConvert
                0x000056b0       0x20 .\CortexM3\ARM_GCC_541\Debug\notoriOS.a(ADC.o)
                0x000056b0                ADC_StopConvert
 .text.ADC_IsEndConversion
                0x000056d0       0x4c .\CortexM3\ARM_GCC_541\Debug\notoriOS.a(ADC.o)
                0x000056d0                ADC_IsEndConversion
 .text.ADC_GetResult32
                0x0000571c       0xa8 .\CortexM3\ARM_GCC_541\Debug\notoriOS.a(ADC.o)
                0x0000571c                ADC_GetResult32
 .text.ADC_CountsTo_Volts
                0x000057c4       0x44 .\CortexM3\ARM_GCC_541\Debug\notoriOS.a(ADC.o)
                0x000057c4                ADC_CountsTo_Volts
 .text.ADC_InitConfig
                0x00005808      0x410 .\CortexM3\ARM_GCC_541\Debug\notoriOS.a(ADC.o)
 .text.ADC_GainCompensation
                0x00005c18      0x170 .\CortexM3\ARM_GCC_541\Debug\notoriOS.a(ADC.o)
 .text.ADC_SetDSMRef0Reg
                0x00005d88       0x7c .\CortexM3\ARM_GCC_541\Debug\notoriOS.a(ADC.o)
 .text.ADC_Read32
                0x00005e04       0x38 .\CortexM3\ARM_GCC_541\Debug\notoriOS.a(ADC.o)
                0x00005e04                ADC_Read32
 .text.ADC_SaveConfig
                0x00005e3c       0x20 .\CortexM3\ARM_GCC_541\Debug\notoriOS.a(ADC_PM.o)
                0x00005e3c                ADC_SaveConfig
 .text.ADC_RestoreConfig
                0x00005e5c       0x1c .\CortexM3\ARM_GCC_541\Debug\notoriOS.a(ADC_PM.o)
                0x00005e5c                ADC_RestoreConfig
 .text.ADC_ISR1
                0x00005e78        0xc .\CortexM3\ARM_GCC_541\Debug\notoriOS.a(ADC_INT.o)
                0x00005e78                ADC_ISR1
 .text.ADC_ISR2
                0x00005e84        0xc .\CortexM3\ARM_GCC_541\Debug\notoriOS.a(ADC_INT.o)
                0x00005e84                ADC_ISR2
 .text.ADC_ISR3
                0x00005e90        0xc .\CortexM3\ARM_GCC_541\Debug\notoriOS.a(ADC_INT.o)
                0x00005e90                ADC_ISR3
 .text.ADC_ISR4
                0x00005e9c        0xc .\CortexM3\ARM_GCC_541\Debug\notoriOS.a(ADC_INT.o)
                0x00005e9c                ADC_ISR4
 .text.AMux_Start
                0x00005ea8       0x34 .\CortexM3\ARM_GCC_541\Debug\notoriOS.a(AMux.o)
                0x00005ea8                AMux_Start
 .text.AMux_Select
                0x00005edc       0x28 .\CortexM3\ARM_GCC_541\Debug\notoriOS.a(AMux.o)
                0x00005edc                AMux_Select
 .text.Battery_Voltage_Enable_Write
                0x00005f04       0x3c .\CortexM3\ARM_GCC_541\Debug\notoriOS.a(Battery_Voltage_Enable.o)
                0x00005f04                Battery_Voltage_Enable_Write
 .text.ADC_AMux_Start
                0x00005f40       0x34 .\CortexM3\ARM_GCC_541\Debug\notoriOS.a(ADC_AMux.o)
                0x00005f40                ADC_AMux_Start
 .text.ADC_AMux_Select
                0x00005f74       0x28 .\CortexM3\ARM_GCC_541\Debug\notoriOS.a(ADC_AMux.o)
                0x00005f74                ADC_AMux_Select
 .text.ADC_Ext_CP_Clk_SetDividerRegister
                0x00005f9c      0x164 .\CortexM3\ARM_GCC_541\Debug\notoriOS.a(ADC_Ext_CP_Clk.o)
                0x00005f9c                ADC_Ext_CP_Clk_SetDividerRegister
 .text.ADC_Ext_CP_Clk_GetDividerRegister
                0x00006100       0x18 .\CortexM3\ARM_GCC_541\Debug\notoriOS.a(ADC_Ext_CP_Clk.o)
                0x00006100                ADC_Ext_CP_Clk_GetDividerRegister
 .text.ADC_Ext_CP_Clk_SetModeRegister
                0x00006118       0x34 .\CortexM3\ARM_GCC_541\Debug\notoriOS.a(ADC_Ext_CP_Clk.o)
                0x00006118                ADC_Ext_CP_Clk_SetModeRegister
 .text.ADC_Ext_CP_Clk_GetSourceRegister
                0x0000614c       0x1c .\CortexM3\ARM_GCC_541\Debug\notoriOS.a(ADC_Ext_CP_Clk.o)
                0x0000614c                ADC_Ext_CP_Clk_GetSourceRegister
 .text.ADC_theACLK_SetDividerRegister
                0x00006168      0x164 .\CortexM3\ARM_GCC_541\Debug\notoriOS.a(ADC_theACLK.o)
                0x00006168                ADC_theACLK_SetDividerRegister
 .text.ADC_theACLK_GetDividerRegister
                0x000062cc       0x18 .\CortexM3\ARM_GCC_541\Debug\notoriOS.a(ADC_theACLK.o)
                0x000062cc                ADC_theACLK_GetDividerRegister
 .text.ADC_theACLK_SetModeRegister
                0x000062e4       0x34 .\CortexM3\ARM_GCC_541\Debug\notoriOS.a(ADC_theACLK.o)
                0x000062e4                ADC_theACLK_SetModeRegister
 .text.ADC_theACLK_GetSourceRegister
                0x00006318       0x1c .\CortexM3\ARM_GCC_541\Debug\notoriOS.a(ADC_theACLK.o)
                0x00006318                ADC_theACLK_GetSourceRegister
 .text.Debug_UART_Start
                0x00006334       0x24 .\CortexM3\ARM_GCC_541\Debug\notoriOS.a(Debug_UART.o)
                0x00006334                Debug_UART_Start
 .text.Debug_UART_Init
                0x00006358       0x2c .\CortexM3\ARM_GCC_541\Debug\notoriOS.a(Debug_UART.o)
                0x00006358                Debug_UART_Init
 .text.Debug_UART_Enable
                0x00006384       0x38 .\CortexM3\ARM_GCC_541\Debug\notoriOS.a(Debug_UART.o)
                0x00006384                Debug_UART_Enable
 .text.Debug_UART_Stop
                0x000063bc       0x38 .\CortexM3\ARM_GCC_541\Debug\notoriOS.a(Debug_UART.o)
                0x000063bc                Debug_UART_Stop
 .text.Debug_UART_ReadTxStatus
                0x000063f4       0x18 .\CortexM3\ARM_GCC_541\Debug\notoriOS.a(Debug_UART.o)
                0x000063f4                Debug_UART_ReadTxStatus
 .text.Debug_UART_PutChar
                0x0000640c       0x34 .\CortexM3\ARM_GCC_541\Debug\notoriOS.a(Debug_UART.o)
                0x0000640c                Debug_UART_PutChar
 .text.Debug_UART_PutString
                0x00006440       0x44 .\CortexM3\ARM_GCC_541\Debug\notoriOS.a(Debug_UART.o)
                0x00006440                Debug_UART_PutString
 .text.Debug_UART_ClearTxBuffer
                0x00006484       0x44 .\CortexM3\ARM_GCC_541\Debug\notoriOS.a(Debug_UART.o)
                0x00006484                Debug_UART_ClearTxBuffer
 .text.Debug_UART_SaveConfig
                0x000064c8        0xc .\CortexM3\ARM_GCC_541\Debug\notoriOS.a(Debug_UART_PM.o)
                0x000064c8                Debug_UART_SaveConfig
 .text.Debug_UART_RestoreConfig
                0x000064d4        0xc .\CortexM3\ARM_GCC_541\Debug\notoriOS.a(Debug_UART_PM.o)
                0x000064d4                Debug_UART_RestoreConfig
 .text.Debug_UART_Sleep
                0x000064e0       0x34 .\CortexM3\ARM_GCC_541\Debug\notoriOS.a(Debug_UART_PM.o)
                0x000064e0                Debug_UART_Sleep
 .text.Debug_UART_Wakeup
                0x00006514       0x20 .\CortexM3\ARM_GCC_541\Debug\notoriOS.a(Debug_UART_PM.o)
                0x00006514                Debug_UART_Wakeup
 .text.Debug_UART_IntClock_Start
                0x00006534       0x34 .\CortexM3\ARM_GCC_541\Debug\notoriOS.a(Debug_UART_IntClock.o)
                0x00006534                Debug_UART_IntClock_Start
 .text.Debug_UART_IntClock_Stop
                0x00006568       0x34 .\CortexM3\ARM_GCC_541\Debug\notoriOS.a(Debug_UART_IntClock.o)
                0x00006568                Debug_UART_IntClock_Stop
 .text.Pin_Telit_ONOFF_Write
                0x0000659c       0x3c .\CortexM3\ARM_GCC_541\Debug\notoriOS.a(Pin_Telit_ONOFF.o)
                0x0000659c                Pin_Telit_ONOFF_Write
 .text.Pin_Telit_pwr_Write
                0x000065d8       0x3c .\CortexM3\ARM_GCC_541\Debug\notoriOS.a(Pin_Telit_pwr.o)
                0x000065d8                Pin_Telit_pwr_Write
 .text.Pin_Telit_SWRDY_Write
                0x00006614       0x38 .\CortexM3\ARM_GCC_541\Debug\notoriOS.a(Pin_Telit_SWRDY.o)
                0x00006614                Pin_Telit_SWRDY_Write
 .text.UART_Telit_Start
                0x0000664c       0x24 .\CortexM3\ARM_GCC_541\Debug\notoriOS.a(UART_Telit.o)
                0x0000664c                UART_Telit_Start
 .text.UART_Telit_Init
                0x00006670       0x40 .\CortexM3\ARM_GCC_541\Debug\notoriOS.a(UART_Telit.o)
                0x00006670                UART_Telit_Init
 .text.UART_Telit_Enable
                0x000066b0       0x60 .\CortexM3\ARM_GCC_541\Debug\notoriOS.a(UART_Telit.o)
                0x000066b0                UART_Telit_Enable
 .text.UART_Telit_Stop
                0x00006710       0x60 .\CortexM3\ARM_GCC_541\Debug\notoriOS.a(UART_Telit.o)
                0x00006710                UART_Telit_Stop
 .text.UART_Telit_GetChar
                0x00006770       0x44 .\CortexM3\ARM_GCC_541\Debug\notoriOS.a(UART_Telit.o)
                0x00006770                UART_Telit_GetChar
 .text.UART_Telit_GetRxBufferSize
                0x000067b4       0x2c .\CortexM3\ARM_GCC_541\Debug\notoriOS.a(UART_Telit.o)
                0x000067b4                UART_Telit_GetRxBufferSize
 .text.UART_Telit_ClearRxBuffer
                0x000067e0       0x44 .\CortexM3\ARM_GCC_541\Debug\notoriOS.a(UART_Telit.o)
                0x000067e0                UART_Telit_ClearRxBuffer
 .text.UART_Telit_PutChar
                0x00006824       0x34 .\CortexM3\ARM_GCC_541\Debug\notoriOS.a(UART_Telit.o)
                0x00006824                UART_Telit_PutChar
 .text.UART_Telit_PutString
                0x00006858       0x44 .\CortexM3\ARM_GCC_541\Debug\notoriOS.a(UART_Telit.o)
                0x00006858                UART_Telit_PutString
 .text.UART_Telit_ClearTxBuffer
                0x0000689c       0x44 .\CortexM3\ARM_GCC_541\Debug\notoriOS.a(UART_Telit.o)
                0x0000689c                UART_Telit_ClearTxBuffer
 .text.UART_Telit_SaveConfig
                0x000068e0        0xc .\CortexM3\ARM_GCC_541\Debug\notoriOS.a(UART_Telit_PM.o)
                0x000068e0                UART_Telit_SaveConfig
 .text.UART_Telit_RestoreConfig
                0x000068ec        0xc .\CortexM3\ARM_GCC_541\Debug\notoriOS.a(UART_Telit_PM.o)
                0x000068ec                UART_Telit_RestoreConfig
 .text.UART_Telit_Sleep
                0x000068f8       0x34 .\CortexM3\ARM_GCC_541\Debug\notoriOS.a(UART_Telit_PM.o)
                0x000068f8                UART_Telit_Sleep
 .text.UART_Telit_Wakeup
                0x0000692c       0x24 .\CortexM3\ARM_GCC_541\Debug\notoriOS.a(UART_Telit_PM.o)
                0x0000692c                UART_Telit_Wakeup
 .text.isr_telit_rx_StartEx
                0x00006950       0x24 .\CortexM3\ARM_GCC_541\Debug\notoriOS.a(isr_telit_rx.o)
                0x00006950                isr_telit_rx_StartEx
 .text.isr_telit_rx_Stop
                0x00006974       0x18 .\CortexM3\ARM_GCC_541\Debug\notoriOS.a(isr_telit_rx.o)
                0x00006974                isr_telit_rx_Stop
 .text.isr_telit_rx_SetVector
                0x0000698c       0x24 .\CortexM3\ARM_GCC_541\Debug\notoriOS.a(isr_telit_rx.o)
                0x0000698c                isr_telit_rx_SetVector
 .text.isr_telit_rx_SetPriority
                0x000069b0       0x24 .\CortexM3\ARM_GCC_541\Debug\notoriOS.a(isr_telit_rx.o)
                0x000069b0                isr_telit_rx_SetPriority
 .text.isr_telit_rx_Enable
                0x000069d4       0x18 .\CortexM3\ARM_GCC_541\Debug\notoriOS.a(isr_telit_rx.o)
                0x000069d4                isr_telit_rx_Enable
 .text.isr_telit_rx_Disable
                0x000069ec       0x18 .\CortexM3\ARM_GCC_541\Debug\notoriOS.a(isr_telit_rx.o)
                0x000069ec                isr_telit_rx_Disable
 .text.UART_Telit_IntClock_Start
                0x00006a04       0x34 .\CortexM3\ARM_GCC_541\Debug\notoriOS.a(UART_Telit_IntClock.o)
                0x00006a04                UART_Telit_IntClock_Start
 .text.UART_Telit_IntClock_Stop
                0x00006a38       0x34 .\CortexM3\ARM_GCC_541\Debug\notoriOS.a(UART_Telit_IntClock.o)
                0x00006a38                UART_Telit_IntClock_Stop
 .text.Rx_Telit_Write
                0x00006a6c       0x3c .\CortexM3\ARM_GCC_541\Debug\notoriOS.a(Rx_Telit.o)
                0x00006a6c                Rx_Telit_Write
 .text.Rx_Telit_SetDriveMode
                0x00006aa8       0x3c .\CortexM3\ARM_GCC_541\Debug\notoriOS.a(Rx_Telit.o)
                0x00006aa8                Rx_Telit_SetDriveMode
 .text.Rx_Telit_SetInterruptMode
                0x00006ae4       0x30 .\CortexM3\ARM_GCC_541\Debug\notoriOS.a(Rx_Telit.o)
                0x00006ae4                Rx_Telit_SetInterruptMode
 .text.Tx_Telit_Write
                0x00006b14       0x34 .\CortexM3\ARM_GCC_541\Debug\notoriOS.a(Tx_Telit.o)
                0x00006b14                Tx_Telit_Write
 .text.Telit_ControlReg_Write
                0x00006b48       0x20 .\CortexM3\ARM_GCC_541\Debug\notoriOS.a(Telit_ControlReg.o)
                0x00006b48                Telit_ControlReg_Write
 .text.Telit_ControlReg_SaveConfig
                0x00006b68       0x20 .\CortexM3\ARM_GCC_541\Debug\notoriOS.a(Telit_ControlReg_PM.o)
                0x00006b68                Telit_ControlReg_SaveConfig
 .text.Telit_ControlReg_RestoreConfig
                0x00006b88       0x1c .\CortexM3\ARM_GCC_541\Debug\notoriOS.a(Telit_ControlReg_PM.o)
                0x00006b88                Telit_ControlReg_RestoreConfig
 .text.Telit_ControlReg_Sleep
                0x00006ba4        0xc .\CortexM3\ARM_GCC_541\Debug\notoriOS.a(Telit_ControlReg_PM.o)
                0x00006ba4                Telit_ControlReg_Sleep
 .text.Telit_ControlReg_Wakeup
                0x00006bb0        0xc .\CortexM3\ARM_GCC_541\Debug\notoriOS.a(Telit_ControlReg_PM.o)
                0x00006bb0                Telit_ControlReg_Wakeup
 .text.Level_Sensor_RX_Write
                0x00006bbc       0x3c .\CortexM3\ARM_GCC_541\Debug\notoriOS.a(Level_Sensor_RX.o)
                0x00006bbc                Level_Sensor_RX_Write
 .text.Level_Sensor_RX_SetDriveMode
                0x00006bf8       0x3c .\CortexM3\ARM_GCC_541\Debug\notoriOS.a(Level_Sensor_RX.o)
                0x00006bf8                Level_Sensor_RX_SetDriveMode
 *fill*         0x00006c34        0x4 
 .text          0x00006c38       0x20 .\CortexM3\ARM_GCC_541\Debug\notoriOS.a(CyBootAsmGnu.o)
                0x00006c38                CyDelayCycles
                0x00006c48                CyEnterCriticalSection
                0x00006c50                CyExitCriticalSection
 .text.CyFlash_SetWaitCycles
                0x00006c58       0xbc .\CortexM3\ARM_GCC_541\Debug\notoriOS.a(CyFlash.o)
                0x00006c58                CyFlash_SetWaitCycles
 .text.emFile_SPI0_Init
                0x00006d14       0x34 .\CortexM3\ARM_GCC_541\Debug\notoriOS.a(emFile_SPI0.o)
                0x00006d14                emFile_SPI0_Init
 .text.emFile_SPI0_Enable
                0x00006d48       0x64 .\CortexM3\ARM_GCC_541\Debug\notoriOS.a(emFile_SPI0.o)
                0x00006d48                emFile_SPI0_Enable
 .text.emFile_SPI0_Start
                0x00006dac       0x24 .\CortexM3\ARM_GCC_541\Debug\notoriOS.a(emFile_SPI0.o)
                0x00006dac                emFile_SPI0_Start
 .text.emFile_SPI0_Stop
                0x00006dd0       0x50 .\CortexM3\ARM_GCC_541\Debug\notoriOS.a(emFile_SPI0.o)
                0x00006dd0                emFile_SPI0_Stop
 .text.emFile_SPI0_EnableTxInt
                0x00006e20        0xc .\CortexM3\ARM_GCC_541\Debug\notoriOS.a(emFile_SPI0.o)
                0x00006e20                emFile_SPI0_EnableTxInt
 .text.emFile_SPI0_EnableRxInt
                0x00006e2c        0xc .\CortexM3\ARM_GCC_541\Debug\notoriOS.a(emFile_SPI0.o)
                0x00006e2c                emFile_SPI0_EnableRxInt
 .text.emFile_SPI0_DisableTxInt
                0x00006e38        0xc .\CortexM3\ARM_GCC_541\Debug\notoriOS.a(emFile_SPI0.o)
                0x00006e38                emFile_SPI0_DisableTxInt
 .text.emFile_SPI0_DisableRxInt
                0x00006e44        0xc .\CortexM3\ARM_GCC_541\Debug\notoriOS.a(emFile_SPI0.o)
                0x00006e44                emFile_SPI0_DisableRxInt
 .text.emFile_SPI0_ReadTxStatus
                0x00006e50       0x1c .\CortexM3\ARM_GCC_541\Debug\notoriOS.a(emFile_SPI0.o)
                0x00006e50                emFile_SPI0_ReadTxStatus
 .text.emFile_SPI0_ReadRxStatus
                0x00006e6c       0x1c .\CortexM3\ARM_GCC_541\Debug\notoriOS.a(emFile_SPI0.o)
                0x00006e6c                emFile_SPI0_ReadRxStatus
 .text.emFile_SPI0_WriteTxData
                0x00006e88       0x34 .\CortexM3\ARM_GCC_541\Debug\notoriOS.a(emFile_SPI0.o)
                0x00006e88                emFile_SPI0_WriteTxData
 .text.emFile_SPI0_ReadRxData
                0x00006ebc       0x1c .\CortexM3\ARM_GCC_541\Debug\notoriOS.a(emFile_SPI0.o)
                0x00006ebc                emFile_SPI0_ReadRxData
 .text.emFile_SPI0_ClearFIFO
                0x00006ed8       0x60 .\CortexM3\ARM_GCC_541\Debug\notoriOS.a(emFile_SPI0.o)
                0x00006ed8                emFile_SPI0_ClearFIFO
 .text.FS__strchr
                0x00006f38       0x14 ..\emFile_V322c\LinkLibrary\PSoC5\GCC\libemf32nosnlfn.a(FS_Core.o)
                0x00006f38                FS__strchr
 .text.FS_LoadU32BE
                0x00006f4c       0x18 ..\emFile_V322c\LinkLibrary\PSoC5\GCC\libemf32nosnlfn.a(FS_Core.o)
                0x00006f4c                FS_LoadU32BE
 .text.FS_LoadU32LE
                0x00006f64       0x16 ..\emFile_V322c\LinkLibrary\PSoC5\GCC\libemf32nosnlfn.a(FS_Core.o)
                0x00006f64                FS_LoadU32LE
 .text.FS_StoreU32LE
                0x00006f7a       0x14 ..\emFile_V322c\LinkLibrary\PSoC5\GCC\libemf32nosnlfn.a(FS_Core.o)
                0x00006f7a                FS_StoreU32LE
 .text.FS_StoreU16LE
                0x00006f8e        0x8 ..\emFile_V322c\LinkLibrary\PSoC5\GCC\libemf32nosnlfn.a(FS_Core.o)
                0x00006f8e                FS_StoreU16LE
 .text.FS_LoadU16LE
                0x00006f96        0xa ..\emFile_V322c\LinkLibrary\PSoC5\GCC\libemf32nosnlfn.a(FS_Core.o)
                0x00006f96                FS_LoadU16LE
 .text._Alloc   0x00006fa0       0x30 ..\emFile_V322c\LinkLibrary\PSoC5\GCC\libemf32nosnlfn.a(FS_Core.o)
 .text.FS_Alloc
                0x00006fd0        0xc ..\emFile_V322c\LinkLibrary\PSoC5\GCC\libemf32nosnlfn.a(FS_Core.o)
                0x00006fd0                FS_Alloc
 .text.FS_TryAlloc
                0x00006fdc        0x4 ..\emFile_V322c\LinkLibrary\PSoC5\GCC\libemf32nosnlfn.a(FS_Core.o)
                0x00006fdc                FS_TryAlloc
 .text.FS_Free  0x00006fe0       0x1c ..\emFile_V322c\LinkLibrary\PSoC5\GCC\libemf32nosnlfn.a(FS_Core.o)
                0x00006fe0                FS_Free
 .text.FS_AssignMemory
                0x00006ffc        0xc ..\emFile_V322c\LinkLibrary\PSoC5\GCC\libemf32nosnlfn.a(FS_Core.o)
                0x00006ffc                FS_AssignMemory
 .text.FS_AllocZeroed
                0x00007008       0x16 ..\emFile_V322c\LinkLibrary\PSoC5\GCC\libemf32nosnlfn.a(FS_Core.o)
                0x00007008                FS_AllocZeroed
 *fill*         0x0000701e        0x2 
 .text.FS_STORAGE_DeInit
                0x00007020       0x20 ..\emFile_V322c\LinkLibrary\PSoC5\GCC\libemf32nosnlfn.a(FS_Core.o)
                0x00007020                FS_STORAGE_DeInit
 .text.FS_DeInit
                0x00007040       0x54 ..\emFile_V322c\LinkLibrary\PSoC5\GCC\libemf32nosnlfn.a(FS_Core.o)
                0x00007040                FS_DeInit
 .text.FS_STORAGE_Init
                0x00007094       0x28 ..\emFile_V322c\LinkLibrary\PSoC5\GCC\libemf32nosnlfn.a(FS_Core.o)
                0x00007094                FS_STORAGE_Init
 .text.FS__AllocSectorBuffer
                0x000070bc       0x2c ..\emFile_V322c\LinkLibrary\PSoC5\GCC\libemf32nosnlfn.a(FS_Misc.o)
                0x000070bc                FS__AllocSectorBuffer
 .text.FS__FreeSectorBuffer
                0x000070e8       0x28 ..\emFile_V322c\LinkLibrary\PSoC5\GCC\libemf32nosnlfn.a(FS_Misc.o)
                0x000070e8                FS__FreeSectorBuffer
 .text.FS__SB_MarkDirty
                0x00007110        0x6 ..\emFile_V322c\LinkLibrary\PSoC5\GCC\libemf32nosnlfn.a(FS_Misc.o)
                0x00007110                FS__SB_MarkDirty
 .text.FS__SB_MarkNotDirty
                0x00007116        0x6 ..\emFile_V322c\LinkLibrary\PSoC5\GCC\libemf32nosnlfn.a(FS_Misc.o)
                0x00007116                FS__SB_MarkNotDirty
 .text.FS__FreeFileHandle
                0x0000711c        0xa ..\emFile_V322c\LinkLibrary\PSoC5\GCC\libemf32nosnlfn.a(FS_Misc.o)
                0x0000711c                FS__FreeFileHandle
 .text.FS__FreeFileObj
                0x00007126        0xc ..\emFile_V322c\LinkLibrary\PSoC5\GCC\libemf32nosnlfn.a(FS_Misc.o)
                0x00007126                FS__FreeFileObj
 *fill*         0x00007132        0x2 
 .text.FS_Init  0x00007134       0x58 ..\emFile_V322c\LinkLibrary\PSoC5\GCC\libemf32nosnlfn.a(FS_Misc.o)
                0x00007134                FS_Init
 .text.FS__SB_Create
                0x0000718c       0x28 ..\emFile_V322c\LinkLibrary\PSoC5\GCC\libemf32nosnlfn.a(FS_Misc.o)
                0x0000718c                FS__SB_Create
 .text.FS__RemoveDevices
                0x000071b4       0x60 ..\emFile_V322c\LinkLibrary\PSoC5\GCC\libemf32nosnlfn.a(FS_Misc.o)
                0x000071b4                FS__RemoveDevices
 .text.FS__FCloseNL
                0x00007214       0x1e ..\emFile_V322c\LinkLibrary\PSoC5\GCC\libemf32nosnlfn.a(FS_Misc.o)
                0x00007214                FS__FCloseNL
 .text.FS__FClose
                0x00007232       0x1a ..\emFile_V322c\LinkLibrary\PSoC5\GCC\libemf32nosnlfn.a(FS_Misc.o)
                0x00007232                FS__FClose
 .text.FS_FClose
                0x0000724c        0xa ..\emFile_V322c\LinkLibrary\PSoC5\GCC\libemf32nosnlfn.a(FS_Misc.o)
                0x0000724c                FS_FClose
 *fill*         0x00007256        0x2 
 .text.FS__AllocFileObj
                0x00007258       0x48 ..\emFile_V322c\LinkLibrary\PSoC5\GCC\libemf32nosnlfn.a(FS_Misc.o)
                0x00007258                FS__AllocFileObj
 .text.FS__AllocFileHandle
                0x000072a0       0x40 ..\emFile_V322c\LinkLibrary\PSoC5\GCC\libemf32nosnlfn.a(FS_Misc.o)
                0x000072a0                FS__AllocFileHandle
 .text.FS__OpenEx
                0x000072e0       0x58 ..\emFile_V322c\LinkLibrary\PSoC5\GCC\libemf32nosnlfn.a(FS_Misc.o)
                0x000072e0                FS__OpenEx
 .text.FS__FOpenEx
                0x00007338       0x56 ..\emFile_V322c\LinkLibrary\PSoC5\GCC\libemf32nosnlfn.a(FS_Misc.o)
                0x00007338                FS__FOpenEx
 *fill*         0x0000738e        0x2 
 .text.FS__FOpen
                0x00007390       0x48 ..\emFile_V322c\LinkLibrary\PSoC5\GCC\libemf32nosnlfn.a(FS_Misc.o)
                0x00007390                FS__FOpen
 .text.FS_FOpen
                0x000073d8        0x4 ..\emFile_V322c\LinkLibrary\PSoC5\GCC\libemf32nosnlfn.a(FS_Misc.o)
                0x000073d8                FS_FOpen
 .text.FS__Remove
                0x000073dc       0x28 ..\emFile_V322c\LinkLibrary\PSoC5\GCC\libemf32nosnlfn.a(FS_Misc.o)
                0x000073dc                FS__Remove
 .text.FS_Remove
                0x00007404        0x4 ..\emFile_V322c\LinkLibrary\PSoC5\GCC\libemf32nosnlfn.a(FS_Misc.o)
                0x00007404                FS_Remove
 .text.FS__SB_Write
                0x00007408       0x24 ..\emFile_V322c\LinkLibrary\PSoC5\GCC\libemf32nosnlfn.a(FS_Misc.o)
                0x00007408                FS__SB_Write
 .text._SB_Clean
                0x0000742c       0x24 ..\emFile_V322c\LinkLibrary\PSoC5\GCC\libemf32nosnlfn.a(FS_Misc.o)
 .text.FS__SB_SetSector
                0x00007450       0x20 ..\emFile_V322c\LinkLibrary\PSoC5\GCC\libemf32nosnlfn.a(FS_Misc.o)
                0x00007450                FS__SB_SetSector
 .text.FS__SB_Clean
                0x00007470        0x4 ..\emFile_V322c\LinkLibrary\PSoC5\GCC\libemf32nosnlfn.a(FS_Misc.o)
                0x00007470                FS__SB_Clean
 .text.FS__SB_Delete
                0x00007474       0x12 ..\emFile_V322c\LinkLibrary\PSoC5\GCC\libemf32nosnlfn.a(FS_Misc.o)
                0x00007474                FS__SB_Delete
 .text.FS__SB_Flush
                0x00007486        0x8 ..\emFile_V322c\LinkLibrary\PSoC5\GCC\libemf32nosnlfn.a(FS_Misc.o)
                0x00007486                FS__SB_Flush
 .text.FS__SB_Read
                0x0000748e       0x2a ..\emFile_V322c\LinkLibrary\PSoC5\GCC\libemf32nosnlfn.a(FS_Misc.o)
                0x0000748e                FS__SB_Read
 .text.FS__Read
                0x000074b8       0x2e ..\emFile_V322c\LinkLibrary\PSoC5\GCC\libemf32nosnlfn.a(FS_Read.o)
                0x000074b8                FS__Read
 .text.FS_Read  0x000074e6        0x4 ..\emFile_V322c\LinkLibrary\PSoC5\GCC\libemf32nosnlfn.a(FS_Read.o)
                0x000074e6                FS_Read
 .text.FS__AddPhysDevice
                0x000074ea       0x10 ..\emFile_V322c\LinkLibrary\PSoC5\GCC\libemf32nosnlfn.a(FS_Storage.o)
                0x000074ea                FS__AddPhysDevice
 *fill*         0x000074fa        0x2 
 .text.FS__FindVolume
                0x000074fc       0x78 ..\emFile_V322c\LinkLibrary\PSoC5\GCC\libemf32nosnlfn.a(FS_Storage.o)
                0x000074fc                FS__FindVolume
 .text.FS__AddDevice
                0x00007574       0x68 ..\emFile_V322c\LinkLibrary\PSoC5\GCC\libemf32nosnlfn.a(FS_Storage.o)
                0x00007574                FS__AddDevice
 .text.FS_AddDevice
                0x000075dc        0x4 ..\emFile_V322c\LinkLibrary\PSoC5\GCC\libemf32nosnlfn.a(FS_Storage.o)
                0x000075dc                FS_AddDevice
 .text.FS__IoCtlNL
                0x000075e0       0x36 ..\emFile_V322c\LinkLibrary\PSoC5\GCC\libemf32nosnlfn.a(FS_Storage.o)
                0x000075e0                FS__IoCtlNL
 *fill*         0x00007616        0x2 
 .text.FS__UnmountForcedNL
                0x00007618       0x54 ..\emFile_V322c\LinkLibrary\PSoC5\GCC\libemf32nosnlfn.a(FS_Unmount.o)
                0x00007618                FS__UnmountForcedNL
 .text.FS__UnmountNL
                0x0000766c       0x4c ..\emFile_V322c\LinkLibrary\PSoC5\GCC\libemf32nosnlfn.a(FS_Unmount.o)
                0x0000766c                FS__UnmountNL
 .text._Mount   0x000076b8       0x2e ..\emFile_V322c\LinkLibrary\PSoC5\GCC\libemf32nosnlfn.a(FS_Volume.o)
 .text.FS__AutoMount
                0x000076e6       0x14 ..\emFile_V322c\LinkLibrary\PSoC5\GCC\libemf32nosnlfn.a(FS_Volume.o)
                0x000076e6                FS__AutoMount
 .text.FS__Write
                0x000076fa       0x3a ..\emFile_V322c\LinkLibrary\PSoC5\GCC\libemf32nosnlfn.a(FS_Write.o)
                0x000076fa                FS__Write
 .text.FS_Write
                0x00007734        0x4 ..\emFile_V322c\LinkLibrary\PSoC5\GCC\libemf32nosnlfn.a(FS_Write.o)
                0x00007734                FS_Write
 .text._ClusterId2FATOff
                0x00007738       0x18 ..\emFile_V322c\LinkLibrary\PSoC5\GCC\libemf32nosnlfn.a(FAT_Misc.o)
 .text._CalcLogClusterPos
                0x00007750        0xe ..\emFile_V322c\LinkLibrary\PSoC5\GCC\libemf32nosnlfn.a(FAT_Misc.o)
 .text._ReadFromFreeClusterCache
                0x0000775e       0x46 ..\emFile_V322c\LinkLibrary\PSoC5\GCC\libemf32nosnlfn.a(FAT_Misc.o)
 .text.FS_FAT_GetFATType
                0x000077a4       0x1a ..\emFile_V322c\LinkLibrary\PSoC5\GCC\libemf32nosnlfn.a(FAT_Misc.o)
                0x000077a4                FS_FAT_GetFATType
 .text.FS_FAT_ClusterId2SectorNo
                0x000077be        0xc ..\emFile_V322c\LinkLibrary\PSoC5\GCC\libemf32nosnlfn.a(FAT_Misc.o)
                0x000077be                FS_FAT_ClusterId2SectorNo
 .text.FS_FAT_IsValidShortNameChar
                0x000077ca       0x34 ..\emFile_V322c\LinkLibrary\PSoC5\GCC\libemf32nosnlfn.a(FAT_Misc.o)
                0x000077ca                FS_FAT_IsValidShortNameChar
 .text.FS_FAT_CopyShortName
                0x000077fe       0x56 ..\emFile_V322c\LinkLibrary\PSoC5\GCC\libemf32nosnlfn.a(FAT_Misc.o)
                0x000077fe                FS_FAT_CopyShortName
 .text._SFN_CreateDirEntry
                0x00007854       0x5a ..\emFile_V322c\LinkLibrary\PSoC5\GCC\libemf32nosnlfn.a(FAT_Misc.o)
 .text._SFN_FindDirEntry
                0x000078ae       0x10 ..\emFile_V322c\LinkLibrary\PSoC5\GCC\libemf32nosnlfn.a(FAT_Misc.o)
 *fill*         0x000078be        0x2 
 .text.FS_FAT_FindDirEntry
                0x000078c0       0x60 ..\emFile_V322c\LinkLibrary\PSoC5\GCC\libemf32nosnlfn.a(FAT_Misc.o)
                0x000078c0                FS_FAT_FindDirEntry
 .text.FS_FAT_CopyDirEntryInfo
                0x00007920       0x50 ..\emFile_V322c\LinkLibrary\PSoC5\GCC\libemf32nosnlfn.a(FAT_Misc.o)
                0x00007920                FS_FAT_CopyDirEntryInfo
 .text._SFN_ReadDirEntryInfo
                0x00007970       0x6e ..\emFile_V322c\LinkLibrary\PSoC5\GCC\libemf32nosnlfn.a(FAT_Misc.o)
 .text._SetFATSector
                0x000079de        0x6 ..\emFile_V322c\LinkLibrary\PSoC5\GCC\libemf32nosnlfn.a(FAT_Misc.o)
 .text.FS_FAT_ReadFATEntry
                0x000079e4       0xb2 ..\emFile_V322c\LinkLibrary\PSoC5\GCC\libemf32nosnlfn.a(FAT_Misc.o)
                0x000079e4                FS_FAT_ReadFATEntry
 *fill*         0x00007a96        0x2 
 .text.FS_FAT_GetNumAdjClustersInChain
                0x00007a98       0x64 ..\emFile_V322c\LinkLibrary\PSoC5\GCC\libemf32nosnlfn.a(FAT_Misc.o)
                0x00007a98                FS_FAT_GetNumAdjClustersInChain
 .text.FS_FAT_WalkClusterEx
                0x00007afc       0x5c ..\emFile_V322c\LinkLibrary\PSoC5\GCC\libemf32nosnlfn.a(FAT_Misc.o)
                0x00007afc                FS_FAT_WalkClusterEx
 .text.FS_FAT_GotoCluster
                0x00007b58       0x88 ..\emFile_V322c\LinkLibrary\PSoC5\GCC\libemf32nosnlfn.a(FAT_Misc.o)
                0x00007b58                FS_FAT_GotoCluster
 .text.FS_FAT_WalkCluster
                0x00007be0       0x18 ..\emFile_V322c\LinkLibrary\PSoC5\GCC\libemf32nosnlfn.a(FAT_Misc.o)
                0x00007be0                FS_FAT_WalkCluster
 .text.FS_FAT_FindLastCluster
                0x00007bf8       0x34 ..\emFile_V322c\LinkLibrary\PSoC5\GCC\libemf32nosnlfn.a(FAT_Misc.o)
                0x00007bf8                FS_FAT_FindLastCluster
 .text._WriteFATEntry
                0x00007c2c      0x18e ..\emFile_V322c\LinkLibrary\PSoC5\GCC\libemf32nosnlfn.a(FAT_Misc.o)
 .text.FS_FAT_MarkClusterEOC
                0x00007dba        0x8 ..\emFile_V322c\LinkLibrary\PSoC5\GCC\libemf32nosnlfn.a(FAT_Misc.o)
                0x00007dba                FS_FAT_MarkClusterEOC
 .text.FS_FAT_SyncFAT
                0x00007dc2       0x3c ..\emFile_V322c\LinkLibrary\PSoC5\GCC\libemf32nosnlfn.a(FAT_Misc.o)
                0x00007dc2                FS_FAT_SyncFAT
 .text.FS_FAT_LinkCluster
                0x00007dfe       0x1c ..\emFile_V322c\LinkLibrary\PSoC5\GCC\libemf32nosnlfn.a(FAT_Misc.o)
                0x00007dfe                FS_FAT_LinkCluster
 *fill*         0x00007e1a        0x2 
 .text._CalcFreeClusterCnt
                0x00007e1c       0x88 ..\emFile_V322c\LinkLibrary\PSoC5\GCC\libemf32nosnlfn.a(FAT_Misc.o)
 .text.FS_FAT_FindFreeCluster
                0x00007ea4       0xa8 ..\emFile_V322c\LinkLibrary\PSoC5\GCC\libemf32nosnlfn.a(FAT_Misc.o)
                0x00007ea4                FS_FAT_FindFreeCluster
 .text.FS_FAT_AllocCluster
                0x00007f4c       0x20 ..\emFile_V322c\LinkLibrary\PSoC5\GCC\libemf32nosnlfn.a(FAT_Misc.o)
                0x00007f4c                FS_FAT_AllocCluster
 .text._WriteEmptyFATSectors
                0x00007f6c       0x3c ..\emFile_V322c\LinkLibrary\PSoC5\GCC\libemf32nosnlfn.a(FAT_Misc.o)
 .text.FS_FAT_FreeClusterChain
                0x00007fa8       0xe0 ..\emFile_V322c\LinkLibrary\PSoC5\GCC\libemf32nosnlfn.a(FAT_Misc.o)
                0x00007fa8                FS_FAT_FreeClusterChain
 .text.FS_FAT_CheckBPB
                0x00008088      0x1cc ..\emFile_V322c\LinkLibrary\PSoC5\GCC\libemf32nosnlfn.a(FAT_Misc.o)
                0x00008088                FS_FAT_CheckBPB
 .text.FS_FAT_InitDirEntryScan
                0x00008254       0x14 ..\emFile_V322c\LinkLibrary\PSoC5\GCC\libemf32nosnlfn.a(FAT_Open.o)
                0x00008254                FS_FAT_InitDirEntryScan
 .text.FS_FAT_IncDirPos
                0x00008268        0x8 ..\emFile_V322c\LinkLibrary\PSoC5\GCC\libemf32nosnlfn.a(FAT_Open.o)
                0x00008268                FS_FAT_IncDirPos
 .text._CopyDirText
                0x00008270       0x44 ..\emFile_V322c\LinkLibrary\PSoC5\GCC\libemf32nosnlfn.a(FAT_Open.o)
 .text.FS_FAT_Make83Name
                0x000082b4       0xb0 ..\emFile_V322c\LinkLibrary\PSoC5\GCC\libemf32nosnlfn.a(FAT_Open.o)
                0x000082b4                FS_FAT_Make83Name
 .text.FS_FAT_GetDirEntry
                0x00008364       0xb2 ..\emFile_V322c\LinkLibrary\PSoC5\GCC\libemf32nosnlfn.a(FAT_Open.o)
                0x00008364                FS_FAT_GetDirEntry
 .text.FS_FAT_FindDirEntryShortEx
                0x00008416       0x5a ..\emFile_V322c\LinkLibrary\PSoC5\GCC\libemf32nosnlfn.a(FAT_Open.o)
                0x00008416                FS_FAT_FindDirEntryShortEx
 .text.FS_FAT_FindDirEntryShort
                0x00008470       0x36 ..\emFile_V322c\LinkLibrary\PSoC5\GCC\libemf32nosnlfn.a(FAT_Open.o)
                0x00008470                FS_FAT_FindDirEntryShort
 .text.FS_FAT_FindEmptyDirEntry
                0x000084a6       0xb0 ..\emFile_V322c\LinkLibrary\PSoC5\GCC\libemf32nosnlfn.a(FAT_Open.o)
                0x000084a6                FS_FAT_FindEmptyDirEntry
 .text.FS_FAT_GetFirstCluster
                0x00008556       0x1a ..\emFile_V322c\LinkLibrary\PSoC5\GCC\libemf32nosnlfn.a(FAT_Open.o)
                0x00008556                FS_FAT_GetFirstCluster
 .text.FS_FAT_FindPath
                0x00008570       0x7a ..\emFile_V322c\LinkLibrary\PSoC5\GCC\libemf32nosnlfn.a(FAT_Open.o)
                0x00008570                FS_FAT_FindPath
 .text.FS_FAT_DeleteFileOrDir
                0x000085ea       0x48 ..\emFile_V322c\LinkLibrary\PSoC5\GCC\libemf32nosnlfn.a(FAT_Open.o)
                0x000085ea                FS_FAT_DeleteFileOrDir
 *fill*         0x00008632        0x2 
 .text.FS_FAT_Open
                0x00008634      0x1dc ..\emFile_V322c\LinkLibrary\PSoC5\GCC\libemf32nosnlfn.a(FAT_Open.o)
                0x00008634                FS_FAT_Open
 .text.FS_FAT_WriteDirEntryCluster
                0x00008810       0x1c ..\emFile_V322c\LinkLibrary\PSoC5\GCC\libemf32nosnlfn.a(FAT_Open.o)
                0x00008810                FS_FAT_WriteDirEntryCluster
 .text.FS_FAT_WriteDirEntry83
                0x0000882c       0x6c ..\emFile_V322c\LinkLibrary\PSoC5\GCC\libemf32nosnlfn.a(FAT_Open.o)
                0x0000882c                FS_FAT_WriteDirEntry83
 .text._ReadBurst
                0x00008898       0x24 ..\emFile_V322c\LinkLibrary\PSoC5\GCC\libemf32nosnlfn.a(FAT_Read.o)
 .text.FS_FAT_Read
                0x000088bc      0x194 ..\emFile_V322c\LinkLibrary\PSoC5\GCC\libemf32nosnlfn.a(FAT_Read.o)
                0x000088bc                FS_FAT_Read
 .text._WriteBurst
                0x00008a50       0x24 ..\emFile_V322c\LinkLibrary\PSoC5\GCC\libemf32nosnlfn.a(FAT_Write.o)
 .text.FS_FAT_GotoClusterAllocIfReq
                0x00008a74       0xa8 ..\emFile_V322c\LinkLibrary\PSoC5\GCC\libemf32nosnlfn.a(FAT_Write.o)
                0x00008a74                FS_FAT_GotoClusterAllocIfReq
 .text.FS_FAT_UpdateDirEntry
                0x00008b1c       0x68 ..\emFile_V322c\LinkLibrary\PSoC5\GCC\libemf32nosnlfn.a(FAT_Write.o)
                0x00008b1c                FS_FAT_UpdateDirEntry
 .text.FS_FAT_Close
                0x00008b84       0x44 ..\emFile_V322c\LinkLibrary\PSoC5\GCC\libemf32nosnlfn.a(FAT_Write.o)
                0x00008b84                FS_FAT_Close
 .text.FS_FAT_Write
                0x00008bc8      0x1c8 ..\emFile_V322c\LinkLibrary\PSoC5\GCC\libemf32nosnlfn.a(FAT_Write.o)
                0x00008bc8                FS_FAT_Write
 .text.FS__CLIB_memcmp
                0x00008d90       0x20 ..\emFile_V322c\LinkLibrary\PSoC5\GCC\libemf32nosnlfn.a(FS_CLib.o)
                0x00008d90                FS__CLIB_memcmp
 .text.FS__CLIB_memset
                0x00008db0       0x6c ..\emFile_V322c\LinkLibrary\PSoC5\GCC\libemf32nosnlfn.a(FS_CLib.o)
                0x00008db0                FS__CLIB_memset
 .text.FS__CLIB_strcmp
                0x00008e1c       0x1a ..\emFile_V322c\LinkLibrary\PSoC5\GCC\libemf32nosnlfn.a(FS_CLib.o)
                0x00008e1c                FS__CLIB_strcmp
 .text.FS__CLIB_strlen
                0x00008e36       0x10 ..\emFile_V322c\LinkLibrary\PSoC5\GCC\libemf32nosnlfn.a(FS_CLib.o)
                0x00008e36                FS__CLIB_strlen
 .text.FS__CLIB_strncmp
                0x00008e46       0x26 ..\emFile_V322c\LinkLibrary\PSoC5\GCC\libemf32nosnlfn.a(FS_CLib.o)
                0x00008e46                FS__CLIB_strncmp
 .text.FS__CLIB_toupper
                0x00008e6c        0xe ..\emFile_V322c\LinkLibrary\PSoC5\GCC\libemf32nosnlfn.a(FS_CLib.o)
                0x00008e6c                FS__CLIB_toupper
 .text._ClrBusyLED
                0x00008e7a        0xc ..\emFile_V322c\LinkLibrary\PSoC5\GCC\libemf32nosnlfn.a(FS_LogBlock.o)
 .text._SetBusyLED
                0x00008e86        0xc ..\emFile_V322c\LinkLibrary\PSoC5\GCC\libemf32nosnlfn.a(FS_LogBlock.o)
 .text._Read    0x00008e92        0xc ..\emFile_V322c\LinkLibrary\PSoC5\GCC\libemf32nosnlfn.a(FS_LogBlock.o)
 .text._Write   0x00008e9e       0x12 ..\emFile_V322c\LinkLibrary\PSoC5\GCC\libemf32nosnlfn.a(FS_LogBlock.o)
 .text.FS_LB_GetStatus
                0x00008eb0        0xc ..\emFile_V322c\LinkLibrary\PSoC5\GCC\libemf32nosnlfn.a(FS_LogBlock.o)
                0x00008eb0                FS_LB_GetStatus
 .text.FS_LB_InitMedium
                0x00008ebc       0x1a ..\emFile_V322c\LinkLibrary\PSoC5\GCC\libemf32nosnlfn.a(FS_LogBlock.o)
                0x00008ebc                FS_LB_InitMedium
 .text.FS_LB_InitMediumIfRequired
                0x00008ed6       0x10 ..\emFile_V322c\LinkLibrary\PSoC5\GCC\libemf32nosnlfn.a(FS_LogBlock.o)
                0x00008ed6                FS_LB_InitMediumIfRequired
 .text.FS_LB_ReadDevice
                0x00008ee6       0x2e ..\emFile_V322c\LinkLibrary\PSoC5\GCC\libemf32nosnlfn.a(FS_LogBlock.o)
                0x00008ee6                FS_LB_ReadDevice
 .text.FS_LB_ReadPart
                0x00008f14        0xe ..\emFile_V322c\LinkLibrary\PSoC5\GCC\libemf32nosnlfn.a(FS_LogBlock.o)
                0x00008f14                FS_LB_ReadPart
 .text.FS_LB_ReadBurst
                0x00008f22       0x38 ..\emFile_V322c\LinkLibrary\PSoC5\GCC\libemf32nosnlfn.a(FS_LogBlock.o)
                0x00008f22                FS_LB_ReadBurst
 .text.FS_LB_ReadBurstPart
                0x00008f5a       0x14 ..\emFile_V322c\LinkLibrary\PSoC5\GCC\libemf32nosnlfn.a(FS_LogBlock.o)
                0x00008f5a                FS_LB_ReadBurstPart
 .text.FS_LB_WriteBurst
                0x00008f6e       0x30 ..\emFile_V322c\LinkLibrary\PSoC5\GCC\libemf32nosnlfn.a(FS_LogBlock.o)
                0x00008f6e                FS_LB_WriteBurst
 .text.FS_LB_WriteBurstPart
                0x00008f9e       0x14 ..\emFile_V322c\LinkLibrary\PSoC5\GCC\libemf32nosnlfn.a(FS_LogBlock.o)
                0x00008f9e                FS_LB_WriteBurstPart
 .text.FS_LB_WriteMultiple
                0x00008fb2       0x30 ..\emFile_V322c\LinkLibrary\PSoC5\GCC\libemf32nosnlfn.a(FS_LogBlock.o)
                0x00008fb2                FS_LB_WriteMultiple
 .text.FS_LB_WriteMultiplePart
                0x00008fe2       0x14 ..\emFile_V322c\LinkLibrary\PSoC5\GCC\libemf32nosnlfn.a(FS_LogBlock.o)
                0x00008fe2                FS_LB_WriteMultiplePart
 .text.FS_LB_WriteDevice
                0x00008ff6       0x36 ..\emFile_V322c\LinkLibrary\PSoC5\GCC\libemf32nosnlfn.a(FS_LogBlock.o)
                0x00008ff6                FS_LB_WriteDevice
 .text.FS_LB_WritePart
                0x0000902c        0xe ..\emFile_V322c\LinkLibrary\PSoC5\GCC\libemf32nosnlfn.a(FS_LogBlock.o)
                0x0000902c                FS_LB_WritePart
 .text.FS_LB_Ioctl
                0x0000903a       0x2a ..\emFile_V322c\LinkLibrary\PSoC5\GCC\libemf32nosnlfn.a(FS_LogBlock.o)
                0x0000903a                FS_LB_Ioctl
 .text.FS_GetSectorSize
                0x00009064       0x28 ..\emFile_V322c\LinkLibrary\PSoC5\GCC\libemf32nosnlfn.a(FS_LogBlock.o)
                0x00009064                FS_GetSectorSize
 .text.FS_LB_GetDeviceInfo
                0x0000908c       0x26 ..\emFile_V322c\LinkLibrary\PSoC5\GCC\libemf32nosnlfn.a(FS_LogBlock.o)
                0x0000908c                FS_LB_GetDeviceInfo
 .text.FS_memcpy
                0x000090b2      0x120 ..\emFile_V322c\LinkLibrary\PSoC5\GCC\libemf32nosnlfn.a(FS_memcpy.o)
                0x000090b2                FS_memcpy
 .text._IsBPB   0x000091d2       0x1e ..\emFile_V322c\LinkLibrary\PSoC5\GCC\libemf32nosnlfn.a(FS_Partition.o)
 .text._HasSignature
                0x000091f0       0x18 ..\emFile_V322c\LinkLibrary\PSoC5\GCC\libemf32nosnlfn.a(FS_Partition.o)
 .text._GetPartitionStartSector
                0x00009208        0xc ..\emFile_V322c\LinkLibrary\PSoC5\GCC\libemf32nosnlfn.a(FS_Partition.o)
 .text.FS__GetMediaStartSecEx
                0x00009214       0x6e ..\emFile_V322c\LinkLibrary\PSoC5\GCC\libemf32nosnlfn.a(FS_Partition.o)
                0x00009214                FS__GetMediaStartSecEx
 *fill*         0x00009282        0x2 
 .text.FS__LocatePartition
                0x00009284       0x44 ..\emFile_V322c\LinkLibrary\PSoC5\GCC\libemf32nosnlfn.a(FS_Partition.o)
                0x00009284                FS__LocatePartition
 .text.FS_X_AddDevices
                0x000092c8       0x20 .\CortexM3\ARM_GCC_541\Debug\notoriOS.a(emFile_ConfigMMC_SPI.o)
                0x000092c8                FS_X_AddDevices
 .text.FS_X_GetTimeDate
                0x000092e8       0x58 .\CortexM3\ARM_GCC_541\Debug\notoriOS.a(emFile_ConfigMMC_SPI.o)
                0x000092e8                FS_X_GetTimeDate
 .text._CalcDataCRC16Dummy
                0x00009340        0x6 ..\emFile_V322c\LinkLibrary\PSoC5\GCC\libemf32nosnlfn.a(MMC_Drv.o)
 *fill*         0x00009346        0x2 
 .text._MMC_GetNumUnits
                0x00009348        0xc ..\emFile_V322c\LinkLibrary\PSoC5\GCC\libemf32nosnlfn.a(MMC_Drv.o)
 .text._MMC_GetDriverName
                0x00009354        0x8 ..\emFile_V322c\LinkLibrary\PSoC5\GCC\libemf32nosnlfn.a(MMC_Drv.o)
 .text._MMC_GetStatus
                0x0000935c        0x4 ..\emFile_V322c\LinkLibrary\PSoC5\GCC\libemf32nosnlfn.a(MMC_Drv.o)
 .text._CheckR1
                0x00009360       0x38 ..\emFile_V322c\LinkLibrary\PSoC5\GCC\libemf32nosnlfn.a(MMC_Drv.o)
 .text._WaitToGetReady
                0x00009398       0x26 ..\emFile_V322c\LinkLibrary\PSoC5\GCC\libemf32nosnlfn.a(MMC_Drv.o)
 .text._SendEmptyCycles
                0x000093be       0x24 ..\emFile_V322c\LinkLibrary\PSoC5\GCC\libemf32nosnlfn.a(MMC_Drv.o)
 *fill*         0x000093e2        0x2 
 .text._MMC_AddDevice
                0x000093e4       0x2c ..\emFile_V322c\LinkLibrary\PSoC5\GCC\libemf32nosnlfn.a(MMC_Drv.o)
 .text.T.53     0x00009410       0x14 ..\emFile_V322c\LinkLibrary\PSoC5\GCC\libemf32nosnlfn.a(MMC_Drv.o)
 .text._GetFromCSD
                0x00009424       0x34 ..\emFile_V322c\LinkLibrary\PSoC5\GCC\libemf32nosnlfn.a(MMC_Drv.o)
 .text._ExecCmdR1
                0x00009458       0x98 ..\emFile_V322c\LinkLibrary\PSoC5\GCC\libemf32nosnlfn.a(MMC_Drv.o)
 .text._ReadCSD
                0x000094f0       0x86 ..\emFile_V322c\LinkLibrary\PSoC5\GCC\libemf32nosnlfn.a(MMC_Drv.o)
 *fill*         0x00009576        0x2 
 .text._MMC_Read
                0x00009578      0x130 ..\emFile_V322c\LinkLibrary\PSoC5\GCC\libemf32nosnlfn.a(MMC_Drv.o)
 .text._MMC_Write
                0x000096a8      0x13c ..\emFile_V322c\LinkLibrary\PSoC5\GCC\libemf32nosnlfn.a(MMC_Drv.o)
 .text._ApplyCSD
                0x000097e4      0x228 ..\emFile_V322c\LinkLibrary\PSoC5\GCC\libemf32nosnlfn.a(MMC_Drv.o)
 .text._MMC_Init
                0x00009a0c      0x1c0 ..\emFile_V322c\LinkLibrary\PSoC5\GCC\libemf32nosnlfn.a(MMC_Drv.o)
 .text._MMC_InitMedium
                0x00009bcc       0x28 ..\emFile_V322c\LinkLibrary\PSoC5\GCC\libemf32nosnlfn.a(MMC_Drv.o)
 .text._MMC_IoCtl
                0x00009bf4       0x60 ..\emFile_V322c\LinkLibrary\PSoC5\GCC\libemf32nosnlfn.a(MMC_Drv.o)
 .text.emFile_Init
                0x00009c54       0x6c .\CortexM3\ARM_GCC_541\Debug\notoriOS.a(emFile_MMC_HW_SPI.o)
 .text.emFile_ReadWriteSPI
                0x00009cc0       0x68 .\CortexM3\ARM_GCC_541\Debug\notoriOS.a(emFile_MMC_HW_SPI.o)
 .text.FS_MMC_HW_X_EnableCS
                0x00009d28       0x28 .\CortexM3\ARM_GCC_541\Debug\notoriOS.a(emFile_MMC_HW_SPI.o)
                0x00009d28                FS_MMC_HW_X_EnableCS
 .text.FS_MMC_HW_X_DisableCS
                0x00009d50       0x28 .\CortexM3\ARM_GCC_541\Debug\notoriOS.a(emFile_MMC_HW_SPI.o)
                0x00009d50                FS_MMC_HW_X_DisableCS
 .text.FS_MMC_HW_X_IsWriteProtected
                0x00009d78       0x28 .\CortexM3\ARM_GCC_541\Debug\notoriOS.a(emFile_MMC_HW_SPI.o)
                0x00009d78                FS_MMC_HW_X_IsWriteProtected
 .text.FS_MMC_HW_X_SetMaxSpeed
                0x00009da0       0x88 .\CortexM3\ARM_GCC_541\Debug\notoriOS.a(emFile_MMC_HW_SPI.o)
                0x00009da0                FS_MMC_HW_X_SetMaxSpeed
 .text.FS_MMC_HW_X_SetVoltage
                0x00009e28       0x68 .\CortexM3\ARM_GCC_541\Debug\notoriOS.a(emFile_MMC_HW_SPI.o)
                0x00009e28                FS_MMC_HW_X_SetVoltage
 .text.FS_MMC_HW_X_IsPresent
                0x00009e90       0x30 .\CortexM3\ARM_GCC_541\Debug\notoriOS.a(emFile_MMC_HW_SPI.o)
                0x00009e90                FS_MMC_HW_X_IsPresent
 .text.FS_MMC_HW_X_Read
                0x00009ec0       0x38 .\CortexM3\ARM_GCC_541\Debug\notoriOS.a(emFile_MMC_HW_SPI.o)
                0x00009ec0                FS_MMC_HW_X_Read
 .text.FS_MMC_HW_X_Write
                0x00009ef8       0x34 .\CortexM3\ARM_GCC_541\Debug\notoriOS.a(emFile_MMC_HW_SPI.o)
                0x00009ef8                FS_MMC_HW_X_Write
 .text.emFile_Clock_1_Start
                0x00009f2c       0x34 .\CortexM3\ARM_GCC_541\Debug\notoriOS.a(emFile_Clock_1.o)
                0x00009f2c                emFile_Clock_1_Start
 .text.emFile_Clock_1_Stop
                0x00009f60       0x34 .\CortexM3\ARM_GCC_541\Debug\notoriOS.a(emFile_Clock_1.o)
                0x00009f60                emFile_Clock_1_Stop
 .text.emFile_Clock_1_SetDividerRegister
                0x00009f94      0x164 .\CortexM3\ARM_GCC_541\Debug\notoriOS.a(emFile_Clock_1.o)
                0x00009f94                emFile_Clock_1_SetDividerRegister
 .text.emFile_Clock_1_GetDividerRegister
                0x0000a0f8       0x18 .\CortexM3\ARM_GCC_541\Debug\notoriOS.a(emFile_Clock_1.o)
                0x0000a0f8                emFile_Clock_1_GetDividerRegister
 .text.emFile_Clock_1_GetSourceRegister
                0x0000a110       0x1c .\CortexM3\ARM_GCC_541\Debug\notoriOS.a(emFile_Clock_1.o)
                0x0000a110                emFile_Clock_1_GetSourceRegister
 .text          0x0000a12c      0x370 c:/program files (x86)/cypress/psoc creator/4.3/psoc creator/import/gnu/arm/5.4.1/bin/../lib/gcc/arm-none-eabi/5.4.1/armv7-m\libgcc.a(_arm_addsubdf3.o)
                0x0000a12c                __aeabi_drsub
                0x0000a134                __aeabi_dsub
                0x0000a134                __subdf3
                0x0000a138                __aeabi_dadd
                0x0000a138                __adddf3
                0x0000a3b0                __floatunsidf
                0x0000a3b0                __aeabi_ui2d
                0x0000a3d0                __floatsidf
                0x0000a3d0                __aeabi_i2d
                0x0000a3f4                __aeabi_f2d
                0x0000a3f4                __extendsfdf2
                0x0000a430                __floatundidf
                0x0000a430                __aeabi_ul2d
                0x0000a440                __floatdidf
                0x0000a440                __aeabi_l2d
 .text          0x0000a49c      0x424 c:/program files (x86)/cypress/psoc creator/4.3/psoc creator/import/gnu/arm/5.4.1/bin/../lib/gcc/arm-none-eabi/5.4.1/armv7-m\libgcc.a(_arm_muldivdf3.o)
                0x0000a49c                __aeabi_dmul
                0x0000a49c                __muldf3
                0x0000a6f0                __divdf3
                0x0000a6f0                __aeabi_ddiv
 .text          0x0000a8c0      0x110 c:/program files (x86)/cypress/psoc creator/4.3/psoc creator/import/gnu/arm/5.4.1/bin/../lib/gcc/arm-none-eabi/5.4.1/armv7-m\libgcc.a(_arm_cmpdf2.o)
                0x0000a8c0                __gtdf2
                0x0000a8c0                __gedf2
                0x0000a8c8                __ltdf2
                0x0000a8c8                __ledf2
                0x0000a8d0                __nedf2
                0x0000a8d0                __eqdf2
                0x0000a8d0                __cmpdf2
                0x0000a94c                __aeabi_cdrcmple
                0x0000a95c                __aeabi_cdcmpeq
                0x0000a95c                __aeabi_cdcmple
                0x0000a96c                __aeabi_dcmpeq
                0x0000a980                __aeabi_dcmplt
                0x0000a994                __aeabi_dcmple
                0x0000a9a8                __aeabi_dcmpge
                0x0000a9bc                __aeabi_dcmpgt
 .text          0x0000a9d0       0x2c c:/program files (x86)/cypress/psoc creator/4.3/psoc creator/import/gnu/arm/5.4.1/bin/../lib/gcc/arm-none-eabi/5.4.1/armv7-m\libgcc.a(_arm_unorddf2.o)
                0x0000a9d0                __unorddf2
                0x0000a9d0                __aeabi_dcmpun
 .text          0x0000a9fc       0x50 c:/program files (x86)/cypress/psoc creator/4.3/psoc creator/import/gnu/arm/5.4.1/bin/../lib/gcc/arm-none-eabi/5.4.1/armv7-m\libgcc.a(_arm_fixdfsi.o)
                0x0000a9fc                __aeabi_d2iz
                0x0000a9fc                __fixdfsi
 .text          0x0000aa4c       0xa0 c:/program files (x86)/cypress/psoc creator/4.3/psoc creator/import/gnu/arm/5.4.1/bin/../lib/gcc/arm-none-eabi/5.4.1/armv7-m\libgcc.a(_arm_truncdfsf2.o)
                0x0000aa4c                __truncdfsf2
                0x0000aa4c                __aeabi_d2f
 .text          0x0000aaec      0x21c c:/program files (x86)/cypress/psoc creator/4.3/psoc creator/import/gnu/arm/5.4.1/bin/../lib/gcc/arm-none-eabi/5.4.1/armv7-m\libgcc.a(_arm_addsubsf3.o)
                0x0000aaec                __aeabi_frsub
                0x0000aaf4                __subsf3
                0x0000aaf4                __aeabi_fsub
                0x0000aaf8                __aeabi_fadd
                0x0000aaf8                __addsf3
                0x0000ac58                __aeabi_ui2f
                0x0000ac58                __floatunsisf
                0x0000ac60                __aeabi_i2f
                0x0000ac60                __floatsisf
                0x0000ac7c                __aeabi_ul2f
                0x0000ac7c                __floatundisf
                0x0000ac8c                __aeabi_l2f
                0x0000ac8c                __floatdisf
 .text          0x0000ad08      0x2a0 c:/program files (x86)/cypress/psoc creator/4.3/psoc creator/import/gnu/arm/5.4.1/bin/../lib/gcc/arm-none-eabi/5.4.1/armv7-m\libgcc.a(_arm_muldivsf3.o)
                0x0000ad08                __mulsf3
                0x0000ad08                __aeabi_fmul
                0x0000ae70                __aeabi_fdiv
                0x0000ae70                __divsf3
 .text.atoi     0x0000afa8        0x8 c:/program files (x86)/cypress/psoc creator/4.3/psoc creator/import/gnu/arm/5.4.1/bin/../lib/gcc/arm-none-eabi/5.4.1/../../../../arm-none-eabi/lib/armv7-m\libg.a(lib_a-atoi.o)
                0x0000afa8                atoi
 .text.__errno  0x0000afb0        0xc c:/program files (x86)/cypress/psoc creator/4.3/psoc creator/import/gnu/arm/5.4.1/bin/../lib/gcc/arm-none-eabi/5.4.1/../../../../arm-none-eabi/lib/armv7-m\libg.a(lib_a-errno.o)
                0x0000afb0                __errno
 .text.gmtime   0x0000afbc       0x10 c:/program files (x86)/cypress/psoc creator/4.3/psoc creator/import/gnu/arm/5.4.1/bin/../lib/gcc/arm-none-eabi/5.4.1/../../../../arm-none-eabi/lib/armv7-m\libg.a(lib_a-gmtime.o)
                0x0000afbc                gmtime
 .text.gmtime_r
                0x0000afcc      0x1c8 c:/program files (x86)/cypress/psoc creator/4.3/psoc creator/import/gnu/arm/5.4.1/bin/../lib/gcc/arm-none-eabi/5.4.1/../../../../arm-none-eabi/lib/armv7-m\libg.a(lib_a-gmtime_r.o)
                0x0000afcc                gmtime_r
 .text.__libc_init_array
                0x0000b194       0x50 c:/program files (x86)/cypress/psoc creator/4.3/psoc creator/import/gnu/arm/5.4.1/bin/../lib/gcc/arm-none-eabi/5.4.1/../../../../arm-none-eabi/lib/armv7-m\libg.a(lib_a-init.o)
                0x0000b194                __libc_init_array
 .text.memcmp   0x0000b1e4       0x64 c:/program files (x86)/cypress/psoc creator/4.3/psoc creator/import/gnu/arm/5.4.1/bin/../lib/gcc/arm-none-eabi/5.4.1/../../../../arm-none-eabi/lib/armv7-m\libg.a(lib_a-memcmp.o)
                0x0000b1e4                memcmp
 .text          0x0000b248       0xec c:/program files (x86)/cypress/psoc creator/4.3/psoc creator/import/gnu/arm/5.4.1/bin/../lib/gcc/arm-none-eabi/5.4.1/../../../../arm-none-eabi/lib/armv7-m\libg.a(lib_a-memcpy.o)
                0x0000b248                memcpy
 .text.memset   0x0000b334       0x9c c:/program files (x86)/cypress/psoc creator/4.3/psoc creator/import/gnu/arm/5.4.1/bin/../lib/gcc/arm-none-eabi/5.4.1/../../../../arm-none-eabi/lib/armv7-m\libg.a(lib_a-memset.o)
                0x0000b334                memset
 .text.validate_structure
                0x0000b3d0      0x208 c:/program files (x86)/cypress/psoc creator/4.3/psoc creator/import/gnu/arm/5.4.1/bin/../lib/gcc/arm-none-eabi/5.4.1/../../../../arm-none-eabi/lib/armv7-m\libg.a(lib_a-mktime.o)
 .text.mktime   0x0000b5d8      0x3ac c:/program files (x86)/cypress/psoc creator/4.3/psoc creator/import/gnu/arm/5.4.1/bin/../lib/gcc/arm-none-eabi/5.4.1/../../../../arm-none-eabi/lib/armv7-m\libg.a(lib_a-mktime.o)
                0x0000b5d8                mktime
 .text.snprintf
                0x0000b984       0x98 c:/program files (x86)/cypress/psoc creator/4.3/psoc creator/import/gnu/arm/5.4.1/bin/../lib/gcc/arm-none-eabi/5.4.1/../../../../arm-none-eabi/lib/armv7-m\libg.a(lib_a-snprintf.o)
                0x0000b984                snprintf
 .text.sscanf   0x0000ba1c       0x58 c:/program files (x86)/cypress/psoc creator/4.3/psoc creator/import/gnu/arm/5.4.1/bin/../lib/gcc/arm-none-eabi/5.4.1/../../../../arm-none-eabi/lib/armv7-m\libg.a(lib_a-sscanf.o)
                0x0000ba1c                sscanf
 .text.__seofread
                0x0000ba74        0x4 c:/program files (x86)/cypress/psoc creator/4.3/psoc creator/import/gnu/arm/5.4.1/bin/../lib/gcc/arm-none-eabi/5.4.1/../../../../arm-none-eabi/lib/armv7-m\libg.a(lib_a-stdio.o)
                0x0000ba74                __seofread
 .text.strchr   0x0000ba78       0xd0 c:/program files (x86)/cypress/psoc creator/4.3/psoc creator/import/gnu/arm/5.4.1/bin/../lib/gcc/arm-none-eabi/5.4.1/../../../../arm-none-eabi/lib/armv7-m\libg.a(lib_a-strchr.o)
                0x0000ba78                strchr
 .text          0x0000bb48      0x1bc c:/program files (x86)/cypress/psoc creator/4.3/psoc creator/import/gnu/arm/5.4.1/bin/../lib/gcc/arm-none-eabi/5.4.1/../../../../arm-none-eabi/lib/armv7-m\libg.a(lib_a-strcmp.o)
                0x0000bb48                strcmp
 .text.strlen   0x0000bd04       0x5c c:/program files (x86)/cypress/psoc creator/4.3/psoc creator/import/gnu/arm/5.4.1/bin/../lib/gcc/arm-none-eabi/5.4.1/../../../../arm-none-eabi/lib/armv7-m\libg.a(lib_a-strlen-stub.o)
                0x0000bd04                strlen
 .text.strncpy  0x0000bd60       0x68 c:/program files (x86)/cypress/psoc creator/4.3/psoc creator/import/gnu/arm/5.4.1/bin/../lib/gcc/arm-none-eabi/5.4.1/../../../../arm-none-eabi/lib/armv7-m\libg.a(lib_a-strncpy.o)
                0x0000bd60                strncpy
 .text.critical_factorization
                0x0000bdc8       0xb8 c:/program files (x86)/cypress/psoc creator/4.3/psoc creator/import/gnu/arm/5.4.1/bin/../lib/gcc/arm-none-eabi/5.4.1/../../../../arm-none-eabi/lib/armv7-m\libg.a(lib_a-strstr.o)
 .text.two_way_long_needle
                0x0000be80      0x200 c:/program files (x86)/cypress/psoc creator/4.3/psoc creator/import/gnu/arm/5.4.1/bin/../lib/gcc/arm-none-eabi/5.4.1/../../../../arm-none-eabi/lib/armv7-m\libg.a(lib_a-strstr.o)
 .text.strstr   0x0000c080      0x220 c:/program files (x86)/cypress/psoc creator/4.3/psoc creator/import/gnu/arm/5.4.1/bin/../lib/gcc/arm-none-eabi/5.4.1/../../../../arm-none-eabi/lib/armv7-m\libg.a(lib_a-strstr.o)
                0x0000c080                strstr
 .text.strtok   0x0000c2a0       0x10 c:/program files (x86)/cypress/psoc creator/4.3/psoc creator/import/gnu/arm/5.4.1/bin/../lib/gcc/arm-none-eabi/5.4.1/../../../../arm-none-eabi/lib/armv7-m\libg.a(lib_a-strtok.o)
                0x0000c2a0                strtok
 .text.__strtok_r
                0x0000c2b0       0x64 c:/program files (x86)/cypress/psoc creator/4.3/psoc creator/import/gnu/arm/5.4.1/bin/../lib/gcc/arm-none-eabi/5.4.1/../../../../arm-none-eabi/lib/armv7-m\libg.a(lib_a-strtok_r.o)
                0x0000c2b0                __strtok_r
 .text._strtol_r
                0x0000c314      0x128 c:/program files (x86)/cypress/psoc creator/4.3/psoc creator/import/gnu/arm/5.4.1/bin/../lib/gcc/arm-none-eabi/5.4.1/../../../../arm-none-eabi/lib/armv7-m\libg.a(lib_a-strtol.o)
                0x0000c314                _strtol_r
 .text.strtol   0x0000c43c       0x18 c:/program files (x86)/cypress/psoc creator/4.3/psoc creator/import/gnu/arm/5.4.1/bin/../lib/gcc/arm-none-eabi/5.4.1/../../../../arm-none-eabi/lib/armv7-m\libg.a(lib_a-strtol.o)
                0x0000c43c                strtol
 .text._svfprintf_r
                0x0000c454     0x175c c:/program files (x86)/cypress/psoc creator/4.3/psoc creator/import/gnu/arm/5.4.1/bin/../lib/gcc/arm-none-eabi/5.4.1/../../../../arm-none-eabi/lib/armv7-m\libg.a(lib_a-svfprintf.o)
                0x0000c454                _svfprintf_r
 .text.__ssvfscanf_r
                0x0000dbb0      0xeac c:/program files (x86)/cypress/psoc creator/4.3/psoc creator/import/gnu/arm/5.4.1/bin/../lib/gcc/arm-none-eabi/5.4.1/../../../../arm-none-eabi/lib/armv7-m\libg.a(lib_a-svfscanf.o)
                0x0000dbb0                __ssvfscanf_r
 .text.__tzcalc_limits
                0x0000ea5c      0x190 c:/program files (x86)/cypress/psoc creator/4.3/psoc creator/import/gnu/arm/5.4.1/bin/../lib/gcc/arm-none-eabi/5.4.1/../../../../arm-none-eabi/lib/armv7-m\libg.a(lib_a-tzcalc_limits.o)
                0x0000ea5c                __tzcalc_limits
 .text.__tz_lock
                0x0000ebec        0x4 c:/program files (x86)/cypress/psoc creator/4.3/psoc creator/import/gnu/arm/5.4.1/bin/../lib/gcc/arm-none-eabi/5.4.1/../../../../arm-none-eabi/lib/armv7-m\libg.a(lib_a-tzlock.o)
                0x0000ebec                __tz_lock
 .text.__tz_unlock
                0x0000ebf0        0x4 c:/program files (x86)/cypress/psoc creator/4.3/psoc creator/import/gnu/arm/5.4.1/bin/../lib/gcc/arm-none-eabi/5.4.1/../../../../arm-none-eabi/lib/armv7-m\libg.a(lib_a-tzlock.o)
                0x0000ebf0                __tz_unlock
 .text._tzset_unlocked
                0x0000ebf4        0xc c:/program files (x86)/cypress/psoc creator/4.3/psoc creator/import/gnu/arm/5.4.1/bin/../lib/gcc/arm-none-eabi/5.4.1/../../../../arm-none-eabi/lib/armv7-m\libg.a(lib_a-tzset.o)
                0x0000ebf4                _tzset_unlocked
 .text._tzset_unlocked_r
                0x0000ec00      0x328 c:/program files (x86)/cypress/psoc creator/4.3/psoc creator/import/gnu/arm/5.4.1/bin/../lib/gcc/arm-none-eabi/5.4.1/../../../../arm-none-eabi/lib/armv7-m\libg.a(lib_a-tzset_r.o)
                0x0000ec00                _tzset_unlocked_r
 .text._vsnprintf_r
                0x0000ef28       0x70 c:/program files (x86)/cypress/psoc creator/4.3/psoc creator/import/gnu/arm/5.4.1/bin/../lib/gcc/arm-none-eabi/5.4.1/../../../../arm-none-eabi/lib/armv7-m\libg.a(lib_a-vsnprintf.o)
                0x0000ef28                _vsnprintf_r
 .text.vsnprintf
                0x0000ef98       0x20 c:/program files (x86)/cypress/psoc creator/4.3/psoc creator/import/gnu/arm/5.4.1/bin/../lib/gcc/arm-none-eabi/5.4.1/../../../../arm-none-eabi/lib/armv7-m\libg.a(lib_a-vsnprintf.o)
                0x0000ef98                vsnprintf
 .text.startup.register_fini
                0x0000efb8       0x14 c:/program files (x86)/cypress/psoc creator/4.3/psoc creator/import/gnu/arm/5.4.1/bin/../lib/gcc/arm-none-eabi/5.4.1/../../../../arm-none-eabi/lib/armv7-m\libg.a(lib_a-__call_atexit.o)
 .text.atexit   0x0000efcc        0xc c:/program files (x86)/cypress/psoc creator/4.3/psoc creator/import/gnu/arm/5.4.1/bin/../lib/gcc/arm-none-eabi/5.4.1/../../../../arm-none-eabi/lib/armv7-m\libg.a(lib_a-atexit.o)
                0x0000efcc                atexit