--------------- Build Started: 04/02/2025 20:59:24 Project: notoriOS, Configuration: ARM GCC 5.4-2016-q2-update Debug ---------------
cydsfit.exe -.appdatapath "C:\Users\kland\AppData\Local\Cypress Semiconductor\PSoC Creator\4.4" -.fdsnotice -.fdswarpdepfile=warp_dependencies.txt -.fdselabdepfile=elab_dependencies.txt -.fdsbldfile=generated_files.txt -.fdsreffile=referenced_files.txt -p C:\Users\kland\OneDrive\Documents\GitHub\notoriOS\notoriOS.cydsn\notoriOS.cyprj -d CY8C5888LTI-LP097 -s C:\Users\kland\OneDrive\Documents\GitHub\notoriOS\notoriOS.cydsn\Generated_Source\PSoC5 -- -yv2 -q10 -ygs -o2 -v3 -.fftcfgtype=LE
Elaborating Design...
ADD: fit.M0032: warning: Clock Warning: (Debug_UART_IntClock's accuracy range '923.077 kHz +/- 4%, (886.154 kHz - 960 kHz)' is not within the specified tolerance range '921.6 kHz +/- 3.937%, (885.313 kHz - 957.887 kHz)'.).
 * C:\Program Files (x86)\Cypress\PSoC Creator\4.4\PSoC Creator\psoc\content\CyComponentLibrary\CyComponentLibrary.cylib\UART_v2_50\UART_v2_50.cysch (Instance:IntClock)
 * C:\Users\kland\OneDrive\Documents\GitHub\notoriOS\notoriOS.cydsn\notoriOS.cydwr (Debug_UART_IntClock)
ADD: fit.M0032: warning: Clock Warning: (UART_Telit_IntClock's accuracy range '923.077 kHz +/- 4%, (886.154 kHz - 960 kHz)' is not within the specified tolerance range '921.6 kHz +/- 3.937%, (885.313 kHz - 957.887 kHz)'.).
 * C:\Program Files (x86)\Cypress\PSoC Creator\4.4\PSoC Creator\psoc\content\CyComponentLibrary\CyComponentLibrary.cylib\UART_v2_50\UART_v2_50.cysch (Instance:IntClock)
 * C:\Users\kland\OneDrive\Documents\GitHub\notoriOS\notoriOS.cydsn\notoriOS.cydwr (UART_Telit_IntClock)
ADD: fit.M0029: information: Voltage Reference Information: Vref 'Default <1.024V>' is connected to terminal 'vplus' of '\ADC:DSM\' but no direct hardware connection exists.
 * C:\Program Files (x86)\Cypress\PSoC Creator\4.4\PSoC Creator\psoc\content\CyComponentLibrary\CyComponentLibrary.cylib\ADC_DelSig_v3_30\PSoC5\ADC_DelSig_v3_30.cysch (Instance:DSM)
 * C:\Users\kland\OneDrive\Documents\GitHub\notoriOS\notoriOS.cydsn\TopDesign\TopDesign.cysch (Instance:vRef_1)
HDL Generation...
Synthesis...
Tech Mapping...
ADD: pft.M0040: information: The following 5 pin(s) will be assigned a location by the fitter: \emFile:miso0(0)\, AN_VSOL(0), Pin_Sampler_Completed_Sample(0), Pin_Sampler_Sampler_Count(0), Pin_Sampler_Trigger(0)
Analog Placement...
Info: apr.M0002: Analog signal "\ADC:Net_35\" is connected to one terminal only. (App=cydsfit)
Log: apr.M0058: The analog placement iterative improvement is 60% done. (App=cydsfit)
Log: apr.M0058: The analog placement iterative improvement is 96% done. (App=cydsfit)
Analog Routing...
Analog Code Generation...
Info: apr.M0060: Comparator 'Comparator[1]@[FFB(Comparator,1)]' is powered up by analog subsystem to support an auto-enabled vref. (App=cydsfit)
Digital Placement...
Digital Routing...
Bitstream Generation...
Bitstream Verification...
Static timing analysis...
API Generation...
Dependency Generation...
Cleanup...
Unable to add item 'Valve2_POS_Power' to 'PSoC5'. 'A file of the given name already exists. Please enter a valid name.'
Unable to add item 'Valve2_POS_Power' to 'PSoC5'. 'A file of the given name already exists. Please enter a valid name.'
Unable to add item 'Valve2_POS_Power' to 'PSoC5'. 'A file of the given name already exists. Please enter a valid name.'
python ../build_tools/get_commit_hash.py
5497e675a3661cc8aadbe24bd95fd46180a96f94 d14b858cb3d5c4530223eb50d93cf454a5942782 kla-codes <klandersen14@gmail.com> 1743550791 -0400
arm-none-eabi-gcc.exe -mcpu=cortex-m3 -mthumb -I..\emFile_V322c\Code\Include\PSoC5 -I..\emFile_V322c\Code\Include\PSoC5\emf32nOS -I. -IGenerated_Source\PSoC5 -Wa,-alh=.\CortexM3\ARM_GCC_541\Debug/level_sensor.lst -g -D DEBUG -D CY_CORE_ID=0 -Wall -ffunction-sections -ffat-lto-objects -O0 -c level_sensor.c -o .\CortexM3\ARM_GCC_541\Debug\level_sensor.o
arm-none-eabi-gcc.exe -mcpu=cortex-m3 -mthumb -I..\emFile_V322c\Code\Include\PSoC5 -I..\emFile_V322c\Code\Include\PSoC5\emf32nOS -I. -IGenerated_Source\PSoC5 -Wa,-alh=.\CortexM3\ARM_GCC_541\Debug/sd_card.lst -g -D DEBUG -D CY_CORE_ID=0 -Wall -ffunction-sections -ffat-lto-objects -O0 -c sd_card.c -o .\CortexM3\ARM_GCC_541\Debug\sd_card.o
arm-none-eabi-gcc.exe -mcpu=cortex-m3 -mthumb -I..\emFile_V322c\Code\Include\PSoC5 -I..\emFile_V322c\Code\Include\PSoC5\emf32nOS -I. -IGenerated_Source\PSoC5 -Wa,-alh=.\CortexM3\ARM_GCC_541\Debug/debug.lst -g -D DEBUG -D CY_CORE_ID=0 -Wall -ffunction-sections -ffat-lto-objects -O0 -c debug.c -o .\CortexM3\ARM_GCC_541\Debug\debug.o
arm-none-eabi-gcc.exe -mcpu=cortex-m3 -mthumb -I..\emFile_V322c\Code\Include\PSoC5 -I..\emFile_V322c\Code\Include\PSoC5\emf32nOS -I. -IGenerated_Source\PSoC5 -Wa,-alh=.\CortexM3\ARM_GCC_541\Debug/voltages.lst -g -D DEBUG -D CY_CORE_ID=0 -Wall -ffunction-sections -ffat-lto-objects -O0 -c voltages.c -o .\CortexM3\ARM_GCC_541\Debug\voltages.o
voltages.c: In function 'pressure_sensor_readings':
voltages.c:65:11: warning: unused variable 'channels' [-Wunused-variable]
     float channels[AMux_CHANNELS];
           ^
arm-none-eabi-gcc.exe -mcpu=cortex-m3 -mthumb -I..\emFile_V322c\Code\Include\PSoC5 -I..\emFile_V322c\Code\Include\PSoC5\emf32nOS -I. -IGenerated_Source\PSoC5 -Wa,-alh=.\CortexM3\ARM_GCC_541\Debug/modem.lst -g -D DEBUG -D CY_CORE_ID=0 -Wall -ffunction-sections -ffat-lto-objects -O0 -c modem.c -o .\CortexM3\ARM_GCC_541\Debug\modem.o
modem.c: In function 'get_cell_network_stats':
modem.c:443:9: warning: unused variable 'match' [-Wunused-variable]
     int match = sscanf(uart_received_string,"\r\n+CESQ: %d,%d,%d,%d,%d,%d%*s",
         ^
modem.c: In function 'get_updated_parameters_from_malcom':
modem.c:585:55: warning: unused variable 'valve_freq' [-Wunused-variable]
     app_led_freq, level_sensor_freq, down_level_freq, valve_freq, autosampler_freq, sontek_freq; //Kayla: store value to read freq from cloud
                                                       ^
modem.c:585:38: warning: unused variable 'down_level_freq' [-Wunused-variable]
     app_led_freq, level_sensor_freq, down_level_freq, valve_freq, autosampler_freq, sontek_freq; //Kayla: store value to read freq from cloud
                                      ^
modem.c:500:10: warning: variable 's_down_level_sensor' set but not used [-Wunused-but-set-variable]
     char s_down_level_sensor[100];
          ^
arm-none-eabi-gcc.exe -mcpu=cortex-m3 -mthumb -I..\emFile_V322c\Code\Include\PSoC5 -I..\emFile_V322c\Code\Include\PSoC5\emf32nOS -I. -IGenerated_Source\PSoC5 -Wa,-alh=.\CortexM3\ARM_GCC_541\Debug/data.lst -g -D DEBUG -D CY_CORE_ID=0 -Wall -ffunction-sections -ffat-lto-objects -O0 -c data.c -o .\CortexM3\ARM_GCC_541\Debug\data.o
arm-none-eabi-gcc.exe -mcpu=cortex-m3 -mthumb -I..\emFile_V322c\Code\Include\PSoC5 -I..\emFile_V322c\Code\Include\PSoC5\emf32nOS -I. -IGenerated_Source\PSoC5 -Wa,-alh=.\CortexM3\ARM_GCC_541\Debug/influx.lst -g -D DEBUG -D CY_CORE_ID=0 -Wall -ffunction-sections -ffat-lto-objects -O0 -c influx.c -o .\CortexM3\ARM_GCC_541\Debug\influx.o
arm-none-eabi-gcc.exe -mcpu=cortex-m3 -mthumb -I..\emFile_V322c\Code\Include\PSoC5 -I..\emFile_V322c\Code\Include\PSoC5\emf32nOS -I. -IGenerated_Source\PSoC5 -Wa,-alh=.\CortexM3\ARM_GCC_541\Debug/App_LED.lst -g -D DEBUG -D CY_CORE_ID=0 -Wall -ffunction-sections -ffat-lto-objects -O0 -c App_LED.c -o .\CortexM3\ARM_GCC_541\Debug\App_LED.o
arm-none-eabi-gcc.exe -mcpu=cortex-m3 -mthumb -I..\emFile_V322c\Code\Include\PSoC5 -I..\emFile_V322c\Code\Include\PSoC5\emf32nOS -I. -IGenerated_Source\PSoC5 -Wa,-alh=.\CortexM3\ARM_GCC_541\Debug/downstream_level_sensor.lst -g -D DEBUG -D CY_CORE_ID=0 -Wall -ffunction-sections -ffat-lto-objects -O0 -c downstream_level_sensor.c -o .\CortexM3\ARM_GCC_541\Debug\downstream_level_sensor.o
downstream_level_sensor.c: In function 'Downstream_Level_Sensor_ISR':
downstream_level_sensor.c:20:20: warning: implicit declaration of function 'Downstream_Level_Sensor_UART_GetChar' [-Wimplicit-function-declaration]
     char rx_char = Downstream_Level_Sensor_UART_GetChar();
                    ^
downstream_level_sensor.c: In function 'downstream_level_sensor_take_reading':
downstream_level_sensor.c:100:5: warning: implicit declaration of function 'Downstream_Level_Sensor_Power_Write' [-Wimplicit-function-declaration]
     Downstream_Level_Sensor_Power_Write(1u);   // Pulls Level Sensor power pin high (turns it on).
     ^
downstream_level_sensor.c:102:5: warning: implicit declaration of function 'Downstream_Level_Sensor_RX_SetDriveMode' [-Wimplicit-function-declaration]
     Downstream_Level_Sensor_RX_SetDriveMode(PIN_DM_DIG_HIZ); // RX_SetDriveMode(): Sets the drive mode for each of the Pins component's pins. PIN_DM_DIG_HIZ: High Impedance Digital.
     ^
downstream_level_sensor.c:103:5: warning: implicit declaration of function 'Downstream_Level_Sensor_UART_Start' [-Wimplicit-function-declaration]
     Downstream_Level_Sensor_UART_Start(); // Downstream_Level_Sensor_UART_Start() sets the initVar variable, calls the Downstream_Level_Sensor_UART_Init() function, and then calls the Downstream_Level_Sensor_UART_Enable() function.
     ^
downstream_level_sensor.c:104:5: warning: implicit declaration of function 'Downstream_Level_Sensor_ISR_StartEx' [-Wimplicit-function-declaration]
     Downstream_Level_Sensor_ISR_StartEx(Downstream_Level_Sensor_ISR); // Sets up the interrupt and enables it.
     ^
downstream_level_sensor.c:111:5: warning: implicit declaration of function 'Downstream_Level_Sensor_UART_Stop' [-Wimplicit-function-declaration]
     Downstream_Level_Sensor_UART_Stop(); // Disables the UART operation.
     ^
downstream_level_sensor.c:112:5: warning: implicit declaration of function 'Downstream_Level_Sensor_ISR_Stop' [-Wimplicit-function-declaration]
     Downstream_Level_Sensor_ISR_Stop(); // Disables and removes the interrupt.
     ^
downstream_level_sensor.c:121:5: warning: implicit declaration of function 'Downstream_Level_Sensor_RX_Write' [-Wimplicit-function-declaration]
     Downstream_Level_Sensor_RX_Write(0u);
     ^
arm-none-eabi-gcc.exe -mcpu=cortex-m3 -mthumb -I..\emFile_V322c\Code\Include\PSoC5 -I..\emFile_V322c\Code\Include\PSoC5\emf32nOS -I. -IGenerated_Source\PSoC5 -Wa,-alh=.\CortexM3\ARM_GCC_541\Debug/valve.lst -g -D DEBUG -D CY_CORE_ID=0 -Wall -ffunction-sections -ffat-lto-objects -O0 -c valve.c -o .\CortexM3\ARM_GCC_541\Debug\valve.o
valve.c: In function 'App_Valve':
valve.c:18:14: warning: unused variable 'valve_diameter_charstring' [-Wunused-variable]
         char valve_diameter_charstring[10];
              ^
valve.c: In function 'valve_test':
valve.c:108:15: warning: variable 'voltages' set but not used [-Wunused-but-set-variable]
     voltage_t voltages[8];
               ^
arm-none-eabi-gcc.exe -mcpu=cortex-m3 -mthumb -I..\emFile_V322c\Code\Include\PSoC5 -I..\emFile_V322c\Code\Include\PSoC5\emf32nOS -I. -IGenerated_Source\PSoC5 -Wa,-alh=.\CortexM3\ARM_GCC_541\Debug/autosampler.lst -g -D DEBUG -D CY_CORE_ID=0 -Wall -ffunction-sections -ffat-lto-objects -O0 -c autosampler.c -o .\CortexM3\ARM_GCC_541\Debug\autosampler.o
arm-none-eabi-gcc.exe -mcpu=cortex-m3 -mthumb -I..\emFile_V322c\Code\Include\PSoC5 -I..\emFile_V322c\Code\Include\PSoC5\emf32nOS -I. -IGenerated_Source\PSoC5 -Wa,-alh=.\CortexM3\ARM_GCC_541\Debug/sontek.lst -g -D DEBUG -D CY_CORE_ID=0 -Wall -ffunction-sections -ffat-lto-objects -O0 -c sontek.c -o .\CortexM3\ARM_GCC_541\Debug\sontek.o
In file included from notoriOS.h:22:0,
                 from sontek.c:4:
sontek.h:18:3: error: conflicting types for 'sontek_t'
 } sontek_t;
   ^
In file included from sontek.c:3:0:
sontek.h:18:3: note: previous declaration of 'sontek_t' was here
 } sontek_t;
   ^
In file included from notoriOS.h:22:0,
                 from sontek.c:4:
sontek.h:20:10: error: conflicting types for 'sontek_take_reading'
 sontek_t sontek_take_reading();
          ^
In file included from sontek.c:3:0:
sontek.h:20:10: note: previous declaration of 'sontek_take_reading' was here
 sontek_t sontek_take_reading();
          ^
sontek.c:37:7: error: redefinition of 'App_Sontek'
 uint8 App_Sontek(){
       ^
sontek.c:6:7: note: previous definition of 'App_Sontek' was here
 uint8 App_Sontek(){
       ^
sontek.c: In function 'App_Sontek':
sontek.c:54:14: warning: unused variable 'value' [-Wunused-variable]
         char value[DATA_MAX_KEY_LENGTH];
              ^
sontek.c: At top level:
sontek.c:66:10: error: conflicting types for 'sontek_take_reading'
 sontek_t sontek_take_reading(){
          ^
In file included from sontek.c:3:0:
sontek.h:20:10: note: previous declaration of 'sontek_take_reading' was here
 sontek_t sontek_take_reading();
          ^
sontek.c: In function 'sontek_test':
sontek.c:35:1: warning: control reaches end of non-void function [-Wreturn-type]
 }
 ^
The command 'arm-none-eabi-gcc.exe' failed with exit code '1'.
--------------- Build Failed: 04/02/2025 21:00:22 ---------------
