Archive member included to satisfy reference by file (symbol)

.\CortexM3\ARM_GCC_541\Debug\notoriOS.a(CyLib.o)
                              .\CortexM3\ARM_GCC_541\Debug\Cm3Start.o (CyResetStatus)
.\CortexM3\ARM_GCC_541\Debug\notoriOS.a(cyPm.o)
                              .\CortexM3\ARM_GCC_541\Debug\notoriOS.o (CyPmSaveClocks)
.\CortexM3\ARM_GCC_541\Debug\notoriOS.a(isr_SleepTimer.o)
                              .\CortexM3\ARM_GCC_541\Debug\notoriOS.o (isr_SleepTimer_StartEx)
.\CortexM3\ARM_GCC_541\Debug\notoriOS.a(SleepTimer.o)
                              .\CortexM3\ARM_GCC_541\Debug\notoriOS.o (SleepTimer_Start)
.\CortexM3\ARM_GCC_541\Debug\notoriOS.a(LED.o)
                              .\CortexM3\ARM_GCC_541\Debug\notoriOS.o (LED_Write)
.\CortexM3\ARM_GCC_541\Debug\notoriOS.a(RTC.o)
                              .\CortexM3\ARM_GCC_541\Debug\notoriOS.o (RTC_Start)
.\CortexM3\ARM_GCC_541\Debug\notoriOS.a(RTC_INT.o)
                              .\CortexM3\ARM_GCC_541\Debug\notoriOS.a(RTC.o) (RTC_ISR)
.\CortexM3\ARM_GCC_541\Debug\notoriOS.a(Level_Sensor_UART.o)
                              .\CortexM3\ARM_GCC_541\Debug\level_sensor.o (Level_Sensor_UART_Start)
.\CortexM3\ARM_GCC_541\Debug\notoriOS.a(Level_Sensor_ISR.o)
                              .\CortexM3\ARM_GCC_541\Debug\level_sensor.o (Level_Sensor_ISR_StartEx)
.\CortexM3\ARM_GCC_541\Debug\notoriOS.a(Level_Sensor_Power.o)
                              .\CortexM3\ARM_GCC_541\Debug\level_sensor.o (Level_Sensor_Power_Write)
.\CortexM3\ARM_GCC_541\Debug\notoriOS.a(emFile_PM.o)
                              .\CortexM3\ARM_GCC_541\Debug\sd_card.o (emFile_Sleep)
.\CortexM3\ARM_GCC_541\Debug\notoriOS.a(SD_Card_Power.o)
                              .\CortexM3\ARM_GCC_541\Debug\sd_card.o (SD_Card_Power_Write)
.\CortexM3\ARM_GCC_541\Debug\notoriOS.a(emFile_SPI0_PM.o)
                              .\CortexM3\ARM_GCC_541\Debug\notoriOS.a(emFile_PM.o) (emFile_SPI0_SaveConfig)
.\CortexM3\ARM_GCC_541\Debug\notoriOS.a(emFile_mosi0.o)
                              .\CortexM3\ARM_GCC_541\Debug\sd_card.o (emFile_mosi0_Write)
.\CortexM3\ARM_GCC_541\Debug\notoriOS.a(emFile_miso0.o)
                              .\CortexM3\ARM_GCC_541\Debug\sd_card.o (emFile_miso0_Write)
.\CortexM3\ARM_GCC_541\Debug\notoriOS.a(emFile_sclk0.o)
                              .\CortexM3\ARM_GCC_541\Debug\sd_card.o (emFile_sclk0_Write)
.\CortexM3\ARM_GCC_541\Debug\notoriOS.a(emFile_SPI0_CS.o)
                              .\CortexM3\ARM_GCC_541\Debug\sd_card.o (emFile_SPI0_CS_Write)
.\CortexM3\ARM_GCC_541\Debug\notoriOS.a(ADC.o)
                              .\CortexM3\ARM_GCC_541\Debug\voltages.o (ADC_Start)
.\CortexM3\ARM_GCC_541\Debug\notoriOS.a(ADC_PM.o)
                              .\CortexM3\ARM_GCC_541\Debug\voltages.o (ADC_SaveConfig)
.\CortexM3\ARM_GCC_541\Debug\notoriOS.a(ADC_INT.o)
                              .\CortexM3\ARM_GCC_541\Debug\notoriOS.a(ADC.o) (ADC_ISR1)
.\CortexM3\ARM_GCC_541\Debug\notoriOS.a(AMux.o)
                              .\CortexM3\ARM_GCC_541\Debug\voltages.o (AMux_Start)
.\CortexM3\ARM_GCC_541\Debug\notoriOS.a(Battery_Voltage_Enable.o)
                              .\CortexM3\ARM_GCC_541\Debug\voltages.o (Battery_Voltage_Enable_Write)
.\CortexM3\ARM_GCC_541\Debug\notoriOS.a(ADC_AMux.o)
                              .\CortexM3\ARM_GCC_541\Debug\notoriOS.a(ADC.o) (ADC_AMux_Select)
.\CortexM3\ARM_GCC_541\Debug\notoriOS.a(ADC_Ext_CP_Clk.o)
                              .\CortexM3\ARM_GCC_541\Debug\notoriOS.a(ADC.o) (ADC_Ext_CP_Clk_SetDividerRegister)
.\CortexM3\ARM_GCC_541\Debug\notoriOS.a(ADC_theACLK.o)
                              .\CortexM3\ARM_GCC_541\Debug\notoriOS.a(ADC.o) (ADC_theACLK_SetDividerRegister)
.\CortexM3\ARM_GCC_541\Debug\notoriOS.a(Debug_UART.o)
                              .\CortexM3\ARM_GCC_541\Debug\debug.o (Debug_UART_Start)
.\CortexM3\ARM_GCC_541\Debug\notoriOS.a(Debug_UART_PM.o)
                              .\CortexM3\ARM_GCC_541\Debug\debug.o (Debug_UART_Sleep)
.\CortexM3\ARM_GCC_541\Debug\notoriOS.a(Debug_UART_IntClock.o)
                              .\CortexM3\ARM_GCC_541\Debug\notoriOS.a(Debug_UART.o) (Debug_UART_IntClock_Start)
.\CortexM3\ARM_GCC_541\Debug\notoriOS.a(Pin_Telit_ONOFF.o)
                              .\CortexM3\ARM_GCC_541\Debug\modem.o (Pin_Telit_ONOFF_Write)
.\CortexM3\ARM_GCC_541\Debug\notoriOS.a(Pin_Telit_pwr.o)
                              .\CortexM3\ARM_GCC_541\Debug\modem.o (Pin_Telit_pwr_Write)
.\CortexM3\ARM_GCC_541\Debug\notoriOS.a(Pin_Telit_SWRDY.o)
                              .\CortexM3\ARM_GCC_541\Debug\modem.o (Pin_Telit_SWRDY_Write)
.\CortexM3\ARM_GCC_541\Debug\notoriOS.a(UART_Telit.o)
                              .\CortexM3\ARM_GCC_541\Debug\modem.o (UART_Telit_Start)
.\CortexM3\ARM_GCC_541\Debug\notoriOS.a(UART_Telit_PM.o)
                              .\CortexM3\ARM_GCC_541\Debug\modem.o (UART_Telit_Sleep)
.\CortexM3\ARM_GCC_541\Debug\notoriOS.a(isr_telit_rx.o)
[...]
Memory Configuration

Name             Origin             Length             Attributes
rom              0x00000000         0x00040000         xr
ram              0x1fff8000         0x00010000         xrw
*default*        0x00000000         0xffffffff

Linker script and memory map

LOAD c:/program files (x86)/cypress/psoc creator/4.3/psoc creator/import/gnu/arm/5.4.1/bin/../lib/gcc/arm-none-eabi/5.4.1/armv7-m/crti.o
LOAD c:/program files (x86)/cypress/psoc creator/4.3/psoc creator/import/gnu/arm/5.4.1/bin/../lib/gcc/arm-none-eabi/5.4.1/armv7-m/crtbegin.o
LOAD c:/program files (x86)/cypress/psoc creator/4.3/psoc creator/import/gnu/arm/5.4.1/bin/../lib/gcc/arm-none-eabi/5.4.1/../../../../arm-none-eabi/lib/armv7-m/crt0.o
START GROUP
LOAD .\CortexM3\ARM_GCC_541\Debug\level_sensor.o
LOAD .\CortexM3\ARM_GCC_541\Debug\sd_card.o
LOAD .\CortexM3\ARM_GCC_541\Debug\debug.o
LOAD .\CortexM3\ARM_GCC_541\Debug\voltages.o
LOAD .\CortexM3\ARM_GCC_541\Debug\modem.o
LOAD .\CortexM3\ARM_GCC_541\Debug\data.o
LOAD .\CortexM3\ARM_GCC_541\Debug\influx.o
LOAD .\CortexM3\ARM_GCC_541\Debug\notoriOS.o
LOAD .\CortexM3\ARM_GCC_541\Debug\main.o
LOAD .\CortexM3\ARM_GCC_541\Debug\cyfitter_cfg.o
LOAD .\CortexM3\ARM_GCC_541\Debug\cymetadata.o
LOAD .\CortexM3\ARM_GCC_541\Debug\Cm3Start.o
LOAD .\CortexM3\ARM_GCC_541\Debug\notoriOS.a
LOAD C:\Program Files (x86)\Cypress\PSoC Creator\4.3\PSoC Creator\psoc\content\cycomponentlibrary\CyComponentLibrary.cylib\CortexM3\ARM_GCC_541\Debug\CyComponentLibrary.a
LOAD ..\emFile_V322c\LinkLibrary\PSoC5\GCC\libemf32nosnlfn.a
LOAD c:/program files (x86)/cypress/psoc creator/4.3/psoc creator/import/gnu/arm/5.4.1/bin/../lib/gcc/arm-none-eabi/5.4.1/../../../../arm-none-eabi/lib/armv7-m\libm.a
END GROUP
START GROUP
LOAD c:/program files (x86)/cypress/psoc creator/4.3/psoc creator/import/gnu/arm/5.4.1/bin/../lib/gcc/arm-none-eabi/5.4.1/armv7-m\libgcc.a
LOAD c:/program files (x86)/cypress/psoc creator/4.3/psoc creator/import/gnu/arm/5.4.1/bin/../lib/gcc/arm-none-eabi/5.4.1/../../../../arm-none-eabi/lib/armv7-m\libg.a
LOAD c:/program files (x86)/cypress/psoc creator/4.3/psoc creator/import/gnu/arm/5.4.1/bin/../lib/gcc/arm-none-eabi/5.4.1/../../../../arm-none-eabi/lib/armv7-m\libc.a
END GROUP
LOAD c:/program files (x86)/cypress/psoc creator/4.3/psoc creator/import/gnu/arm/5.4.1/bin/../lib/gcc/arm-none-eabi/5.4.1/armv7-m/crtend.o
LOAD c:/program files (x86)/cypress/psoc creator/4.3/psoc creator/import/gnu/arm/5.4.1/bin/../lib/gcc/arm-none-eabi/5.4.1/armv7-m/crtn.o
START GROUP
LOAD c:/program files (x86)/cypress/psoc creator/4.3/psoc creator/import/gnu/arm/5.4.1/bin/../lib/gcc/arm-none-eabi/5.4.1/armv7-m\libgcc.a
LOAD c:/program files (x86)/cypress/psoc creator/4.3/psoc creator/import/gnu/arm/5.4.1/bin/../lib/gcc/arm-none-eabi/5.4.1/../../../../arm-none-eabi/lib/armv7-m\libc.a
LOAD c:/program files (x86)/cypress/psoc creator/4.3/psoc creator/import/gnu/arm/5.4.1/bin/../lib/gcc/arm-none-eabi/5.4.1/../../../../arm-none-eabi/lib/armv7-m\libnosys.a
END GROUP
                0x00000000                CY_APPL_ORIGIN = 0x0
                0x00000100                CY_FLASH_ROW_SIZE = 0x100
                0x00000020                CY_ECC_ROW_SIZE = 0x20
                0x00000000                CY_EE_IN_BTLDR = 0x0
                0x00000000                CY_APPL_LOADABLE = 0x0
                0x00000800                CY_EE_SIZE = 0x800
                0x00000001                CY_APPL_NUM = 0x1
                0x00000001                CY_APPL_MAX = 0x1
                0x00000040                CY_METADATA_SIZE = 0x40
                0x00000000                CY_APPL_LOADABLE = 0x0
                0x00000000                CY_CHECKSUM_EXCLUDE_SIZE = ALIGN (0x0, CY_FLASH_ROW_SIZE)
                [!provide]                PROVIDE (__cy_heap_start, _end)
                0x00000001                PROVIDE (__cy_region_num, ((__cy_regions_end - __cy_regions) / 0x10))
                0x20008000                PROVIDE (__cy_stack, (ORIGIN (ram) + LENGTH (ram)))
                [!provide]                PROVIDE (__cy_heap_end, (__cy_stack - 0x1000))

.cybootloader   0x00000000        0x0
 *(.cybootloader)
                0x00000000                appl1_start = CY_APPL_ORIGIN?CY_APPL_ORIGIN:ALIGN (CY_FLASH_ROW_SIZE)
                0x0001ff00                appl2_start = (appl1_start + ALIGN ((((LENGTH (rom) - appl1_start) - (0x2 * CY_FLASH_ROW_SIZE)) / 0x2), CY_FLASH_ROW_SIZE))
                0x00000000                appl_start = (CY_APPL_NUM == 0x1)?appl1_start:appl2_start
                0x00000000                ecc_offset = ((appl_start / CY_FLASH_ROW_SIZE) * CY_ECC_ROW_SIZE)
                0x00000000                ee_offset = (CY_APPL_LOADABLE && ! (CY_EE_IN_BTLDR))?((CY_EE_SIZE / CY_APPL_MAX) * (CY_APPL_NUM - 0x1)):0x0
                0x00000800                ee_size = (CY_APPL_LOADABLE && ! (CY_EE_IN_BTLDR))?(CY_EE_SIZE / CY_APPL_MAX):CY_EE_SIZE
                [!provide]                PROVIDE (CY_ECC_OFFSET, ecc_offset)

.text           0x00000000    0x14448
 CREATE_OBJECT_SYMBOLS
                0x00000000                PROVIDE (__cy_interrupt_vector, RomVectors)
 *(.romvectors)
 .romvectors    0x00000000       0x10 .\CortexM3\ARM_GCC_541\Debug\Cm3Start.o
                0x00000000                RomVectors
                0x00000001                ASSERT ((. != __cy_interrupt_vector), No interrupt vector)
                0x00000001                ASSERT (CY_APPL_ORIGIN?(SIZEOF (.cybootloader) <= CY_APPL_ORIGIN):0x1, Wrong image location)
                0x00000010                PROVIDE (__cy_reset, Reset)
 *(.text.Reset)
 .text.Reset    0x00000010       0x18 .\CortexM3\ARM_GCC_541\Debug\Cm3Start.o
                0x00000010                Reset
                0x00000001                ASSERT ((. != __cy_reset), No reset code)
 *(.dma_init)
                0x00000001                ASSERT ((((appl_start + .) <= 0x10000) || 0x1), DMA Init must be within the first 64k of flash)
 *(.text .text.* .gnu.linkonce.t.*)
 .text          0x00000028       0x5c c:/program files (x86)/cypress/psoc creator/4.3/psoc creator/import/gnu/arm/5.4.1/bin/../lib/gcc/arm-none-eabi/5.4.1/armv7-m/crtbegin.o
 .text.uart_clear
                0x00000084       0x28 .\CortexM3\ARM_GCC_541\Debug\level_sensor.o
                0x00000084                uart_clear
 .text.Level_Sensor_ISR
                0x000000ac       0x70 .\CortexM3\ARM_GCC_541\Debug\level_sensor.o
                0x000000ac                Level_Sensor_ISR
 .text.level_sensor_take_reading
                0x0000011c      0x11c .\CortexM3\ARM_GCC_541\Debug\level_sensor.o
                0x0000011c                level_sensor_take_reading
 .text.level_sensor_test
                0x00000238       0xcc .\CortexM3\ARM_GCC_541\Debug\level_sensor.o
                0x00000238                level_sensor_test
 .text.find_median
                0x00000304       0x90 .\CortexM3\ARM_GCC_541\Debug\level_sensor.o
                0x00000304                find_median
 .text.sort     0x00000394       0x98 .\CortexM3\ARM_GCC_541\Debug\level_sensor.o
                0x00000394                sort
 .text.swap     0x0000042c       0x2c .\CortexM3\ARM_GCC_541\Debug\level_sensor.o
                0x0000042c                swap
 .text.SD_rmfile
                0x00000458       0x2c .\CortexM3\ARM_GCC_541\Debug\sd_card.o
                0x00000458                SD_rmfile
 .text.SD_write
                0x00000484       0x6c .\CortexM3\ARM_GCC_541\Debug\sd_card.o
                0x00000484                SD_write
 .text.SD_read  0x000004f0       0x68 .\CortexM3\ARM_GCC_541\Debug\sd_card.o
                0x000004f0                SD_read
 .text.SD_power_up
                0x00000558       0x18 .\CortexM3\ARM_GCC_541\Debug\sd_card.o
                0x00000558                SD_power_up
 .text.SD_power_down
                0x00000570       0x30 .\CortexM3\ARM_GCC_541\Debug\sd_card.o
                0x00000570                SD_power_down
 .text.SD_card_test
                0x000005a0      0x120 .\CortexM3\ARM_GCC_541\Debug\sd_card.o
                0x000005a0                SD_card_test
 .text.debug_start
                0x000006c0        0xc .\CortexM3\ARM_GCC_541\Debug\debug.o
                0x000006c0                debug_start
 .text.debug_sleep
                0x000006cc       0x20 .\CortexM3\ARM_GCC_541\Debug\debug.o
                0x000006cc                debug_sleep
 .text.debug_wakeup
                0x000006ec        0xc .\CortexM3\ARM_GCC_541\Debug\debug.o
                0x000006ec                debug_wakeup
 .text.printNotif
                0x000006f8       0xb4 .\CortexM3\ARM_GCC_541\Debug\debug.o
                0x000006f8                printNotif
 .text.printTestStatus
                0x000007ac       0x78 .\CortexM3\ARM_GCC_541\Debug\debug.o
                0x000007ac                printTestStatus
 .text.getTimeStamp
                0x00000824       0x58 .\CortexM3\ARM_GCC_541\Debug\debug.o
                0x00000824                getTimeStamp
 .text.printd   0x0000087c       0x3c .\CortexM3\ARM_GCC_541\Debug\debug.o
                0x0000087c                printd
 .text.voltage_take_readings
                0x000008b8      0x12c .\CortexM3\ARM_GCC_541\Debug\voltages.o
                0x000008b8                voltage_take_readings
 .text.sort32   0x000009e4       0x74 .\CortexM3\ARM_GCC_541\Debug\voltages.o
                0x000009e4                sort32
 .text.swap32   0x00000a58       0x28 .\CortexM3\ARM_GCC_541\Debug\voltages.o
                0x00000a58                swap32
 .text.find_median32
                0x00000a80       0x84 .\CortexM3\ARM_GCC_541\Debug\voltages.o
                0x00000a80                find_median32
 .text.voltages_test
                0x00000b04       0xbc .\CortexM3\ARM_GCC_541\Debug\voltages.o
                0x00000b04                voltages_test
 .text.isr_telit_rx
                0x00000bc0       0x3c .\CortexM3\ARM_GCC_541\Debug\modem.o
                0x00000bc0                isr_telit_rx
 .text.modem_intilize
                0x00000bfc       0x54 .\CortexM3\ARM_GCC_541\Debug\modem.o
                0x00000bfc                modem_intilize
 .text.pins_configure_inactive
                0x00000c50       0x34 .\CortexM3\ARM_GCC_541\Debug\modem.o
                0x00000c50                pins_configure_inactive
 .text.pins_configure_active
                0x00000c84       0x20 .\CortexM3\ARM_GCC_541\Debug\modem.o
                0x00000c84                pins_configure_active
 .text.modem_power_down
                0x00000ca4       0x40 .\CortexM3\ARM_GCC_541\Debug\modem.o
                0x00000ca4                modem_power_down
 .text.modem_power_up
                0x00000ce4       0xdc .\CortexM3\ARM_GCC_541\Debug\modem.o
                0x00000ce4                modem_power_up
 .text.modem_soft_power_cycle
                0x00000dc0       0x1c .\CortexM3\ARM_GCC_541\Debug\modem.o
                0x00000dc0                modem_soft_power_cycle
 .text.uart_string_reset
                0x00000ddc       0x28 .\CortexM3\ARM_GCC_541\Debug\modem.o
                0x00000ddc                uart_string_reset
 .text.at_write_command
                0x00000e04       0xc8 .\CortexM3\ARM_GCC_541\Debug\modem.o
                0x00000e04                at_write_command
 .text.extract_string
                0x00000ecc       0x78 .\CortexM3\ARM_GCC_541\Debug\modem.o
                0x00000ecc                extract_string
 .text.modem_process_tasks
                0x00000f44      0x108 .\CortexM3\ARM_GCC_541\Debug\modem.o
                0x00000f44                modem_process_tasks
 .text.is_connected_to_cell_network
                0x0000104c       0xa0 .\CortexM3\ARM_GCC_541\Debug\modem.o
                0x0000104c                is_connected_to_cell_network
 .text.set_up_internet_connection
                0x000010ec       0x1c .\CortexM3\ARM_GCC_541\Debug\modem.o
                0x000010ec                set_up_internet_connection
 .text.is_connected_to_internet
                0x00001108       0x28 .\CortexM3\ARM_GCC_541\Debug\modem.o
                0x00001108                is_connected_to_internet
 .text.get_cell_network_stats
                0x00001130       0xb4 .\CortexM3\ARM_GCC_541\Debug\modem.o
                0x00001130                get_cell_network_stats
 .text.modem_configure_settings
                0x000011e4      0x138 .\CortexM3\ARM_GCC_541\Debug\modem.o
                0x000011e4                modem_configure_settings
 .text.modem_get_network_time
                0x0000131c      0x144 .\CortexM3\ARM_GCC_541\Debug\modem.o
                0x0000131c                modem_get_network_time
 .text.modem_get_state
                0x00001460       0x14 .\CortexM3\ARM_GCC_541\Debug\modem.o
                0x00001460                modem_get_state
 .text.modem_sleep
                0x00001474       0x1c .\CortexM3\ARM_GCC_541\Debug\modem.o
                0x00001474                modem_sleep
 .text.modem_wakeup
                0x00001490       0x2c .\CortexM3\ARM_GCC_541\Debug\modem.o
                0x00001490                modem_wakeup
 .text.pushData
                0x000014bc       0x9c .\CortexM3\ARM_GCC_541\Debug\data.o
                0x000014bc                pushData
 .text.Clear_Data_Stack
                0x00001558       0x60 .\CortexM3\ARM_GCC_541\Debug\data.o
                0x00001558                Clear_Data_Stack
 .text.sizeOfDataStack
                0x000015b8       0x14 .\CortexM3\ARM_GCC_541\Debug\data.o
                0x000015b8                sizeOfDataStack
 .text.construct_generic_HTTP_request
                0x000015cc       0xf8 .\CortexM3\ARM_GCC_541\Debug\data.o
                0x000015cc                construct_generic_HTTP_request
 .text.construct_influx_write_body
                0x000016c4       0x88 .\CortexM3\ARM_GCC_541\Debug\influx.o
                0x000016c4                construct_influx_write_body
 .text.construct_influx_route
                0x0000174c       0x3c .\CortexM3\ARM_GCC_541\Debug\influx.o
                0x0000174c                construct_influx_route
 .text.influx_test
                0x00001788      0x134 .\CortexM3\ARM_GCC_541\Debug\influx.o
                0x00001788                influx_test
 .text.Wakeup_ISR
                0x000018bc        0xc .\CortexM3\ARM_GCC_541\Debug\notoriOS.o
                0x000018bc                Wakeup_ISR
 .text.ReadyOrNot
                0x000018c8      0x140 .\CortexM3\ARM_GCC_541\Debug\notoriOS.o
                0x000018c8                ReadyOrNot
 .text.WorkWorkWorkWorkWorkWork
                0x00001a08       0x64 .\CortexM3\ARM_GCC_541\Debug\notoriOS.o
                0x00001a08                WorkWorkWorkWorkWorkWork
 .text.LayBack  0x00001a6c       0x2c .\CortexM3\ARM_GCC_541\Debug\notoriOS.o
                0x00001a6c                LayBack
 .text.AyoItsTime
                0x00001a98       0x50 .\CortexM3\ARM_GCC_541\Debug\notoriOS.o
                0x00001a98                AyoItsTime
 .text.AlarmReady
                0x00001ae8       0x48 .\CortexM3\ARM_GCC_541\Debug\notoriOS.o
                0x00001ae8                AlarmReady
 .text.ResetAlarm
                0x00001b30       0x20 .\CortexM3\ARM_GCC_541\Debug\notoriOS.o
                0x00001b30                ResetAlarm
 .text.CreateAlarm
                0x00001b50       0x48 .\CortexM3\ARM_GCC_541\Debug\notoriOS.o
                0x00001b50                CreateAlarm
 .text.ChickityCheckYourselfBeforeYouWreckYourself
                0x00001b98       0xa8 .\CortexM3\ARM_GCC_541\Debug\notoriOS.o
                0x00001b98                ChickityCheckYourselfBeforeYouWreckYourself
 .text.main     0x00001c40       0x20 .\CortexM3\ARM_GCC_541\Debug\notoriOS.o
                0x00001c40                main
 .text.syncData
                0x00001c60      0x254 .\CortexM3\ARM_GCC_541\Debug\notoriOS.o
                0x00001c60                syncData
 .text.configureRemoteParams
                0x00001eb4       0x44 .\CortexM3\ARM_GCC_541\Debug\notoriOS.o
                0x00001eb4                configureRemoteParams
 .text.makeMeasurements
                0x00001ef8       0xc8 .\CortexM3\ARM_GCC_541\Debug\notoriOS.o
                0x00001ef8                makeMeasurements
 .text.setTime  0x00001fc0       0x74 .\CortexM3\ARM_GCC_541\Debug\notoriOS.o
                0x00001fc0                setTime
 .text.CYMEMZERO
                0x00002034       0x1c .\CortexM3\ARM_GCC_541\Debug\cyfitter_cfg.o
 .text.CYCONFIGCPY
                0x00002050       0x20 .\CortexM3\ARM_GCC_541\Debug\cyfitter_cfg.o
 .text.CyClockStartupError
                0x00002070        0xc .\CortexM3\ARM_GCC_541\Debug\cyfitter_cfg.o
 .text.cfg_write_bytes32
                0x0000207c       0x74 .\CortexM3\ARM_GCC_541\Debug\cyfitter_cfg.o
 .text.ClockSetup
                0x000020f0      0x1f8 .\CortexM3\ARM_GCC_541\Debug\cyfitter_cfg.o
 .text.AnalogSetDefault
                0x000022e8       0x60 .\CortexM3\ARM_GCC_541\Debug\cyfitter_cfg.o
 .text.AMux_Set
                0x00002348       0x6c .\CortexM3\ARM_GCC_541\Debug\cyfitter_cfg.o
                0x00002348                AMux_Set
 .text.AMux_Unset
                0x000023b4       0x74 .\CortexM3\ARM_GCC_541\Debug\cyfitter_cfg.o
                0x000023b4                AMux_Unset
 .text.ADC_AMux_Set
                0x00002428       0x40 .\CortexM3\ARM_GCC_541\Debug\cyfitter_cfg.o
                0x00002428                ADC_AMux_Set
 .text.ADC_AMux_Unset
                0x00002468       0x44 .\CortexM3\ARM_GCC_541\Debug\cyfitter_cfg.o
                0x00002468                ADC_AMux_Unset
 .text.cyfitter_cfg
                0x000024ac      0x1a4 .\CortexM3\ARM_GCC_541\Debug\cyfitter_cfg.o
                0x000024ac                cyfitter_cfg
 .text.IntDefaultHandler
                0x00002650       0x14 .\CortexM3\ARM_GCC_541\Debug\Cm3Start.o
                0x00002650                IntDefaultHandler
 .text._sbrk    0x00002664       0x54 .\CortexM3\ARM_GCC_541\Debug\Cm3Start.o
                0x00002664                _sbrk
 .text.Start_c  0x000026b8       0x98 .\CortexM3\ARM_GCC_541\Debug\Cm3Start.o
                0x000026b8                Start_c
 .text.initialize_psoc
                0x00002750       0x90 .\CortexM3\ARM_GCC_541\Debug\Cm3Start.o
                0x00002750                initialize_psoc
 .text.CyPLL_OUT_Start
                0x000027e0       0xb0 .\CortexM3\ARM_GCC_541\Debug\notoriOS.a(CyLib.o)
                0x000027e0                CyPLL_OUT_Start
 .text.CyPLL_OUT_Stop
                0x00002890       0x20 .\CortexM3\ARM_GCC_541\Debug\notoriOS.a(CyLib.o)
                0x00002890                CyPLL_OUT_Stop
 .text.CyIMO_Start
                0x000028b0       0x94 .\CortexM3\ARM_GCC_541\Debug\notoriOS.a(CyLib.o)
                0x000028b0                CyIMO_Start
 .text.CyIMO_Stop
                0x00002944       0x34 .\CortexM3\ARM_GCC_541\Debug\notoriOS.a(CyLib.o)
                0x00002944                CyIMO_Stop
 .text.CyUSB_PowerOnCheck
                0x00002978       0x60 .\CortexM3\ARM_GCC_541\Debug\notoriOS.a(CyLib.o)
 .text.CyIMO_SetTrimValue
                0x000029d8      0x108 .\CortexM3\ARM_GCC_541\Debug\notoriOS.a(CyLib.o)
 .text.CyIMO_SetFreq
                0x00002ae0      0x1b0 .\CortexM3\ARM_GCC_541\Debug\notoriOS.a(CyLib.o)
                0x00002ae0                CyIMO_SetFreq
 .text.CyIMO_SetSource
                0x00002c90       0x8c .\CortexM3\ARM_GCC_541\Debug\notoriOS.a(CyLib.o)
                0x00002c90                CyIMO_SetSource
 .text.CyIMO_EnableDoubler
                0x00002d1c       0x20 .\CortexM3\ARM_GCC_541\Debug\notoriOS.a(CyLib.o)
                0x00002d1c                CyIMO_EnableDoubler
 .text.CyIMO_DisableDoubler
                0x00002d3c       0x20 .\CortexM3\ARM_GCC_541\Debug\notoriOS.a(CyLib.o)
                0x00002d3c                CyIMO_DisableDoubler
 .text.CyMasterClk_SetSource
                0x00002d5c       0x34 .\CortexM3\ARM_GCC_541\Debug\notoriOS.a(CyLib.o)
                0x00002d5c                CyMasterClk_SetSource
 .text.CyMasterClk_SetDivider
                0x00002d90       0x20 .\CortexM3\ARM_GCC_541\Debug\notoriOS.a(CyLib.o)
                0x00002d90                CyMasterClk_SetDivider
 .text.CyBusClk_Internal_SetDivider
                0x00002db0       0x78 .\CortexM3\ARM_GCC_541\Debug\notoriOS.a(CyLib.o)
 .text.CyBusClk_SetDivider
                0x00002e28       0xb4 .\CortexM3\ARM_GCC_541\Debug\notoriOS.a(CyLib.o)
                0x00002e28                CyBusClk_SetDivider
 .text.CyILO_Start100K
                0x00002edc       0x20 .\CortexM3\ARM_GCC_541\Debug\notoriOS.a(CyLib.o)
                0x00002edc                CyILO_Start100K
 .text.CyILO_Stop100K
                0x00002efc       0x20 .\CortexM3\ARM_GCC_541\Debug\notoriOS.a(CyLib.o)
                0x00002efc                CyILO_Stop100K
 .text.CyXTAL_Start
                0x00002f1c       0xd0 .\CortexM3\ARM_GCC_541\Debug\notoriOS.a(CyLib.o)
                0x00002f1c                CyXTAL_Start
 .text.CyXTAL_Stop
                0x00002fec       0x20 .\CortexM3\ARM_GCC_541\Debug\notoriOS.a(CyLib.o)
                0x00002fec                CyXTAL_Stop
 .text.CyHalt   0x0000300c       0x18 .\CortexM3\ARM_GCC_541\Debug\notoriOS.a(CyLib.o)
                0x0000300c                CyHalt
 .text.CyDelay  0x00003024       0x44 .\CortexM3\ARM_GCC_541\Debug\notoriOS.a(CyLib.o)
                0x00003024                CyDelay
 .text.CyDelayUs
                0x00003068       0x28 .\CortexM3\ARM_GCC_541\Debug\notoriOS.a(CyLib.o)
                0x00003068                CyDelayUs
 .text.CyIntSetVector
                0x00003090       0x50 .\CortexM3\ARM_GCC_541\Debug\notoriOS.a(CyLib.o)
                0x00003090                CyIntSetVector
 .text.CyIntSetPriority
                0x000030e0       0x48 .\CortexM3\ARM_GCC_541\Debug\notoriOS.a(CyLib.o)
                0x000030e0                CyIntSetPriority
 .text.CyGetUniqueId
                0x00003128       0xc4 .\CortexM3\ARM_GCC_541\Debug\notoriOS.a(CyLib.o)
                0x00003128                CyGetUniqueId
 .text.CyPmSaveClocks
                0x000031ec      0x288 .\CortexM3\ARM_GCC_541\Debug\notoriOS.a(cyPm.o)
                0x000031ec                CyPmSaveClocks
 .text.CyPmRestoreClocks
                0x00003474      0x2f0 .\CortexM3\ARM_GCC_541\Debug\notoriOS.a(cyPm.o)
                0x00003474                CyPmRestoreClocks
 .text.CyPmSleep
                0x00003764      0x170 .\CortexM3\ARM_GCC_541\Debug\notoriOS.a(cyPm.o)
                0x00003764                CyPmSleep
 .text.CyPmReadStatus
                0x000038d4       0x5c .\CortexM3\ARM_GCC_541\Debug\notoriOS.a(cyPm.o)
                0x000038d4                CyPmReadStatus
 .text.CyPmFtwSetInterval
                0x00003930       0x94 .\CortexM3\ARM_GCC_541\Debug\notoriOS.a(cyPm.o)
                0x00003930                CyPmFtwSetInterval
 .text.CyPmHibSlpSaveSet
                0x000039c4      0x280 .\CortexM3\ARM_GCC_541\Debug\notoriOS.a(cyPm.o)
 .text.CyPmHibSlpRestore
                0x00003c44      0x18c .\CortexM3\ARM_GCC_541\Debug\notoriOS.a(cyPm.o)
 .text.isr_SleepTimer_StartEx
                0x00003dd0       0x24 .\CortexM3\ARM_GCC_541\Debug\notoriOS.a(isr_SleepTimer.o)
                0x00003dd0                isr_SleepTimer_StartEx
 .text.isr_SleepTimer_SetVector
                0x00003df4       0x24 .\CortexM3\ARM_GCC_541\Debug\notoriOS.a(isr_SleepTimer.o)
                0x00003df4                isr_SleepTimer_SetVector
 .text.isr_SleepTimer_SetPriority
                0x00003e18       0x24 .\CortexM3\ARM_GCC_541\Debug\notoriOS.a(isr_SleepTimer.o)
                0x00003e18                isr_SleepTimer_SetPriority
 .text.isr_SleepTimer_Enable
                0x00003e3c       0x18 .\CortexM3\ARM_GCC_541\Debug\notoriOS.a(isr_SleepTimer.o)
                0x00003e3c                isr_SleepTimer_Enable
 .text.isr_SleepTimer_Disable
                0x00003e54       0x18 .\CortexM3\ARM_GCC_541\Debug\notoriOS.a(isr_SleepTimer.o)
                0x00003e54                isr_SleepTimer_Disable
 .text.SleepTimer_Start
                0x00003e6c       0x24 .\CortexM3\ARM_GCC_541\Debug\notoriOS.a(SleepTimer.o)
                0x00003e6c                SleepTimer_Start
 .text.SleepTimer_Init
                0x00003e90       0x14 .\CortexM3\ARM_GCC_541\Debug\notoriOS.a(SleepTimer.o)
                0x00003e90                SleepTimer_Init
 .text.SleepTimer_Enable
                0x00003ea4       0x78 .\CortexM3\ARM_GCC_541\Debug\notoriOS.a(SleepTimer.o)
                0x00003ea4                SleepTimer_Enable
 .text.SleepTimer_EnableInt
                0x00003f1c       0x34 .\CortexM3\ARM_GCC_541\Debug\notoriOS.a(SleepTimer.o)
                0x00003f1c                SleepTimer_EnableInt
 .text.SleepTimer_SetInterval
                0x00003f50       0x48 .\CortexM3\ARM_GCC_541\Debug\notoriOS.a(SleepTimer.o)
                0x00003f50                SleepTimer_SetInterval
 .text.SleepTimer_GetStatus
                0x00003f98       0x10 .\CortexM3\ARM_GCC_541\Debug\notoriOS.a(SleepTimer.o)
                0x00003f98                SleepTimer_GetStatus
 .text.LED_Write
                0x00003fa8       0x38 .\CortexM3\ARM_GCC_541\Debug\notoriOS.a(LED.o)
                0x00003fa8                LED_Write
 .text.RTC_Start
                0x00003fe0       0x24 .\CortexM3\ARM_GCC_541\Debug\notoriOS.a(RTC.o)
                0x00003fe0                RTC_Start
 .text.RTC_EnableInt
                0x00004004       0x18 .\CortexM3\ARM_GCC_541\Debug\notoriOS.a(RTC.o)
                0x00004004                RTC_EnableInt
 .text.RTC_DisableInt
                0x0000401c       0x18 .\CortexM3\ARM_GCC_541\Debug\notoriOS.a(RTC.o)
                0x0000401c                RTC_DisableInt
 .text.RTC_Init
                0x00004034       0x2c .\CortexM3\ARM_GCC_541\Debug\notoriOS.a(RTC.o)
                0x00004034                RTC_Init
 .text.RTC_Enable
                0x00004060       0x3c .\CortexM3\ARM_GCC_541\Debug\notoriOS.a(RTC.o)
                0x00004060                RTC_Enable
 .text.RTC_ReadTime
                0x0000409c       0x14 .\CortexM3\ARM_GCC_541\Debug\notoriOS.a(RTC.o)
                0x0000409c                RTC_ReadTime
 .text.RTC_WriteTime
                0x000040b0       0x58 .\CortexM3\ARM_GCC_541\Debug\notoriOS.a(RTC.o)
                0x000040b0                RTC_WriteTime
 .text.RTC_WriteIntervalMask
                0x00004108       0x20 .\CortexM3\ARM_GCC_541\Debug\notoriOS.a(RTC.o)
                0x00004108                RTC_WriteIntervalMask
 .text.RTC_DayOfWeek
                0x00004128       0x84 .\CortexM3\ARM_GCC_541\Debug\notoriOS.a(RTC.o)
 .text.RTC_SetInitValues
                0x000041ac      0x3c4 .\CortexM3\ARM_GCC_541\Debug\notoriOS.a(RTC.o)
 .text.RTC_EverySecondHandler
                0x00004570       0x10 .\CortexM3\ARM_GCC_541\Debug\notoriOS.a(RTC_INT.o)
 .text.RTC_EveryMinuteHandler
                0x00004580       0x10 .\CortexM3\ARM_GCC_541\Debug\notoriOS.a(RTC_INT.o)
 .text.RTC_EveryHourHandler
                0x00004590       0x10 .\CortexM3\ARM_GCC_541\Debug\notoriOS.a(RTC_INT.o)
 .text.RTC_EveryDayHandler
                0x000045a0       0x10 .\CortexM3\ARM_GCC_541\Debug\notoriOS.a(RTC_INT.o)
 .text.RTC_EveryWeekHandler
                0x000045b0       0x10 .\CortexM3\ARM_GCC_541\Debug\notoriOS.a(RTC_INT.o)
 .text.RTC_EveryMonthHandler
                0x000045c0       0x10 .\CortexM3\ARM_GCC_541\Debug\notoriOS.a(RTC_INT.o)
 .text.RTC_EveryYearHandler
                0x000045d0       0x10 .\CortexM3\ARM_GCC_541\Debug\notoriOS.a(RTC_INT.o)
 .text.RTC_ISR  0x000045e0      0x618 .\CortexM3\ARM_GCC_541\Debug\notoriOS.a(RTC_INT.o)
                0x000045e0                RTC_ISR
 .text.Level_Sensor_UART_Start
                0x00004bf8       0x24 .\CortexM3\ARM_GCC_541\Debug\notoriOS.a(Level_Sensor_UART.o)
                0x00004bf8                Level_Sensor_UART_Start
 .text.Level_Sensor_UART_Init
                0x00004c1c       0x20 .\CortexM3\ARM_GCC_541\Debug\notoriOS.a(Level_Sensor_UART.o)
                0x00004c1c                Level_Sensor_UART_Init
 .text.Level_Sensor_UART_Enable
                0x00004c3c       0x48 .\CortexM3\ARM_GCC_541\Debug\notoriOS.a(Level_Sensor_UART.o)
                0x00004c3c                Level_Sensor_UART_Enable
 .text.Level_Sensor_UART_Stop
                0x00004c84       0x48 .\CortexM3\ARM_GCC_541\Debug\notoriOS.a(Level_Sensor_UART.o)
                0x00004c84                Level_Sensor_UART_Stop
 .text.Level_Sensor_UART_GetChar
                0x00004ccc       0x44 .\CortexM3\ARM_GCC_541\Debug\notoriOS.a(Level_Sensor_UART.o)
                0x00004ccc                Level_Sensor_UART_GetChar
 .text.Level_Sensor_UART_ClearRxBuffer
                0x00004d10       0x44 .\CortexM3\ARM_GCC_541\Debug\notoriOS.a(Level_Sensor_UART.o)
                0x00004d10                Level_Sensor_UART_ClearRxBuffer
 .text.Level_Sensor_ISR_StartEx
                0x00004d54       0x24 .\CortexM3\ARM_GCC_541\Debug\notoriOS.a(Level_Sensor_ISR.o)
                0x00004d54                Level_Sensor_ISR_StartEx
 .text.Level_Sensor_ISR_Stop
                0x00004d78       0x18 .\CortexM3\ARM_GCC_541\Debug\notoriOS.a(Level_Sensor_ISR.o)
                0x00004d78                Level_Sensor_ISR_Stop
 .text.Level_Sensor_ISR_SetVector
                0x00004d90       0x24 .\CortexM3\ARM_GCC_541\Debug\notoriOS.a(Level_Sensor_ISR.o)
                0x00004d90                Level_Sensor_ISR_SetVector
 .text.Level_Sensor_ISR_SetPriority
                0x00004db4       0x24 .\CortexM3\ARM_GCC_541\Debug\notoriOS.a(Level_Sensor_ISR.o)
                0x00004db4                Level_Sensor_ISR_SetPriority
 .text.Level_Sensor_ISR_Enable
                0x00004dd8       0x18 .\CortexM3\ARM_GCC_541\Debug\notoriOS.a(Level_Sensor_ISR.o)
                0x00004dd8                Level_Sensor_ISR_Enable
 .text.Level_Sensor_ISR_Disable
                0x00004df0       0x18 .\CortexM3\ARM_GCC_541\Debug\notoriOS.a(Level_Sensor_ISR.o)
                0x00004df0                Level_Sensor_ISR_Disable
 .text.Level_Sensor_Power_Write
                0x00004e08       0x3c .\CortexM3\ARM_GCC_541\Debug\notoriOS.a(Level_Sensor_Power.o)
                0x00004e08                Level_Sensor_Power_Write
 .text.emFile_Sleep
                0x00004e44        0xc .\CortexM3\ARM_GCC_541\Debug\notoriOS.a(emFile_PM.o)
                0x00004e44                emFile_Sleep
 .text.emFile_Wakeup
                0x00004e50        0xc .\CortexM3\ARM_GCC_541\Debug\notoriOS.a(emFile_PM.o)
                0x00004e50                emFile_Wakeup
 .text.SD_Card_Power_Write
                0x00004e5c       0x3c .\CortexM3\ARM_GCC_541\Debug\notoriOS.a(SD_Card_Power.o)
                0x00004e5c                SD_Card_Power_Write
 .text.emFile_SPI0_SaveConfig
                0x00004e98        0xc .\CortexM3\ARM_GCC_541\Debug\notoriOS.a(emFile_SPI0_PM.o)
                0x00004e98                emFile_SPI0_SaveConfig
 .text.emFile_SPI0_RestoreConfig
                0x00004ea4        0xc .\CortexM3\ARM_GCC_541\Debug\notoriOS.a(emFile_SPI0_PM.o)
                0x00004ea4                emFile_SPI0_RestoreConfig
 .text.emFile_SPI0_Sleep
                0x00004eb0       0x34 .\CortexM3\ARM_GCC_541\Debug\notoriOS.a(emFile_SPI0_PM.o)
                0x00004eb0                emFile_SPI0_Sleep
 .text.emFile_SPI0_Wakeup
                0x00004ee4       0x20 .\CortexM3\ARM_GCC_541\Debug\notoriOS.a(emFile_SPI0_PM.o)
                0x00004ee4                emFile_SPI0_Wakeup
 .text.emFile_mosi0_Write
                0x00004f04       0x3c .\CortexM3\ARM_GCC_541\Debug\notoriOS.a(emFile_mosi0.o)
                0x00004f04                emFile_mosi0_Write
 .text.emFile_miso0_Write
                0x00004f40       0x3c .\CortexM3\ARM_GCC_541\Debug\notoriOS.a(emFile_miso0.o)
                0x00004f40                emFile_miso0_Write
 .text.emFile_sclk0_Write
                0x00004f7c       0x3c .\CortexM3\ARM_GCC_541\Debug\notoriOS.a(emFile_sclk0.o)
                0x00004f7c                emFile_sclk0_Write
 .text.emFile_SPI0_CS_Write
                0x00004fb8       0x3c .\CortexM3\ARM_GCC_541\Debug\notoriOS.a(emFile_SPI0_CS.o)
                0x00004fb8                emFile_SPI0_CS_Write
 .text.ADC_Init
                0x00004ff4      0x158 .\CortexM3\ARM_GCC_541\Debug\notoriOS.a(ADC.o)
                0x00004ff4                ADC_Init
 .text.ADC_Enable
                0x0000514c      0x158 .\CortexM3\ARM_GCC_541\Debug\notoriOS.a(ADC.o)
                0x0000514c                ADC_Enable
 .text.ADC_Start
                0x000052a4       0x30 .\CortexM3\ARM_GCC_541\Debug\notoriOS.a(ADC.o)
                0x000052a4                ADC_Start
 .text.ADC_Stop
                0x000052d4      0x17c .\CortexM3\ARM_GCC_541\Debug\notoriOS.a(ADC.o)
                0x000052d4                ADC_Stop
 .text.ADC_StartConvert
                0x00005450       0x20 .\CortexM3\ARM_GCC_541\Debug\notoriOS.a(ADC.o)
                0x00005450                ADC_StartConvert
 .text.ADC_StopConvert
                0x00005470       0x20 .\CortexM3\ARM_GCC_541\Debug\notoriOS.a(ADC.o)
                0x00005470                ADC_StopConvert
 .text.ADC_IsEndConversion
                0x00005490       0x4c .\CortexM3\ARM_GCC_541\Debug\notoriOS.a(ADC.o)
                0x00005490                ADC_IsEndConversion
 .text.ADC_GetResult32
                0x000054dc       0xa8 .\CortexM3\ARM_GCC_541\Debug\notoriOS.a(ADC.o)
                0x000054dc                ADC_GetResult32
 .text.ADC_CountsTo_Volts
                0x00005584       0x44 .\CortexM3\ARM_GCC_541\Debug\notoriOS.a(ADC.o)
                0x00005584                ADC_CountsTo_Volts
 .text.ADC_InitConfig
                0x000055c8      0x410 .\CortexM3\ARM_GCC_541\Debug\notoriOS.a(ADC.o)
 .text.ADC_GainCompensation
                0x000059d8      0x170 .\CortexM3\ARM_GCC_541\Debug\notoriOS.a(ADC.o)
 .text.ADC_SetDSMRef0Reg
                0x00005b48       0x7c .\CortexM3\ARM_GCC_541\Debug\notoriOS.a(ADC.o)
 .text.ADC_Read32
                0x00005bc4       0x38 .\CortexM3\ARM_GCC_541\Debug\notoriOS.a(ADC.o)
                0x00005bc4                ADC_Read32
 .text.ADC_SaveConfig
                0x00005bfc       0x20 .\CortexM3\ARM_GCC_541\Debug\notoriOS.a(ADC_PM.o)
                0x00005bfc                ADC_SaveConfig
 .text.ADC_RestoreConfig
                0x00005c1c       0x1c .\CortexM3\ARM_GCC_541\Debug\notoriOS.a(ADC_PM.o)
                0x00005c1c                ADC_RestoreConfig
 .text.ADC_ISR1
                0x00005c38        0xc .\CortexM3\ARM_GCC_541\Debug\notoriOS.a(ADC_INT.o)
                0x00005c38                ADC_ISR1
 .text.ADC_ISR2
                0x00005c44        0xc .\CortexM3\ARM_GCC_541\Debug\notoriOS.a(ADC_INT.o)
                0x00005c44                ADC_ISR2
 .text.ADC_ISR3
                0x00005c50        0xc .\CortexM3\ARM_GCC_541\Debug\notoriOS.a(ADC_INT.o)
                0x00005c50                ADC_ISR3
 .text.ADC_ISR4
                0x00005c5c        0xc .\CortexM3\ARM_GCC_541\Debug\notoriOS.a(ADC_INT.o)
                0x00005c5c                ADC_ISR4
 .text.AMux_Start
                0x00005c68       0x34 .\CortexM3\ARM_GCC_541\Debug\notoriOS.a(AMux.o)
                0x00005c68                AMux_Start
 .text.AMux_Select
                0x00005c9c       0x28 .\CortexM3\ARM_GCC_541\Debug\notoriOS.a(AMux.o)
                0x00005c9c                AMux_Select
 .text.Battery_Voltage_Enable_Write
                0x00005cc4       0x3c .\CortexM3\ARM_GCC_541\Debug\notoriOS.a(Battery_Voltage_Enable.o)
                0x00005cc4                Battery_Voltage_Enable_Write
 .text.ADC_AMux_Start
                0x00005d00       0x34 .\CortexM3\ARM_GCC_541\Debug\notoriOS.a(ADC_AMux.o)
                0x00005d00                ADC_AMux_Start
 .text.ADC_AMux_Select
                0x00005d34       0x28 .\CortexM3\ARM_GCC_541\Debug\notoriOS.a(ADC_AMux.o)
                0x00005d34                ADC_AMux_Select
 .text.ADC_Ext_CP_Clk_SetDividerRegister
                0x00005d5c      0x164 .\CortexM3\ARM_GCC_541\Debug\notoriOS.a(ADC_Ext_CP_Clk.o)
                0x00005d5c                ADC_Ext_CP_Clk_SetDividerRegister
 .text.ADC_Ext_CP_Clk_GetDividerRegister
                0x00005ec0       0x18 .\CortexM3\ARM_GCC_541\Debug\notoriOS.a(ADC_Ext_CP_Clk.o)
                0x00005ec0                ADC_Ext_CP_Clk_GetDividerRegister
 .text.ADC_Ext_CP_Clk_SetModeRegister
                0x00005ed8       0x34 .\CortexM3\ARM_GCC_541\Debug\notoriOS.a(ADC_Ext_CP_Clk.o)
                0x00005ed8                ADC_Ext_CP_Clk_SetModeRegister
 .text.ADC_Ext_CP_Clk_GetSourceRegister
                0x00005f0c       0x1c .\CortexM3\ARM_GCC_541\Debug\notoriOS.a(ADC_Ext_CP_Clk.o)
                0x00005f0c                ADC_Ext_CP_Clk_GetSourceRegister
 .text.ADC_theACLK_SetDividerRegister
                0x00005f28      0x164 .\CortexM3\ARM_GCC_541\Debug\notoriOS.a(ADC_theACLK.o)
                0x00005f28                ADC_theACLK_SetDividerRegister
 .text.ADC_theACLK_GetDividerRegister
                0x0000608c       0x18 .\CortexM3\ARM_GCC_541\Debug\notoriOS.a(ADC_theACLK.o)
                0x0000608c                ADC_theACLK_GetDividerRegister
 .text.ADC_theACLK_SetModeRegister
                0x000060a4       0x34 .\CortexM3\ARM_GCC_541\Debug\notoriOS.a(ADC_theACLK.o)
                0x000060a4                ADC_theACLK_SetModeRegister
 .text.ADC_theACLK_GetSourceRegister
                0x000060d8       0x1c .\CortexM3\ARM_GCC_541\Debug\notoriOS.a(ADC_theACLK.o)
                0x000060d8                ADC_theACLK_GetSourceRegister
 .text.Debug_UART_Start
                0x000060f4       0x24 .\CortexM3\ARM_GCC_541\Debug\notoriOS.a(Debug_UART.o)
                0x000060f4                Debug_UART_Start
 .text.Debug_UART_Init
                0x00006118       0x2c .\CortexM3\ARM_GCC_541\Debug\notoriOS.a(Debug_UART.o)
                0x00006118                Debug_UART_Init
 .text.Debug_UART_Enable
                0x00006144       0x38 .\CortexM3\ARM_GCC_541\Debug\notoriOS.a(Debug_UART.o)
                0x00006144                Debug_UART_Enable
 .text.Debug_UART_Stop
                0x0000617c       0x38 .\CortexM3\ARM_GCC_541\Debug\notoriOS.a(Debug_UART.o)
                0x0000617c                Debug_UART_Stop
 .text.Debug_UART_ReadTxStatus
                0x000061b4       0x18 .\CortexM3\ARM_GCC_541\Debug\notoriOS.a(Debug_UART.o)
                0x000061b4                Debug_UART_ReadTxStatus
 .text.Debug_UART_PutChar
                0x000061cc       0x34 .\CortexM3\ARM_GCC_541\Debug\notoriOS.a(Debug_UART.o)
                0x000061cc                Debug_UART_PutChar
 .text.Debug_UART_PutString
                0x00006200       0x44 .\CortexM3\ARM_GCC_541\Debug\notoriOS.a(Debug_UART.o)
                0x00006200                Debug_UART_PutString
 .text.Debug_UART_ClearTxBuffer
                0x00006244       0x44 .\CortexM3\ARM_GCC_541\Debug\notoriOS.a(Debug_UART.o)
                0x00006244                Debug_UART_ClearTxBuffer
 .text.Debug_UART_SaveConfig
                0x00006288        0xc .\CortexM3\ARM_GCC_541\Debug\notoriOS.a(Debug_UART_PM.o)
                0x00006288                Debug_UART_SaveConfig
 .text.Debug_UART_RestoreConfig
                0x00006294        0xc .\CortexM3\ARM_GCC_541\Debug\notoriOS.a(Debug_UART_PM.o)
                0x00006294                Debug_UART_RestoreConfig
 .text.Debug_UART_Sleep
                0x000062a0       0x34 .\CortexM3\ARM_GCC_541\Debug\notoriOS.a(Debug_UART_PM.o)
                0x000062a0                Debug_UART_Sleep
 .text.Debug_UART_Wakeup
                0x000062d4       0x20 .\CortexM3\ARM_GCC_541\Debug\notoriOS.a(Debug_UART_PM.o)
                0x000062d4                Debug_UART_Wakeup
 .text.Debug_UART_IntClock_Start
                0x000062f4       0x34 .\CortexM3\ARM_GCC_541\Debug\notoriOS.a(Debug_UART_IntClock.o)
                0x000062f4                Debug_UART_IntClock_Start
 .text.Debug_UART_IntClock_Stop
                0x00006328       0x34 .\CortexM3\ARM_GCC_541\Debug\notoriOS.a(Debug_UART_IntClock.o)
                0x00006328                Debug_UART_IntClock_Stop
 .text.Pin_Telit_ONOFF_Write
                0x0000635c       0x3c .\CortexM3\ARM_GCC_541\Debug\notoriOS.a(Pin_Telit_ONOFF.o)
                0x0000635c                Pin_Telit_ONOFF_Write
 .text.Pin_Telit_pwr_Write
                0x00006398       0x3c .\CortexM3\ARM_GCC_541\Debug\notoriOS.a(Pin_Telit_pwr.o)
                0x00006398                Pin_Telit_pwr_Write
 .text.Pin_Telit_SWRDY_Write
                0x000063d4       0x38 .\CortexM3\ARM_GCC_541\Debug\notoriOS.a(Pin_Telit_SWRDY.o)
                0x000063d4                Pin_Telit_SWRDY_Write
 .text.UART_Telit_Start
                0x0000640c       0x24 .\CortexM3\ARM_GCC_541\Debug\notoriOS.a(UART_Telit.o)
                0x0000640c                UART_Telit_Start
 .text.UART_Telit_Init
                0x00006430       0x40 .\CortexM3\ARM_GCC_541\Debug\notoriOS.a(UART_Telit.o)
                0x00006430                UART_Telit_Init
 .text.UART_Telit_Enable
                0x00006470       0x60 .\CortexM3\ARM_GCC_541\Debug\notoriOS.a(UART_Telit.o)
                0x00006470                UART_Telit_Enable
 .text.UART_Telit_Stop
                0x000064d0       0x60 .\CortexM3\ARM_GCC_541\Debug\notoriOS.a(UART_Telit.o)
                0x000064d0                UART_Telit_Stop
 .text.UART_Telit_GetChar
                0x00006530       0x44 .\CortexM3\ARM_GCC_541\Debug\notoriOS.a(UART_Telit.o)
                0x00006530                UART_Telit_GetChar
 .text.UART_Telit_GetRxBufferSize
                0x00006574       0x2c .\CortexM3\ARM_GCC_541\Debug\notoriOS.a(UART_Telit.o)
                0x00006574                UART_Telit_GetRxBufferSize
 .text.UART_Telit_ClearRxBuffer
                0x000065a0       0x44 .\CortexM3\ARM_GCC_541\Debug\notoriOS.a(UART_Telit.o)
                0x000065a0                UART_Telit_ClearRxBuffer
 .text.UART_Telit_PutChar
                0x000065e4       0x34 .\CortexM3\ARM_GCC_541\Debug\notoriOS.a(UART_Telit.o)
                0x000065e4                UART_Telit_PutChar
 .text.UART_Telit_PutString
                0x00006618       0x44 .\CortexM3\ARM_GCC_541\Debug\notoriOS.a(UART_Telit.o)
                0x00006618                UART_Telit_PutString
 .text.UART_Telit_ClearTxBuffer
                0x0000665c       0x44 .\CortexM3\ARM_GCC_541\Debug\notoriOS.a(UART_Telit.o)
                0x0000665c                UART_Telit_ClearTxBuffer
 .text.UART_Telit_SaveConfig
                0x000066a0        0xc .\CortexM3\ARM_GCC_541\Debug\notoriOS.a(UART_Telit_PM.o)
                0x000066a0                UART_Telit_SaveConfig
 .text.UART_Telit_RestoreConfig
                0x000066ac        0xc .\CortexM3\ARM_GCC_541\Debug\notoriOS.a(UART_Telit_PM.o)
                0x000066ac                UART_Telit_RestoreConfig
 .text.UART_Telit_Sleep
                0x000066b8       0x34 .\CortexM3\ARM_GCC_541\Debug\notoriOS.a(UART_Telit_PM.o)
                0x000066b8                UART_Telit_Sleep
 .text.UART_Telit_Wakeup
                0x000066ec       0x24 .\CortexM3\ARM_GCC_541\Debug\notoriOS.a(UART_Telit_PM.o)
                0x000066ec                UART_Telit_Wakeup
 .text.isr_telit_rx_StartEx
                0x00006710       0x24 .\CortexM3\ARM_GCC_541\Debug\notoriOS.a(isr_telit_rx.o)
                0x00006710                isr_telit_rx_StartEx
 .text.isr_telit_rx_Stop
                0x00006734       0x18 .\CortexM3\ARM_GCC_541\Debug\notoriOS.a(isr_telit_rx.o)
                0x00006734                isr_telit_rx_Stop
 .text.isr_telit_rx_SetVector
                0x0000674c       0x24 .\CortexM3\ARM_GCC_541\Debug\notoriOS.a(isr_telit_rx.o)
                0x0000674c                isr_telit_rx_SetVector
 .text.isr_telit_rx_SetPriority
                0x00006770       0x24 .\CortexM3\ARM_GCC_541\Debug\notoriOS.a(isr_telit_rx.o)
                0x00006770                isr_telit_rx_SetPriority
 .text.isr_telit_rx_Enable
                0x00006794       0x18 .\CortexM3\ARM_GCC_541\Debug\notoriOS.a(isr_telit_rx.o)
                0x00006794                isr_telit_rx_Enable
 .text.isr_telit_rx_Disable
                0x000067ac       0x18 .\CortexM3\ARM_GCC_541\Debug\notoriOS.a(isr_telit_rx.o)
                0x000067ac                isr_telit_rx_Disable
 .text.UART_Telit_IntClock_Start
                0x000067c4       0x34 .\CortexM3\ARM_GCC_541\Debug\notoriOS.a(UART_Telit_IntClock.o)
                0x000067c4                UART_Telit_IntClock_Start
 .text.UART_Telit_IntClock_Stop
                0x000067f8       0x34 .\CortexM3\ARM_GCC_541\Debug\notoriOS.a(UART_Telit_IntClock.o)
                0x000067f8                UART_Telit_IntClock_Stop
 .text.Rx_Telit_Write
                0x0000682c       0x3c .\CortexM3\ARM_GCC_541\Debug\notoriOS.a(Rx_Telit.o)
                0x0000682c                Rx_Telit_Write
 .text.Rx_Telit_SetDriveMode
                0x00006868       0x3c .\CortexM3\ARM_GCC_541\Debug\notoriOS.a(Rx_Telit.o)
                0x00006868                Rx_Telit_SetDriveMode
 .text.Rx_Telit_SetInterruptMode
                0x000068a4       0x30 .\CortexM3\ARM_GCC_541\Debug\notoriOS.a(Rx_Telit.o)
                0x000068a4                Rx_Telit_SetInterruptMode
 .text.Tx_Telit_Write
                0x000068d4       0x34 .\CortexM3\ARM_GCC_541\Debug\notoriOS.a(Tx_Telit.o)
                0x000068d4                Tx_Telit_Write
 .text.Telit_ControlReg_Write
                0x00006908       0x20 .\CortexM3\ARM_GCC_541\Debug\notoriOS.a(Telit_ControlReg.o)
                0x00006908                Telit_ControlReg_Write
 .text.Telit_ControlReg_SaveConfig
                0x00006928       0x20 .\CortexM3\ARM_GCC_541\Debug\notoriOS.a(Telit_ControlReg_PM.o)
                0x00006928                Telit_ControlReg_SaveConfig
 .text.Telit_ControlReg_RestoreConfig
                0x00006948       0x1c .\CortexM3\ARM_GCC_541\Debug\notoriOS.a(Telit_ControlReg_PM.o)
                0x00006948                Telit_ControlReg_RestoreConfig
 .text.Telit_ControlReg_Sleep
                0x00006964        0xc .\CortexM3\ARM_GCC_541\Debug\notoriOS.a(Telit_ControlReg_PM.o)
                0x00006964                Telit_ControlReg_Sleep
 .text.Telit_ControlReg_Wakeup
                0x00006970        0xc .\CortexM3\ARM_GCC_541\Debug\notoriOS.a(Telit_ControlReg_PM.o)
                0x00006970                Telit_ControlReg_Wakeup
 .text.Level_Sensor_RX_Write
                0x0000697c       0x3c .\CortexM3\ARM_GCC_541\Debug\notoriOS.a(Level_Sensor_RX.o)
                0x0000697c                Level_Sensor_RX_Write
 .text.Level_Sensor_RX_SetDriveMode
                0x000069b8       0x3c .\CortexM3\ARM_GCC_541\Debug\notoriOS.a(Level_Sensor_RX.o)
                0x000069b8                Level_Sensor_RX_SetDriveMode
 *fill*         0x000069f4        0x4 
 .text          0x000069f8       0x20 .\CortexM3\ARM_GCC_541\Debug\notoriOS.a(CyBootAsmGnu.o)
                0x000069f8                CyDelayCycles
                0x00006a08                CyEnterCriticalSection
                0x00006a10                CyExitCriticalSection
 .text.CyFlash_SetWaitCycles
                0x00006a18       0xbc .\CortexM3\ARM_GCC_541\Debug\notoriOS.a(CyFlash.o)
                0x00006a18                CyFlash_SetWaitCycles
 .text.emFile_SPI0_Init
                0x00006ad4       0x34 .\CortexM3\ARM_GCC_541\Debug\notoriOS.a(emFile_SPI0.o)
                0x00006ad4                emFile_SPI0_Init
 .text.emFile_SPI0_Enable
                0x00006b08       0x64 .\CortexM3\ARM_GCC_541\Debug\notoriOS.a(emFile_SPI0.o)
                0x00006b08                emFile_SPI0_Enable
 .text.emFile_SPI0_Start
                0x00006b6c       0x24 .\CortexM3\ARM_GCC_541\Debug\notoriOS.a(emFile_SPI0.o)
                0x00006b6c                emFile_SPI0_Start
 .text.emFile_SPI0_Stop
                0x00006b90       0x50 .\CortexM3\ARM_GCC_541\Debug\notoriOS.a(emFile_SPI0.o)
                0x00006b90                emFile_SPI0_Stop
 .text.emFile_SPI0_EnableTxInt
                0x00006be0        0xc .\CortexM3\ARM_GCC_541\Debug\notoriOS.a(emFile_SPI0.o)
                0x00006be0                emFile_SPI0_EnableTxInt
 .text.emFile_SPI0_EnableRxInt
                0x00006bec        0xc .\CortexM3\ARM_GCC_541\Debug\notoriOS.a(emFile_SPI0.o)
                0x00006bec                emFile_SPI0_EnableRxInt
 .text.emFile_SPI0_DisableTxInt
                0x00006bf8        0xc .\CortexM3\ARM_GCC_541\Debug\notoriOS.a(emFile_SPI0.o)
                0x00006bf8                emFile_SPI0_DisableTxInt
 .text.emFile_SPI0_DisableRxInt
                0x00006c04        0xc .\CortexM3\ARM_GCC_541\Debug\notoriOS.a(emFile_SPI0.o)
                0x00006c04                emFile_SPI0_DisableRxInt
 .text.emFile_SPI0_ReadTxStatus
                0x00006c10       0x1c .\CortexM3\ARM_GCC_541\Debug\notoriOS.a(emFile_SPI0.o)
                0x00006c10                emFile_SPI0_ReadTxStatus
 .text.emFile_SPI0_ReadRxStatus
                0x00006c2c       0x1c .\CortexM3\ARM_GCC_541\Debug\notoriOS.a(emFile_SPI0.o)
                0x00006c2c                emFile_SPI0_ReadRxStatus
 .text.emFile_SPI0_WriteTxData
                0x00006c48       0x34 .\CortexM3\ARM_GCC_541\Debug\notoriOS.a(emFile_SPI0.o)
                0x00006c48                emFile_SPI0_WriteTxData
 .text.emFile_SPI0_ReadRxData
                0x00006c7c       0x1c .\CortexM3\ARM_GCC_541\Debug\notoriOS.a(emFile_SPI0.o)
                0x00006c7c                emFile_SPI0_ReadRxData
 .text.emFile_SPI0_ClearFIFO
                0x00006c98       0x60 .\CortexM3\ARM_GCC_541\Debug\notoriOS.a(emFile_SPI0.o)
                0x00006c98                emFile_SPI0_ClearFIFO
 .text.FS__strchr
                0x00006cf8       0x14 ..\emFile_V322c\LinkLibrary\PSoC5\GCC\libemf32nosnlfn.a(FS_Core.o)
                0x00006cf8                FS__strchr
 .text.FS_LoadU32BE
                0x00006d0c       0x18 ..\emFile_V322c\LinkLibrary\PSoC5\GCC\libemf32nosnlfn.a(FS_Core.o)
                0x00006d0c                FS_LoadU32BE
 .text.FS_LoadU32LE
                0x00006d24       0x16 ..\emFile_V322c\LinkLibrary\PSoC5\GCC\libemf32nosnlfn.a(FS_Core.o)
                0x00006d24                FS_LoadU32LE
 .text.FS_StoreU32LE
                0x00006d3a       0x14 ..\emFile_V322c\LinkLibrary\PSoC5\GCC\libemf32nosnlfn.a(FS_Core.o)
                0x00006d3a                FS_StoreU32LE
 .text.FS_StoreU16LE
                0x00006d4e        0x8 ..\emFile_V322c\LinkLibrary\PSoC5\GCC\libemf32nosnlfn.a(FS_Core.o)
                0x00006d4e                FS_StoreU16LE
 .text.FS_LoadU16LE
                0x00006d56        0xa ..\emFile_V322c\LinkLibrary\PSoC5\GCC\libemf32nosnlfn.a(FS_Core.o)
                0x00006d56                FS_LoadU16LE
 .text._Alloc   0x00006d60       0x30 ..\emFile_V322c\LinkLibrary\PSoC5\GCC\libemf32nosnlfn.a(FS_Core.o)
 .text.FS_Alloc
                0x00006d90        0xc ..\emFile_V322c\LinkLibrary\PSoC5\GCC\libemf32nosnlfn.a(FS_Core.o)
                0x00006d90                FS_Alloc
 .text.FS_TryAlloc
                0x00006d9c        0x4 ..\emFile_V322c\LinkLibrary\PSoC5\GCC\libemf32nosnlfn.a(FS_Core.o)
                0x00006d9c                FS_TryAlloc
 .text.FS_Free  0x00006da0       0x1c ..\emFile_V322c\LinkLibrary\PSoC5\GCC\libemf32nosnlfn.a(FS_Core.o)
                0x00006da0                FS_Free
 .text.FS_AssignMemory
                0x00006dbc        0xc ..\emFile_V322c\LinkLibrary\PSoC5\GCC\libemf32nosnlfn.a(FS_Core.o)
                0x00006dbc                FS_AssignMemory
 .text.FS_AllocZeroed
                0x00006dc8       0x16 ..\emFile_V322c\LinkLibrary\PSoC5\GCC\libemf32nosnlfn.a(FS_Core.o)
                0x00006dc8                FS_AllocZeroed
 *fill*         0x00006dde        0x2 
 .text.FS_STORAGE_DeInit
                0x00006de0       0x20 ..\emFile_V322c\LinkLibrary\PSoC5\GCC\libemf32nosnlfn.a(FS_Core.o)
                0x00006de0                FS_STORAGE_DeInit
 .text.FS_DeInit
                0x00006e00       0x54 ..\emFile_V322c\LinkLibrary\PSoC5\GCC\libemf32nosnlfn.a(FS_Core.o)
                0x00006e00                FS_DeInit
 .text.FS_STORAGE_Init
                0x00006e54       0x28 ..\emFile_V322c\LinkLibrary\PSoC5\GCC\libemf32nosnlfn.a(FS_Core.o)
                0x00006e54                FS_STORAGE_Init
 .text.FS__AllocSectorBuffer
                0x00006e7c       0x2c ..\emFile_V322c\LinkLibrary\PSoC5\GCC\libemf32nosnlfn.a(FS_Misc.o)
                0x00006e7c                FS__AllocSectorBuffer
 .text.FS__FreeSectorBuffer
                0x00006ea8       0x28 ..\emFile_V322c\LinkLibrary\PSoC5\GCC\libemf32nosnlfn.a(FS_Misc.o)
                0x00006ea8                FS__FreeSectorBuffer
 .text.FS__SB_MarkDirty
                0x00006ed0        0x6 ..\emFile_V322c\LinkLibrary\PSoC5\GCC\libemf32nosnlfn.a(FS_Misc.o)
                0x00006ed0                FS__SB_MarkDirty
 .text.FS__SB_MarkNotDirty
                0x00006ed6        0x6 ..\emFile_V322c\LinkLibrary\PSoC5\GCC\libemf32nosnlfn.a(FS_Misc.o)
                0x00006ed6                FS__SB_MarkNotDirty
 .text.FS__FreeFileHandle
                0x00006edc        0xa ..\emFile_V322c\LinkLibrary\PSoC5\GCC\libemf32nosnlfn.a(FS_Misc.o)
                0x00006edc                FS__FreeFileHandle
 .text.FS__FreeFileObj
                0x00006ee6        0xc ..\emFile_V322c\LinkLibrary\PSoC5\GCC\libemf32nosnlfn.a(FS_Misc.o)
                0x00006ee6                FS__FreeFileObj
 *fill*         0x00006ef2        0x2 
 .text.FS_Init  0x00006ef4       0x58 ..\emFile_V322c\LinkLibrary\PSoC5\GCC\libemf32nosnlfn.a(FS_Misc.o)
                0x00006ef4                FS_Init
 .text.FS__SB_Create
                0x00006f4c       0x28 ..\emFile_V322c\LinkLibrary\PSoC5\GCC\libemf32nosnlfn.a(FS_Misc.o)
                0x00006f4c                FS__SB_Create
 .text.FS__RemoveDevices
                0x00006f74       0x60 ..\emFile_V322c\LinkLibrary\PSoC5\GCC\libemf32nosnlfn.a(FS_Misc.o)
                0x00006f74                FS__RemoveDevices
 .text.FS__FCloseNL
                0x00006fd4       0x1e ..\emFile_V322c\LinkLibrary\PSoC5\GCC\libemf32nosnlfn.a(FS_Misc.o)
                0x00006fd4                FS__FCloseNL
 .text.FS__FClose
                0x00006ff2       0x1a ..\emFile_V322c\LinkLibrary\PSoC5\GCC\libemf32nosnlfn.a(FS_Misc.o)
                0x00006ff2                FS__FClose
 .text.FS_FClose
                0x0000700c        0xa ..\emFile_V322c\LinkLibrary\PSoC5\GCC\libemf32nosnlfn.a(FS_Misc.o)
                0x0000700c                FS_FClose
 *fill*         0x00007016        0x2 
 .text.FS__AllocFileObj
                0x00007018       0x48 ..\emFile_V322c\LinkLibrary\PSoC5\GCC\libemf32nosnlfn.a(FS_Misc.o)
                0x00007018                FS__AllocFileObj
 .text.FS__AllocFileHandle
                0x00007060       0x40 ..\emFile_V322c\LinkLibrary\PSoC5\GCC\libemf32nosnlfn.a(FS_Misc.o)
                0x00007060                FS__AllocFileHandle
 .text.FS__OpenEx
                0x000070a0       0x58 ..\emFile_V322c\LinkLibrary\PSoC5\GCC\libemf32nosnlfn.a(FS_Misc.o)
                0x000070a0                FS__OpenEx
 .text.FS__FOpenEx
                0x000070f8       0x56 ..\emFile_V322c\LinkLibrary\PSoC5\GCC\libemf32nosnlfn.a(FS_Misc.o)
                0x000070f8                FS__FOpenEx
 *fill*         0x0000714e        0x2 
 .text.FS__FOpen
                0x00007150       0x48 ..\emFile_V322c\LinkLibrary\PSoC5\GCC\libemf32nosnlfn.a(FS_Misc.o)
                0x00007150                FS__FOpen
 .text.FS_FOpen
                0x00007198        0x4 ..\emFile_V322c\LinkLibrary\PSoC5\GCC\libemf32nosnlfn.a(FS_Misc.o)
                0x00007198                FS_FOpen
 .text.FS__Remove
                0x0000719c       0x28 ..\emFile_V322c\LinkLibrary\PSoC5\GCC\libemf32nosnlfn.a(FS_Misc.o)
                0x0000719c                FS__Remove
 .text.FS_Remove
                0x000071c4        0x4 ..\emFile_V322c\LinkLibrary\PSoC5\GCC\libemf32nosnlfn.a(FS_Misc.o)
                0x000071c4                FS_Remove
 .text.FS__SB_Write
                0x000071c8       0x24 ..\emFile_V322c\LinkLibrary\PSoC5\GCC\libemf32nosnlfn.a(FS_Misc.o)
                0x000071c8                FS__SB_Write
 .text._SB_Clean
                0x000071ec       0x24 ..\emFile_V322c\LinkLibrary\PSoC5\GCC\libemf32nosnlfn.a(FS_Misc.o)
 .text.FS__SB_SetSector
                0x00007210       0x20 ..\emFile_V322c\LinkLibrary\PSoC5\GCC\libemf32nosnlfn.a(FS_Misc.o)
                0x00007210                FS__SB_SetSector
 .text.FS__SB_Clean
                0x00007230        0x4 ..\emFile_V322c\LinkLibrary\PSoC5\GCC\libemf32nosnlfn.a(FS_Misc.o)
                0x00007230                FS__SB_Clean
 .text.FS__SB_Delete
                0x00007234       0x12 ..\emFile_V322c\LinkLibrary\PSoC5\GCC\libemf32nosnlfn.a(FS_Misc.o)
                0x00007234                FS__SB_Delete
 .text.FS__SB_Flush
                0x00007246        0x8 ..\emFile_V322c\LinkLibrary\PSoC5\GCC\libemf32nosnlfn.a(FS_Misc.o)
                0x00007246                FS__SB_Flush
 .text.FS__SB_Read
                0x0000724e       0x2a ..\emFile_V322c\LinkLibrary\PSoC5\GCC\libemf32nosnlfn.a(FS_Misc.o)
                0x0000724e                FS__SB_Read
 .text.FS__Read
                0x00007278       0x2e ..\emFile_V322c\LinkLibrary\PSoC5\GCC\libemf32nosnlfn.a(FS_Read.o)
                0x00007278                FS__Read
 .text.FS_Read  0x000072a6        0x4 ..\emFile_V322c\LinkLibrary\PSoC5\GCC\libemf32nosnlfn.a(FS_Read.o)
                0x000072a6                FS_Read
 .text.FS__AddPhysDevice
                0x000072aa       0x10 ..\emFile_V322c\LinkLibrary\PSoC5\GCC\libemf32nosnlfn.a(FS_Storage.o)
                0x000072aa                FS__AddPhysDevice
 *fill*         0x000072ba        0x2 
 .text.FS__FindVolume
                0x000072bc       0x78 ..\emFile_V322c\LinkLibrary\PSoC5\GCC\libemf32nosnlfn.a(FS_Storage.o)
                0x000072bc                FS__FindVolume
 .text.FS__AddDevice
                0x00007334       0x68 ..\emFile_V322c\LinkLibrary\PSoC5\GCC\libemf32nosnlfn.a(FS_Storage.o)
                0x00007334                FS__AddDevice
 .text.FS_AddDevice
                0x0000739c        0x4 ..\emFile_V322c\LinkLibrary\PSoC5\GCC\libemf32nosnlfn.a(FS_Storage.o)
                0x0000739c                FS_AddDevice
 .text.FS__IoCtlNL
                0x000073a0       0x36 ..\emFile_V322c\LinkLibrary\PSoC5\GCC\libemf32nosnlfn.a(FS_Storage.o)
                0x000073a0                FS__IoCtlNL
 *fill*         0x000073d6        0x2 
 .text.FS__UnmountForcedNL
                0x000073d8       0x54 ..\emFile_V322c\LinkLibrary\PSoC5\GCC\libemf32nosnlfn.a(FS_Unmount.o)
                0x000073d8                FS__UnmountForcedNL
 .text.FS__UnmountNL
                0x0000742c       0x4c ..\emFile_V322c\LinkLibrary\PSoC5\GCC\libemf32nosnlfn.a(FS_Unmount.o)
                0x0000742c                FS__UnmountNL
 .text._Mount   0x00007478       0x2e ..\emFile_V322c\LinkLibrary\PSoC5\GCC\libemf32nosnlfn.a(FS_Volume.o)
 .text.FS__AutoMount
                0x000074a6       0x14 ..\emFile_V322c\LinkLibrary\PSoC5\GCC\libemf32nosnlfn.a(FS_Volume.o)
                0x000074a6                FS__AutoMount
 .text.FS__Write
                0x000074ba       0x3a ..\emFile_V322c\LinkLibrary\PSoC5\GCC\libemf32nosnlfn.a(FS_Write.o)
                0x000074ba                FS__Write
 .text.FS_Write
                0x000074f4        0x4 ..\emFile_V322c\LinkLibrary\PSoC5\GCC\libemf32nosnlfn.a(FS_Write.o)
                0x000074f4                FS_Write
 .text._ClusterId2FATOff
                0x000074f8       0x18 ..\emFile_V322c\LinkLibrary\PSoC5\GCC\libemf32nosnlfn.a(FAT_Misc.o)
 .text._CalcLogClusterPos
                0x00007510        0xe ..\emFile_V322c\LinkLibrary\PSoC5\GCC\libemf32nosnlfn.a(FAT_Misc.o)
 .text._ReadFromFreeClusterCache
                0x0000751e       0x46 ..\emFile_V322c\LinkLibrary\PSoC5\GCC\libemf32nosnlfn.a(FAT_Misc.o)
 .text.FS_FAT_GetFATType
                0x00007564       0x1a ..\emFile_V322c\LinkLibrary\PSoC5\GCC\libemf32nosnlfn.a(FAT_Misc.o)
                0x00007564                FS_FAT_GetFATType
 .text.FS_FAT_ClusterId2SectorNo
                0x0000757e        0xc ..\emFile_V322c\LinkLibrary\PSoC5\GCC\libemf32nosnlfn.a(FAT_Misc.o)
                0x0000757e                FS_FAT_ClusterId2SectorNo
 .text.FS_FAT_IsValidShortNameChar
                0x0000758a       0x34 ..\emFile_V322c\LinkLibrary\PSoC5\GCC\libemf32nosnlfn.a(FAT_Misc.o)
                0x0000758a                FS_FAT_IsValidShortNameChar
 .text.FS_FAT_CopyShortName
                0x000075be       0x56 ..\emFile_V322c\LinkLibrary\PSoC5\GCC\libemf32nosnlfn.a(FAT_Misc.o)
                0x000075be                FS_FAT_CopyShortName
 .text._SFN_CreateDirEntry
                0x00007614       0x5a ..\emFile_V322c\LinkLibrary\PSoC5\GCC\libemf32nosnlfn.a(FAT_Misc.o)
 .text._SFN_FindDirEntry
                0x0000766e       0x10 ..\emFile_V322c\LinkLibrary\PSoC5\GCC\libemf32nosnlfn.a(FAT_Misc.o)
 *fill*         0x0000767e        0x2 
 .text.FS_FAT_FindDirEntry
                0x00007680       0x60 ..\emFile_V322c\LinkLibrary\PSoC5\GCC\libemf32nosnlfn.a(FAT_Misc.o)
                0x00007680                FS_FAT_FindDirEntry
 .text.FS_FAT_CopyDirEntryInfo
                0x000076e0       0x50 ..\emFile_V322c\LinkLibrary\PSoC5\GCC\libemf32nosnlfn.a(FAT_Misc.o)
                0x000076e0                FS_FAT_CopyDirEntryInfo
 .text._SFN_ReadDirEntryInfo
                0x00007730       0x6e ..\emFile_V322c\LinkLibrary\PSoC5\GCC\libemf32nosnlfn.a(FAT_Misc.o)
 .text._SetFATSector
                0x0000779e        0x6 ..\emFile_V322c\LinkLibrary\PSoC5\GCC\libemf32nosnlfn.a(FAT_Misc.o)
 .text.FS_FAT_ReadFATEntry
                0x000077a4       0xb2 ..\emFile_V322c\LinkLibrary\PSoC5\GCC\libemf32nosnlfn.a(FAT_Misc.o)
                0x000077a4                FS_FAT_ReadFATEntry
 *fill*         0x00007856        0x2 
 .text.FS_FAT_GetNumAdjClustersInChain
                0x00007858       0x64 ..\emFile_V322c\LinkLibrary\PSoC5\GCC\libemf32nosnlfn.a(FAT_Misc.o)
                0x00007858                FS_FAT_GetNumAdjClustersInChain
 .text.FS_FAT_WalkClusterEx
                0x000078bc       0x5c ..\emFile_V322c\LinkLibrary\PSoC5\GCC\libemf32nosnlfn.a(FAT_Misc.o)
                0x000078bc                FS_FAT_WalkClusterEx
 .text.FS_FAT_GotoCluster
                0x00007918       0x88 ..\emFile_V322c\LinkLibrary\PSoC5\GCC\libemf32nosnlfn.a(FAT_Misc.o)
                0x00007918                FS_FAT_GotoCluster
 .text.FS_FAT_WalkCluster
                0x000079a0       0x18 ..\emFile_V322c\LinkLibrary\PSoC5\GCC\libemf32nosnlfn.a(FAT_Misc.o)
                0x000079a0                FS_FAT_WalkCluster
 .text.FS_FAT_FindLastCluster
                0x000079b8       0x34 ..\emFile_V322c\LinkLibrary\PSoC5\GCC\libemf32nosnlfn.a(FAT_Misc.o)
                0x000079b8                FS_FAT_FindLastCluster
 .text._WriteFATEntry
                0x000079ec      0x18e ..\emFile_V322c\LinkLibrary\PSoC5\GCC\libemf32nosnlfn.a(FAT_Misc.o)
 .text.FS_FAT_MarkClusterEOC
                0x00007b7a        0x8 ..\emFile_V322c\LinkLibrary\PSoC5\GCC\libemf32nosnlfn.a(FAT_Misc.o)
                0x00007b7a                FS_FAT_MarkClusterEOC
 .text.FS_FAT_SyncFAT
                0x00007b82       0x3c ..\emFile_V322c\LinkLibrary\PSoC5\GCC\libemf32nosnlfn.a(FAT_Misc.o)
                0x00007b82                FS_FAT_SyncFAT
 .text.FS_FAT_LinkCluster
                0x00007bbe       0x1c ..\emFile_V322c\LinkLibrary\PSoC5\GCC\libemf32nosnlfn.a(FAT_Misc.o)
                0x00007bbe                FS_FAT_LinkCluster
 *fill*         0x00007bda        0x2 
 .text._CalcFreeClusterCnt
                0x00007bdc       0x88 ..\emFile_V322c\LinkLibrary\PSoC5\GCC\libemf32nosnlfn.a(FAT_Misc.o)
 .text.FS_FAT_FindFreeCluster
                0x00007c64       0xa8 ..\emFile_V322c\LinkLibrary\PSoC5\GCC\libemf32nosnlfn.a(FAT_Misc.o)
                0x00007c64                FS_FAT_FindFreeCluster
 .text.FS_FAT_AllocCluster
                0x00007d0c       0x20 ..\emFile_V322c\LinkLibrary\PSoC5\GCC\libemf32nosnlfn.a(FAT_Misc.o)
                0x00007d0c                FS_FAT_AllocCluster
 .text._WriteEmptyFATSectors
                0x00007d2c       0x3c ..\emFile_V322c\LinkLibrary\PSoC5\GCC\libemf32nosnlfn.a(FAT_Misc.o)
 .text.FS_FAT_FreeClusterChain
                0x00007d68       0xe0 ..\emFile_V322c\LinkLibrary\PSoC5\GCC\libemf32nosnlfn.a(FAT_Misc.o)
                0x00007d68                FS_FAT_FreeClusterChain
 .text.FS_FAT_CheckBPB
                0x00007e48      0x1cc ..\emFile_V322c\LinkLibrary\PSoC5\GCC\libemf32nosnlfn.a(FAT_Misc.o)
                0x00007e48                FS_FAT_CheckBPB
 .text.FS_FAT_InitDirEntryScan
                0x00008014       0x14 ..\emFile_V322c\LinkLibrary\PSoC5\GCC\libemf32nosnlfn.a(FAT_Open.o)
                0x00008014                FS_FAT_InitDirEntryScan
 .text.FS_FAT_IncDirPos
                0x00008028        0x8 ..\emFile_V322c\LinkLibrary\PSoC5\GCC\libemf32nosnlfn.a(FAT_Open.o)
                0x00008028                FS_FAT_IncDirPos
 .text._CopyDirText
                0x00008030       0x44 ..\emFile_V322c\LinkLibrary\PSoC5\GCC\libemf32nosnlfn.a(FAT_Open.o)
 .text.FS_FAT_Make83Name
                0x00008074       0xb0 ..\emFile_V322c\LinkLibrary\PSoC5\GCC\libemf32nosnlfn.a(FAT_Open.o)
                0x00008074                FS_FAT_Make83Name
 .text.FS_FAT_GetDirEntry
                0x00008124       0xb2 ..\emFile_V322c\LinkLibrary\PSoC5\GCC\libemf32nosnlfn.a(FAT_Open.o)
                0x00008124                FS_FAT_GetDirEntry
 .text.FS_FAT_FindDirEntryShortEx
                0x000081d6       0x5a ..\emFile_V322c\LinkLibrary\PSoC5\GCC\libemf32nosnlfn.a(FAT_Open.o)
                0x000081d6                FS_FAT_FindDirEntryShortEx
 .text.FS_FAT_FindDirEntryShort
                0x00008230       0x36 ..\emFile_V322c\LinkLibrary\PSoC5\GCC\libemf32nosnlfn.a(FAT_Open.o)
                0x00008230                FS_FAT_FindDirEntryShort
 .text.FS_FAT_FindEmptyDirEntry
                0x00008266       0xb0 ..\emFile_V322c\LinkLibrary\PSoC5\GCC\libemf32nosnlfn.a(FAT_Open.o)
                0x00008266                FS_FAT_FindEmptyDirEntry
 .text.FS_FAT_GetFirstCluster
                0x00008316       0x1a ..\emFile_V322c\LinkLibrary\PSoC5\GCC\libemf32nosnlfn.a(FAT_Open.o)
                0x00008316                FS_FAT_GetFirstCluster
 .text.FS_FAT_FindPath
                0x00008330       0x7a ..\emFile_V322c\LinkLibrary\PSoC5\GCC\libemf32nosnlfn.a(FAT_Open.o)
                0x00008330                FS_FAT_FindPath
 .text.FS_FAT_DeleteFileOrDir
                0x000083aa       0x48 ..\emFile_V322c\LinkLibrary\PSoC5\GCC\libemf32nosnlfn.a(FAT_Open.o)
                0x000083aa                FS_FAT_DeleteFileOrDir
 *fill*         0x000083f2        0x2 
 .text.FS_FAT_Open
                0x000083f4      0x1dc ..\emFile_V322c\LinkLibrary\PSoC5\GCC\libemf32nosnlfn.a(FAT_Open.o)
                0x000083f4                FS_FAT_Open
 .text.FS_FAT_WriteDirEntryCluster
                0x000085d0       0x1c ..\emFile_V322c\LinkLibrary\PSoC5\GCC\libemf32nosnlfn.a(FAT_Open.o)
                0x000085d0                FS_FAT_WriteDirEntryCluster
 .text.FS_FAT_WriteDirEntry83
                0x000085ec       0x6c ..\emFile_V322c\LinkLibrary\PSoC5\GCC\libemf32nosnlfn.a(FAT_Open.o)
                0x000085ec                FS_FAT_WriteDirEntry83
 .text._ReadBurst
                0x00008658       0x24 ..\emFile_V322c\LinkLibrary\PSoC5\GCC\libemf32nosnlfn.a(FAT_Read.o)
 .text.FS_FAT_Read
                0x0000867c      0x194 ..\emFile_V322c\LinkLibrary\PSoC5\GCC\libemf32nosnlfn.a(FAT_Read.o)
                0x0000867c                FS_FAT_Read
 .text._WriteBurst
                0x00008810       0x24 ..\emFile_V322c\LinkLibrary\PSoC5\GCC\libemf32nosnlfn.a(FAT_Write.o)
 .text.FS_FAT_GotoClusterAllocIfReq
                0x00008834       0xa8 ..\emFile_V322c\LinkLibrary\PSoC5\GCC\libemf32nosnlfn.a(FAT_Write.o)
                0x00008834                FS_FAT_GotoClusterAllocIfReq
 .text.FS_FAT_UpdateDirEntry
                0x000088dc       0x68 ..\emFile_V322c\LinkLibrary\PSoC5\GCC\libemf32nosnlfn.a(FAT_Write.o)
                0x000088dc                FS_FAT_UpdateDirEntry
 .text.FS_FAT_Close
                0x00008944       0x44 ..\emFile_V322c\LinkLibrary\PSoC5\GCC\libemf32nosnlfn.a(FAT_Write.o)
                0x00008944                FS_FAT_Close
 .text.FS_FAT_Write
                0x00008988      0x1c8 ..\emFile_V322c\LinkLibrary\PSoC5\GCC\libemf32nosnlfn.a(FAT_Write.o)
                0x00008988                FS_FAT_Write
 .text.FS__CLIB_memcmp
                0x00008b50       0x20 ..\emFile_V322c\LinkLibrary\PSoC5\GCC\libemf32nosnlfn.a(FS_CLib.o)
                0x00008b50                FS__CLIB_memcmp
 .text.FS__CLIB_memset
                0x00008b70       0x6c ..\emFile_V322c\LinkLibrary\PSoC5\GCC\libemf32nosnlfn.a(FS_CLib.o)
                0x00008b70                FS__CLIB_memset
 .text.FS__CLIB_strcmp
                0x00008bdc       0x1a ..\emFile_V322c\LinkLibrary\PSoC5\GCC\libemf32nosnlfn.a(FS_CLib.o)
                0x00008bdc                FS__CLIB_strcmp
 .text.FS__CLIB_strlen
                0x00008bf6       0x10 ..\emFile_V322c\LinkLibrary\PSoC5\GCC\libemf32nosnlfn.a(FS_CLib.o)
                0x00008bf6                FS__CLIB_strlen
 .text.FS__CLIB_strncmp
                0x00008c06       0x26 ..\emFile_V322c\LinkLibrary\PSoC5\GCC\libemf32nosnlfn.a(FS_CLib.o)
                0x00008c06                FS__CLIB_strncmp
 .text.FS__CLIB_toupper
                0x00008c2c        0xe ..\emFile_V322c\LinkLibrary\PSoC5\GCC\libemf32nosnlfn.a(FS_CLib.o)
                0x00008c2c                FS__CLIB_toupper
 .text._ClrBusyLED
                0x00008c3a        0xc ..\emFile_V322c\LinkLibrary\PSoC5\GCC\libemf32nosnlfn.a(FS_LogBlock.o)
 .text._SetBusyLED
                0x00008c46        0xc ..\emFile_V322c\LinkLibrary\PSoC5\GCC\libemf32nosnlfn.a(FS_LogBlock.o)
 .text._Read    0x00008c52        0xc ..\emFile_V322c\LinkLibrary\PSoC5\GCC\libemf32nosnlfn.a(FS_LogBlock.o)
 .text._Write   0x00008c5e       0x12 ..\emFile_V322c\LinkLibrary\PSoC5\GCC\libemf32nosnlfn.a(FS_LogBlock.o)
 .text.FS_LB_GetStatus
                0x00008c70        0xc ..\emFile_V322c\LinkLibrary\PSoC5\GCC\libemf32nosnlfn.a(FS_LogBlock.o)
                0x00008c70                FS_LB_GetStatus
 .text.FS_LB_InitMedium
                0x00008c7c       0x1a ..\emFile_V322c\LinkLibrary\PSoC5\GCC\libemf32nosnlfn.a(FS_LogBlock.o)
                0x00008c7c                FS_LB_InitMedium
 .text.FS_LB_InitMediumIfRequired
                0x00008c96       0x10 ..\emFile_V322c\LinkLibrary\PSoC5\GCC\libemf32nosnlfn.a(FS_LogBlock.o)
                0x00008c96                FS_LB_InitMediumIfRequired
 .text.FS_LB_ReadDevice
                0x00008ca6       0x2e ..\emFile_V322c\LinkLibrary\PSoC5\GCC\libemf32nosnlfn.a(FS_LogBlock.o)
                0x00008ca6                FS_LB_ReadDevice
 .text.FS_LB_ReadPart
                0x00008cd4        0xe ..\emFile_V322c\LinkLibrary\PSoC5\GCC\libemf32nosnlfn.a(FS_LogBlock.o)
                0x00008cd4                FS_LB_ReadPart
 .text.FS_LB_ReadBurst
                0x00008ce2       0x38 ..\emFile_V322c\LinkLibrary\PSoC5\GCC\libemf32nosnlfn.a(FS_LogBlock.o)
                0x00008ce2                FS_LB_ReadBurst
 .text.FS_LB_ReadBurstPart
                0x00008d1a       0x14 ..\emFile_V322c\LinkLibrary\PSoC5\GCC\libemf32nosnlfn.a(FS_LogBlock.o)
                0x00008d1a                FS_LB_ReadBurstPart
 .text.FS_LB_WriteBurst
                0x00008d2e       0x30 ..\emFile_V322c\LinkLibrary\PSoC5\GCC\libemf32nosnlfn.a(FS_LogBlock.o)
                0x00008d2e                FS_LB_WriteBurst
 .text.FS_LB_WriteBurstPart
                0x00008d5e       0x14 ..\emFile_V322c\LinkLibrary\PSoC5\GCC\libemf32nosnlfn.a(FS_LogBlock.o)
                0x00008d5e                FS_LB_WriteBurstPart
 .text.FS_LB_WriteMultiple
                0x00008d72       0x30 ..\emFile_V322c\LinkLibrary\PSoC5\GCC\libemf32nosnlfn.a(FS_LogBlock.o)
                0x00008d72                FS_LB_WriteMultiple
 .text.FS_LB_WriteMultiplePart
                0x00008da2       0x14 ..\emFile_V322c\LinkLibrary\PSoC5\GCC\libemf32nosnlfn.a(FS_LogBlock.o)
                0x00008da2                FS_LB_WriteMultiplePart
 .text.FS_LB_WriteDevice
                0x00008db6       0x36 ..\emFile_V322c\LinkLibrary\PSoC5\GCC\libemf32nosnlfn.a(FS_LogBlock.o)
                0x00008db6                FS_LB_WriteDevice
 .text.FS_LB_WritePart
                0x00008dec        0xe ..\emFile_V322c\LinkLibrary\PSoC5\GCC\libemf32nosnlfn.a(FS_LogBlock.o)
                0x00008dec                FS_LB_WritePart
 .text.FS_LB_Ioctl
                0x00008dfa       0x2a ..\emFile_V322c\LinkLibrary\PSoC5\GCC\libemf32nosnlfn.a(FS_LogBlock.o)
                0x00008dfa                FS_LB_Ioctl
 .text.FS_GetSectorSize
                0x00008e24       0x28 ..\emFile_V322c\LinkLibrary\PSoC5\GCC\libemf32nosnlfn.a(FS_LogBlock.o)
                0x00008e24                FS_GetSectorSize
 .text.FS_LB_GetDeviceInfo
                0x00008e4c       0x26 ..\emFile_V322c\LinkLibrary\PSoC5\GCC\libemf32nosnlfn.a(FS_LogBlock.o)
                0x00008e4c                FS_LB_GetDeviceInfo
 .text.FS_memcpy
                0x00008e72      0x120 ..\emFile_V322c\LinkLibrary\PSoC5\GCC\libemf32nosnlfn.a(FS_memcpy.o)
                0x00008e72                FS_memcpy
 .text._IsBPB   0x00008f92       0x1e ..\emFile_V322c\LinkLibrary\PSoC5\GCC\libemf32nosnlfn.a(FS_Partition.o)
 .text._HasSignature
                0x00008fb0       0x18 ..\emFile_V322c\LinkLibrary\PSoC5\GCC\libemf32nosnlfn.a(FS_Partition.o)
 .text._GetPartitionStartSector
                0x00008fc8        0xc ..\emFile_V322c\LinkLibrary\PSoC5\GCC\libemf32nosnlfn.a(FS_Partition.o)
 .text.FS__GetMediaStartSecEx
                0x00008fd4       0x6e ..\emFile_V322c\LinkLibrary\PSoC5\GCC\libemf32nosnlfn.a(FS_Partition.o)
                0x00008fd4                FS__GetMediaStartSecEx
 *fill*         0x00009042        0x2 
 .text.FS__LocatePartition
                0x00009044       0x44 ..\emFile_V322c\LinkLibrary\PSoC5\GCC\libemf32nosnlfn.a(FS_Partition.o)
                0x00009044                FS__LocatePartition
 .text.FS_X_AddDevices
                0x00009088       0x20 .\CortexM3\ARM_GCC_541\Debug\notoriOS.a(emFile_ConfigMMC_SPI.o)
                0x00009088                FS_X_AddDevices
 .text.FS_X_GetTimeDate
                0x000090a8       0x58 .\CortexM3\ARM_GCC_541\Debug\notoriOS.a(emFile_ConfigMMC_SPI.o)
                0x000090a8                FS_X_GetTimeDate
 .text._CalcDataCRC16Dummy
                0x00009100        0x6 ..\emFile_V322c\LinkLibrary\PSoC5\GCC\libemf32nosnlfn.a(MMC_Drv.o)
 *fill*         0x00009106        0x2 
 .text._MMC_GetNumUnits
                0x00009108        0xc ..\emFile_V322c\LinkLibrary\PSoC5\GCC\libemf32nosnlfn.a(MMC_Drv.o)
 .text._MMC_GetDriverName
                0x00009114        0x8 ..\emFile_V322c\LinkLibrary\PSoC5\GCC\libemf32nosnlfn.a(MMC_Drv.o)
 .text._MMC_GetStatus
                0x0000911c        0x4 ..\emFile_V322c\LinkLibrary\PSoC5\GCC\libemf32nosnlfn.a(MMC_Drv.o)
 .text._CheckR1
                0x00009120       0x38 ..\emFile_V322c\LinkLibrary\PSoC5\GCC\libemf32nosnlfn.a(MMC_Drv.o)
 .text._WaitToGetReady
                0x00009158       0x26 ..\emFile_V322c\LinkLibrary\PSoC5\GCC\libemf32nosnlfn.a(MMC_Drv.o)
 .text._SendEmptyCycles
                0x0000917e       0x24 ..\emFile_V322c\LinkLibrary\PSoC5\GCC\libemf32nosnlfn.a(MMC_Drv.o)
 *fill*         0x000091a2        0x2 
 .text._MMC_AddDevice
                0x000091a4       0x2c ..\emFile_V322c\LinkLibrary\PSoC5\GCC\libemf32nosnlfn.a(MMC_Drv.o)
 .text.T.53     0x000091d0       0x14 ..\emFile_V322c\LinkLibrary\PSoC5\GCC\libemf32nosnlfn.a(MMC_Drv.o)
 .text._GetFromCSD
                0x000091e4       0x34 ..\emFile_V322c\LinkLibrary\PSoC5\GCC\libemf32nosnlfn.a(MMC_Drv.o)
 .text._ExecCmdR1
                0x00009218       0x98 ..\emFile_V322c\LinkLibrary\PSoC5\GCC\libemf32nosnlfn.a(MMC_Drv.o)
 .text._ReadCSD
                0x000092b0       0x86 ..\emFile_V322c\LinkLibrary\PSoC5\GCC\libemf32nosnlfn.a(MMC_Drv.o)
 *fill*         0x00009336        0x2 
 .text._MMC_Read
                0x00009338      0x130 ..\emFile_V322c\LinkLibrary\PSoC5\GCC\libemf32nosnlfn.a(MMC_Drv.o)
 .text._MMC_Write
                0x00009468      0x13c ..\emFile_V322c\LinkLibrary\PSoC5\GCC\libemf32nosnlfn.a(MMC_Drv.o)
 .text._ApplyCSD
                0x000095a4      0x228 ..\emFile_V322c\LinkLibrary\PSoC5\GCC\libemf32nosnlfn.a(MMC_Drv.o)
 .text._MMC_Init
                0x000097cc      0x1c0 ..\emFile_V322c\LinkLibrary\PSoC5\GCC\libemf32nosnlfn.a(MMC_Drv.o)
 .text._MMC_InitMedium
                0x0000998c       0x28 ..\emFile_V322c\LinkLibrary\PSoC5\GCC\libemf32nosnlfn.a(MMC_Drv.o)
 .text._MMC_IoCtl
                0x000099b4       0x60 ..\emFile_V322c\LinkLibrary\PSoC5\GCC\libemf32nosnlfn.a(MMC_Drv.o)
 .text.emFile_Init
                0x00009a14       0x6c .\CortexM3\ARM_GCC_541\Debug\notoriOS.a(emFile_MMC_HW_SPI.o)
 .text.emFile_ReadWriteSPI
                0x00009a80       0x68 .\CortexM3\ARM_GCC_541\Debug\notoriOS.a(emFile_MMC_HW_SPI.o)
 .text.FS_MMC_HW_X_EnableCS
                0x00009ae8       0x28 .\CortexM3\ARM_GCC_541\Debug\notoriOS.a(emFile_MMC_HW_SPI.o)
                0x00009ae8                FS_MMC_HW_X_EnableCS
 .text.FS_MMC_HW_X_DisableCS
                0x00009b10       0x28 .\CortexM3\ARM_GCC_541\Debug\notoriOS.a(emFile_MMC_HW_SPI.o)
                0x00009b10                FS_MMC_HW_X_DisableCS
 .text.FS_MMC_HW_X_IsWriteProtected
                0x00009b38       0x28 .\CortexM3\ARM_GCC_541\Debug\notoriOS.a(emFile_MMC_HW_SPI.o)
                0x00009b38                FS_MMC_HW_X_IsWriteProtected
 .text.FS_MMC_HW_X_SetMaxSpeed
                0x00009b60       0x88 .\CortexM3\ARM_GCC_541\Debug\notoriOS.a(emFile_MMC_HW_SPI.o)
                0x00009b60                FS_MMC_HW_X_SetMaxSpeed
 .text.FS_MMC_HW_X_SetVoltage
                0x00009be8       0x68 .\CortexM3\ARM_GCC_541\Debug\notoriOS.a(emFile_MMC_HW_SPI.o)
                0x00009be8                FS_MMC_HW_X_SetVoltage
 .text.FS_MMC_HW_X_IsPresent
                0x00009c50       0x30 .\CortexM3\ARM_GCC_541\Debug\notoriOS.a(emFile_MMC_HW_SPI.o)
                0x00009c50                FS_MMC_HW_X_IsPresent
 .text.FS_MMC_HW_X_Read
                0x00009c80       0x38 .\CortexM3\ARM_GCC_541\Debug\notoriOS.a(emFile_MMC_HW_SPI.o)
                0x00009c80                FS_MMC_HW_X_Read
 .text.FS_MMC_HW_X_Write
                0x00009cb8       0x34 .\CortexM3\ARM_GCC_541\Debug\notoriOS.a(emFile_MMC_HW_SPI.o)
                0x00009cb8                FS_MMC_HW_X_Write
 .text.emFile_Clock_1_Start
                0x00009cec       0x34 .\CortexM3\ARM_GCC_541\Debug\notoriOS.a(emFile_Clock_1.o)
                0x00009cec                emFile_Clock_1_Start
 .text.emFile_Clock_1_Stop
                0x00009d20       0x34 .\CortexM3\ARM_GCC_541\Debug\notoriOS.a(emFile_Clock_1.o)
                0x00009d20                emFile_Clock_1_Stop
 .text.emFile_Clock_1_SetDividerRegister
                0x00009d54      0x164 .\CortexM3\ARM_GCC_541\Debug\notoriOS.a(emFile_Clock_1.o)
                0x00009d54                emFile_Clock_1_SetDividerRegister
 .text.emFile_Clock_1_GetDividerRegister
                0x00009eb8       0x18 .\CortexM3\ARM_GCC_541\Debug\notoriOS.a(emFile_Clock_1.o)
                0x00009eb8                emFile_Clock_1_GetDividerRegister
 .text.emFile_Clock_1_GetSourceRegister
                0x00009ed0       0x1c .\CortexM3\ARM_GCC_541\Debug\notoriOS.a(emFile_Clock_1.o)
                0x00009ed0                emFile_Clock_1_GetSourceRegister
 .text          0x00009eec      0x370 c:/program files (x86)/cypress/psoc creator/4.3/psoc creator/import/gnu/arm/5.4.1/bin/../lib/gcc/arm-none-eabi/5.4.1/armv7-m\libgcc.a(_arm_addsubdf3.o)
                0x00009eec                __aeabi_drsub
                0x00009ef4                __aeabi_dsub
                0x00009ef4                __subdf3
                0x00009ef8                __aeabi_dadd
                0x00009ef8                __adddf3
                0x0000a170                __floatunsidf
                0x0000a170                __aeabi_ui2d
                0x0000a190                __floatsidf
                0x0000a190                __aeabi_i2d
                0x0000a1b4                __aeabi_f2d
                0x0000a1b4                __extendsfdf2
                0x0000a1f0                __floatundidf
                0x0000a1f0                __aeabi_ul2d
                0x0000a200                __floatdidf
                0x0000a200                __aeabi_l2d
 .text          0x0000a25c      0x424 c:/program files (x86)/cypress/psoc creator/4.3/psoc creator/import/gnu/arm/5.4.1/bin/../lib/gcc/arm-none-eabi/5.4.1/armv7-m\libgcc.a(_arm_muldivdf3.o)
                0x0000a25c                __aeabi_dmul
                0x0000a25c                __muldf3
                0x0000a4b0                __divdf3
                0x0000a4b0                __aeabi_ddiv
 .text          0x0000a680      0x110 c:/program files (x86)/cypress/psoc creator/4.3/psoc creator/import/gnu/arm/5.4.1/bin/../lib/gcc/arm-none-eabi/5.4.1/armv7-m\libgcc.a(_arm_cmpdf2.o)
                0x0000a680                __gtdf2
                0x0000a680                __gedf2
                0x0000a688                __ltdf2
                0x0000a688                __ledf2
                0x0000a690                __nedf2
                0x0000a690                __eqdf2
                0x0000a690                __cmpdf2
                0x0000a70c                __aeabi_cdrcmple
                0x0000a71c                __aeabi_cdcmpeq
                0x0000a71c                __aeabi_cdcmple
                0x0000a72c                __aeabi_dcmpeq
                0x0000a740                __aeabi_dcmplt
                0x0000a754                __aeabi_dcmple
                0x0000a768                __aeabi_dcmpge
                0x0000a77c                __aeabi_dcmpgt
 .text          0x0000a790       0x2c c:/program files (x86)/cypress/psoc creator/4.3/psoc creator/import/gnu/arm/5.4.1/bin/../lib/gcc/arm-none-eabi/5.4.1/armv7-m\libgcc.a(_arm_unorddf2.o)
                0x0000a790                __unorddf2
                0x0000a790                __aeabi_dcmpun
 .text          0x0000a7bc       0x50 c:/program files (x86)/cypress/psoc creator/4.3/psoc creator/import/gnu/arm/5.4.1/bin/../lib/gcc/arm-none-eabi/5.4.1/armv7-m\libgcc.a(_arm_fixdfsi.o)
                0x0000a7bc                __aeabi_d2iz
                0x0000a7bc                __fixdfsi
 .text          0x0000a80c       0xa0 c:/program files (x86)/cypress/psoc creator/4.3/psoc creator/import/gnu/arm/5.4.1/bin/../lib/gcc/arm-none-eabi/5.4.1/armv7-m\libgcc.a(_arm_truncdfsf2.o)
                0x0000a80c                __truncdfsf2
                0x0000a80c                __aeabi_d2f
 .text          0x0000a8ac      0x21c c:/program files (x86)/cypress/psoc creator/4.3/psoc creator/import/gnu/arm/5.4.1/bin/../lib/gcc/arm-none-eabi/5.4.1/armv7-m\libgcc.a(_arm_addsubsf3.o)
                0x0000a8ac                __aeabi_frsub
                0x0000a8b4                __subsf3
                0x0000a8b4                __aeabi_fsub
                0x0000a8b8                __aeabi_fadd
                0x0000a8b8                __addsf3
                0x0000aa18                __aeabi_ui2f
                0x0000aa18                __floatunsisf
                0x0000aa20                __aeabi_i2f
                0x0000aa20                __floatsisf
                0x0000aa3c                __aeabi_ul2f
                0x0000aa3c                __floatundisf
                0x0000aa4c                __aeabi_l2f
                0x0000aa4c                __floatdisf
 .text          0x0000aac8      0x2a0 c:/program files (x86)/cypress/psoc creator/4.3/psoc creator/import/gnu/arm/5.4.1/bin/../lib/gcc/arm-none-eabi/5.4.1/armv7-m\libgcc.a(_arm_muldivsf3.o)
                0x0000aac8                __mulsf3
                0x0000aac8                __aeabi_fmul
                0x0000ac30                __aeabi_fdiv
                0x0000ac30                __divsf3
 .text.atoi     0x0000ad68        0x8 c:/program files (x86)/cypress/psoc creator/4.3/psoc creator/import/gnu/arm/5.4.1/bin/../lib/gcc/arm-none-eabi/5.4.1/../../../../arm-none-eabi/lib/armv7-m\libg.a(lib_a-atoi.o)
                0x0000ad68                atoi
 .text.__errno  0x0000ad70        0xc c:/program files (x86)/cypress/psoc creator/4.3/psoc creator/import/gnu/arm/5.4.1/bin/../lib/gcc/arm-none-eabi/5.4.1/../../../../arm-none-eabi/lib/armv7-m\libg.a(lib_a-errno.o)
                0x0000ad70                __errno
 .text.gmtime   0x0000ad7c       0x10 c:/program files (x86)/cypress/psoc creator/4.3/psoc creator/import/gnu/arm/5.4.1/bin/../lib/gcc/arm-none-eabi/5.4.1/../../../../arm-none-eabi/lib/armv7-m\libg.a(lib_a-gmtime.o)
                0x0000ad7c                gmtime
 .text.gmtime_r
                0x0000ad8c      0x1c8 c:/program files (x86)/cypress/psoc creator/4.3/psoc creator/import/gnu/arm/5.4.1/bin/../lib/gcc/arm-none-eabi/5.4.1/../../../../arm-none-eabi/lib/armv7-m\libg.a(lib_a-gmtime_r.o)
                0x0000ad8c                gmtime_r
 .text.__libc_init_array
                0x0000af54       0x50 c:/program files (x86)/cypress/psoc creator/4.3/psoc creator/import/gnu/arm/5.4.1/bin/../lib/gcc/arm-none-eabi/5.4.1/../../../../arm-none-eabi/lib/armv7-m\libg.a(lib_a-init.o)
                0x0000af54                __libc_init_array
 .text.memcmp   0x0000afa4       0x64 c:/program files (x86)/cypress/psoc creator/4.3/psoc creator/import/gnu/arm/5.4.1/bin/../lib/gcc/arm-none-eabi/5.4.1/../../../../arm-none-eabi/lib/armv7-m\libg.a(lib_a-memcmp.o)
                0x0000afa4                memcmp
 .text          0x0000b008       0xec c:/program files (x86)/cypress/psoc creator/4.3/psoc creator/import/gnu/arm/5.4.1/bin/../lib/gcc/arm-none-eabi/5.4.1/../../../../arm-none-eabi/lib/armv7-m\libg.a(lib_a-memcpy.o)
                0x0000b008                memcpy
 .text.memset   0x0000b0f4       0x9c c:/program files (x86)/cypress/psoc creator/4.3/psoc creator/import/gnu/arm/5.4.1/bin/../lib/gcc/arm-none-eabi/5.4.1/../../../../arm-none-eabi/lib/armv7-m\libg.a(lib_a-memset.o)
                0x0000b0f4                memset
 .text.validate_structure
                0x0000b190      0x208 c:/program files (x86)/cypress/psoc creator/4.3/psoc creator/import/gnu/arm/5.4.1/bin/../lib/gcc/arm-none-eabi/5.4.1/../../../../arm-none-eabi/lib/armv7-m\libg.a(lib_a-mktime.o)
 .text.mktime   0x0000b398      0x3ac c:/program files (x86)/cypress/psoc creator/4.3/psoc creator/import/gnu/arm/5.4.1/bin/../lib/gcc/arm-none-eabi/5.4.1/../../../../arm-none-eabi/lib/armv7-m\libg.a(lib_a-mktime.o)
                0x0000b398                mktime
 .text.snprintf
                0x0000b744       0x98 c:/program files (x86)/cypress/psoc creator/4.3/psoc creator/import/gnu/arm/5.4.1/bin/../lib/gcc/arm-none-eabi/5.4.1/../../../../arm-none-eabi/lib/armv7-m\libg.a(lib_a-snprintf.o)
                0x0000b744                snprintf
 .text.sscanf   0x0000b7dc       0x58 c:/program files (x86)/cypress/psoc creator/4.3/psoc creator/import/gnu/arm/5.4.1/bin/../lib/gcc/arm-none-eabi/5.4.1/../../../../arm-none-eabi/lib/armv7-m\libg.a(lib_a-sscanf.o)
                0x0000b7dc                sscanf
 .text.__seofread
                0x0000b834        0x4 c:/program files (x86)/cypress/psoc creator/4.3/psoc creator/import/gnu/arm/5.4.1/bin/../lib/gcc/arm-none-eabi/5.4.1/../../../../arm-none-eabi/lib/armv7-m\libg.a(lib_a-stdio.o)
                0x0000b834                __seofread
 .text.strchr   0x0000b838       0xd0 c:/program files (x86)/cypress/psoc creator/4.3/psoc creator/import/gnu/arm/5.4.1/bin/../lib/gcc/arm-none-eabi/5.4.1/../../../../arm-none-eabi/lib/armv7-m\libg.a(lib_a-strchr.o)
                0x0000b838                strchr
 .text          0x0000b908      0x1bc c:/program files (x86)/cypress/psoc creator/4.3/psoc creator/import/gnu/arm/5.4.1/bin/../lib/gcc/arm-none-eabi/5.4.1/../../../../arm-none-eabi/lib/armv7-m\libg.a(lib_a-strcmp.o)
                0x0000b908                strcmp
 .text.strlen   0x0000bac4       0x5c c:/program files (x86)/cypress/psoc creator/4.3/psoc creator/import/gnu/arm/5.4.1/bin/../lib/gcc/arm-none-eabi/5.4.1/../../../../arm-none-eabi/lib/armv7-m\libg.a(lib_a-strlen-stub.o)
                0x0000bac4                strlen
 .text.strncpy  0x0000bb20       0x68 c:/program files (x86)/cypress/psoc creator/4.3/psoc creator/import/gnu/arm/5.4.1/bin/../lib/gcc/arm-none-eabi/5.4.1/../../../../arm-none-eabi/lib/armv7-m\libg.a(lib_a-strncpy.o)
                0x0000bb20                strncpy
 .text.critical_factorization
                0x0000bb88       0xb8 c:/program files (x86)/cypress/psoc creator/4.3/psoc creator/import/gnu/arm/5.4.1/bin/../lib/gcc/arm-none-eabi/5.4.1/../../../../arm-none-eabi/lib/armv7-m\libg.a(lib_a-strstr.o)
 .text.two_way_long_needle
                0x0000bc40      0x200 c:/program files (x86)/cypress/psoc creator/4.3/psoc creator/import/gnu/arm/5.4.1/bin/../lib/gcc/arm-none-eabi/5.4.1/../../../../arm-none-eabi/lib/armv7-m\libg.a(lib_a-strstr.o)
 .text.strstr   0x0000be40      0x220 c:/program files (x86)/cypress/psoc creator/4.3/psoc creator/import/gnu/arm/5.4.1/bin/../lib/gcc/arm-none-eabi/5.4.1/../../../../arm-none-eabi/lib/armv7-m\libg.a(lib_a-strstr.o)
                0x0000be40                strstr
 .text.strtok   0x0000c060       0x10 c:/program files (x86)/cypress/psoc creator/4.3/psoc creator/import/gnu/arm/5.4.1/bin/../lib/gcc/arm-none-eabi/5.4.1/../../../../arm-none-eabi/lib/armv7-m\libg.a(lib_a-strtok.o)
                0x0000c060                strtok
 .text.__strtok_r
                0x0000c070       0x64 c:/program files (x86)/cypress/psoc creator/4.3/psoc creator/import/gnu/arm/5.4.1/bin/../lib/gcc/arm-none-eabi/5.4.1/../../../../arm-none-eabi/lib/armv7-m\libg.a(lib_a-strtok_r.o)
                0x0000c070                __strtok_r
 .text._strtol_r
                0x0000c0d4      0x128 c:/program files (x86)/cypress/psoc creator/4.3/psoc creator/import/gnu/arm/5.4.1/bin/../lib/gcc/arm-none-eabi/5.4.1/../../../../arm-none-eabi/lib/armv7-m\libg.a(lib_a-strtol.o)
                0x0000c0d4                _strtol_r
 .text.strtol   0x0000c1fc       0x18 c:/program files (x86)/cypress/psoc creator/4.3/psoc creator/import/gnu/arm/5.4.1/bin/../lib/gcc/arm-none-eabi/5.4.1/../../../../arm-none-eabi/lib/armv7-m\libg.a(lib_a-strtol.o)
                0x0000c1fc                strtol
 .text._svfprintf_r
                0x0000c214     0x175c c:/program files (x86)/cypress/psoc creator/4.3/psoc creator/import/gnu/arm/5.4.1/bin/../lib/gcc/arm-none-eabi/5.4.1/../../../../arm-none-eabi/lib/armv7-m\libg.a(lib_a-svfprintf.o)
                0x0000c214                _svfprintf_r
 .text.__ssvfscanf_r
                0x0000d970      0xeac c:/program files (x86)/cypress/psoc creator/4.3/psoc creator/import/gnu/arm/5.4.1/bin/../lib/gcc/arm-none-eabi/5.4.1/../../../../arm-none-eabi/lib/armv7-m\libg.a(lib_a-svfscanf.o)
                0x0000d970                __ssvfscanf_r
 .text.__tzcalc_limits
                0x0000e81c      0x190 c:/program files (x86)/cypress/psoc creator/4.3/psoc creator/import/gnu/arm/5.4.1/bin/../lib/gcc/arm-none-eabi/5.4.1/../../../../arm-none-eabi/lib/armv7-m\libg.a(lib_a-tzcalc_limits.o)
                0x0000e81c                __tzcalc_limits
 .text.__tz_lock
                0x0000e9ac        0x4 c:/program files (x86)/cypress/psoc creator/4.3/psoc creator/import/gnu/arm/5.4.1/bin/../lib/gcc/arm-none-eabi/5.4.1/../../../../arm-none-eabi/lib/armv7-m\libg.a(lib_a-tzlock.o)
                0x0000e9ac                __tz_lock
 .text.__tz_unlock
                0x0000e9b0        0x4 c:/program files (x86)/cypress/psoc creator/4.3/psoc creator/import/gnu/arm/5.4.1/bin/../lib/gcc/arm-none-eabi/5.4.1/../../../../arm-none-eabi/lib/armv7-m\libg.a(lib_a-tzlock.o)
                0x0000e9b0                __tz_unlock
 .text._tzset_unlocked
                0x0000e9b4        0xc c:/program files (x86)/cypress/psoc creator/4.3/psoc creator/import/gnu/arm/5.4.1/bin/../lib/gcc/arm-none-eabi/5.4.1/../../../../arm-none-eabi/lib/armv7-m\libg.a(lib_a-tzset.o)
                0x0000e9b4                _tzset_unlocked
 .text._tzset_unlocked_r
                0x0000e9c0      0x328 c:/program files (x86)/cypress/psoc creator/4.3/psoc creator/import/gnu/arm/5.4.1/bin/../lib/gcc/arm-none-eabi/5.4.1/../../../../arm-none-eabi/lib/armv7-m\libg.a(lib_a-tzset_r.o)
                0x0000e9c0                _tzset_unlocked_r
 .text._vsnprintf_r
                0x0000ece8       0x70 c:/program files (x86)/cypress/psoc creator/4.3/psoc creator/import/gnu/arm/5.4.1/bin/../lib/gcc/arm-none-eabi/5.4.1/../../../../arm-none-eabi/lib/armv7-m\libg.a(lib_a-vsnprintf.o)
                0x0000ece8                _vsnprintf_r
 .text.vsnprintf
                0x0000ed58       0x20 c:/program files (x86)/cypress/psoc creator/4.3/psoc creator/import/gnu/arm/5.4.1/bin/../lib/gcc/arm-none-eabi/5.4.1/../../../../arm-none-eabi/lib/armv7-m\libg.a(lib_a-vsnprintf.o)
                0x0000ed58                vsnprintf
 .text.startup.register_fini
                0x0000ed78       0x14 c:/program files (x86)/cypress/psoc creator/4.3/psoc creator/import/gnu/arm/5.4.1/bin/../lib/gcc/arm-none-eabi/5.4.1/../../../../arm-none-eabi/lib/armv7-m\libg.a(lib_a-__call_atexit.o)
 .text.atexit   0x0000ed8c        0xc c:/program files (x86)/cypress/psoc creator/4.3/psoc creator/import/gnu/arm/5.4.1/bin/../lib/gcc/arm-none-eabi/5.4.1/../../../../arm-none-eabi/lib/armv7-m\libg.a(lib_a-atexit.o)
                0x0000ed8c                atexit
 .text.div      0x0000ed98       0x38 c:/program files (x86)/cypress/psoc creator/4.3/psoc creator/import/gnu/arm/5.4.1/bin/../lib/gcc/arm-none-eabi/5.4.1/../../../../arm-none-eabi/lib/armv7-m\libg.a(lib_a-div.o)